GAS LISTING C:\Users\SEBAST~1\AppData\Local\Temp\cc1Su2y5.s 			page 1


   1              		.file	"debugger_port.c"
   2              		.option nopic
   3              		.attribute arch, "rv32i2p0_m2p0_a2p0_c2p0"
   4              		.attribute unaligned_access, 0
   5              		.attribute stack_align, 16
   6              		.text
   7              	.Ltext0:
   8              		.cfi_sections	.debug_frame
   9              		.comm	USB_OTG_dev,1076,4
  10              		.section	.text.debug_port_print,"ax",@progbits
  11              		.align	1
  12              		.globl	debug_port_print
  14              	debug_port_print:
  15              	.LFB6:
  16              		.file 1 "./../../firmware/debugger/debugger_port.c"
   1:./../../firmware/debugger/debugger_port.c **** #include "gd32vf103.h"
   2:./../../firmware/debugger/debugger_port.c **** #include "debugger_delay.h"
   3:./../../firmware/debugger/debugger_port.c **** #include "usb_serial_if.h"
   4:./../../firmware/debugger/debugger_port.c **** #include "debugger.h"
   5:./../../firmware/debugger/debugger_port.c **** /**
   6:./../../firmware/debugger/debugger_port.c ****  * To use the debugger with a different interface these functions need to be defined
   7:./../../firmware/debugger/debugger_port.c ****  * This makes it possible to use gdb with various interfaces such as USB, UART, I2C, CAN
   8:./../../firmware/debugger/debugger_port.c ****  * but possibly also some more exotic ones, maybe debug with local LCD and keypad?
   9:./../../firmware/debugger/debugger_port.c ****  * */
  10:./../../firmware/debugger/debugger_port.c **** 
  11:./../../firmware/debugger/debugger_port.c **** 
  12:./../../firmware/debugger/debugger_port.c **** /**
  13:./../../firmware/debugger/debugger_port.c ****  * Sends messages to the debugger 
  14:./../../firmware/debugger/debugger_port.c ****  * This function should send the characters in the message buffer (7 bit clean).
  15:./../../firmware/debugger/debugger_port.c ****  * Must be able to handle 512 bytes in the message buffer.
  16:./../../firmware/debugger/debugger_port.c ****  * Is allowed to block, or rely on DMA/IRQs for non-blocking messages.
  17:./../../firmware/debugger/debugger_port.c ****  * */
  18:./../../firmware/debugger/debugger_port.c **** void debug_port_print(char *message, uint32_t size)
  19:./../../firmware/debugger/debugger_port.c **** {
  17              		.loc 1 19 1
  18              		.cfi_startproc
  19              	.LVL0:
  20:./../../firmware/debugger/debugger_port.c ****     _write(0, message, size);
  20              		.loc 1 20 5
  21 0000 2E86     		mv	a2,a1
  22 0002 AA85     		mv	a1,a0
  23              	.LVL1:
  24 0004 0145     		li	a0,0
  25              	.LVL2:
  26 0006 17030000 		tail	_write
  26      67000300 
  27              	.LVL3:
  28              		.cfi_endproc
  29              	.LFE6:
  31              		.section	.text.debug_port_read,"ax",@progbits
  32              		.align	1
  33              		.globl	debug_port_read
  35              	debug_port_read:
  36              	.LFB7:
  21:./../../firmware/debugger/debugger_port.c **** }
  22:./../../firmware/debugger/debugger_port.c **** 
  23:./../../firmware/debugger/debugger_port.c **** 
GAS LISTING C:\Users\SEBAST~1\AppData\Local\Temp\cc1Su2y5.s 			page 2


  24:./../../firmware/debugger/debugger_port.c **** /**
  25:./../../firmware/debugger/debugger_port.c ****  * Receive characters from the debug interface.
  26:./../../firmware/debugger/debugger_port.c ****  * Should normally just report exactly any characters received from the interface
  27:./../../firmware/debugger/debugger_port.c ****  * Does not need to care about the contents or whether a messsage is complete.
  28:./../../firmware/debugger/debugger_port.c ****  * If you are doing something exotic complete messages work well too, but it should
  29:./../../firmware/debugger/debugger_port.c ****  * respect max_size (most rsp messages should fit in a normal max_size buffer though).
  30:./../../firmware/debugger/debugger_port.c ****  * */
  31:./../../firmware/debugger/debugger_port.c **** int debug_port_read(char *buffer, uint32_t max_size)
  32:./../../firmware/debugger/debugger_port.c **** {
  37              		.loc 1 32 1
  38              		.cfi_startproc
  39              	.LVL4:
  33:./../../firmware/debugger/debugger_port.c ****     return read_usb_serial(buffer);
  40              		.loc 1 33 5
  41              		.loc 1 33 12 is_stmt 0
  42 0000 17030000 		tail	read_usb_serial
  42      67000300 
  43              	.LVL5:
  44              		.cfi_endproc
  45              	.LFE7:
  47              		.section	.text.debug_port_init,"ax",@progbits
  48              		.align	1
  49              		.globl	debug_port_init
  51              	debug_port_init:
  52              	.LFB8:
  34:./../../firmware/debugger/debugger_port.c **** }
  35:./../../firmware/debugger/debugger_port.c **** 
  36:./../../firmware/debugger/debugger_port.c **** int debug_port_init(){
  53              		.loc 1 36 22 is_stmt 1
  54              		.cfi_startproc
  37:./../../firmware/debugger/debugger_port.c ****     configure_usb_serial();
  55              		.loc 1 37 5
  36:./../../firmware/debugger/debugger_port.c ****     configure_usb_serial();
  56              		.loc 1 36 22 is_stmt 0
  57 0000 4111     		addi	sp,sp,-16
  58              	.LCFI0:
  59              		.cfi_def_cfa_offset 16
  60 0002 06C6     		sw	ra,12(sp)
  61              		.cfi_offset 1, -4
  62              		.loc 1 37 5
  63 0004 97000000 		call	configure_usb_serial
  63      E7800000 
  64              	.LVL6:
  38:./../../firmware/debugger/debugger_port.c ****     dbg_attatch_irq(USBFS_IRQn);
  65              		.loc 1 38 5 is_stmt 1
  66 000c 13056005 		li	a0,86
  67 0010 97000000 		call	dbg_attatch_irq
  67      E7800000 
  68              	.LVL7:
  39:./../../firmware/debugger/debugger_port.c ****     dbg_attatch_irq(USBFS_WKUP_IRQn);
  69              		.loc 1 39 5
  70 0018 1305D003 		li	a0,61
  71 001c 97000000 		call	dbg_attatch_irq
  71      E7800000 
  72              	.LVL8:
  40:./../../firmware/debugger/debugger_port.c ****     while (!usb_serial_available()) {
  73              		.loc 1 40 5
GAS LISTING C:\Users\SEBAST~1\AppData\Local\Temp\cc1Su2y5.s 			page 3


  74              	.L4:
  75              		.loc 1 40 13 is_stmt 0
  76 0024 97000000 		call	usb_serial_available
  76      E7800000 
  77              	.LVL9:
  78              		.loc 1 40 11
  79 002c 01C5     		beq	a0,zero,.L5
  41:./../../firmware/debugger/debugger_port.c ****         dbg_delay_1ms(100);
  42:./../../firmware/debugger/debugger_port.c ****     }
  43:./../../firmware/debugger/debugger_port.c **** }...
  80              		.loc 1 43 1
  81 002e B240     		lw	ra,12(sp)
  82              		.cfi_remember_state
  83              		.cfi_restore 1
  84 0030 4101     		addi	sp,sp,16
  85              	.LCFI1:
  86              		.cfi_def_cfa_offset 0
  87 0032 8280     		jr	ra
  88              	.L5:
  89              	.LCFI2:
  90              		.cfi_restore_state
  41:./../../firmware/debugger/debugger_port.c ****         dbg_delay_1ms(100);
  91              		.loc 1 41 9 is_stmt 1
  92 0034 13054006 		li	a0,100
  93 0038 97000000 		call	dbg_delay_1ms
  93      E7800000 
  94              	.LVL10:
  95 0040 D5B7     		j	.L4
  96              		.cfi_endproc
  97              	.LFE8:
  99              		.text
 100              	.Letext0:
 101              		.file 2 "c:\\users\\sebastian\\downloads\\toolchain-gd32v-v201-win\\compiler\\riscv64-unknown-elf\
 102              		.file 3 "c:\\users\\sebastian\\downloads\\toolchain-gd32v-v201-win\\compiler\\riscv64-unknown-elf\
 103              		.file 4 "./../../firmware/debugger/lib/usbcdc/include/drv_usb_regs.h"
 104              		.file 5 "./../../firmware/GD32VF103_standard_peripheral/system_gd32vf103.h"
 105              		.file 6 "./../../firmware/debugger/lib/usbcdc/include/usb_ch9_std.h"
 106              		.file 7 "./../../firmware/debugger/lib/usbcdc/include/drv_usb_core.h"
 107              		.file 8 "./../../firmware/debugger/lib/usbcdc/include/drv_usb_dev.h"
 108              		.file 9 "c:\\users\\sebastian\\downloads\\toolchain-gd32v-v201-win\\compiler\\lib\\gcc\\riscv64-un
 109              		.file 10 "c:\\users\\sebastian\\downloads\\toolchain-gd32v-v201-win\\compiler\\riscv64-unknown-elf
 110              		.file 11 "c:\\users\\sebastian\\downloads\\toolchain-gd32v-v201-win\\compiler\\riscv64-unknown-elf
 111              		.file 12 "c:\\users\\sebastian\\downloads\\toolchain-gd32v-v201-win\\compiler\\riscv64-unknown-elf
 112              		.file 13 "./../../firmware/debugger/lib/usbcdc/include/cdc_acm_core.h"
 113              		.file 14 "c:\\users\\sebastian\\downloads\\toolchain-gd32v-v201-win\\compiler\\riscv64-unknown-elf
 114              		.file 15 "./../../firmware/debugger/lib/usbcdc/include/usb_serial_if.h"
 115              		.file 16 "./../../firmware/debugger/debugger.h"
 116              		.file 17 "./../../firmware/debugger/debugger_delay.h"
 117              		.file 18 "./../../firmware/GD32VF103_standard_peripheral/gd32vf103.h"
GAS LISTING C:\Users\SEBAST~1\AppData\Local\Temp\cc1Su2y5.s 			page 4


DEFINED SYMBOLS
                            *ABS*:0000000000000000 debugger_port.c
                            *COM*:0000000000000434 USB_OTG_dev
C:\Users\SEBAST~1\AppData\Local\Temp\cc1Su2y5.s:14     .text.debug_port_print:0000000000000000 debug_port_print
C:\Users\SEBAST~1\AppData\Local\Temp\cc1Su2y5.s:18     .text.debug_port_print:0000000000000000 .L0 
C:\Users\SEBAST~1\AppData\Local\Temp\cc1Su2y5.s:20     .text.debug_port_print:0000000000000000 .L0 
C:\Users\SEBAST~1\AppData\Local\Temp\cc1Su2y5.s:21     .text.debug_port_print:0000000000000000 .L0 
C:\Users\SEBAST~1\AppData\Local\Temp\cc1Su2y5.s:28     .text.debug_port_print:000000000000000e .L0 
C:\Users\SEBAST~1\AppData\Local\Temp\cc1Su2y5.s:35     .text.debug_port_read:0000000000000000 debug_port_read
C:\Users\SEBAST~1\AppData\Local\Temp\cc1Su2y5.s:38     .text.debug_port_read:0000000000000000 .L0 
C:\Users\SEBAST~1\AppData\Local\Temp\cc1Su2y5.s:40     .text.debug_port_read:0000000000000000 .L0 
C:\Users\SEBAST~1\AppData\Local\Temp\cc1Su2y5.s:41     .text.debug_port_read:0000000000000000 .L0 
C:\Users\SEBAST~1\AppData\Local\Temp\cc1Su2y5.s:42     .text.debug_port_read:0000000000000000 .L0 
C:\Users\SEBAST~1\AppData\Local\Temp\cc1Su2y5.s:44     .text.debug_port_read:0000000000000008 .L0 
C:\Users\SEBAST~1\AppData\Local\Temp\cc1Su2y5.s:51     .text.debug_port_init:0000000000000000 debug_port_init
C:\Users\SEBAST~1\AppData\Local\Temp\cc1Su2y5.s:54     .text.debug_port_init:0000000000000000 .L0 
C:\Users\SEBAST~1\AppData\Local\Temp\cc1Su2y5.s:55     .text.debug_port_init:0000000000000000 .L0 
C:\Users\SEBAST~1\AppData\Local\Temp\cc1Su2y5.s:56     .text.debug_port_init:0000000000000000 .L0 
C:\Users\SEBAST~1\AppData\Local\Temp\cc1Su2y5.s:57     .text.debug_port_init:0000000000000000 .L0 
C:\Users\SEBAST~1\AppData\Local\Temp\cc1Su2y5.s:59     .text.debug_port_init:0000000000000002 .L0 
C:\Users\SEBAST~1\AppData\Local\Temp\cc1Su2y5.s:61     .text.debug_port_init:0000000000000004 .L0 
C:\Users\SEBAST~1\AppData\Local\Temp\cc1Su2y5.s:63     .text.debug_port_init:0000000000000004 .L0 
C:\Users\SEBAST~1\AppData\Local\Temp\cc1Su2y5.s:66     .text.debug_port_init:000000000000000c .L0 
C:\Users\SEBAST~1\AppData\Local\Temp\cc1Su2y5.s:70     .text.debug_port_init:0000000000000018 .L0 
C:\Users\SEBAST~1\AppData\Local\Temp\cc1Su2y5.s:75     .text.debug_port_init:0000000000000024 .L0 
C:\Users\SEBAST~1\AppData\Local\Temp\cc1Su2y5.s:76     .text.debug_port_init:0000000000000024 .L0 
C:\Users\SEBAST~1\AppData\Local\Temp\cc1Su2y5.s:79     .text.debug_port_init:000000000000002c .L0 
C:\Users\SEBAST~1\AppData\Local\Temp\cc1Su2y5.s:81     .text.debug_port_init:000000000000002e .L0 
C:\Users\SEBAST~1\AppData\Local\Temp\cc1Su2y5.s:82     .text.debug_port_init:0000000000000030 .L0 
C:\Users\SEBAST~1\AppData\Local\Temp\cc1Su2y5.s:83     .text.debug_port_init:0000000000000030 .L0 
C:\Users\SEBAST~1\AppData\Local\Temp\cc1Su2y5.s:86     .text.debug_port_init:0000000000000032 .L0 
C:\Users\SEBAST~1\AppData\Local\Temp\cc1Su2y5.s:90     .text.debug_port_init:0000000000000034 .L0 
C:\Users\SEBAST~1\AppData\Local\Temp\cc1Su2y5.s:92     .text.debug_port_init:0000000000000034 .L0 
C:\Users\SEBAST~1\AppData\Local\Temp\cc1Su2y5.s:96     .text.debug_port_init:0000000000000042 .L0 
C:\Users\SEBAST~1\AppData\Local\Temp\cc1Su2y5.s:31     .text.debug_port_print:000000000000000e .L0 
C:\Users\SEBAST~1\AppData\Local\Temp\cc1Su2y5.s:47     .text.debug_port_read:0000000000000008 .L0 
C:\Users\SEBAST~1\AppData\Local\Temp\cc1Su2y5.s:99     .text.debug_port_init:0000000000000042 .L0 
                     .debug_frame:0000000000000000 .L0 
C:\Users\SEBAST~1\AppData\Local\Temp\cc1Su2y5.s:88     .text.debug_port_init:0000000000000034 .L5
C:\Users\SEBAST~1\AppData\Local\Temp\cc1Su2y5.s:74     .text.debug_port_init:0000000000000024 .L4
C:\Users\SEBAST~1\AppData\Local\Temp\cc1Su2y5.s:4306   .debug_abbrev:0000000000000000 .Ldebug_abbrev0
C:\Users\SEBAST~1\AppData\Local\Temp\cc1Su2y5.s:5185   .debug_str:0000000000000227 .LASF416
C:\Users\SEBAST~1\AppData\Local\Temp\cc1Su2y5.s:5439   .debug_str:0000000000000870 .LASF417
C:\Users\SEBAST~1\AppData\Local\Temp\cc1Su2y5.s:5855   .debug_str:0000000000001200 .LASF418
C:\Users\SEBAST~1\AppData\Local\Temp\cc1Su2y5.s:5085   .debug_ranges:0000000000000000 .Ldebug_ranges0
C:\Users\SEBAST~1\AppData\Local\Temp\cc1Su2y5.s:5095   .debug_line:0000000000000000 .Ldebug_line0
C:\Users\SEBAST~1\AppData\Local\Temp\cc1Su2y5.s:5261   .debug_str:0000000000000458 .LASF419
C:\Users\SEBAST~1\AppData\Local\Temp\cc1Su2y5.s:5563   .debug_str:0000000000000b6c .LASF0
C:\Users\SEBAST~1\AppData\Local\Temp\cc1Su2y5.s:5933   .debug_str:00000000000013e0 .LASF1
C:\Users\SEBAST~1\AppData\Local\Temp\cc1Su2y5.s:5451   .debug_str:00000000000008e5 .LASF2
C:\Users\SEBAST~1\AppData\Local\Temp\cc1Su2y5.s:5275   .debug_str:00000000000004ab .LASF3
C:\Users\SEBAST~1\AppData\Local\Temp\cc1Su2y5.s:5637   .debug_str:0000000000000d48 .LASF4
C:\Users\SEBAST~1\AppData\Local\Temp\cc1Su2y5.s:5761   .debug_str:0000000000000fc2 .LASF5
C:\Users\SEBAST~1\AppData\Local\Temp\cc1Su2y5.s:5843   .debug_str:00000000000011b8 .LASF6
C:\Users\SEBAST~1\AppData\Local\Temp\cc1Su2y5.s:5253   .debug_str:000000000000042d .LASF7
C:\Users\SEBAST~1\AppData\Local\Temp\cc1Su2y5.s:5937   .debug_str:00000000000013fd .LASF8
C:\Users\SEBAST~1\AppData\Local\Temp\cc1Su2y5.s:5665   .debug_str:0000000000000ddf .LASF9
GAS LISTING C:\Users\SEBAST~1\AppData\Local\Temp\cc1Su2y5.s 			page 5


C:\Users\SEBAST~1\AppData\Local\Temp\cc1Su2y5.s:5771   .debug_str:0000000000000ff5 .LASF10
C:\Users\SEBAST~1\AppData\Local\Temp\cc1Su2y5.s:5757   .debug_str:0000000000000fb0 .LASF11
C:\Users\SEBAST~1\AppData\Local\Temp\cc1Su2y5.s:5425   .debug_str:0000000000000815 .LASF12
C:\Users\SEBAST~1\AppData\Local\Temp\cc1Su2y5.s:5103   .debug_str:0000000000000027 .LASF13
C:\Users\SEBAST~1\AppData\Local\Temp\cc1Su2y5.s:5901   .debug_str:0000000000001330 .LASF14
C:\Users\SEBAST~1\AppData\Local\Temp\cc1Su2y5.s:5561   .debug_str:0000000000000b61 .LASF15
C:\Users\SEBAST~1\AppData\Local\Temp\cc1Su2y5.s:5209   .debug_str:000000000000032c .LASF16
C:\Users\SEBAST~1\AppData\Local\Temp\cc1Su2y5.s:5167   .debug_str:00000000000001a2 .LASF17
C:\Users\SEBAST~1\AppData\Local\Temp\cc1Su2y5.s:5661   .debug_str:0000000000000dbe .LASF18
C:\Users\SEBAST~1\AppData\Local\Temp\cc1Su2y5.s:5365   .debug_str:00000000000006d1 .LASF19
C:\Users\SEBAST~1\AppData\Local\Temp\cc1Su2y5.s:5303   .debug_str:0000000000000570 .LASF20
C:\Users\SEBAST~1\AppData\Local\Temp\cc1Su2y5.s:5815   .debug_str:00000000000010ef .LASF21
C:\Users\SEBAST~1\AppData\Local\Temp\cc1Su2y5.s:5485   .debug_str:00000000000009a8 .LASF22
C:\Users\SEBAST~1\AppData\Local\Temp\cc1Su2y5.s:5343   .debug_str:0000000000000650 .LASF23
C:\Users\SEBAST~1\AppData\Local\Temp\cc1Su2y5.s:5259   .debug_str:000000000000044b .LASF24
C:\Users\SEBAST~1\AppData\Local\Temp\cc1Su2y5.s:5493   .debug_str:00000000000009d5 .LASF25
C:\Users\SEBAST~1\AppData\Local\Temp\cc1Su2y5.s:5187   .debug_str:00000000000002af .LASF26
C:\Users\SEBAST~1\AppData\Local\Temp\cc1Su2y5.s:5797   .debug_str:000000000000108c .LASF27
C:\Users\SEBAST~1\AppData\Local\Temp\cc1Su2y5.s:5251   .debug_str:0000000000000420 .LASF28
C:\Users\SEBAST~1\AppData\Local\Temp\cc1Su2y5.s:5125   .debug_str:00000000000000a8 .LASF29
C:\Users\SEBAST~1\AppData\Local\Temp\cc1Su2y5.s:5801   .debug_str:00000000000010a2 .LASF30
C:\Users\SEBAST~1\AppData\Local\Temp\cc1Su2y5.s:5829   .debug_str:0000000000001149 .LASF31
C:\Users\SEBAST~1\AppData\Local\Temp\cc1Su2y5.s:5503   .debug_str:0000000000000a0b .LASF32
C:\Users\SEBAST~1\AppData\Local\Temp\cc1Su2y5.s:5507   .debug_str:0000000000000a2a .LASF33
C:\Users\SEBAST~1\AppData\Local\Temp\cc1Su2y5.s:5197   .debug_str:00000000000002e4 .LASF34
C:\Users\SEBAST~1\AppData\Local\Temp\cc1Su2y5.s:5703   .debug_str:0000000000000ea5 .LASF35
C:\Users\SEBAST~1\AppData\Local\Temp\cc1Su2y5.s:5215   .debug_str:0000000000000352 .LASF36
C:\Users\SEBAST~1\AppData\Local\Temp\cc1Su2y5.s:5127   .debug_str:00000000000000b8 .LASF37
C:\Users\SEBAST~1\AppData\Local\Temp\cc1Su2y5.s:5395   .debug_str:0000000000000786 .LASF38
C:\Users\SEBAST~1\AppData\Local\Temp\cc1Su2y5.s:5317   .debug_str:00000000000005b3 .LASF39
C:\Users\SEBAST~1\AppData\Local\Temp\cc1Su2y5.s:5849   .debug_str:00000000000011e2 .LASF40
C:\Users\SEBAST~1\AppData\Local\Temp\cc1Su2y5.s:5517   .debug_str:0000000000000a5f .LASF41
C:\Users\SEBAST~1\AppData\Local\Temp\cc1Su2y5.s:5625   .debug_str:0000000000000cfc .LASF42
C:\Users\SEBAST~1\AppData\Local\Temp\cc1Su2y5.s:5693   .debug_str:0000000000000e6c .LASF43
C:\Users\SEBAST~1\AppData\Local\Temp\cc1Su2y5.s:5383   .debug_str:000000000000074f .LASF44
C:\Users\SEBAST~1\AppData\Local\Temp\cc1Su2y5.s:5371   .debug_str:00000000000006fb .LASF45
C:\Users\SEBAST~1\AppData\Local\Temp\cc1Su2y5.s:5745   .debug_str:0000000000000f75 .LASF46
C:\Users\SEBAST~1\AppData\Local\Temp\cc1Su2y5.s:5521   .debug_str:0000000000000a71 .LASF47
C:\Users\SEBAST~1\AppData\Local\Temp\cc1Su2y5.s:5147   .debug_str:000000000000014e .LASF48
C:\Users\SEBAST~1\AppData\Local\Temp\cc1Su2y5.s:5649   .debug_str:0000000000000d85 .LASF49
C:\Users\SEBAST~1\AppData\Local\Temp\cc1Su2y5.s:5211   .debug_str:000000000000033f .LASF50
C:\Users\SEBAST~1\AppData\Local\Temp\cc1Su2y5.s:5881   .debug_str:00000000000012c6 .LASF51
C:\Users\SEBAST~1\AppData\Local\Temp\cc1Su2y5.s:5551   .debug_str:0000000000000b1d .LASF52
C:\Users\SEBAST~1\AppData\Local\Temp\cc1Su2y5.s:5355   .debug_str:0000000000000691 .LASF53
C:\Users\SEBAST~1\AppData\Local\Temp\cc1Su2y5.s:5851   .debug_str:00000000000011ec .LASF54
C:\Users\SEBAST~1\AppData\Local\Temp\cc1Su2y5.s:5627   .debug_str:0000000000000d08 .LASF55
C:\Users\SEBAST~1\AppData\Local\Temp\cc1Su2y5.s:5333   .debug_str:0000000000000607 .LASF56
C:\Users\SEBAST~1\AppData\Local\Temp\cc1Su2y5.s:5827   .debug_str:0000000000001136 .LASF57
C:\Users\SEBAST~1\AppData\Local\Temp\cc1Su2y5.s:5785   .debug_str:0000000000001038 .LASF58
C:\Users\SEBAST~1\AppData\Local\Temp\cc1Su2y5.s:5453   .debug_str:00000000000008f2 .LASF59
C:\Users\SEBAST~1\AppData\Local\Temp\cc1Su2y5.s:5427   .debug_str:0000000000000820 .LASF60
C:\Users\SEBAST~1\AppData\Local\Temp\cc1Su2y5.s:5363   .debug_str:00000000000006c3 .LASF61
C:\Users\SEBAST~1\AppData\Local\Temp\cc1Su2y5.s:5867   .debug_str:000000000000127c .LASF62
C:\Users\SEBAST~1\AppData\Local\Temp\cc1Su2y5.s:5203   .debug_str:0000000000000302 .LASF63
C:\Users\SEBAST~1\AppData\Local\Temp\cc1Su2y5.s:5939   .debug_str:0000000000001406 .LASF64
C:\Users\SEBAST~1\AppData\Local\Temp\cc1Su2y5.s:5537   .debug_str:0000000000000ad6 .LASF65
C:\Users\SEBAST~1\AppData\Local\Temp\cc1Su2y5.s:5573   .debug_str:0000000000000bb1 .LASF66
GAS LISTING C:\Users\SEBAST~1\AppData\Local\Temp\cc1Su2y5.s 			page 6


C:\Users\SEBAST~1\AppData\Local\Temp\cc1Su2y5.s:5283   .debug_str:00000000000004e0 .LASF67
C:\Users\SEBAST~1\AppData\Local\Temp\cc1Su2y5.s:5207   .debug_str:0000000000000322 .LASF70
C:\Users\SEBAST~1\AppData\Local\Temp\cc1Su2y5.s:5295   .debug_str:0000000000000540 .LASF68
C:\Users\SEBAST~1\AppData\Local\Temp\cc1Su2y5.s:5795   .debug_str:0000000000001082 .LASF69
C:\Users\SEBAST~1\AppData\Local\Temp\cc1Su2y5.s:5359   .debug_str:00000000000006a7 .LASF71
C:\Users\SEBAST~1\AppData\Local\Temp\cc1Su2y5.s:5889   .debug_str:00000000000012e8 .LASF72
C:\Users\SEBAST~1\AppData\Local\Temp\cc1Su2y5.s:5233   .debug_str:00000000000003b1 .LASF73
C:\Users\SEBAST~1\AppData\Local\Temp\cc1Su2y5.s:5505   .debug_str:0000000000000a1f .LASF74
C:\Users\SEBAST~1\AppData\Local\Temp\cc1Su2y5.s:5443   .debug_str:000000000000089f .LASF75
C:\Users\SEBAST~1\AppData\Local\Temp\cc1Su2y5.s:5509   .debug_str:0000000000000a36 .LASF76
C:\Users\SEBAST~1\AppData\Local\Temp\cc1Su2y5.s:5671   .debug_str:0000000000000df5 .LASF77
C:\Users\SEBAST~1\AppData\Local\Temp\cc1Su2y5.s:5285   .debug_str:00000000000004ec .LASF78
C:\Users\SEBAST~1\AppData\Local\Temp\cc1Su2y5.s:5683   .debug_str:0000000000000e42 .LASF79
C:\Users\SEBAST~1\AppData\Local\Temp\cc1Su2y5.s:5857   .debug_str:0000000000001246 .LASF80
C:\Users\SEBAST~1\AppData\Local\Temp\cc1Su2y5.s:5459   .debug_str:0000000000000918 .LASF153
C:\Users\SEBAST~1\AppData\Local\Temp\cc1Su2y5.s:5631   .debug_str:0000000000000d25 .LASF81
C:\Users\SEBAST~1\AppData\Local\Temp\cc1Su2y5.s:5309   .debug_str:0000000000000599 .LASF82
C:\Users\SEBAST~1\AppData\Local\Temp\cc1Su2y5.s:5511   .debug_str:0000000000000a44 .LASF83
C:\Users\SEBAST~1\AppData\Local\Temp\cc1Su2y5.s:5389   .debug_str:000000000000076b .LASF84
C:\Users\SEBAST~1\AppData\Local\Temp\cc1Su2y5.s:5775   .debug_str:000000000000100f .LASF85
C:\Users\SEBAST~1\AppData\Local\Temp\cc1Su2y5.s:5403   .debug_str:00000000000007ac .LASF86
C:\Users\SEBAST~1\AppData\Local\Temp\cc1Su2y5.s:5907   .debug_str:0000000000001353 .LASF87
C:\Users\SEBAST~1\AppData\Local\Temp\cc1Su2y5.s:5799   .debug_str:000000000000109b .LASF88
C:\Users\SEBAST~1\AppData\Local\Temp\cc1Su2y5.s:5915   .debug_str:000000000000137d .LASF89
C:\Users\SEBAST~1\AppData\Local\Temp\cc1Su2y5.s:5913   .debug_str:0000000000001375 .LASF90
C:\Users\SEBAST~1\AppData\Local\Temp\cc1Su2y5.s:5759   .debug_str:0000000000000fbb .LASF91
C:\Users\SEBAST~1\AppData\Local\Temp\cc1Su2y5.s:5911   .debug_str:0000000000001361 .LASF92
C:\Users\SEBAST~1\AppData\Local\Temp\cc1Su2y5.s:5875   .debug_str:00000000000012a7 .LASF93
C:\Users\SEBAST~1\AppData\Local\Temp\cc1Su2y5.s:5393   .debug_str:000000000000077b .LASF94
C:\Users\SEBAST~1\AppData\Local\Temp\cc1Su2y5.s:5321   .debug_str:00000000000005c8 .LASF95
C:\Users\SEBAST~1\AppData\Local\Temp\cc1Su2y5.s:5415   .debug_str:00000000000007e5 .LASF96
C:\Users\SEBAST~1\AppData\Local\Temp\cc1Su2y5.s:5909   .debug_str:0000000000001359 .LASF97
C:\Users\SEBAST~1\AppData\Local\Temp\cc1Su2y5.s:5111   .debug_str:0000000000000061 .LASF98
C:\Users\SEBAST~1\AppData\Local\Temp\cc1Su2y5.s:5903   .debug_str:000000000000133b .LASF99
C:\Users\SEBAST~1\AppData\Local\Temp\cc1Su2y5.s:5559   .debug_str:0000000000000b5c .LASF100
C:\Users\SEBAST~1\AppData\Local\Temp\cc1Su2y5.s:5279   .debug_str:00000000000004cc .LASF101
C:\Users\SEBAST~1\AppData\Local\Temp\cc1Su2y5.s:5643   .debug_str:0000000000000d68 .LASF102
C:\Users\SEBAST~1\AppData\Local\Temp\cc1Su2y5.s:5863   .debug_str:000000000000126a .LASF103
C:\Users\SEBAST~1\AppData\Local\Temp\cc1Su2y5.s:5749   .debug_str:0000000000000f8a .LASF104
C:\Users\SEBAST~1\AppData\Local\Temp\cc1Su2y5.s:5899   .debug_str:0000000000001326 .LASF105
C:\Users\SEBAST~1\AppData\Local\Temp\cc1Su2y5.s:5923   .debug_str:00000000000013b0 .LASF106
C:\Users\SEBAST~1\AppData\Local\Temp\cc1Su2y5.s:5435   .debug_str:000000000000085d .LASF107
C:\Users\SEBAST~1\AppData\Local\Temp\cc1Su2y5.s:5387   .debug_str:0000000000000762 .LASF108
C:\Users\SEBAST~1\AppData\Local\Temp\cc1Su2y5.s:5885   .debug_str:00000000000012d6 .LASF109
C:\Users\SEBAST~1\AppData\Local\Temp\cc1Su2y5.s:5767   .debug_str:0000000000000fe7 .LASF110
C:\Users\SEBAST~1\AppData\Local\Temp\cc1Su2y5.s:5701   .debug_str:0000000000000e9e .LASF111
C:\Users\SEBAST~1\AppData\Local\Temp\cc1Su2y5.s:5257   .debug_str:0000000000000440 .LASF112
C:\Users\SEBAST~1\AppData\Local\Temp\cc1Su2y5.s:5579   .debug_str:0000000000000be1 .LASF113
C:\Users\SEBAST~1\AppData\Local\Temp\cc1Su2y5.s:5311   .debug_str:00000000000005a0 .LASF114
C:\Users\SEBAST~1\AppData\Local\Temp\cc1Su2y5.s:5315   .debug_str:00000000000005ae .LASF115
C:\Users\SEBAST~1\AppData\Local\Temp\cc1Su2y5.s:5687   .debug_str:0000000000000e57 .LASF116
C:\Users\SEBAST~1\AppData\Local\Temp\cc1Su2y5.s:5165   .debug_str:000000000000019c .LASF117
C:\Users\SEBAST~1\AppData\Local\Temp\cc1Su2y5.s:5335   .debug_str:000000000000061a .LASF118
C:\Users\SEBAST~1\AppData\Local\Temp\cc1Su2y5.s:5487   .debug_str:00000000000009bb .LASF119
C:\Users\SEBAST~1\AppData\Local\Temp\cc1Su2y5.s:5357   .debug_str:000000000000069d .LASF120
C:\Users\SEBAST~1\AppData\Local\Temp\cc1Su2y5.s:5925   .debug_str:00000000000013b7 .LASF121
C:\Users\SEBAST~1\AppData\Local\Temp\cc1Su2y5.s:5149   .debug_str:0000000000000158 .LASF122
GAS LISTING C:\Users\SEBAST~1\AppData\Local\Temp\cc1Su2y5.s 			page 7


C:\Users\SEBAST~1\AppData\Local\Temp\cc1Su2y5.s:5375   .debug_str:000000000000071f .LASF123
C:\Users\SEBAST~1\AppData\Local\Temp\cc1Su2y5.s:5377   .debug_str:000000000000072a .LASF124
C:\Users\SEBAST~1\AppData\Local\Temp\cc1Su2y5.s:5871   .debug_str:0000000000001294 .LASF125
C:\Users\SEBAST~1\AppData\Local\Temp\cc1Su2y5.s:5319   .debug_str:00000000000005c0 .LASF126
C:\Users\SEBAST~1\AppData\Local\Temp\cc1Su2y5.s:5227   .debug_str:0000000000000391 .LASF127
C:\Users\SEBAST~1\AppData\Local\Temp\cc1Su2y5.s:5121   .debug_str:0000000000000097 .LASF128
C:\Users\SEBAST~1\AppData\Local\Temp\cc1Su2y5.s:5699   .debug_str:0000000000000e96 .LASF129
C:\Users\SEBAST~1\AppData\Local\Temp\cc1Su2y5.s:5229   .debug_str:0000000000000399 .LASF130
C:\Users\SEBAST~1\AppData\Local\Temp\cc1Su2y5.s:5647   .debug_str:0000000000000d7a .LASF131
C:\Users\SEBAST~1\AppData\Local\Temp\cc1Su2y5.s:5419   .debug_str:00000000000007f8 .LASF132
C:\Users\SEBAST~1\AppData\Local\Temp\cc1Su2y5.s:5931   .debug_str:00000000000013d5 .LASF133
C:\Users\SEBAST~1\AppData\Local\Temp\cc1Su2y5.s:5811   .debug_str:00000000000010de .LASF134
C:\Users\SEBAST~1\AppData\Local\Temp\cc1Su2y5.s:5817   .debug_str:0000000000001102 .LASF135
C:\Users\SEBAST~1\AppData\Local\Temp\cc1Su2y5.s:5329   .debug_str:00000000000005f5 .LASF136
C:\Users\SEBAST~1\AppData\Local\Temp\cc1Su2y5.s:5143   .debug_str:000000000000012b .LASF137
C:\Users\SEBAST~1\AppData\Local\Temp\cc1Su2y5.s:5265   .debug_str:000000000000046c .LASF138
C:\Users\SEBAST~1\AppData\Local\Temp\cc1Su2y5.s:5301   .debug_str:0000000000000564 .LASF139
C:\Users\SEBAST~1\AppData\Local\Temp\cc1Su2y5.s:5621   .debug_str:0000000000000ce2 .LASF140
C:\Users\SEBAST~1\AppData\Local\Temp\cc1Su2y5.s:5479   .debug_str:000000000000098c .LASF141
C:\Users\SEBAST~1\AppData\Local\Temp\cc1Su2y5.s:5273   .debug_str:00000000000004a3 .LASF142
C:\Users\SEBAST~1\AppData\Local\Temp\cc1Su2y5.s:5391   .debug_str:0000000000000772 .LASF143
C:\Users\SEBAST~1\AppData\Local\Temp\cc1Su2y5.s:5533   .debug_str:0000000000000ac2 .LASF144
C:\Users\SEBAST~1\AppData\Local\Temp\cc1Su2y5.s:5803   .debug_str:00000000000010b1 .LASF145
C:\Users\SEBAST~1\AppData\Local\Temp\cc1Su2y5.s:5245   .debug_str:00000000000003e6 .LASF146
C:\Users\SEBAST~1\AppData\Local\Temp\cc1Su2y5.s:5399   .debug_str:000000000000079a .LASF155
C:\Users\SEBAST~1\AppData\Local\Temp\cc1Su2y5.s:5237   .debug_str:00000000000003c6 .LASF147
C:\Users\SEBAST~1\AppData\Local\Temp\cc1Su2y5.s:5777   .debug_str:0000000000001016 .LASF148
C:\Users\SEBAST~1\AppData\Local\Temp\cc1Su2y5.s:5769   .debug_str:0000000000000ff0 .LASF149
C:\Users\SEBAST~1\AppData\Local\Temp\cc1Su2y5.s:5467   .debug_str:0000000000000950 .LASF150
C:\Users\SEBAST~1\AppData\Local\Temp\cc1Su2y5.s:5199   .debug_str:00000000000002f0 .LASF151
C:\Users\SEBAST~1\AppData\Local\Temp\cc1Su2y5.s:5653   .debug_str:0000000000000d97 .LASF152
C:\Users\SEBAST~1\AppData\Local\Temp\cc1Su2y5.s:5765   .debug_str:0000000000000fdd .LASF154
C:\Users\SEBAST~1\AppData\Local\Temp\cc1Su2y5.s:5407   .debug_str:00000000000007b9 .LASF156
C:\Users\SEBAST~1\AppData\Local\Temp\cc1Su2y5.s:5297   .debug_str:000000000000054e .LASF157
C:\Users\SEBAST~1\AppData\Local\Temp\cc1Su2y5.s:5603   .debug_str:0000000000000c66 .LASF158
C:\Users\SEBAST~1\AppData\Local\Temp\cc1Su2y5.s:5313   .debug_str:00000000000005a7 .LASF159
C:\Users\SEBAST~1\AppData\Local\Temp\cc1Su2y5.s:5675   .debug_str:0000000000000e1a .LASF160
C:\Users\SEBAST~1\AppData\Local\Temp\cc1Su2y5.s:5161   .debug_str:000000000000018a .LASF161
C:\Users\SEBAST~1\AppData\Local\Temp\cc1Su2y5.s:5491   .debug_str:00000000000009cd .LASF162
C:\Users\SEBAST~1\AppData\Local\Temp\cc1Su2y5.s:5611   .debug_str:0000000000000c88 .LASF163
C:\Users\SEBAST~1\AppData\Local\Temp\cc1Su2y5.s:5667   .debug_str:0000000000000de8 .LASF164
C:\Users\SEBAST~1\AppData\Local\Temp\cc1Su2y5.s:5431   .debug_str:000000000000083e .LASF165
C:\Users\SEBAST~1\AppData\Local\Temp\cc1Su2y5.s:5369   .debug_str:00000000000006eb .LASF166
C:\Users\SEBAST~1\AppData\Local\Temp\cc1Su2y5.s:5705   .debug_str:0000000000000eb1 .LASF167
C:\Users\SEBAST~1\AppData\Local\Temp\cc1Su2y5.s:5331   .debug_str:0000000000000600 .LASF168
C:\Users\SEBAST~1\AppData\Local\Temp\cc1Su2y5.s:5195   .debug_str:00000000000002dd .LASF169
C:\Users\SEBAST~1\AppData\Local\Temp\cc1Su2y5.s:5773   .debug_str:0000000000001002 .LASF170
C:\Users\SEBAST~1\AppData\Local\Temp\cc1Su2y5.s:5137   .debug_str:0000000000000106 .LASF171
C:\Users\SEBAST~1\AppData\Local\Temp\cc1Su2y5.s:5225   .debug_str:0000000000000381 .LASF172
C:\Users\SEBAST~1\AppData\Local\Temp\cc1Su2y5.s:5447   .debug_str:00000000000008c7 .LASF173
C:\Users\SEBAST~1\AppData\Local\Temp\cc1Su2y5.s:5717   .debug_str:0000000000000ef7 .LASF174
C:\Users\SEBAST~1\AppData\Local\Temp\cc1Su2y5.s:5707   .debug_str:0000000000000ebf .LASF175
C:\Users\SEBAST~1\AppData\Local\Temp\cc1Su2y5.s:5293   .debug_str:0000000000000536 .LASF176
C:\Users\SEBAST~1\AppData\Local\Temp\cc1Su2y5.s:5543   .debug_str:0000000000000afb .LASF177
C:\Users\SEBAST~1\AppData\Local\Temp\cc1Su2y5.s:5097   .debug_str:0000000000000000 .LASF178
C:\Users\SEBAST~1\AppData\Local\Temp\cc1Su2y5.s:5449   .debug_str:00000000000008d7 .LASF179
C:\Users\SEBAST~1\AppData\Local\Temp\cc1Su2y5.s:5445   .debug_str:00000000000008b1 .LASF180
GAS LISTING C:\Users\SEBAST~1\AppData\Local\Temp\cc1Su2y5.s 			page 8


C:\Users\SEBAST~1\AppData\Local\Temp\cc1Su2y5.s:5523   .debug_str:0000000000000a81 .LASF181
C:\Users\SEBAST~1\AppData\Local\Temp\cc1Su2y5.s:5349   .debug_str:0000000000000674 .LASF182
C:\Users\SEBAST~1\AppData\Local\Temp\cc1Su2y5.s:5635   .debug_str:0000000000000d3b .LASF183
C:\Users\SEBAST~1\AppData\Local\Temp\cc1Su2y5.s:5567   .debug_str:0000000000000b89 .LASF184
C:\Users\SEBAST~1\AppData\Local\Temp\cc1Su2y5.s:5575   .debug_str:0000000000000bbe .LASF185
C:\Users\SEBAST~1\AppData\Local\Temp\cc1Su2y5.s:5597   .debug_str:0000000000000c3b .LASF186
C:\Users\SEBAST~1\AppData\Local\Temp\cc1Su2y5.s:5499   .debug_str:00000000000009f6 .LASF187
C:\Users\SEBAST~1\AppData\Local\Temp\cc1Su2y5.s:5869   .debug_str:000000000000128a .LASF188
C:\Users\SEBAST~1\AppData\Local\Temp\cc1Su2y5.s:5475   .debug_str:0000000000000970 .LASF189
C:\Users\SEBAST~1\AppData\Local\Temp\cc1Su2y5.s:5291   .debug_str:0000000000000528 .LASF190
C:\Users\SEBAST~1\AppData\Local\Temp\cc1Su2y5.s:5787   .debug_str:000000000000104b .LASF191
C:\Users\SEBAST~1\AppData\Local\Temp\cc1Su2y5.s:5101   .debug_str:0000000000000015 .LASF192
C:\Users\SEBAST~1\AppData\Local\Temp\cc1Su2y5.s:5463   .debug_str:0000000000000930 .LASF193
C:\Users\SEBAST~1\AppData\Local\Temp\cc1Su2y5.s:5571   .debug_str:0000000000000ba1 .LASF194
C:\Users\SEBAST~1\AppData\Local\Temp\cc1Su2y5.s:5753   .debug_str:0000000000000f98 .LASF195
C:\Users\SEBAST~1\AppData\Local\Temp\cc1Su2y5.s:5277   .debug_str:00000000000004b9 .LASF196
C:\Users\SEBAST~1\AppData\Local\Temp\cc1Su2y5.s:5733   .debug_str:0000000000000f44 .LASF197
C:\Users\SEBAST~1\AppData\Local\Temp\cc1Su2y5.s:5105   .debug_str:0000000000000032 .LASF198
C:\Users\SEBAST~1\AppData\Local\Temp\cc1Su2y5.s:5877   .debug_str:00000000000012b2 .LASF199
C:\Users\SEBAST~1\AppData\Local\Temp\cc1Su2y5.s:5113   .debug_str:000000000000006b .LASF200
C:\Users\SEBAST~1\AppData\Local\Temp\cc1Su2y5.s:5529   .debug_str:0000000000000aa4 .LASF201
C:\Users\SEBAST~1\AppData\Local\Temp\cc1Su2y5.s:5243   .debug_str:00000000000003dc .LASF202
C:\Users\SEBAST~1\AppData\Local\Temp\cc1Su2y5.s:5437   .debug_str:0000000000000864 .LASF203
C:\Users\SEBAST~1\AppData\Local\Temp\cc1Su2y5.s:5887   .debug_str:00000000000012de .LASF204
C:\Users\SEBAST~1\AppData\Local\Temp\cc1Su2y5.s:5481   .debug_str:0000000000000995 .LASF205
C:\Users\SEBAST~1\AppData\Local\Temp\cc1Su2y5.s:5793   .debug_str:0000000000001079 .LASF206
C:\Users\SEBAST~1\AppData\Local\Temp\cc1Su2y5.s:5255   .debug_str:0000000000000439 .LASF207
C:\Users\SEBAST~1\AppData\Local\Temp\cc1Su2y5.s:5183   .debug_str:0000000000000219 .LASF208
C:\Users\SEBAST~1\AppData\Local\Temp\cc1Su2y5.s:5581   .debug_str:0000000000000bea .LASF209
C:\Users\SEBAST~1\AppData\Local\Temp\cc1Su2y5.s:5805   .debug_str:00000000000010bd .LASF210
C:\Users\SEBAST~1\AppData\Local\Temp\cc1Su2y5.s:5819   .debug_str:000000000000110a .LASF211
C:\Users\SEBAST~1\AppData\Local\Temp\cc1Su2y5.s:5623   .debug_str:0000000000000ced .LASF212
C:\Users\SEBAST~1\AppData\Local\Temp\cc1Su2y5.s:5659   .debug_str:0000000000000db4 .LASF213
C:\Users\SEBAST~1\AppData\Local\Temp\cc1Su2y5.s:5727   .debug_str:0000000000000f21 .LASF214
C:\Users\SEBAST~1\AppData\Local\Temp\cc1Su2y5.s:5155   .debug_str:000000000000016f .LASF215
C:\Users\SEBAST~1\AppData\Local\Temp\cc1Su2y5.s:5781   .debug_str:0000000000001025 .LASF216
C:\Users\SEBAST~1\AppData\Local\Temp\cc1Su2y5.s:5223   .debug_str:0000000000000379 .LASF217
C:\Users\SEBAST~1\AppData\Local\Temp\cc1Su2y5.s:5641   .debug_str:0000000000000d5f .LASF218
C:\Users\SEBAST~1\AppData\Local\Temp\cc1Su2y5.s:5119   .debug_str:000000000000008f .LASF219
C:\Users\SEBAST~1\AppData\Local\Temp\cc1Su2y5.s:5515   .debug_str:0000000000000a54 .LASF220
C:\Users\SEBAST~1\AppData\Local\Temp\cc1Su2y5.s:5783   .debug_str:000000000000102e .LASF221
C:\Users\SEBAST~1\AppData\Local\Temp\cc1Su2y5.s:5859   .debug_str:000000000000124f .LASF222
C:\Users\SEBAST~1\AppData\Local\Temp\cc1Su2y5.s:5205   .debug_str:0000000000000311 .LASF223
C:\Users\SEBAST~1\AppData\Local\Temp\cc1Su2y5.s:5307   .debug_str:0000000000000592 .LASF224
C:\Users\SEBAST~1\AppData\Local\Temp\cc1Su2y5.s:5527   .debug_str:0000000000000a97 .LASF225
C:\Users\SEBAST~1\AppData\Local\Temp\cc1Su2y5.s:5609   .debug_str:0000000000000c7e .LASF226
C:\Users\SEBAST~1\AppData\Local\Temp\cc1Su2y5.s:5501   .debug_str:0000000000000a03 .LASF227
C:\Users\SEBAST~1\AppData\Local\Temp\cc1Su2y5.s:5099   .debug_str:0000000000000009 .LASF228
C:\Users\SEBAST~1\AppData\Local\Temp\cc1Su2y5.s:5779   .debug_str:000000000000101d .LASF229
C:\Users\SEBAST~1\AppData\Local\Temp\cc1Su2y5.s:5299   .debug_str:000000000000055c .LASF230
C:\Users\SEBAST~1\AppData\Local\Temp\cc1Su2y5.s:5861   .debug_str:0000000000001261 .LASF231
C:\Users\SEBAST~1\AppData\Local\Temp\cc1Su2y5.s:5341   .debug_str:0000000000000646 .LASF232
C:\Users\SEBAST~1\AppData\Local\Temp\cc1Su2y5.s:5461   .debug_str:0000000000000928 .LASF233
C:\Users\SEBAST~1\AppData\Local\Temp\cc1Su2y5.s:5181   .debug_str:0000000000000210 .LASF234
C:\Users\SEBAST~1\AppData\Local\Temp\cc1Su2y5.s:5569   .debug_str:0000000000000b98 .LASF235
C:\Users\SEBAST~1\AppData\Local\Temp\cc1Su2y5.s:5873   .debug_str:000000000000129c .LASF236
C:\Users\SEBAST~1\AppData\Local\Temp\cc1Su2y5.s:5327   .debug_str:00000000000005ea .LASF237
GAS LISTING C:\Users\SEBAST~1\AppData\Local\Temp\cc1Su2y5.s 			page 9


C:\Users\SEBAST~1\AppData\Local\Temp\cc1Su2y5.s:5173   .debug_str:00000000000001f2 .LASF238
C:\Users\SEBAST~1\AppData\Local\Temp\cc1Su2y5.s:5409   .debug_str:00000000000007c2 .LASF239
C:\Users\SEBAST~1\AppData\Local\Temp\cc1Su2y5.s:5639   .debug_str:0000000000000d57 .LASF240
C:\Users\SEBAST~1\AppData\Local\Temp\cc1Su2y5.s:5897   .debug_str:0000000000001315 .LASF241
C:\Users\SEBAST~1\AppData\Local\Temp\cc1Su2y5.s:5741   .debug_str:0000000000000f69 .LASF242
C:\Users\SEBAST~1\AppData\Local\Temp\cc1Su2y5.s:5737   .debug_str:0000000000000f54 .LASF243
C:\Users\SEBAST~1\AppData\Local\Temp\cc1Su2y5.s:5677   .debug_str:0000000000000e21 .LASF244
C:\Users\SEBAST~1\AppData\Local\Temp\cc1Su2y5.s:5271   .debug_str:0000000000000499 .LASF245
C:\Users\SEBAST~1\AppData\Local\Temp\cc1Su2y5.s:5755   .debug_str:0000000000000fab .LASF246
C:\Users\SEBAST~1\AppData\Local\Temp\cc1Su2y5.s:5385   .debug_str:000000000000075b .LASF247
C:\Users\SEBAST~1\AppData\Local\Temp\cc1Su2y5.s:5213   .debug_str:0000000000000349 .LASF248
C:\Users\SEBAST~1\AppData\Local\Temp\cc1Su2y5.s:5201   .debug_str:00000000000002fa .LASF249
C:\Users\SEBAST~1\AppData\Local\Temp\cc1Su2y5.s:5325   .debug_str:00000000000005e1 .LASF250
C:\Users\SEBAST~1\AppData\Local\Temp\cc1Su2y5.s:5347   .debug_str:0000000000000661 .LASF251
C:\Users\SEBAST~1\AppData\Local\Temp\cc1Su2y5.s:5583   .debug_str:0000000000000bf2 .LASF252
C:\Users\SEBAST~1\AppData\Local\Temp\cc1Su2y5.s:5729   .debug_str:0000000000000f2a .LASF253
C:\Users\SEBAST~1\AppData\Local\Temp\cc1Su2y5.s:5413   .debug_str:00000000000007d7 .LASF254
C:\Users\SEBAST~1\AppData\Local\Temp\cc1Su2y5.s:5175   .debug_str:00000000000001fb .LASF255
C:\Users\SEBAST~1\AppData\Local\Temp\cc1Su2y5.s:5555   .debug_str:0000000000000b42 .LASF256
C:\Users\SEBAST~1\AppData\Local\Temp\cc1Su2y5.s:5565   .debug_str:0000000000000b7e .LASF257
C:\Users\SEBAST~1\AppData\Local\Temp\cc1Su2y5.s:5673   .debug_str:0000000000000e0c .LASF258
C:\Users\SEBAST~1\AppData\Local\Temp\cc1Su2y5.s:5713   .debug_str:0000000000000ede .LASF259
C:\Users\SEBAST~1\AppData\Local\Temp\cc1Su2y5.s:5723   .debug_str:0000000000000f0f .LASF260
C:\Users\SEBAST~1\AppData\Local\Temp\cc1Su2y5.s:5735   .debug_str:0000000000000f4f .LASF261
C:\Users\SEBAST~1\AppData\Local\Temp\cc1Su2y5.s:5549   .debug_str:0000000000000b15 .LASF262
C:\Users\SEBAST~1\AppData\Local\Temp\cc1Su2y5.s:5585   .debug_str:0000000000000c06 .LASF263
C:\Users\SEBAST~1\AppData\Local\Temp\cc1Su2y5.s:5809   .debug_str:00000000000010d1 .LASF264
C:\Users\SEBAST~1\AppData\Local\Temp\cc1Su2y5.s:5763   .debug_str:0000000000000fcd .LASF265
C:\Users\SEBAST~1\AppData\Local\Temp\cc1Su2y5.s:5743   .debug_str:0000000000000f6e .LASF266
C:\Users\SEBAST~1\AppData\Local\Temp\cc1Su2y5.s:5879   .debug_str:00000000000012bf .LASF267
C:\Users\SEBAST~1\AppData\Local\Temp\cc1Su2y5.s:5655   .debug_str:0000000000000da5 .LASF268
C:\Users\SEBAST~1\AppData\Local\Temp\cc1Su2y5.s:5109   .debug_str:0000000000000058 .LASF269
C:\Users\SEBAST~1\AppData\Local\Temp\cc1Su2y5.s:5219   .debug_str:000000000000036d .LASF270
C:\Users\SEBAST~1\AppData\Local\Temp\cc1Su2y5.s:5657   .debug_str:0000000000000dad .LASF271
C:\Users\SEBAST~1\AppData\Local\Temp\cc1Su2y5.s:5613   .debug_str:0000000000000c99 .LASF272
C:\Users\SEBAST~1\AppData\Local\Temp\cc1Su2y5.s:5117   .debug_str:0000000000000087 .LASF273
C:\Users\SEBAST~1\AppData\Local\Temp\cc1Su2y5.s:5731   .debug_str:0000000000000f39 .LASF274
C:\Users\SEBAST~1\AppData\Local\Temp\cc1Su2y5.s:5711   .debug_str:0000000000000ed6 .LASF275
C:\Users\SEBAST~1\AppData\Local\Temp\cc1Su2y5.s:5465   .debug_str:000000000000093e .LASF276
C:\Users\SEBAST~1\AppData\Local\Temp\cc1Su2y5.s:5721   .debug_str:0000000000000f06 .LASF277
C:\Users\SEBAST~1\AppData\Local\Temp\cc1Su2y5.s:5483   .debug_str:00000000000009a0 .LASF278
C:\Users\SEBAST~1\AppData\Local\Temp\cc1Su2y5.s:5747   .debug_str:0000000000000f84 .LASF279
C:\Users\SEBAST~1\AppData\Local\Temp\cc1Su2y5.s:5489   .debug_str:00000000000009c5 .LASF280
C:\Users\SEBAST~1\AppData\Local\Temp\cc1Su2y5.s:5547   .debug_str:0000000000000b0f .LASF281
C:\Users\SEBAST~1\AppData\Local\Temp\cc1Su2y5.s:5405   .debug_str:00000000000007b4 .LASF282
C:\Users\SEBAST~1\AppData\Local\Temp\cc1Su2y5.s:5153   .debug_str:000000000000016a .LASF283
C:\Users\SEBAST~1\AppData\Local\Temp\cc1Su2y5.s:5159   .debug_str:0000000000000181 .LASF284
C:\Users\SEBAST~1\AppData\Local\Temp\cc1Su2y5.s:5927   .debug_str:00000000000013bf .LASF285
C:\Users\SEBAST~1\AppData\Local\Temp\cc1Su2y5.s:5891   .debug_str:00000000000012fb .LASF286
C:\Users\SEBAST~1\AppData\Local\Temp\cc1Su2y5.s:5423   .debug_str:000000000000080b .LASF287
C:\Users\SEBAST~1\AppData\Local\Temp\cc1Su2y5.s:5267   .debug_str:0000000000000474 .LASF288
C:\Users\SEBAST~1\AppData\Local\Temp\cc1Su2y5.s:5813   .debug_str:00000000000010e5 .LASF289
C:\Users\SEBAST~1\AppData\Local\Temp\cc1Su2y5.s:5629   .debug_str:0000000000000d1b .LASF290
C:\Users\SEBAST~1\AppData\Local\Temp\cc1Su2y5.s:5633   .debug_str:0000000000000d31 .LASF291
C:\Users\SEBAST~1\AppData\Local\Temp\cc1Su2y5.s:5917   .debug_str:0000000000001385 .LASF292
C:\Users\SEBAST~1\AppData\Local\Temp\cc1Su2y5.s:5217   .debug_str:000000000000035f .LASF293
C:\Users\SEBAST~1\AppData\Local\Temp\cc1Su2y5.s:5177   .debug_str:0000000000000202 .LASF294
GAS LISTING C:\Users\SEBAST~1\AppData\Local\Temp\cc1Su2y5.s 			page 10


C:\Users\SEBAST~1\AppData\Local\Temp\cc1Su2y5.s:5685   .debug_str:0000000000000e4b .LASF295
C:\Users\SEBAST~1\AppData\Local\Temp\cc1Su2y5.s:5807   .debug_str:00000000000010c8 .LASF296
C:\Users\SEBAST~1\AppData\Local\Temp\cc1Su2y5.s:5833   .debug_str:0000000000001164 .LASF297
C:\Users\SEBAST~1\AppData\Local\Temp\cc1Su2y5.s:5607   .debug_str:0000000000000c76 .LASF298
C:\Users\SEBAST~1\AppData\Local\Temp\cc1Su2y5.s:5337   .debug_str:0000000000000625 .LASF299
C:\Users\SEBAST~1\AppData\Local\Temp\cc1Su2y5.s:5351   .debug_str:0000000000000685 .LASF300
C:\Users\SEBAST~1\AppData\Local\Temp\cc1Su2y5.s:5831   .debug_str:000000000000115d .LASF301
C:\Users\SEBAST~1\AppData\Local\Temp\cc1Su2y5.s:5719   .debug_str:0000000000000f00 .LASF302
C:\Users\SEBAST~1\AppData\Local\Temp\cc1Su2y5.s:5241   .debug_str:00000000000003d6 .LASF303
C:\Users\SEBAST~1\AppData\Local\Temp\cc1Su2y5.s:5893   .debug_str:0000000000001305 .LASF304
C:\Users\SEBAST~1\AppData\Local\Temp\cc1Su2y5.s:5605   .debug_str:0000000000000c6f .LASF305
C:\Users\SEBAST~1\AppData\Local\Temp\cc1Su2y5.s:5221   .debug_str:0000000000000373 .LASF306
C:\Users\SEBAST~1\AppData\Local\Temp\cc1Su2y5.s:5823   .debug_str:0000000000001128 .LASF307
C:\Users\SEBAST~1\AppData\Local\Temp\cc1Su2y5.s:5401   .debug_str:00000000000007a4 .LASF308
C:\Users\SEBAST~1\AppData\Local\Temp\cc1Su2y5.s:5129   .debug_str:00000000000000c5 .LASF309
C:\Users\SEBAST~1\AppData\Local\Temp\cc1Su2y5.s:5133   .debug_str:00000000000000f3 .LASF310
C:\Users\SEBAST~1\AppData\Local\Temp\cc1Su2y5.s:5651   .debug_str:0000000000000d91 .LASF311
C:\Users\SEBAST~1\AppData\Local\Temp\cc1Su2y5.s:5353   .debug_str:000000000000068a .LASF312
C:\Users\SEBAST~1\AppData\Local\Temp\cc1Su2y5.s:5589   .debug_str:0000000000000c16 .LASF313
C:\Users\SEBAST~1\AppData\Local\Temp\cc1Su2y5.s:5157   .debug_str:000000000000017b .LASF314
C:\Users\SEBAST~1\AppData\Local\Temp\cc1Su2y5.s:5697   .debug_str:0000000000000e8d .LASF315
C:\Users\SEBAST~1\AppData\Local\Temp\cc1Su2y5.s:5417   .debug_str:00000000000007f0 .LASF316
C:\Users\SEBAST~1\AppData\Local\Temp\cc1Su2y5.s:5751   .debug_str:0000000000000f92 .LASF317
C:\Users\SEBAST~1\AppData\Local\Temp\cc1Su2y5.s:5179   .debug_str:000000000000020a .LASF318
C:\Users\SEBAST~1\AppData\Local\Temp\cc1Su2y5.s:5595   .debug_str:0000000000000c32 .LASF319
C:\Users\SEBAST~1\AppData\Local\Temp\cc1Su2y5.s:5457   .debug_str:0000000000000910 .LASF320
C:\Users\SEBAST~1\AppData\Local\Temp\cc1Su2y5.s:5191   .debug_str:00000000000002c3 .LASF321
C:\Users\SEBAST~1\AppData\Local\Temp\cc1Su2y5.s:5471   .debug_str:0000000000000960 .LASF322
C:\Users\SEBAST~1\AppData\Local\Temp\cc1Su2y5.s:5367   .debug_str:00000000000006e4 .LASF323
C:\Users\SEBAST~1\AppData\Local\Temp\cc1Su2y5.s:5691   .debug_str:0000000000000e64 .LASF324
C:\Users\SEBAST~1\AppData\Local\Temp\cc1Su2y5.s:5591   .debug_str:0000000000000c1c .LASF325
C:\Users\SEBAST~1\AppData\Local\Temp\cc1Su2y5.s:5825   .debug_str:0000000000001131 .LASF326
C:\Users\SEBAST~1\AppData\Local\Temp\cc1Su2y5.s:5615   .debug_str:0000000000000ca1 .LASF327
C:\Users\SEBAST~1\AppData\Local\Temp\cc1Su2y5.s:5919   .debug_str:0000000000001390 .LASF328
C:\Users\SEBAST~1\AppData\Local\Temp\cc1Su2y5.s:5853   .debug_str:00000000000011f8 .LASF329
C:\Users\SEBAST~1\AppData\Local\Temp\cc1Su2y5.s:5455   .debug_str:0000000000000905 .LASF330
C:\Users\SEBAST~1\AppData\Local\Temp\cc1Su2y5.s:5495   .debug_str:00000000000009e3 .LASF331
C:\Users\SEBAST~1\AppData\Local\Temp\cc1Su2y5.s:5865   .debug_str:0000000000001274 .LASF332
C:\Users\SEBAST~1\AppData\Local\Temp\cc1Su2y5.s:5239   .debug_str:00000000000003cc .LASF333
C:\Users\SEBAST~1\AppData\Local\Temp\cc1Su2y5.s:5441   .debug_str:000000000000089a .LASF334
C:\Users\SEBAST~1\AppData\Local\Temp\cc1Su2y5.s:5539   .debug_str:0000000000000aeb .LASF335
C:\Users\SEBAST~1\AppData\Local\Temp\cc1Su2y5.s:5141   .debug_str:0000000000000123 .LASF336
C:\Users\SEBAST~1\AppData\Local\Temp\cc1Su2y5.s:5421   .debug_str:0000000000000803 .LASF337
C:\Users\SEBAST~1\AppData\Local\Temp\cc1Su2y5.s:5587   .debug_str:0000000000000c11 .LASF338
C:\Users\SEBAST~1\AppData\Local\Temp\cc1Su2y5.s:5497   .debug_str:00000000000009ed .LASF339
C:\Users\SEBAST~1\AppData\Local\Temp\cc1Su2y5.s:5411   .debug_str:00000000000007cd .LASF340
C:\Users\SEBAST~1\AppData\Local\Temp\cc1Su2y5.s:5519   .debug_str:0000000000000a69 .LASF341
C:\Users\SEBAST~1\AppData\Local\Temp\cc1Su2y5.s:5123   .debug_str:00000000000000a3 .LASF342
C:\Users\SEBAST~1\AppData\Local\Temp\cc1Su2y5.s:5345   .debug_str:000000000000065c .LASF343
C:\Users\SEBAST~1\AppData\Local\Temp\cc1Su2y5.s:5725   .debug_str:0000000000000f1a .LASF344
C:\Users\SEBAST~1\AppData\Local\Temp\cc1Su2y5.s:5545   .debug_str:0000000000000b09 .LASF345
C:\Users\SEBAST~1\AppData\Local\Temp\cc1Su2y5.s:5513   .debug_str:0000000000000a4d .LASF346
C:\Users\SEBAST~1\AppData\Local\Temp\cc1Su2y5.s:5541   .debug_str:0000000000000af5 .LASF347
C:\Users\SEBAST~1\AppData\Local\Temp\cc1Su2y5.s:5689   .debug_str:0000000000000e5c .LASF348
C:\Users\SEBAST~1\AppData\Local\Temp\cc1Su2y5.s:5645   .debug_str:0000000000000d74 .LASF349
C:\Users\SEBAST~1\AppData\Local\Temp\cc1Su2y5.s:5189   .debug_str:00000000000002bd .LASF350
C:\Users\SEBAST~1\AppData\Local\Temp\cc1Su2y5.s:5883   .debug_str:00000000000012d1 .LASF351
GAS LISTING C:\Users\SEBAST~1\AppData\Local\Temp\cc1Su2y5.s 			page 11


C:\Users\SEBAST~1\AppData\Local\Temp\cc1Su2y5.s:5281   .debug_str:00000000000004d3 .LASF352
C:\Users\SEBAST~1\AppData\Local\Temp\cc1Su2y5.s:5709   .debug_str:0000000000000ec9 .LASF353
C:\Users\SEBAST~1\AppData\Local\Temp\cc1Su2y5.s:5139   .debug_str:0000000000000116 .LASF354
C:\Users\SEBAST~1\AppData\Local\Temp\cc1Su2y5.s:5263   .debug_str:000000000000045d .LASF355
C:\Users\SEBAST~1\AppData\Local\Temp\cc1Su2y5.s:5531   .debug_str:0000000000000ab3 .LASF356
C:\Users\SEBAST~1\AppData\Local\Temp\cc1Su2y5.s:5601   .debug_str:0000000000000c5b .LASF357
C:\Users\SEBAST~1\AppData\Local\Temp\cc1Su2y5.s:5739   .debug_str:0000000000000f64 .LASF358
C:\Users\SEBAST~1\AppData\Local\Temp\cc1Su2y5.s:5791   .debug_str:000000000000106c .LASF359
C:\Users\SEBAST~1\AppData\Local\Temp\cc1Su2y5.s:5663   .debug_str:0000000000000dd1 .LASF360
C:\Users\SEBAST~1\AppData\Local\Temp\cc1Su2y5.s:5593   .debug_str:0000000000000c24 .LASF361
C:\Users\SEBAST~1\AppData\Local\Temp\cc1Su2y5.s:5163   .debug_str:0000000000000192 .LASF362
C:\Users\SEBAST~1\AppData\Local\Temp\cc1Su2y5.s:5477   .debug_str:0000000000000980 .LASF363
C:\Users\SEBAST~1\AppData\Local\Temp\cc1Su2y5.s:5929   .debug_str:00000000000013c8 .LASF364
C:\Users\SEBAST~1\AppData\Local\Temp\cc1Su2y5.s:5231   .debug_str:00000000000003a3 .LASF365
C:\Users\SEBAST~1\AppData\Local\Temp\cc1Su2y5.s:5715   .debug_str:0000000000000ee8 .LASF366
C:\Users\SEBAST~1\AppData\Local\Temp\cc1Su2y5.s:5905   .debug_str:0000000000001342 .LASF367
C:\Users\SEBAST~1\AppData\Local\Temp\cc1Su2y5.s:5577   .debug_str:0000000000000bd2 .LASF368
C:\Users\SEBAST~1\AppData\Local\Temp\cc1Su2y5.s:5557   .debug_str:0000000000000b4b .LASF369
C:\Users\SEBAST~1\AppData\Local\Temp\cc1Su2y5.s:5681   .debug_str:0000000000000e39 .LASF370
C:\Users\SEBAST~1\AppData\Local\Temp\cc1Su2y5.s:5837   .debug_str:0000000000001179 .LASF371
C:\Users\SEBAST~1\AppData\Local\Temp\cc1Su2y5.s:5525   .debug_str:0000000000000a8e .LASF372
C:\Users\SEBAST~1\AppData\Local\Temp\cc1Su2y5.s:5151   .debug_str:0000000000000162 .LASF373
C:\Users\SEBAST~1\AppData\Local\Temp\cc1Su2y5.s:5115   .debug_str:000000000000007c .LASF420
C:\Users\SEBAST~1\AppData\Local\Temp\cc1Su2y5.s:5235   .debug_str:00000000000003ba .LASF374
C:\Users\SEBAST~1\AppData\Local\Temp\cc1Su2y5.s:5619   .debug_str:0000000000000ccf .LASF375
C:\Users\SEBAST~1\AppData\Local\Temp\cc1Su2y5.s:5323   .debug_str:00000000000005ce .LASF376
C:\Users\SEBAST~1\AppData\Local\Temp\cc1Su2y5.s:5921   .debug_str:00000000000013a9 .LASF377
C:\Users\SEBAST~1\AppData\Local\Temp\cc1Su2y5.s:5839   .debug_str:0000000000001180 .LASF378
C:\Users\SEBAST~1\AppData\Local\Temp\cc1Su2y5.s:5289   .debug_str:0000000000000519 .LASF379
C:\Users\SEBAST~1\AppData\Local\Temp\cc1Su2y5.s:5305   .debug_str:0000000000000583 .LASF380
C:\Users\SEBAST~1\AppData\Local\Temp\cc1Su2y5.s:5169   .debug_str:00000000000001b5 .LASF381
C:\Users\SEBAST~1\AppData\Local\Temp\cc1Su2y5.s:5617   .debug_str:0000000000000cac .LASF382
C:\Users\SEBAST~1\AppData\Local\Temp\cc1Su2y5.s:5847   .debug_str:00000000000011d1 .LASF383
C:\Users\SEBAST~1\AppData\Local\Temp\cc1Su2y5.s:5361   .debug_str:00000000000006b2 .LASF384
C:\Users\SEBAST~1\AppData\Local\Temp\cc1Su2y5.s:5287   .debug_str:00000000000004f4 .LASF385
C:\Users\SEBAST~1\AppData\Local\Temp\cc1Su2y5.s:5249   .debug_str:0000000000000409 .LASF386
C:\Users\SEBAST~1\AppData\Local\Temp\cc1Su2y5.s:5821   .debug_str:0000000000001114 .LASF387
C:\Users\SEBAST~1\AppData\Local\Temp\cc1Su2y5.s:5269   .debug_str:000000000000047d .LASF388
C:\Users\SEBAST~1\AppData\Local\Temp\cc1Su2y5.s:5429   .debug_str:000000000000082d .LASF389
C:\Users\SEBAST~1\AppData\Local\Temp\cc1Su2y5.s:5193   .debug_str:00000000000002ca .LASF390
C:\Users\SEBAST~1\AppData\Local\Temp\cc1Su2y5.s:5145   .debug_str:0000000000000134 .LASF391
C:\Users\SEBAST~1\AppData\Local\Temp\cc1Su2y5.s:5339   .debug_str:000000000000062a .LASF392
C:\Users\SEBAST~1\AppData\Local\Temp\cc1Su2y5.s:5553   .debug_str:0000000000000b28 .LASF393
C:\Users\SEBAST~1\AppData\Local\Temp\cc1Su2y5.s:5107   .debug_str:000000000000003f .LASF394
C:\Users\SEBAST~1\AppData\Local\Temp\cc1Su2y5.s:5131   .debug_str:00000000000000cb .LASF395
C:\Users\SEBAST~1\AppData\Local\Temp\cc1Su2y5.s:5835   .debug_str:000000000000116c .LASF396
C:\Users\SEBAST~1\AppData\Local\Temp\cc1Su2y5.s:5841   .debug_str:00000000000011a6 .LASF397
C:\Users\SEBAST~1\AppData\Local\Temp\cc1Su2y5.s:5247   .debug_str:00000000000003f0 .LASF398
C:\Users\SEBAST~1\AppData\Local\Temp\cc1Su2y5.s:5135   .debug_str:00000000000000fa .LASF399
C:\Users\SEBAST~1\AppData\Local\Temp\cc1Su2y5.s:5469   .debug_str:0000000000000956 .LASF400
C:\Users\SEBAST~1\AppData\Local\Temp\cc1Su2y5.s:5535   .debug_str:0000000000000aca .LASF401
C:\Users\SEBAST~1\AppData\Local\Temp\cc1Su2y5.s:5171   .debug_str:00000000000001e3 .LASF402
C:\Users\SEBAST~1\AppData\Local\Temp\cc1Su2y5.s:5433   .debug_str:000000000000084e .LASF403
C:\Users\SEBAST~1\AppData\Local\Temp\cc1Su2y5.s:5379   .debug_str:0000000000000735 .LASF404
C:\Users\SEBAST~1\AppData\Local\Temp\cc1Su2y5.s:5845   .debug_str:00000000000011c1 .LASF407
C:\Users\SEBAST~1\AppData\Local\Temp\cc1Su2y5.s:52     .text.debug_port_init:0000000000000000 .LFB8
C:\Users\SEBAST~1\AppData\Local\Temp\cc1Su2y5.s:97     .text.debug_port_init:0000000000000042 .LFE8
GAS LISTING C:\Users\SEBAST~1\AppData\Local\Temp\cc1Su2y5.s 			page 12


C:\Users\SEBAST~1\AppData\Local\Temp\cc1Su2y5.s:4981   .debug_loc:0000000000000000 .LLST4
C:\Users\SEBAST~1\AppData\Local\Temp\cc1Su2y5.s:64     .text.debug_port_init:000000000000000c .LVL6
C:\Users\SEBAST~1\AppData\Local\Temp\cc1Su2y5.s:68     .text.debug_port_init:0000000000000018 .LVL7
C:\Users\SEBAST~1\AppData\Local\Temp\cc1Su2y5.s:72     .text.debug_port_init:0000000000000024 .LVL8
C:\Users\SEBAST~1\AppData\Local\Temp\cc1Su2y5.s:77     .text.debug_port_init:000000000000002c .LVL9
C:\Users\SEBAST~1\AppData\Local\Temp\cc1Su2y5.s:94     .text.debug_port_init:0000000000000040 .LVL10
C:\Users\SEBAST~1\AppData\Local\Temp\cc1Su2y5.s:5679   .debug_str:0000000000000e29 .LASF421
C:\Users\SEBAST~1\AppData\Local\Temp\cc1Su2y5.s:36     .text.debug_port_read:0000000000000000 .LFB7
C:\Users\SEBAST~1\AppData\Local\Temp\cc1Su2y5.s:45     .text.debug_port_read:0000000000000008 .LFE7
C:\Users\SEBAST~1\AppData\Local\Temp\cc1Su2y5.s:5397   .debug_str:0000000000000793 .LASF405
C:\Users\SEBAST~1\AppData\Local\Temp\cc1Su2y5.s:5004   .debug_loc:0000000000000038 .LLST2
C:\Users\SEBAST~1\AppData\Local\Temp\cc1Su2y5.s:5473   .debug_str:0000000000000967 .LASF406
C:\Users\SEBAST~1\AppData\Local\Temp\cc1Su2y5.s:5018   .debug_loc:0000000000000059 .LLST3
C:\Users\SEBAST~1\AppData\Local\Temp\cc1Su2y5.s:43     .text.debug_port_read:0000000000000008 .LVL5
C:\Users\SEBAST~1\AppData\Local\Temp\cc1Su2y5.s:5599   .debug_str:0000000000000c4a .LASF408
C:\Users\SEBAST~1\AppData\Local\Temp\cc1Su2y5.s:15     .text.debug_port_print:0000000000000000 .LFB6
C:\Users\SEBAST~1\AppData\Local\Temp\cc1Su2y5.s:29     .text.debug_port_print:000000000000000e .LFE6
C:\Users\SEBAST~1\AppData\Local\Temp\cc1Su2y5.s:5895   .debug_str:000000000000130d .LASF409
C:\Users\SEBAST~1\AppData\Local\Temp\cc1Su2y5.s:5032   .debug_loc:000000000000007a .LLST0
C:\Users\SEBAST~1\AppData\Local\Temp\cc1Su2y5.s:5669   .debug_str:0000000000000df0 .LASF410
C:\Users\SEBAST~1\AppData\Local\Temp\cc1Su2y5.s:5050   .debug_loc:00000000000000a6 .LLST1
C:\Users\SEBAST~1\AppData\Local\Temp\cc1Su2y5.s:27     .text.debug_port_print:000000000000000e .LVL3
C:\Users\SEBAST~1\AppData\Local\Temp\cc1Su2y5.s:5373   .debug_str:000000000000070a .LASF411
C:\Users\SEBAST~1\AppData\Local\Temp\cc1Su2y5.s:5935   .debug_str:00000000000013ed .LASF412
C:\Users\SEBAST~1\AppData\Local\Temp\cc1Su2y5.s:5695   .debug_str:0000000000000e78 .LASF413
C:\Users\SEBAST~1\AppData\Local\Temp\cc1Su2y5.s:5381   .debug_str:0000000000000741 .LASF414
C:\Users\SEBAST~1\AppData\Local\Temp\cc1Su2y5.s:5789   .debug_str:000000000000105c .LASF415
C:\Users\SEBAST~1\AppData\Local\Temp\cc1Su2y5.s:58     .text.debug_port_init:0000000000000002 .LCFI0
C:\Users\SEBAST~1\AppData\Local\Temp\cc1Su2y5.s:85     .text.debug_port_init:0000000000000032 .LCFI1
C:\Users\SEBAST~1\AppData\Local\Temp\cc1Su2y5.s:89     .text.debug_port_init:0000000000000034 .LCFI2
C:\Users\SEBAST~1\AppData\Local\Temp\cc1Su2y5.s:39     .text.debug_port_read:0000000000000000 .LVL4
C:\Users\SEBAST~1\AppData\Local\Temp\cc1Su2y5.s:19     .text.debug_port_print:0000000000000000 .LVL0
C:\Users\SEBAST~1\AppData\Local\Temp\cc1Su2y5.s:25     .text.debug_port_print:0000000000000006 .LVL2
C:\Users\SEBAST~1\AppData\Local\Temp\cc1Su2y5.s:23     .text.debug_port_print:0000000000000004 .LVL1
C:\Users\SEBAST~1\AppData\Local\Temp\cc1Su2y5.s:119    .debug_info:0000000000000000 .Ldebug_info0

UNDEFINED SYMBOLS
_write
read_usb_serial
configure_usb_serial
dbg_attatch_irq
usb_serial_available
dbg_delay_1ms
