GAS LISTING C:\Users\SEBAST~1\AppData\Local\Temp\ccYC1NY2.s 			page 1


   1              		.file	"fstat.c"
   2              		.option nopic
   3              		.attribute arch, "rv32i2p0_m2p0_a2p0_c2p0"
   4              		.attribute unaligned_access, 0
   5              		.attribute stack_align, 16
   6              		.text
   7              	.Ltext0:
   8              		.cfi_sections	.debug_frame
   9              		.section	.text._fstat,"ax",@progbits
  10              		.align	1
  11              		.globl	_fstat
  13              	_fstat:
  14              	.LFB1:
  15              		.file 1 "./../../firmware/RISCV/stubs/fstat.c"
   1:./../../firmware/RISCV/stubs/fstat.c **** /* See LICENSE of license details. */
   2:./../../firmware/RISCV/stubs/fstat.c **** 
   3:./../../firmware/RISCV/stubs/fstat.c **** #include <errno.h>
   4:./../../firmware/RISCV/stubs/fstat.c **** #include <unistd.h>
   5:./../../firmware/RISCV/stubs/fstat.c **** #include <sys/stat.h>
   6:./../../firmware/RISCV/stubs/fstat.c **** #include "stub.h"
   7:./../../firmware/RISCV/stubs/fstat.c **** 
   8:./../../firmware/RISCV/stubs/fstat.c **** int _fstat(int fd, struct stat* st)
   9:./../../firmware/RISCV/stubs/fstat.c **** {
  16              		.loc 1 9 1
  17              		.cfi_startproc
  18              	.LVL0:
  10:./../../firmware/RISCV/stubs/fstat.c ****   if (isatty(fd)) {
  19              		.loc 1 10 3
   9:./../../firmware/RISCV/stubs/fstat.c ****   if (isatty(fd)) {
  20              		.loc 1 9 1 is_stmt 0
  21 0000 0111     		addi	sp,sp,-32
  22              	.LCFI0:
  23              		.cfi_def_cfa_offset 32
  24 0002 06CE     		sw	ra,28(sp)
  25              		.cfi_offset 1, -4
   9:./../../firmware/RISCV/stubs/fstat.c ****   if (isatty(fd)) {
  26              		.loc 1 9 1
  27 0004 2EC6     		sw	a1,12(sp)
  28              		.loc 1 10 7
  29 0006 97000000 		call	isatty
  29      E7800000 
  30              	.LVL1:
  31              		.loc 1 10 6
  32 000e 01C9     		beq	a0,zero,.L3
  11:./../../firmware/RISCV/stubs/fstat.c ****     st->st_mode = S_IFCHR;
  33              		.loc 1 11 5 is_stmt 1
  34              		.loc 1 11 17 is_stmt 0
  35 0010 B245     		lw	a1,12(sp)
  36 0012 8967     		li	a5,8192
  12:./../../firmware/RISCV/stubs/fstat.c ****     return 0;
  37              		.loc 1 12 12
  38 0014 0145     		li	a0,0
  11:./../../firmware/RISCV/stubs/fstat.c ****     st->st_mode = S_IFCHR;
  39              		.loc 1 11 17
  40 0016 DCC1     		sw	a5,4(a1)
  41              		.loc 1 12 5 is_stmt 1
  42              	.L1:
GAS LISTING C:\Users\SEBAST~1\AppData\Local\Temp\ccYC1NY2.s 			page 2


  13:./../../firmware/RISCV/stubs/fstat.c ****   }
  14:./../../firmware/RISCV/stubs/fstat.c **** 
  15:./../../firmware/RISCV/stubs/fstat.c ****   return _stub(EBADF);
  16:./../../firmware/RISCV/stubs/fstat.c **** }
  43              		.loc 1 16 1 is_stmt 0
  44 0018 F240     		lw	ra,28(sp)
  45              		.cfi_remember_state
  46              		.cfi_restore 1
  47 001a 0561     		addi	sp,sp,32
  48              	.LCFI1:
  49              		.cfi_def_cfa_offset 0
  50              	.LVL2:
  51 001c 8280     		jr	ra
  52              	.LVL3:
  53              	.L3:
  54              	.LCFI2:
  55              		.cfi_restore_state
  15:./../../firmware/RISCV/stubs/fstat.c **** }
  56              		.loc 1 15 10
  57 001e 7D55     		li	a0,-1
  58 0020 E5BF     		j	.L1
  59              		.cfi_endproc
  60              	.LFE1:
  62              		.text
  63              	.Letext0:
  64              		.file 2 "c:\\users\\sebastian\\downloads\\toolchain-gd32v-v201-win\\compiler\\lib\\gcc\\riscv64-un
  65              		.file 3 "c:\\users\\sebastian\\downloads\\toolchain-gd32v-v201-win\\compiler\\riscv64-unknown-elf\
  66              		.file 4 "c:\\users\\sebastian\\downloads\\toolchain-gd32v-v201-win\\compiler\\riscv64-unknown-elf\
  67              		.file 5 "c:\\users\\sebastian\\downloads\\toolchain-gd32v-v201-win\\compiler\\riscv64-unknown-elf\
  68              		.file 6 "c:\\users\\sebastian\\downloads\\toolchain-gd32v-v201-win\\compiler\\riscv64-unknown-elf\
  69              		.file 7 "c:\\users\\sebastian\\downloads\\toolchain-gd32v-v201-win\\compiler\\riscv64-unknown-elf\
  70              		.file 8 "c:\\users\\sebastian\\downloads\\toolchain-gd32v-v201-win\\compiler\\riscv64-unknown-elf\
  71              		.file 9 "c:\\users\\sebastian\\downloads\\toolchain-gd32v-v201-win\\compiler\\riscv64-unknown-elf\
  72              		.file 10 "c:\\users\\sebastian\\downloads\\toolchain-gd32v-v201-win\\compiler\\riscv64-unknown-elf
  73              		.file 11 "c:\\users\\sebastian\\downloads\\toolchain-gd32v-v201-win\\compiler\\riscv64-unknown-elf
  74              		.file 12 "c:\\users\\sebastian\\downloads\\toolchain-gd32v-v201-win\\compiler\\riscv64-unknown-elf
  75              		.file 13 "./../../firmware/RISCV/stubs/stub.h"
GAS LISTING C:\Users\SEBAST~1\AppData\Local\Temp\ccYC1NY2.s 			page 3


DEFINED SYMBOLS
                            *ABS*:0000000000000000 fstat.c
C:\Users\SEBAST~1\AppData\Local\Temp\ccYC1NY2.s:13     .text._fstat:0000000000000000 _fstat
C:\Users\SEBAST~1\AppData\Local\Temp\ccYC1NY2.s:17     .text._fstat:0000000000000000 .L0 
C:\Users\SEBAST~1\AppData\Local\Temp\ccYC1NY2.s:19     .text._fstat:0000000000000000 .L0 
C:\Users\SEBAST~1\AppData\Local\Temp\ccYC1NY2.s:20     .text._fstat:0000000000000000 .L0 
C:\Users\SEBAST~1\AppData\Local\Temp\ccYC1NY2.s:21     .text._fstat:0000000000000000 .L0 
C:\Users\SEBAST~1\AppData\Local\Temp\ccYC1NY2.s:23     .text._fstat:0000000000000002 .L0 
C:\Users\SEBAST~1\AppData\Local\Temp\ccYC1NY2.s:25     .text._fstat:0000000000000004 .L0 
C:\Users\SEBAST~1\AppData\Local\Temp\ccYC1NY2.s:27     .text._fstat:0000000000000004 .L0 
C:\Users\SEBAST~1\AppData\Local\Temp\ccYC1NY2.s:29     .text._fstat:0000000000000006 .L0 
C:\Users\SEBAST~1\AppData\Local\Temp\ccYC1NY2.s:32     .text._fstat:000000000000000e .L0 
C:\Users\SEBAST~1\AppData\Local\Temp\ccYC1NY2.s:34     .text._fstat:0000000000000010 .L0 
C:\Users\SEBAST~1\AppData\Local\Temp\ccYC1NY2.s:35     .text._fstat:0000000000000010 .L0 
C:\Users\SEBAST~1\AppData\Local\Temp\ccYC1NY2.s:38     .text._fstat:0000000000000014 .L0 
C:\Users\SEBAST~1\AppData\Local\Temp\ccYC1NY2.s:40     .text._fstat:0000000000000016 .L0 
C:\Users\SEBAST~1\AppData\Local\Temp\ccYC1NY2.s:43     .text._fstat:0000000000000018 .L0 
C:\Users\SEBAST~1\AppData\Local\Temp\ccYC1NY2.s:44     .text._fstat:0000000000000018 .L0 
C:\Users\SEBAST~1\AppData\Local\Temp\ccYC1NY2.s:45     .text._fstat:000000000000001a .L0 
C:\Users\SEBAST~1\AppData\Local\Temp\ccYC1NY2.s:46     .text._fstat:000000000000001a .L0 
C:\Users\SEBAST~1\AppData\Local\Temp\ccYC1NY2.s:49     .text._fstat:000000000000001c .L0 
C:\Users\SEBAST~1\AppData\Local\Temp\ccYC1NY2.s:55     .text._fstat:000000000000001e .L0 
C:\Users\SEBAST~1\AppData\Local\Temp\ccYC1NY2.s:57     .text._fstat:000000000000001e .L0 
C:\Users\SEBAST~1\AppData\Local\Temp\ccYC1NY2.s:59     .text._fstat:0000000000000022 .L0 
C:\Users\SEBAST~1\AppData\Local\Temp\ccYC1NY2.s:62     .text._fstat:0000000000000022 .L0 
                     .debug_frame:0000000000000000 .L0 
C:\Users\SEBAST~1\AppData\Local\Temp\ccYC1NY2.s:53     .text._fstat:000000000000001e .L3
C:\Users\SEBAST~1\AppData\Local\Temp\ccYC1NY2.s:42     .text._fstat:0000000000000018 .L1
C:\Users\SEBAST~1\AppData\Local\Temp\ccYC1NY2.s:1932   .debug_abbrev:0000000000000000 .Ldebug_abbrev0
C:\Users\SEBAST~1\AppData\Local\Temp\ccYC1NY2.s:2842   .debug_str:0000000000000576 .LASF170
C:\Users\SEBAST~1\AppData\Local\Temp\ccYC1NY2.s:2736   .debug_str:0000000000000380 .LASF171
C:\Users\SEBAST~1\AppData\Local\Temp\ccYC1NY2.s:2890   .debug_str:00000000000006d3 .LASF172
C:\Users\SEBAST~1\AppData\Local\Temp\ccYC1NY2.s:2536   .debug_ranges:0000000000000000 .Ldebug_ranges0
C:\Users\SEBAST~1\AppData\Local\Temp\ccYC1NY2.s:2542   .debug_line:0000000000000000 .Ldebug_line0
C:\Users\SEBAST~1\AppData\Local\Temp\ccYC1NY2.s:2674   .debug_str:000000000000026e .LASF0
C:\Users\SEBAST~1\AppData\Local\Temp\ccYC1NY2.s:2696   .debug_str:00000000000002cd .LASF1
C:\Users\SEBAST~1\AppData\Local\Temp\ccYC1NY2.s:2596   .debug_str:000000000000010a .LASF2
C:\Users\SEBAST~1\AppData\Local\Temp\ccYC1NY2.s:2730   .debug_str:0000000000000366 .LASF3
C:\Users\SEBAST~1\AppData\Local\Temp\ccYC1NY2.s:2710   .debug_str:0000000000000318 .LASF8
C:\Users\SEBAST~1\AppData\Local\Temp\ccYC1NY2.s:2598   .debug_str:0000000000000118 .LASF4
C:\Users\SEBAST~1\AppData\Local\Temp\ccYC1NY2.s:2758   .debug_str:0000000000000405 .LASF5
C:\Users\SEBAST~1\AppData\Local\Temp\ccYC1NY2.s:2766   .debug_str:0000000000000428 .LASF6
C:\Users\SEBAST~1\AppData\Local\Temp\ccYC1NY2.s:2618   .debug_str:0000000000000171 .LASF7
C:\Users\SEBAST~1\AppData\Local\Temp\ccYC1NY2.s:2650   .debug_str:0000000000000204 .LASF9
C:\Users\SEBAST~1\AppData\Local\Temp\ccYC1NY2.s:2684   .debug_str:000000000000029b .LASF10
C:\Users\SEBAST~1\AppData\Local\Temp\ccYC1NY2.s:2572   .debug_str:0000000000000082 .LASF11
C:\Users\SEBAST~1\AppData\Local\Temp\ccYC1NY2.s:2586   .debug_str:00000000000000d6 .LASF12
C:\Users\SEBAST~1\AppData\Local\Temp\ccYC1NY2.s:2616   .debug_str:0000000000000166 .LASF13
C:\Users\SEBAST~1\AppData\Local\Temp\ccYC1NY2.s:2742   .debug_str:00000000000003b6 .LASF14
C:\Users\SEBAST~1\AppData\Local\Temp\ccYC1NY2.s:2744   .debug_str:00000000000003c2 .LASF15
C:\Users\SEBAST~1\AppData\Local\Temp\ccYC1NY2.s:2662   .debug_str:000000000000023d .LASF16
C:\Users\SEBAST~1\AppData\Local\Temp\ccYC1NY2.s:2834   .debug_str:0000000000000553 .LASF17
C:\Users\SEBAST~1\AppData\Local\Temp\ccYC1NY2.s:2548   .debug_str:0000000000000014 .LASF18
C:\Users\SEBAST~1\AppData\Local\Temp\ccYC1NY2.s:2806   .debug_str:00000000000004e6 .LASF19
C:\Users\SEBAST~1\AppData\Local\Temp\ccYC1NY2.s:2602   .debug_str:000000000000012a .LASF20
C:\Users\SEBAST~1\AppData\Local\Temp\ccYC1NY2.s:2546   .debug_str:000000000000000c .LASF21
C:\Users\SEBAST~1\AppData\Local\Temp\ccYC1NY2.s:2818   .debug_str:0000000000000516 .LASF22
GAS LISTING C:\Users\SEBAST~1\AppData\Local\Temp\ccYC1NY2.s 			page 4


C:\Users\SEBAST~1\AppData\Local\Temp\ccYC1NY2.s:2862   .debug_str:0000000000000656 .LASF23
C:\Users\SEBAST~1\AppData\Local\Temp\ccYC1NY2.s:2706   .debug_str:000000000000030a .LASF24
C:\Users\SEBAST~1\AppData\Local\Temp\ccYC1NY2.s:2676   .debug_str:000000000000027b .LASF25
C:\Users\SEBAST~1\AppData\Local\Temp\ccYC1NY2.s:2810   .debug_str:00000000000004f4 .LASF26
C:\Users\SEBAST~1\AppData\Local\Temp\ccYC1NY2.s:2812   .debug_str:00000000000004fc .LASF27
C:\Users\SEBAST~1\AppData\Local\Temp\ccYC1NY2.s:2778   .debug_str:000000000000045b .LASF28
C:\Users\SEBAST~1\AppData\Local\Temp\ccYC1NY2.s:2578   .debug_str:00000000000000ac .LASF29
C:\Users\SEBAST~1\AppData\Local\Temp\ccYC1NY2.s:2848   .debug_str:000000000000060c .LASF30
C:\Users\SEBAST~1\AppData\Local\Temp\ccYC1NY2.s:2754   .debug_str:00000000000003ea .LASF31
C:\Users\SEBAST~1\AppData\Local\Temp\ccYC1NY2.s:2654   .debug_str:0000000000000215 .LASF32
C:\Users\SEBAST~1\AppData\Local\Temp\ccYC1NY2.s:2658   .debug_str:0000000000000226 .LASF37
C:\Users\SEBAST~1\AppData\Local\Temp\ccYC1NY2.s:2836   .debug_str:000000000000055b .LASF33
C:\Users\SEBAST~1\AppData\Local\Temp\ccYC1NY2.s:2802   .debug_str:00000000000004d7 .LASF34
C:\Users\SEBAST~1\AppData\Local\Temp\ccYC1NY2.s:2652   .debug_str:000000000000020f .LASF35
C:\Users\SEBAST~1\AppData\Local\Temp\ccYC1NY2.s:2856   .debug_str:0000000000000641 .LASF36
C:\Users\SEBAST~1\AppData\Local\Temp\ccYC1NY2.s:2672   .debug_str:0000000000000269 .LASF38
C:\Users\SEBAST~1\AppData\Local\Temp\ccYC1NY2.s:2592   .debug_str:00000000000000fc .LASF39
C:\Users\SEBAST~1\AppData\Local\Temp\ccYC1NY2.s:2828   .debug_str:000000000000053d .LASF40
C:\Users\SEBAST~1\AppData\Local\Temp\ccYC1NY2.s:2606   .debug_str:0000000000000139 .LASF41
C:\Users\SEBAST~1\AppData\Local\Temp\ccYC1NY2.s:2894   .debug_str:0000000000000722 .LASF42
C:\Users\SEBAST~1\AppData\Local\Temp\ccYC1NY2.s:2738   .debug_str:00000000000003a5 .LASF43
C:\Users\SEBAST~1\AppData\Local\Temp\ccYC1NY2.s:2724   .debug_str:000000000000034c .LASF44
C:\Users\SEBAST~1\AppData\Local\Temp\ccYC1NY2.s:2858   .debug_str:0000000000000646 .LASF45
C:\Users\SEBAST~1\AppData\Local\Temp\ccYC1NY2.s:2768   .debug_str:0000000000000432 .LASF46
C:\Users\SEBAST~1\AppData\Local\Temp\ccYC1NY2.s:2874   .debug_str:000000000000068b .LASF47
C:\Users\SEBAST~1\AppData\Local\Temp\ccYC1NY2.s:2610   .debug_str:0000000000000148 .LASF48
C:\Users\SEBAST~1\AppData\Local\Temp\ccYC1NY2.s:2644   .debug_str:00000000000001f1 .LASF49
C:\Users\SEBAST~1\AppData\Local\Temp\ccYC1NY2.s:2544   .debug_str:0000000000000000 .LASF50
C:\Users\SEBAST~1\AppData\Local\Temp\ccYC1NY2.s:2844   .debug_str:00000000000005fe .LASF51
C:\Users\SEBAST~1\AppData\Local\Temp\ccYC1NY2.s:2624   .debug_str:000000000000018b .LASF52
C:\Users\SEBAST~1\AppData\Local\Temp\ccYC1NY2.s:2740   .debug_str:00000000000003ae .LASF53
C:\Users\SEBAST~1\AppData\Local\Temp\ccYC1NY2.s:2794   .debug_str:00000000000004a7 .LASF54
C:\Users\SEBAST~1\AppData\Local\Temp\ccYC1NY2.s:2646   .debug_str:00000000000001f9 .LASF55
C:\Users\SEBAST~1\AppData\Local\Temp\ccYC1NY2.s:2770   .debug_str:000000000000043c .LASF56
C:\Users\SEBAST~1\AppData\Local\Temp\ccYC1NY2.s:2604   .debug_str:0000000000000133 .LASF57
C:\Users\SEBAST~1\AppData\Local\Temp\ccYC1NY2.s:2550   .debug_str:000000000000001c .LASF58
C:\Users\SEBAST~1\AppData\Local\Temp\ccYC1NY2.s:2780   .debug_str:0000000000000466 .LASF59
C:\Users\SEBAST~1\AppData\Local\Temp\ccYC1NY2.s:2622   .debug_str:0000000000000184 .LASF60
C:\Users\SEBAST~1\AppData\Local\Temp\ccYC1NY2.s:2686   .debug_str:00000000000002ad .LASF61
C:\Users\SEBAST~1\AppData\Local\Temp\ccYC1NY2.s:2576   .debug_str:00000000000000a3 .LASF62
C:\Users\SEBAST~1\AppData\Local\Temp\ccYC1NY2.s:2612   .debug_str:0000000000000156 .LASF63
C:\Users\SEBAST~1\AppData\Local\Temp\ccYC1NY2.s:2664   .debug_str:0000000000000245 .LASF64
C:\Users\SEBAST~1\AppData\Local\Temp\ccYC1NY2.s:2722   .debug_str:0000000000000345 .LASF65
C:\Users\SEBAST~1\AppData\Local\Temp\ccYC1NY2.s:2814   .debug_str:0000000000000504 .LASF66
C:\Users\SEBAST~1\AppData\Local\Temp\ccYC1NY2.s:2878   .debug_str:00000000000006a5 .LASF67
C:\Users\SEBAST~1\AppData\Local\Temp\ccYC1NY2.s:2600   .debug_str:0000000000000124 .LASF68
C:\Users\SEBAST~1\AppData\Local\Temp\ccYC1NY2.s:2870   .debug_str:000000000000067d .LASF69
C:\Users\SEBAST~1\AppData\Local\Temp\ccYC1NY2.s:2630   .debug_str:00000000000001a1 .LASF70
C:\Users\SEBAST~1\AppData\Local\Temp\ccYC1NY2.s:2638   .debug_str:00000000000001ca .LASF71
C:\Users\SEBAST~1\AppData\Local\Temp\ccYC1NY2.s:2566   .debug_str:000000000000005c .LASF72
C:\Users\SEBAST~1\AppData\Local\Temp\ccYC1NY2.s:2712   .debug_str:000000000000031f .LASF73
C:\Users\SEBAST~1\AppData\Local\Temp\ccYC1NY2.s:2784   .debug_str:0000000000000478 .LASF74
C:\Users\SEBAST~1\AppData\Local\Temp\ccYC1NY2.s:2716   .debug_str:000000000000032c .LASF75
C:\Users\SEBAST~1\AppData\Local\Temp\ccYC1NY2.s:2804   .debug_str:00000000000004df .LASF76
C:\Users\SEBAST~1\AppData\Local\Temp\ccYC1NY2.s:2822   .debug_str:0000000000000527 .LASF77
C:\Users\SEBAST~1\AppData\Local\Temp\ccYC1NY2.s:2626   .debug_str:0000000000000193 .LASF78
C:\Users\SEBAST~1\AppData\Local\Temp\ccYC1NY2.s:2678   .debug_str:0000000000000282 .LASF79
GAS LISTING C:\Users\SEBAST~1\AppData\Local\Temp\ccYC1NY2.s 			page 5


C:\Users\SEBAST~1\AppData\Local\Temp\ccYC1NY2.s:2656   .debug_str:000000000000021e .LASF80
C:\Users\SEBAST~1\AppData\Local\Temp\ccYC1NY2.s:2792   .debug_str:00000000000004a2 .LASF81
C:\Users\SEBAST~1\AppData\Local\Temp\ccYC1NY2.s:2558   .debug_str:0000000000000039 .LASF82
C:\Users\SEBAST~1\AppData\Local\Temp\ccYC1NY2.s:2800   .debug_str:00000000000004be .LASF83
C:\Users\SEBAST~1\AppData\Local\Temp\ccYC1NY2.s:2796   .debug_str:00000000000004ac .LASF84
C:\Users\SEBAST~1\AppData\Local\Temp\ccYC1NY2.s:2632   .debug_str:00000000000001aa .LASF85
C:\Users\SEBAST~1\AppData\Local\Temp\ccYC1NY2.s:2798   .debug_str:00000000000004b4 .LASF86
C:\Users\SEBAST~1\AppData\Local\Temp\ccYC1NY2.s:2704   .debug_str:0000000000000302 .LASF87
C:\Users\SEBAST~1\AppData\Local\Temp\ccYC1NY2.s:2666   .debug_str:000000000000024b .LASF88
C:\Users\SEBAST~1\AppData\Local\Temp\ccYC1NY2.s:2888   .debug_str:00000000000006ce .LASF89
C:\Users\SEBAST~1\AppData\Local\Temp\ccYC1NY2.s:2750   .debug_str:00000000000003d6 .LASF90
C:\Users\SEBAST~1\AppData\Local\Temp\ccYC1NY2.s:2682   .debug_str:0000000000000293 .LASF91
C:\Users\SEBAST~1\AppData\Local\Temp\ccYC1NY2.s:2636   .debug_str:00000000000001c2 .LASF92
C:\Users\SEBAST~1\AppData\Local\Temp\ccYC1NY2.s:2760   .debug_str:0000000000000413 .LASF93
C:\Users\SEBAST~1\AppData\Local\Temp\ccYC1NY2.s:2698   .debug_str:00000000000002e0 .LASF94
C:\Users\SEBAST~1\AppData\Local\Temp\ccYC1NY2.s:2866   .debug_str:0000000000000669 .LASF95
C:\Users\SEBAST~1\AppData\Local\Temp\ccYC1NY2.s:2614   .debug_str:000000000000015e .LASF96
C:\Users\SEBAST~1\AppData\Local\Temp\ccYC1NY2.s:2608   .debug_str:0000000000000143 .LASF97
C:\Users\SEBAST~1\AppData\Local\Temp\ccYC1NY2.s:2824   .debug_str:000000000000052e .LASF98
C:\Users\SEBAST~1\AppData\Local\Temp\ccYC1NY2.s:2776   .debug_str:0000000000000454 .LASF99
C:\Users\SEBAST~1\AppData\Local\Temp\ccYC1NY2.s:2860   .debug_str:0000000000000650 .LASF100
C:\Users\SEBAST~1\AppData\Local\Temp\ccYC1NY2.s:2692   .debug_str:00000000000002c0 .LASF101
C:\Users\SEBAST~1\AppData\Local\Temp\ccYC1NY2.s:2774   .debug_str:000000000000044e .LASF102
C:\Users\SEBAST~1\AppData\Local\Temp\ccYC1NY2.s:2554   .debug_str:000000000000002a .LASF103
C:\Users\SEBAST~1\AppData\Local\Temp\ccYC1NY2.s:2808   .debug_str:00000000000004ee .LASF104
C:\Users\SEBAST~1\AppData\Local\Temp\ccYC1NY2.s:2832   .debug_str:000000000000054d .LASF105
C:\Users\SEBAST~1\AppData\Local\Temp\ccYC1NY2.s:2846   .debug_str:0000000000000607 .LASF106
C:\Users\SEBAST~1\AppData\Local\Temp\ccYC1NY2.s:2854   .debug_str:0000000000000634 .LASF107
C:\Users\SEBAST~1\AppData\Local\Temp\ccYC1NY2.s:2838   .debug_str:0000000000000561 .LASF108
C:\Users\SEBAST~1\AppData\Local\Temp\ccYC1NY2.s:2702   .debug_str:00000000000002f5 .LASF109
C:\Users\SEBAST~1\AppData\Local\Temp\ccYC1NY2.s:2876   .debug_str:0000000000000696 .LASF110
C:\Users\SEBAST~1\AppData\Local\Temp\ccYC1NY2.s:2660   .debug_str:000000000000022e .LASF111
C:\Users\SEBAST~1\AppData\Local\Temp\ccYC1NY2.s:2786   .debug_str:0000000000000481 .LASF112
C:\Users\SEBAST~1\AppData\Local\Temp\ccYC1NY2.s:2880   .debug_str:00000000000006ac .LASF113
C:\Users\SEBAST~1\AppData\Local\Temp\ccYC1NY2.s:2790   .debug_str:0000000000000495 .LASF114
C:\Users\SEBAST~1\AppData\Local\Temp\ccYC1NY2.s:2886   .debug_str:00000000000006c0 .LASF115
C:\Users\SEBAST~1\AppData\Local\Temp\ccYC1NY2.s:2590   .debug_str:00000000000000ee .LASF116
C:\Users\SEBAST~1\AppData\Local\Temp\ccYC1NY2.s:2864   .debug_str:000000000000065f .LASF117
C:\Users\SEBAST~1\AppData\Local\Temp\ccYC1NY2.s:2700   .debug_str:00000000000002e9 .LASF118
C:\Users\SEBAST~1\AppData\Local\Temp\ccYC1NY2.s:2850   .debug_str:0000000000000614 .LASF119
C:\Users\SEBAST~1\AppData\Local\Temp\ccYC1NY2.s:2642   .debug_str:00000000000001e3 .LASF120
C:\Users\SEBAST~1\AppData\Local\Temp\ccYC1NY2.s:2584   .debug_str:00000000000000c7 .LASF121
C:\Users\SEBAST~1\AppData\Local\Temp\ccYC1NY2.s:2640   .debug_str:00000000000001d2 .LASF122
C:\Users\SEBAST~1\AppData\Local\Temp\ccYC1NY2.s:2568   .debug_str:0000000000000062 .LASF123
C:\Users\SEBAST~1\AppData\Local\Temp\ccYC1NY2.s:2570   .debug_str:0000000000000071 .LASF124
C:\Users\SEBAST~1\AppData\Local\Temp\ccYC1NY2.s:2764   .debug_str:000000000000041f .LASF125
C:\Users\SEBAST~1\AppData\Local\Temp\ccYC1NY2.s:2734   .debug_str:0000000000000379 .LASF126
C:\Users\SEBAST~1\AppData\Local\Temp\ccYC1NY2.s:2726   .debug_str:0000000000000356 .LASF127
C:\Users\SEBAST~1\AppData\Local\Temp\ccYC1NY2.s:2872   .debug_str:0000000000000683 .LASF128
C:\Users\SEBAST~1\AppData\Local\Temp\ccYC1NY2.s:2580   .debug_str:00000000000000b6 .LASF173
C:\Users\SEBAST~1\AppData\Local\Temp\ccYC1NY2.s:2816   .debug_str:000000000000050a .LASF129
C:\Users\SEBAST~1\AppData\Local\Temp\ccYC1NY2.s:2852   .debug_str:0000000000000621 .LASF130
C:\Users\SEBAST~1\AppData\Local\Temp\ccYC1NY2.s:2634   .debug_str:00000000000001b5 .LASF131
C:\Users\SEBAST~1\AppData\Local\Temp\ccYC1NY2.s:2782   .debug_str:000000000000046e .LASF132
C:\Users\SEBAST~1\AppData\Local\Temp\ccYC1NY2.s:2748   .debug_str:00000000000003cf .LASF133
C:\Users\SEBAST~1\AppData\Local\Temp\ccYC1NY2.s:2680   .debug_str:000000000000028a .LASF134
C:\Users\SEBAST~1\AppData\Local\Temp\ccYC1NY2.s:2868   .debug_str:0000000000000673 .LASF135
GAS LISTING C:\Users\SEBAST~1\AppData\Local\Temp\ccYC1NY2.s 			page 6


C:\Users\SEBAST~1\AppData\Local\Temp\ccYC1NY2.s:2896   .debug_str:000000000000072c .LASF136
C:\Users\SEBAST~1\AppData\Local\Temp\ccYC1NY2.s:2688   .debug_str:00000000000002b3 .LASF137
C:\Users\SEBAST~1\AppData\Local\Temp\ccYC1NY2.s:2746   .debug_str:00000000000003c9 .LASF138
C:\Users\SEBAST~1\AppData\Local\Temp\ccYC1NY2.s:2694   .debug_str:00000000000002c7 .LASF139
C:\Users\SEBAST~1\AppData\Local\Temp\ccYC1NY2.s:2648   .debug_str:00000000000001fe .LASF140
C:\Users\SEBAST~1\AppData\Local\Temp\ccYC1NY2.s:2556   .debug_str:0000000000000032 .LASF141
C:\Users\SEBAST~1\AppData\Local\Temp\ccYC1NY2.s:2552   .debug_str:0000000000000022 .LASF142
C:\Users\SEBAST~1\AppData\Local\Temp\ccYC1NY2.s:2708   .debug_str:0000000000000310 .LASF143
C:\Users\SEBAST~1\AppData\Local\Temp\ccYC1NY2.s:2728   .debug_str:000000000000035f .LASF144
C:\Users\SEBAST~1\AppData\Local\Temp\ccYC1NY2.s:2732   .debug_str:0000000000000372 .LASF145
C:\Users\SEBAST~1\AppData\Local\Temp\ccYC1NY2.s:2830   .debug_str:0000000000000546 .LASF146
C:\Users\SEBAST~1\AppData\Local\Temp\ccYC1NY2.s:2882   .debug_str:00000000000006b1 .LASF147
C:\Users\SEBAST~1\AppData\Local\Temp\ccYC1NY2.s:2720   .debug_str:000000000000033c .LASF148
C:\Users\SEBAST~1\AppData\Local\Temp\ccYC1NY2.s:2752   .debug_str:00000000000003e0 .LASF149
C:\Users\SEBAST~1\AppData\Local\Temp\ccYC1NY2.s:2560   .debug_str:0000000000000044 .LASF150
C:\Users\SEBAST~1\AppData\Local\Temp\ccYC1NY2.s:2588   .debug_str:00000000000000e6 .LASF151
C:\Users\SEBAST~1\AppData\Local\Temp\ccYC1NY2.s:2594   .debug_str:0000000000000105 .LASF152
C:\Users\SEBAST~1\AppData\Local\Temp\ccYC1NY2.s:2562   .debug_str:000000000000004e .LASF153
C:\Users\SEBAST~1\AppData\Local\Temp\ccYC1NY2.s:2762   .debug_str:0000000000000418 .LASF154
C:\Users\SEBAST~1\AppData\Local\Temp\ccYC1NY2.s:2840   .debug_str:000000000000056e .LASF155
C:\Users\SEBAST~1\AppData\Local\Temp\ccYC1NY2.s:2756   .debug_str:00000000000003fc .LASF156
C:\Users\SEBAST~1\AppData\Local\Temp\ccYC1NY2.s:2690   .debug_str:00000000000002b9 .LASF157
C:\Users\SEBAST~1\AppData\Local\Temp\ccYC1NY2.s:2564   .debug_str:0000000000000055 .LASF158
C:\Users\SEBAST~1\AppData\Local\Temp\ccYC1NY2.s:2884   .debug_str:00000000000006b8 .LASF159
C:\Users\SEBAST~1\AppData\Local\Temp\ccYC1NY2.s:2718   .debug_str:0000000000000334 .LASF160
C:\Users\SEBAST~1\AppData\Local\Temp\ccYC1NY2.s:2820   .debug_str:000000000000051e .LASF161
C:\Users\SEBAST~1\AppData\Local\Temp\ccYC1NY2.s:2668   .debug_str:0000000000000255 .LASF162
C:\Users\SEBAST~1\AppData\Local\Temp\ccYC1NY2.s:2892   .debug_str:0000000000000719 .LASF163
C:\Users\SEBAST~1\AppData\Local\Temp\ccYC1NY2.s:2670   .debug_str:000000000000025f .LASF164
C:\Users\SEBAST~1\AppData\Local\Temp\ccYC1NY2.s:2788   .debug_str:000000000000048c .LASF165
C:\Users\SEBAST~1\AppData\Local\Temp\ccYC1NY2.s:2620   .debug_str:000000000000017a .LASF166
C:\Users\SEBAST~1\AppData\Local\Temp\ccYC1NY2.s:2772   .debug_str:0000000000000443 .LASF167
C:\Users\SEBAST~1\AppData\Local\Temp\ccYC1NY2.s:2574   .debug_str:0000000000000099 .LASF168
C:\Users\SEBAST~1\AppData\Local\Temp\ccYC1NY2.s:2826   .debug_str:0000000000000533 .LASF169
C:\Users\SEBAST~1\AppData\Local\Temp\ccYC1NY2.s:2628   .debug_str:000000000000019a .LASF174
C:\Users\SEBAST~1\AppData\Local\Temp\ccYC1NY2.s:14     .text._fstat:0000000000000000 .LFB1
C:\Users\SEBAST~1\AppData\Local\Temp\ccYC1NY2.s:60     .text._fstat:0000000000000022 .LFE1
C:\Users\SEBAST~1\AppData\Local\Temp\ccYC1NY2.s:2464   .debug_loc:0000000000000000 .LLST0
C:\Users\SEBAST~1\AppData\Local\Temp\ccYC1NY2.s:2487   .debug_loc:0000000000000038 .LLST1
C:\Users\SEBAST~1\AppData\Local\Temp\ccYC1NY2.s:2501   .debug_loc:0000000000000059 .LLST2
C:\Users\SEBAST~1\AppData\Local\Temp\ccYC1NY2.s:30     .text._fstat:000000000000000e .LVL1
C:\Users\SEBAST~1\AppData\Local\Temp\ccYC1NY2.s:2582   .debug_str:00000000000000c1 .LASF175
C:\Users\SEBAST~1\AppData\Local\Temp\ccYC1NY2.s:2714   .debug_str:0000000000000325 .LASF176
C:\Users\SEBAST~1\AppData\Local\Temp\ccYC1NY2.s:22     .text._fstat:0000000000000002 .LCFI0
C:\Users\SEBAST~1\AppData\Local\Temp\ccYC1NY2.s:48     .text._fstat:000000000000001c .LCFI1
C:\Users\SEBAST~1\AppData\Local\Temp\ccYC1NY2.s:54     .text._fstat:000000000000001e .LCFI2
C:\Users\SEBAST~1\AppData\Local\Temp\ccYC1NY2.s:18     .text._fstat:0000000000000000 .LVL0
C:\Users\SEBAST~1\AppData\Local\Temp\ccYC1NY2.s:50     .text._fstat:000000000000001c .LVL2
C:\Users\SEBAST~1\AppData\Local\Temp\ccYC1NY2.s:52     .text._fstat:000000000000001e .LVL3
C:\Users\SEBAST~1\AppData\Local\Temp\ccYC1NY2.s:77     .debug_info:0000000000000000 .Ldebug_info0

UNDEFINED SYMBOLS
isatty
