Archive member included to satisfy reference by file (symbol)

c:/users/sebastian/downloads/toolchain-gd32v-v201-win/compiler/bin/../lib/gcc/riscv64-unknown-elf/8.3.0/../../../../riscv64-unknown-elf/lib/rv32imac/ilp32\libc_nano.a(lib_a-atexit.o)
                              build/start.o (atexit)
c:/users/sebastian/downloads/toolchain-gd32v-v201-win/compiler/bin/../lib/gcc/riscv64-unknown-elf/8.3.0/../../../../riscv64-unknown-elf/lib/rv32imac/ilp32\libc_nano.a(lib_a-exit.o)
                              build/start.o (exit)
c:/users/sebastian/downloads/toolchain-gd32v-v201-win/compiler/bin/../lib/gcc/riscv64-unknown-elf/8.3.0/../../../../riscv64-unknown-elf/lib/rv32imac/ilp32\libc_nano.a(lib_a-fini.o)
                              build/start.o (__libc_fini_array)
c:/users/sebastian/downloads/toolchain-gd32v-v201-win/compiler/bin/../lib/gcc/riscv64-unknown-elf/8.3.0/../../../../riscv64-unknown-elf/lib/rv32imac/ilp32\libc_nano.a(lib_a-impure.o)
                              c:/users/sebastian/downloads/toolchain-gd32v-v201-win/compiler/bin/../lib/gcc/riscv64-unknown-elf/8.3.0/../../../../riscv64-unknown-elf/lib/rv32imac/ilp32\libc_nano.a(lib_a-exit.o) (_global_impure_ptr)
c:/users/sebastian/downloads/toolchain-gd32v-v201-win/compiler/bin/../lib/gcc/riscv64-unknown-elf/8.3.0/../../../../riscv64-unknown-elf/lib/rv32imac/ilp32\libc_nano.a(lib_a-init.o)
                              build/start.o (__libc_init_array)
c:/users/sebastian/downloads/toolchain-gd32v-v201-win/compiler/bin/../lib/gcc/riscv64-unknown-elf/8.3.0/../../../../riscv64-unknown-elf/lib/rv32imac/ilp32\libc_nano.a(lib_a-memcpy-asm.o)
                              build/gd32vf103_rcu.o (memcpy)
c:/users/sebastian/downloads/toolchain-gd32v-v201-win/compiler/bin/../lib/gcc/riscv64-unknown-elf/8.3.0/../../../../riscv64-unknown-elf/lib/rv32imac/ilp32\libc_nano.a(lib_a-sysisatty.o)
                              build/fstat.o (isatty)
c:/users/sebastian/downloads/toolchain-gd32v-v201-win/compiler/bin/../lib/gcc/riscv64-unknown-elf/8.3.0/../../../../riscv64-unknown-elf/lib/rv32imac/ilp32\libc_nano.a(lib_a-syswrite.o)
                              build/_exit.o (write)
c:/users/sebastian/downloads/toolchain-gd32v-v201-win/compiler/bin/../lib/gcc/riscv64-unknown-elf/8.3.0/../../../../riscv64-unknown-elf/lib/rv32imac/ilp32\libc_nano.a(lib_a-writer.o)
                              c:/users/sebastian/downloads/toolchain-gd32v-v201-win/compiler/bin/../lib/gcc/riscv64-unknown-elf/8.3.0/../../../../riscv64-unknown-elf/lib/rv32imac/ilp32\libc_nano.a(lib_a-syswrite.o) (_write_r)
c:/users/sebastian/downloads/toolchain-gd32v-v201-win/compiler/bin/../lib/gcc/riscv64-unknown-elf/8.3.0/../../../../riscv64-unknown-elf/lib/rv32imac/ilp32\libc_nano.a(lib_a-__atexit.o)
                              c:/users/sebastian/downloads/toolchain-gd32v-v201-win/compiler/bin/../lib/gcc/riscv64-unknown-elf/8.3.0/../../../../riscv64-unknown-elf/lib/rv32imac/ilp32\libc_nano.a(lib_a-atexit.o) (__register_exitproc)
c:/users/sebastian/downloads/toolchain-gd32v-v201-win/compiler/bin/../lib/gcc/riscv64-unknown-elf/8.3.0/../../../../riscv64-unknown-elf/lib/rv32imac/ilp32\libc_nano.a(lib_a-__call_atexit.o)
                              c:/users/sebastian/downloads/toolchain-gd32v-v201-win/compiler/bin/../lib/gcc/riscv64-unknown-elf/8.3.0/../../../../riscv64-unknown-elf/lib/rv32imac/ilp32\libc_nano.a(lib_a-__atexit.o) (__call_exitprocs)
c:/users/sebastian/downloads/toolchain-gd32v-v201-win/compiler/bin/../lib/gcc/riscv64-unknown-elf/8.3.0/../../../../riscv64-unknown-elf/lib/rv32imac/ilp32\libc_nano.a(lib_a-reent.o)
                              c:/users/sebastian/downloads/toolchain-gd32v-v201-win/compiler/bin/../lib/gcc/riscv64-unknown-elf/8.3.0/../../../../riscv64-unknown-elf/lib/rv32imac/ilp32\libc_nano.a(lib_a-writer.o) (errno)
c:/users/sebastian/downloads/toolchain-gd32v-v201-win/compiler/bin/../lib/gcc/riscv64-unknown-elf/8.3.0/../../../../riscv64-unknown-elf/lib/rv32imac/ilp32\libc_nano.a(lib_a-nano-freer.o)
                              c:/users/sebastian/downloads/toolchain-gd32v-v201-win/compiler/bin/../lib/gcc/riscv64-unknown-elf/8.3.0/../../../../riscv64-unknown-elf/lib/rv32imac/ilp32\libc_nano.a(lib_a-reent.o) (_free_r)
c:/users/sebastian/downloads/toolchain-gd32v-v201-win/compiler/bin/../lib/gcc/riscv64-unknown-elf/8.3.0/../../../../riscv64-unknown-elf/lib/rv32imac/ilp32\libc_nano.a(lib_a-nano-mallocr.o)
                              c:/users/sebastian/downloads/toolchain-gd32v-v201-win/compiler/bin/../lib/gcc/riscv64-unknown-elf/8.3.0/../../../../riscv64-unknown-elf/lib/rv32imac/ilp32\libc_nano.a(lib_a-nano-freer.o) (__malloc_free_list)
c:/users/sebastian/downloads/toolchain-gd32v-v201-win/compiler/bin/../lib/gcc/riscv64-unknown-elf/8.3.0/../../../../riscv64-unknown-elf/lib/rv32imac/ilp32\libc_nano.a(lib_a-sbrkr.o)
[...]
Memory Configuration

Name             Origin             Length             Attributes
flash            0x0000000008000000 0x0000000000020000 axrl !w
ram              0x0000000020000000 0x0000000000008000 axw !rl
*default*        0x0000000000000000 0xffffffffffffffff

Linker script and memory map

LOAD build/gd32vf103_adc.o
LOAD build/gd32vf103_bkp.o
LOAD build/gd32vf103_can.o
LOAD build/gd32vf103_crc.o
LOAD build/gd32vf103_dac.o
LOAD build/gd32vf103_dbg.o
LOAD build/gd32vf103_dma.o
LOAD build/gd32vf103_eclic.o
LOAD build/gd32vf103_exmc.o
LOAD build/gd32vf103_exti.o
LOAD build/gd32vf103_fmc.o
LOAD build/gd32vf103_fwdgt.o
LOAD build/gd32vf103_gpio.o
LOAD build/gd32vf103_i2c.o
LOAD build/gd32vf103_pmu.o
LOAD build/gd32vf103_rcu.o
LOAD build/gd32vf103_rtc.o
LOAD build/gd32vf103_spi.o
LOAD build/gd32vf103_timer.o
LOAD build/gd32vf103_usart.o
LOAD build/gd32vf103_wwdgt.o
LOAD build/system_gd32vf103.o
LOAD build/_exit.o
LOAD build/close.o
LOAD build/fstat.o
LOAD build/isatty.o
LOAD build/lseek.o
LOAD build/read.o
LOAD build/sbrk.o
LOAD build/write.o
LOAD build/write_hex.o
LOAD build/n200_func.o
LOAD build/handlers.o
LOAD build/init.o
LOAD build/start.o
LOAD build/entry.o
LOAD build/main.o
LOAD c:/users/sebastian/downloads/toolchain-gd32v-v201-win/compiler/bin/../lib/gcc/riscv64-unknown-elf/8.3.0/rv32imac/ilp32\libgcc.a
LOAD c:/users/sebastian/downloads/toolchain-gd32v-v201-win/compiler/bin/../lib/gcc/riscv64-unknown-elf/8.3.0/../../../../riscv64-unknown-elf/lib/rv32imac/ilp32\libc_nano.a
LOAD c:/users/sebastian/downloads/toolchain-gd32v-v201-win/compiler/bin/../lib/gcc/riscv64-unknown-elf/8.3.0/rv32imac/ilp32\libgcc.a
START GROUP
LOAD c:/users/sebastian/downloads/toolchain-gd32v-v201-win/compiler/bin/../lib/gcc/riscv64-unknown-elf/8.3.0/rv32imac/ilp32\libgcc.a
LOAD c:/users/sebastian/downloads/toolchain-gd32v-v201-win/compiler/bin/../lib/gcc/riscv64-unknown-elf/8.3.0/../../../../riscv64-unknown-elf/lib/rv32imac/ilp32\libc_nano.a
LOAD c:/users/sebastian/downloads/toolchain-gd32v-v201-win/compiler/bin/../lib/gcc/riscv64-unknown-elf/8.3.0/../../../../riscv64-unknown-elf/lib/rv32imac/ilp32\libgloss_nano.a
END GROUP
                0x0000000000001000                __stack_size = DEFINED (__stack_size)?__stack_size:0x1000
                0x0000000000000000                __dbg_stack_size = DEFINED (__dbg_stack_size)?__dbg_stack_size:0x0

.init           0x0000000008000000      0x254
 *(SORT_NONE(.init))
 .init          0x0000000008000000      0x254 build/start.o
                0x000000000800015c                _start
                0x0000000008000246                disable_mcycle_minstret
                0x000000000800024c                enable_mcycle_minstret

.ilalign        0x0000000008000254        0x0
                0x0000000008000254                . = ALIGN (0x4)
                [!provide]                        PROVIDE (_ilm_lma = .)

.ialign         0x0000000008000254        0x0
                [!provide]                        PROVIDE (_ilm = .)

.text           0x0000000008000280      0x82c
 *(.rodata .rodata.*)
 .rodata._exit.str1.4
                0x0000000008000280       0x1f build/_exit.o
                                         0x23 (size before relaxing)
 *fill*         0x000000000800029f        0x1 
 .rodata.write_hex.str1.4
                0x00000000080002a0        0x3 build/write_hex.o
 *fill*         0x00000000080002a3        0x1 
 .rodata.handle_nmi.str1.4
                0x00000000080002a4        0x5 build/handlers.o
 *fill*         0x00000000080002a9        0x3 
 .rodata.handle_trap.str1.4
                0x00000000080002ac        0x8 build/handlers.o
                                          0x6 (size before relaxing)
 *(.text.unlikely .text.unlikely.*)
 *(.text.startup .text.startup.*)
 *(.text .text.*)
 .text.SystemInit
                0x00000000080002b4      0x11c build/system_gd32vf103.o
                0x00000000080002b4                SystemInit
 .text._exit    0x00000000080003d0       0x4c build/_exit.o
                0x00000000080003d0                _exit
 .text.write_hex
                0x000000000800041c       0x7c build/write_hex.o
                0x000000000800041c                write_hex
 .text.eclic_init
                0x0000000008000498       0x22 build/n200_func.o
                0x0000000008000498                eclic_init
 .text.eclic_mode_enable
                0x00000000080004ba       0x12 build/n200_func.o
                0x00000000080004ba                eclic_mode_enable
 .text.handle_nmi
                0x00000000080004cc       0x22 build/handlers.o
                0x00000000080004cc                handle_nmi
 .text.handle_trap
                0x00000000080004ee       0x38 build/handlers.o
                0x00000000080004ee                handle_trap
 .text._init    0x0000000008000526       0x2c build/init.o
                0x0000000008000526                _init
 .text._fini    0x0000000008000552        0x2 build/init.o
                0x0000000008000552                _fini
 *fill*         0x0000000008000554       0x2c 
 .text.trap     0x0000000008000580       0x82 build/entry.o
                0x0000000008000580                trap_entry
 *fill*         0x0000000008000602        0x2 
 .text.irq      0x0000000008000604       0x7a build/entry.o
                0x0000000008000604                irq_entry
 .text          0x000000000800067e      0x14a build/main.o
                0x00000000080006f0                main
 .text.atexit   0x00000000080007c8       0x10 c:/users/sebastian/downloads/toolchain-gd32v-v201-win/compiler/bin/../lib/gcc/riscv64-unknown-elf/8.3.0/../../../../riscv64-unknown-elf/lib/rv32imac/ilp32\libc_nano.a(lib_a-atexit.o)
                0x00000000080007c8                atexit
 .text.exit     0x00000000080007d8       0x36 c:/users/sebastian/downloads/toolchain-gd32v-v201-win/compiler/bin/../lib/gcc/riscv64-unknown-elf/8.3.0/../../../../riscv64-unknown-elf/lib/rv32imac/ilp32\libc_nano.a(lib_a-exit.o)
                0x00000000080007d8                exit
 .text.__libc_fini_array
                0x000000000800080e       0x38 c:/users/sebastian/downloads/toolchain-gd32v-v201-win/compiler/bin/../lib/gcc/riscv64-unknown-elf/8.3.0/../../../../riscv64-unknown-elf/lib/rv32imac/ilp32\libc_nano.a(lib_a-fini.o)
                0x000000000800080e                __libc_fini_array
 .text.__libc_init_array
                0x0000000008000846       0x6a c:/users/sebastian/downloads/toolchain-gd32v-v201-win/compiler/bin/../lib/gcc/riscv64-unknown-elf/8.3.0/../../../../riscv64-unknown-elf/lib/rv32imac/ilp32\libc_nano.a(lib_a-init.o)
                0x0000000008000846                __libc_init_array
 .text          0x00000000080008b0       0x16 c:/users/sebastian/downloads/toolchain-gd32v-v201-win/compiler/bin/../lib/gcc/riscv64-unknown-elf/8.3.0/../../../../riscv64-unknown-elf/lib/rv32imac/ilp32\libc_nano.a(lib_a-memcpy-asm.o)
                0x00000000080008b0                memcpy
 .text.write    0x00000000080008c6       0x18 c:/users/sebastian/downloads/toolchain-gd32v-v201-win/compiler/bin/../lib/gcc/riscv64-unknown-elf/8.3.0/../../../../riscv64-unknown-elf/lib/rv32imac/ilp32\libc_nano.a(lib_a-syswrite.o)
                0x00000000080008c6                write
 .text._write_r
                0x00000000080008de       0x3a c:/users/sebastian/downloads/toolchain-gd32v-v201-win/compiler/bin/../lib/gcc/riscv64-unknown-elf/8.3.0/../../../../riscv64-unknown-elf/lib/rv32imac/ilp32\libc_nano.a(lib_a-writer.o)
                0x00000000080008de                _write_r
 .text.__register_exitproc
                0x0000000008000918       0x8c c:/users/sebastian/downloads/toolchain-gd32v-v201-win/compiler/bin/../lib/gcc/riscv64-unknown-elf/8.3.0/../../../../riscv64-unknown-elf/lib/rv32imac/ilp32\libc_nano.a(lib_a-__atexit.o)
                0x0000000008000918                __register_exitproc
 .text.__call_exitprocs
                0x00000000080009a4       0xc8 c:/users/sebastian/downloads/toolchain-gd32v-v201-win/compiler/bin/../lib/gcc/riscv64-unknown-elf/8.3.0/../../../../riscv64-unknown-elf/lib/rv32imac/ilp32\libc_nano.a(lib_a-__call_atexit.o)
                0x00000000080009a4                __call_exitprocs
 .text._write   0x0000000008000a6c       0x34 c:/users/sebastian/downloads/toolchain-gd32v-v201-win/compiler/bin/../lib/gcc/riscv64-unknown-elf/8.3.0/../../../../riscv64-unknown-elf/lib/rv32imac/ilp32\libgloss_nano.a(sys_write.o)
                0x0000000008000a6c                _write
 .text.__errno  0x0000000008000aa0        0xc c:/users/sebastian/downloads/toolchain-gd32v-v201-win/compiler/bin/../lib/gcc/riscv64-unknown-elf/8.3.0/../../../../riscv64-unknown-elf/lib/rv32imac/ilp32\libc_nano.a(lib_a-errno.o)
                0x0000000008000aa0                __errno
 *(.gnu.linkonce.t.*)

.sdata2._global_impure_ptr
                0x0000000008000aac        0x4
 .sdata2._global_impure_ptr
                0x0000000008000aac        0x4 c:/users/sebastian/downloads/toolchain-gd32v-v201-win/compiler/bin/../lib/gcc/riscv64-unknown-elf/8.3.0/../../../../riscv64-unknown-elf/lib/rv32imac/ilp32\libc_nano.a(lib_a-impure.o)
                0x0000000008000aac                _global_impure_ptr

.rela.dyn       0x0000000008000ab0        0x0
 .rela.text.handle_trap
                0x0000000008000ab0        0x0 build/system_gd32vf103.o
 .rela.init     0x0000000008000ab0        0x0 build/system_gd32vf103.o
 .rela.text.trap
                0x0000000008000ab0        0x0 build/system_gd32vf103.o
 .rela.text.__libc_fini_array
                0x0000000008000ab0        0x0 build/system_gd32vf103.o
 .rela.data.impure_data
                0x0000000008000ab0        0x0 build/system_gd32vf103.o
 .rela.text.__libc_init_array
                0x0000000008000ab0        0x0 build/system_gd32vf103.o
 .rela.text._write_r
                0x0000000008000ab0        0x0 build/system_gd32vf103.o
 .rela.text.__register_exitproc
                0x0000000008000ab0        0x0 build/system_gd32vf103.o

.fini
 *(SORT_NONE(.fini))
                0x0000000008000ab0                . = ALIGN (0x4)
                [!provide]                        PROVIDE (__etext = .)
                [!provide]                        PROVIDE (_etext = .)
                [!provide]                        PROVIDE (etext = .)
                [!provide]                        PROVIDE (_eilm = .)

.preinit_array  0x0000000008000ab0        0x0
                0x0000000008000ab0                PROVIDE (__preinit_array_start = .)
 *(.preinit_array)
                0x0000000008000ab0                PROVIDE (__preinit_array_end = .)

.init_array     0x0000000008000ab0        0x0
                0x0000000008000ab0                PROVIDE (__init_array_start = .)
 *(SORT_BY_INIT_PRIORITY(.init_array.*) SORT_BY_INIT_PRIORITY(.ctors.*))
 *(.init_array EXCLUDE_FILE(*crtend?.o *crtend.o *crtbegin?.o *crtbegin.o) .ctors)
                0x0000000008000ab0                PROVIDE (__init_array_end = .)

.fini_array     0x0000000008000ab0        0x0
                0x0000000008000ab0                PROVIDE (__fini_array_start = .)
 *(SORT_BY_INIT_PRIORITY(.fini_array.*) SORT_BY_INIT_PRIORITY(.dtors.*))
 *(.fini_array EXCLUDE_FILE(*crtend?.o *crtend.o *crtbegin?.o *crtbegin.o) .dtors)
                0x0000000008000ab0                PROVIDE (__fini_array_end = .)

.ctors
 *crtbegin.o(.ctors)
 *crtbegin?.o(.ctors)
 *(EXCLUDE_FILE(*crtend?.o *crtend.o) .ctors)
 *(SORT_BY_NAME(.ctors.*))
 *(.ctors)

.dtors
 *crtbegin.o(.dtors)
 *crtbegin?.o(.dtors)
 *(EXCLUDE_FILE(*crtend?.o *crtend.o) .dtors)
 *(SORT_BY_NAME(.dtors.*))
 *(.dtors)
                0x0000000008000ab0                . = ALIGN (0x4)
                [!provide]                        PROVIDE (_eilm = .)

.lalign         0x0000000008000ab0        0x0
                0x0000000008000ab0                . = ALIGN (0x4)
                0x0000000008000ab0                PROVIDE (_data_lma = .)

.dalign         0x0000000020000000        0x0 load address 0x0000000008000ab0
                0x0000000020000000                . = ALIGN (0x4)
                0x0000000020000000                PROVIDE (_data = .)

.data           0x0000000020000000       0x88 load address 0x0000000008000ab0
 *(.rdata)
 *(.gnu.linkonce.r.*)
 *(.data .data.*)
 .data          0x0000000020000000       0x1a build/main.o
 *fill*         0x000000002000001a        0x2 
 .data.impure_data
                0x000000002000001c       0x60 c:/users/sebastian/downloads/toolchain-gd32v-v201-win/compiler/bin/../lib/gcc/riscv64-unknown-elf/8.3.0/../../../../riscv64-unknown-elf/lib/rv32imac/ilp32\libc_nano.a(lib_a-impure.o)
 *(.gnu.linkonce.d.*)
                0x0000000020000080                . = ALIGN (0x8)
 *fill*         0x000000002000007c        0x4 
                0x0000000020000880                PROVIDE (__global_pointer$ = (. + 0x800))
 *(.sdata .sdata.*)
 .sdata._impure_ptr
                0x0000000020000080        0x4 c:/users/sebastian/downloads/toolchain-gd32v-v201-win/compiler/bin/../lib/gcc/riscv64-unknown-elf/8.3.0/../../../../riscv64-unknown-elf/lib/rv32imac/ilp32\libc_nano.a(lib_a-impure.o)
                0x0000000020000080                _impure_ptr
 *(.gnu.linkonce.s.*)
                0x0000000020000088                . = ALIGN (0x8)
 *fill*         0x0000000020000084        0x4 
 *(.srodata.cst16)
 *(.srodata.cst8)
 *(.srodata.cst4)
 *(.srodata.cst2)
 *(.srodata .srodata.*)
                0x0000000020000088                . = ALIGN (0x4)
                0x0000000020000088                PROVIDE (_edata = .)
                [!provide]                        PROVIDE (edata = .)
                [!provide]                        PROVIDE (_fbss = .)
                0x0000000020000088                PROVIDE (__bss_start = .)

.bss            0x0000000020000088       0x94
 *(.sbss*)
 .sbss._global_atexit
                0x0000000020000088        0x4 c:/users/sebastian/downloads/toolchain-gd32v-v201-win/compiler/bin/../lib/gcc/riscv64-unknown-elf/8.3.0/../../../../riscv64-unknown-elf/lib/rv32imac/ilp32\libc_nano.a(lib_a-__call_atexit.o)
                0x0000000020000088                _global_atexit
 *(.gnu.linkonce.sb.*)
 *(.bss .bss.*)
 .bss._global_atexit0
                0x000000002000008c       0x8c c:/users/sebastian/downloads/toolchain-gd32v-v201-win/compiler/bin/../lib/gcc/riscv64-unknown-elf/8.3.0/../../../../riscv64-unknown-elf/lib/rv32imac/ilp32\libc_nano.a(lib_a-__atexit.o)
 *(.gnu.linkonce.b.*)
 *(COMMON)
 COMMON         0x0000000020000118        0x4 c:/users/sebastian/downloads/toolchain-gd32v-v201-win/compiler/bin/../lib/gcc/riscv64-unknown-elf/8.3.0/../../../../riscv64-unknown-elf/lib/rv32imac/ilp32\libc_nano.a(lib_a-reent.o)
                0x0000000020000118                errno
                0x000000002000011c                . = ALIGN (0x4)
                0x0000000020000120                . = ALIGN (0x8)
                0x0000000020000120                PROVIDE (_end = .)
                [!provide]                        PROVIDE (end = .)

.stack          0x0000000020007000     0x1000 load address 0x000000002000011c
                0x0000000020007000                PROVIDE (_heap_end = .)
                0x0000000000001000                . = __stack_size
 *fill*         0x0000000020007000     0x1000 
                0x0000000020008000                PROVIDE (_sp = .)
                0x0000000000001000                . = (__dbg_stack_size + __stack_size)
                [!provide]                        PROVIDE (_dbg_sp = .)
OUTPUT(build/gd32vf103.elf elf32-littleriscv)

.debug_info     0x0000000000000000     0x36a0
 .debug_info    0x0000000000000000      0x203 build/system_gd32vf103.o
 .debug_info    0x0000000000000203      0x1d3 build/_exit.o
 .debug_info    0x00000000000003d6      0x1bb build/write_hex.o
 .debug_info    0x0000000000000591     0x18a2 build/n200_func.o
 .debug_info    0x0000000000001e33      0xb4f build/handlers.o
 .debug_info    0x0000000000002982      0xcb0 build/init.o
 .debug_info    0x0000000000003632       0x26 build/start.o
 .debug_info    0x0000000000003658       0x22 build/entry.o
 .debug_info    0x000000000000367a       0x26 build/main.o

.debug_abbrev   0x0000000000000000      0xc3a
 .debug_abbrev  0x0000000000000000       0xe0 build/system_gd32vf103.o
 .debug_abbrev  0x00000000000000e0       0xec build/_exit.o
 .debug_abbrev  0x00000000000001cc       0xfa build/write_hex.o
 .debug_abbrev  0x00000000000002c6      0x4db build/n200_func.o
 .debug_abbrev  0x00000000000007a1      0x234 build/handlers.o
 .debug_abbrev  0x00000000000009d5      0x22b build/init.o
 .debug_abbrev  0x0000000000000c00       0x14 build/start.o
 .debug_abbrev  0x0000000000000c14       0x12 build/entry.o
 .debug_abbrev  0x0000000000000c26       0x14 build/main.o

.debug_loc      0x0000000000000000      0xd7a
 .debug_loc     0x0000000000000000      0x173 build/system_gd32vf103.o
 .debug_loc     0x0000000000000173       0x3e build/_exit.o
 .debug_loc     0x00000000000001b1      0x101 build/write_hex.o
 .debug_loc     0x00000000000002b2      0xa1d build/n200_func.o
 .debug_loc     0x0000000000000ccf       0x7f build/handlers.o
 .debug_loc     0x0000000000000d4e       0x2c build/init.o

.debug_aranges  0x0000000000000000      0x260
 .debug_aranges
                0x0000000000000000       0x28 build/system_gd32vf103.o
 .debug_aranges
                0x0000000000000028       0x20 build/_exit.o
 .debug_aranges
                0x0000000000000048       0x20 build/write_hex.o
 .debug_aranges
                0x0000000000000068      0x140 build/n200_func.o
 .debug_aranges
                0x00000000000001a8       0x28 build/handlers.o
 .debug_aranges
                0x00000000000001d0       0x28 build/init.o
 .debug_aranges
                0x00000000000001f8       0x20 build/start.o
 .debug_aranges
                0x0000000000000218       0x28 build/entry.o
 .debug_aranges
                0x0000000000000240       0x20 build/main.o

.debug_ranges   0x0000000000000000      0x2e8
 .debug_ranges  0x0000000000000000       0x18 build/system_gd32vf103.o
 .debug_ranges  0x0000000000000018       0x10 build/_exit.o
 .debug_ranges  0x0000000000000028       0x30 build/write_hex.o
 .debug_ranges  0x0000000000000058      0x240 build/n200_func.o
 .debug_ranges  0x0000000000000298       0x18 build/handlers.o
 .debug_ranges  0x00000000000002b0       0x18 build/init.o
 .debug_ranges  0x00000000000002c8       0x20 build/entry.o

.debug_line     0x0000000000000000     0x2717
 .debug_line    0x0000000000000000      0x6bd build/system_gd32vf103.o
 .debug_line    0x00000000000006bd      0x14c build/_exit.o
 .debug_line    0x0000000000000809      0x245 build/write_hex.o
 .debug_line    0x0000000000000a4e     0x12d5 build/n200_func.o
 .debug_line    0x0000000000001d23      0x275 build/handlers.o
 .debug_line    0x0000000000001f98      0x2b8 build/init.o
 .debug_line    0x0000000000002250      0x189 build/start.o
 .debug_line    0x00000000000023d9       0xf1 build/entry.o
 .debug_line    0x00000000000024ca      0x24d build/main.o

.debug_str      0x0000000000000000      0xeeb
 .debug_str     0x0000000000000000      0x233 build/system_gd32vf103.o
                                        0x281 (size before relaxing)
 .debug_str     0x0000000000000233       0x79 build/_exit.o
                                        0x1f0 (size before relaxing)
 .debug_str     0x00000000000002ac       0x37 build/write_hex.o
                                        0x1e9 (size before relaxing)
 .debug_str     0x00000000000002e3      0x760 build/n200_func.o
                                        0x98d (size before relaxing)
 .debug_str     0x0000000000000a43       0x58 build/handlers.o
                                        0x5e6 (size before relaxing)
 .debug_str     0x0000000000000a9b      0x3e7 build/init.o
                                        0x9b6 (size before relaxing)
 .debug_str     0x0000000000000e82       0x37 build/start.o
                                         0x7d (size before relaxing)
 .debug_str     0x0000000000000eb9       0x2b build/entry.o
                                         0x7d (size before relaxing)
 .debug_str     0x0000000000000ee4        0x7 build/main.o
                                         0x59 (size before relaxing)

.comment        0x0000000000000000       0x28
 .comment       0x0000000000000000       0x28 build/system_gd32vf103.o
                                         0x29 (size before relaxing)
 .comment       0x0000000000000028       0x29 build/_exit.o
 .comment       0x0000000000000028       0x29 build/write_hex.o
 .comment       0x0000000000000028       0x29 build/n200_func.o
 .comment       0x0000000000000028       0x29 build/handlers.o
 .comment       0x0000000000000028       0x29 build/init.o
 .comment       0x0000000000000028       0x29 c:/users/sebastian/downloads/toolchain-gd32v-v201-win/compiler/bin/../lib/gcc/riscv64-unknown-elf/8.3.0/../../../../riscv64-unknown-elf/lib/rv32imac/ilp32\libc_nano.a(lib_a-atexit.o)
 .comment       0x0000000000000028       0x29 c:/users/sebastian/downloads/toolchain-gd32v-v201-win/compiler/bin/../lib/gcc/riscv64-unknown-elf/8.3.0/../../../../riscv64-unknown-elf/lib/rv32imac/ilp32\libc_nano.a(lib_a-exit.o)
 .comment       0x0000000000000028       0x29 c:/users/sebastian/downloads/toolchain-gd32v-v201-win/compiler/bin/../lib/gcc/riscv64-unknown-elf/8.3.0/../../../../riscv64-unknown-elf/lib/rv32imac/ilp32\libc_nano.a(lib_a-fini.o)
 .comment       0x0000000000000028       0x29 c:/users/sebastian/downloads/toolchain-gd32v-v201-win/compiler/bin/../lib/gcc/riscv64-unknown-elf/8.3.0/../../../../riscv64-unknown-elf/lib/rv32imac/ilp32\libc_nano.a(lib_a-impure.o)
 .comment       0x0000000000000028       0x29 c:/users/sebastian/downloads/toolchain-gd32v-v201-win/compiler/bin/../lib/gcc/riscv64-unknown-elf/8.3.0/../../../../riscv64-unknown-elf/lib/rv32imac/ilp32\libc_nano.a(lib_a-init.o)
 .comment       0x0000000000000028       0x29 c:/users/sebastian/downloads/toolchain-gd32v-v201-win/compiler/bin/../lib/gcc/riscv64-unknown-elf/8.3.0/../../../../riscv64-unknown-elf/lib/rv32imac/ilp32\libc_nano.a(lib_a-syswrite.o)
 .comment       0x0000000000000028       0x29 c:/users/sebastian/downloads/toolchain-gd32v-v201-win/compiler/bin/../lib/gcc/riscv64-unknown-elf/8.3.0/../../../../riscv64-unknown-elf/lib/rv32imac/ilp32\libc_nano.a(lib_a-writer.o)
 .comment       0x0000000000000028       0x29 c:/users/sebastian/downloads/toolchain-gd32v-v201-win/compiler/bin/../lib/gcc/riscv64-unknown-elf/8.3.0/../../../../riscv64-unknown-elf/lib/rv32imac/ilp32\libc_nano.a(lib_a-__atexit.o)
 .comment       0x0000000000000028       0x29 c:/users/sebastian/downloads/toolchain-gd32v-v201-win/compiler/bin/../lib/gcc/riscv64-unknown-elf/8.3.0/../../../../riscv64-unknown-elf/lib/rv32imac/ilp32\libc_nano.a(lib_a-__call_atexit.o)
 .comment       0x0000000000000028       0x29 c:/users/sebastian/downloads/toolchain-gd32v-v201-win/compiler/bin/../lib/gcc/riscv64-unknown-elf/8.3.0/../../../../riscv64-unknown-elf/lib/rv32imac/ilp32\libc_nano.a(lib_a-reent.o)
 .comment       0x0000000000000028       0x29 c:/users/sebastian/downloads/toolchain-gd32v-v201-win/compiler/bin/../lib/gcc/riscv64-unknown-elf/8.3.0/../../../../riscv64-unknown-elf/lib/rv32imac/ilp32\libgloss_nano.a(sys_write.o)
 .comment       0x0000000000000028       0x29 c:/users/sebastian/downloads/toolchain-gd32v-v201-win/compiler/bin/../lib/gcc/riscv64-unknown-elf/8.3.0/../../../../riscv64-unknown-elf/lib/rv32imac/ilp32\libc_nano.a(lib_a-errno.o)

.riscv.attributes
                0x0000000000000000       0x2b
 .riscv.attributes
                0x0000000000000000       0x2b build/system_gd32vf103.o
 .riscv.attributes
                0x000000000000002b       0x2b build/_exit.o
 .riscv.attributes
                0x0000000000000056       0x2b build/write_hex.o
 .riscv.attributes
                0x0000000000000081       0x2b build/n200_func.o
 .riscv.attributes
                0x00000000000000ac       0x2b build/handlers.o
 .riscv.attributes
                0x00000000000000d7       0x2b build/init.o
 .riscv.attributes
                0x0000000000000102       0x29 build/start.o
 .riscv.attributes
                0x000000000000012b       0x29 build/entry.o
 .riscv.attributes
                0x0000000000000154       0x29 build/main.o
 .riscv.attributes
                0x000000000000017d       0x2b c:/users/sebastian/downloads/toolchain-gd32v-v201-win/compiler/bin/../lib/gcc/riscv64-unknown-elf/8.3.0/../../../../riscv64-unknown-elf/lib/rv32imac/ilp32\libc_nano.a(lib_a-atexit.o)
 .riscv.attributes
                0x00000000000001a8       0x2b c:/users/sebastian/downloads/toolchain-gd32v-v201-win/compiler/bin/../lib/gcc/riscv64-unknown-elf/8.3.0/../../../../riscv64-unknown-elf/lib/rv32imac/ilp32\libc_nano.a(lib_a-exit.o)
 .riscv.attributes
                0x00000000000001d3       0x2b c:/users/sebastian/downloads/toolchain-gd32v-v201-win/compiler/bin/../lib/gcc/riscv64-unknown-elf/8.3.0/../../../../riscv64-unknown-elf/lib/rv32imac/ilp32\libc_nano.a(lib_a-fini.o)
 .riscv.attributes
                0x00000000000001fe       0x2b c:/users/sebastian/downloads/toolchain-gd32v-v201-win/compiler/bin/../lib/gcc/riscv64-unknown-elf/8.3.0/../../../../riscv64-unknown-elf/lib/rv32imac/ilp32\libc_nano.a(lib_a-impure.o)
 .riscv.attributes
                0x0000000000000229       0x2b c:/users/sebastian/downloads/toolchain-gd32v-v201-win/compiler/bin/../lib/gcc/riscv64-unknown-elf/8.3.0/../../../../riscv64-unknown-elf/lib/rv32imac/ilp32\libc_nano.a(lib_a-init.o)
 .riscv.attributes
                0x0000000000000254       0x29 c:/users/sebastian/downloads/toolchain-gd32v-v201-win/compiler/bin/../lib/gcc/riscv64-unknown-elf/8.3.0/../../../../riscv64-unknown-elf/lib/rv32imac/ilp32\libc_nano.a(lib_a-memcpy-asm.o)
 .riscv.attributes
                0x000000000000027d       0x2b c:/users/sebastian/downloads/toolchain-gd32v-v201-win/compiler/bin/../lib/gcc/riscv64-unknown-elf/8.3.0/../../../../riscv64-unknown-elf/lib/rv32imac/ilp32\libc_nano.a(lib_a-syswrite.o)
 .riscv.attributes
                0x00000000000002a8       0x2b c:/users/sebastian/downloads/toolchain-gd32v-v201-win/compiler/bin/../lib/gcc/riscv64-unknown-elf/8.3.0/../../../../riscv64-unknown-elf/lib/rv32imac/ilp32\libc_nano.a(lib_a-writer.o)
 .riscv.attributes
                0x00000000000002d3       0x2b c:/users/sebastian/downloads/toolchain-gd32v-v201-win/compiler/bin/../lib/gcc/riscv64-unknown-elf/8.3.0/../../../../riscv64-unknown-elf/lib/rv32imac/ilp32\libc_nano.a(lib_a-__atexit.o)
 .riscv.attributes
                0x00000000000002fe       0x2b c:/users/sebastian/downloads/toolchain-gd32v-v201-win/compiler/bin/../lib/gcc/riscv64-unknown-elf/8.3.0/../../../../riscv64-unknown-elf/lib/rv32imac/ilp32\libc_nano.a(lib_a-__call_atexit.o)
 .riscv.attributes
                0x0000000000000329       0x2b c:/users/sebastian/downloads/toolchain-gd32v-v201-win/compiler/bin/../lib/gcc/riscv64-unknown-elf/8.3.0/../../../../riscv64-unknown-elf/lib/rv32imac/ilp32\libc_nano.a(lib_a-reent.o)
 .riscv.attributes
                0x0000000000000354       0x2b c:/users/sebastian/downloads/toolchain-gd32v-v201-win/compiler/bin/../lib/gcc/riscv64-unknown-elf/8.3.0/../../../../riscv64-unknown-elf/lib/rv32imac/ilp32\libgloss_nano.a(sys_write.o)
 .riscv.attributes
                0x000000000000037f       0x2b c:/users/sebastian/downloads/toolchain-gd32v-v201-win/compiler/bin/../lib/gcc/riscv64-unknown-elf/8.3.0/../../../../riscv64-unknown-elf/lib/rv32imac/ilp32\libc_nano.a(lib_a-errno.o)

.debug_frame    0x0000000000000000      0x408
 .debug_frame   0x0000000000000000       0x30 build/system_gd32vf103.o
 .debug_frame   0x0000000000000030       0x2c build/_exit.o
 .debug_frame   0x000000000000005c       0x50 build/write_hex.o
 .debug_frame   0x00000000000000ac      0x2dc build/n200_func.o
 .debug_frame   0x0000000000000388       0x44 build/handlers.o
 .debug_frame   0x00000000000003cc       0x3c build/init.o

Cross Reference Table

Symbol                                            File
ADC0_1_IRQHandler                                 build/start.o
CAN0_EWMC_IRQHandler                              build/start.o
CAN0_RX0_IRQHandler                               build/start.o
CAN0_RX1_IRQHandler                               build/start.o
CAN0_TX_IRQHandler                                build/start.o
CAN1_EWMC_IRQHandler                              build/start.o
CAN1_RX0_IRQHandler                               build/start.o
CAN1_RX1_IRQHandler                               build/start.o
CAN1_TX_IRQHandler                                build/start.o
DMA0_Channel0_IRQHandler                          build/start.o
DMA0_Channel1_IRQHandler                          build/start.o
DMA0_Channel2_IRQHandler                          build/start.o
DMA0_Channel3_IRQHandler                          build/start.o
DMA0_Channel4_IRQHandler                          build/start.o
DMA0_Channel5_IRQHandler                          build/start.o
DMA0_Channel6_IRQHandler                          build/start.o
DMA1_Channel0_IRQHandler                          build/start.o
DMA1_Channel1_IRQHandler                          build/start.o
DMA1_Channel2_IRQHandler                          build/start.o
DMA1_Channel3_IRQHandler                          build/start.o
DMA1_Channel4_IRQHandler                          build/start.o
EXMC_IRQHandler                                   build/start.o
EXTI0_IRQHandler                                  build/start.o
EXTI10_15_IRQHandler                              build/start.o
EXTI1_IRQHandler                                  build/start.o
EXTI2_IRQHandler                                  build/start.o
EXTI3_IRQHandler                                  build/start.o
EXTI4_IRQHandler                                  build/start.o
EXTI5_9_IRQHandler                                build/start.o
FMC_IRQHandler                                    build/start.o
I2C0_ER_IRQHandler                                build/start.o
I2C0_EV_IRQHandler                                build/start.o
I2C1_ER_IRQHandler                                build/start.o
I2C1_EV_IRQHandler                                build/start.o
LVD_IRQHandler                                    build/start.o
RCU_IRQHandler                                    build/start.o
RTC_Alarm_IRQHandler                              build/start.o
RTC_IRQHandler                                    build/start.o
SPI0_IRQHandler                                   build/start.o
SPI1_IRQHandler                                   build/start.o
SPI2_IRQHandler                                   build/start.o
SystemCoreClock                                   build/system_gd32vf103.o
                                                  build/n200_func.o
SystemCoreClockUpdate                             build/system_gd32vf103.o
SystemInit                                        build/system_gd32vf103.o
                                                  build/init.o
TAMPER_IRQHandler                                 build/start.o
TIMER0_BRK_IRQHandler                             build/start.o
TIMER0_Channel_IRQHandler                         build/start.o
TIMER0_TRG_CMT_IRQHandler                         build/start.o
TIMER0_UP_IRQHandler                              build/start.o
TIMER1_IRQHandler                                 build/start.o
TIMER2_IRQHandler                                 build/start.o
TIMER3_IRQHandler                                 build/start.o
TIMER4_IRQHandler                                 build/start.o
TIMER5_IRQHandler                                 build/start.o
TIMER6_IRQHandler                                 build/start.o
UART3_IRQHandler                                  build/start.o
UART4_IRQHandler                                  build/start.o
USART0_IRQHandler                                 build/start.o
USART1_IRQHandler                                 build/start.o
USART2_IRQHandler                                 build/start.o
USBFS_IRQHandler                                  build/start.o
USBFS_WKUP_IRQHandler                             build/start.o
WWDGT_IRQHandler                                  build/start.o
__atexit_dummy                                    c:/users/sebastian/downloads/toolchain-gd32v-v201-win/compiler/bin/../lib/gcc/riscv64-unknown-elf/8.3.0/../../../../riscv64-unknown-elf/lib/rv32imac/ilp32\libc_nano.a(lib_a-__atexit.o)
__bss_start                                       build/start.o
__call_exitprocs                                  c:/users/sebastian/downloads/toolchain-gd32v-v201-win/compiler/bin/../lib/gcc/riscv64-unknown-elf/8.3.0/../../../../riscv64-unknown-elf/lib/rv32imac/ilp32\libc_nano.a(lib_a-__call_atexit.o)
                                                  c:/users/sebastian/downloads/toolchain-gd32v-v201-win/compiler/bin/../lib/gcc/riscv64-unknown-elf/8.3.0/../../../../riscv64-unknown-elf/lib/rv32imac/ilp32\libc_nano.a(lib_a-__atexit.o)
                                                  c:/users/sebastian/downloads/toolchain-gd32v-v201-win/compiler/bin/../lib/gcc/riscv64-unknown-elf/8.3.0/../../../../riscv64-unknown-elf/lib/rv32imac/ilp32\libc_nano.a(lib_a-exit.o)
__errno                                           c:/users/sebastian/downloads/toolchain-gd32v-v201-win/compiler/bin/../lib/gcc/riscv64-unknown-elf/8.3.0/../../../../riscv64-unknown-elf/lib/rv32imac/ilp32\libc_nano.a(lib_a-errno.o)
                                                  c:/users/sebastian/downloads/toolchain-gd32v-v201-win/compiler/bin/../lib/gcc/riscv64-unknown-elf/8.3.0/../../../../riscv64-unknown-elf/lib/rv32imac/ilp32\libgloss_nano.a(sys_write.o)
__fini_array_end                                  c:/users/sebastian/downloads/toolchain-gd32v-v201-win/compiler/bin/../lib/gcc/riscv64-unknown-elf/8.3.0/../../../../riscv64-unknown-elf/lib/rv32imac/ilp32\libc_nano.a(lib_a-fini.o)
__fini_array_start                                c:/users/sebastian/downloads/toolchain-gd32v-v201-win/compiler/bin/../lib/gcc/riscv64-unknown-elf/8.3.0/../../../../riscv64-unknown-elf/lib/rv32imac/ilp32\libc_nano.a(lib_a-fini.o)
__global_pointer$                                 build/start.o
__init_array_end                                  c:/users/sebastian/downloads/toolchain-gd32v-v201-win/compiler/bin/../lib/gcc/riscv64-unknown-elf/8.3.0/../../../../riscv64-unknown-elf/lib/rv32imac/ilp32\libc_nano.a(lib_a-init.o)
__init_array_start                                c:/users/sebastian/downloads/toolchain-gd32v-v201-win/compiler/bin/../lib/gcc/riscv64-unknown-elf/8.3.0/../../../../riscv64-unknown-elf/lib/rv32imac/ilp32\libc_nano.a(lib_a-init.o)
__libc_fini_array                                 c:/users/sebastian/downloads/toolchain-gd32v-v201-win/compiler/bin/../lib/gcc/riscv64-unknown-elf/8.3.0/../../../../riscv64-unknown-elf/lib/rv32imac/ilp32\libc_nano.a(lib_a-fini.o)
                                                  build/start.o
__libc_init_array                                 c:/users/sebastian/downloads/toolchain-gd32v-v201-win/compiler/bin/../lib/gcc/riscv64-unknown-elf/8.3.0/../../../../riscv64-unknown-elf/lib/rv32imac/ilp32\libc_nano.a(lib_a-init.o)
                                                  build/start.o
__malloc_free_list                                c:/users/sebastian/downloads/toolchain-gd32v-v201-win/compiler/bin/../lib/gcc/riscv64-unknown-elf/8.3.0/../../../../riscv64-unknown-elf/lib/rv32imac/ilp32\libc_nano.a(lib_a-nano-mallocr.o)
                                                  c:/users/sebastian/downloads/toolchain-gd32v-v201-win/compiler/bin/../lib/gcc/riscv64-unknown-elf/8.3.0/../../../../riscv64-unknown-elf/lib/rv32imac/ilp32\libc_nano.a(lib_a-nano-freer.o)
__malloc_lock                                     c:/users/sebastian/downloads/toolchain-gd32v-v201-win/compiler/bin/../lib/gcc/riscv64-unknown-elf/8.3.0/../../../../riscv64-unknown-elf/lib/rv32imac/ilp32\libc_nano.a(lib_a-mlock.o)
                                                  c:/users/sebastian/downloads/toolchain-gd32v-v201-win/compiler/bin/../lib/gcc/riscv64-unknown-elf/8.3.0/../../../../riscv64-unknown-elf/lib/rv32imac/ilp32\libc_nano.a(lib_a-nano-mallocr.o)
                                                  c:/users/sebastian/downloads/toolchain-gd32v-v201-win/compiler/bin/../lib/gcc/riscv64-unknown-elf/8.3.0/../../../../riscv64-unknown-elf/lib/rv32imac/ilp32\libc_nano.a(lib_a-nano-freer.o)
__malloc_sbrk_start                               c:/users/sebastian/downloads/toolchain-gd32v-v201-win/compiler/bin/../lib/gcc/riscv64-unknown-elf/8.3.0/../../../../riscv64-unknown-elf/lib/rv32imac/ilp32\libc_nano.a(lib_a-nano-mallocr.o)
__malloc_unlock                                   c:/users/sebastian/downloads/toolchain-gd32v-v201-win/compiler/bin/../lib/gcc/riscv64-unknown-elf/8.3.0/../../../../riscv64-unknown-elf/lib/rv32imac/ilp32\libc_nano.a(lib_a-mlock.o)
                                                  c:/users/sebastian/downloads/toolchain-gd32v-v201-win/compiler/bin/../lib/gcc/riscv64-unknown-elf/8.3.0/../../../../riscv64-unknown-elf/lib/rv32imac/ilp32\libc_nano.a(lib_a-nano-mallocr.o)
                                                  c:/users/sebastian/downloads/toolchain-gd32v-v201-win/compiler/bin/../lib/gcc/riscv64-unknown-elf/8.3.0/../../../../riscv64-unknown-elf/lib/rv32imac/ilp32\libc_nano.a(lib_a-nano-freer.o)
__on_exit_args                                    c:/users/sebastian/downloads/toolchain-gd32v-v201-win/compiler/bin/../lib/gcc/riscv64-unknown-elf/8.3.0/../../../../riscv64-unknown-elf/lib/rv32imac/ilp32\libc_nano.a(lib_a-__atexit.o)
__preinit_array_end                               c:/users/sebastian/downloads/toolchain-gd32v-v201-win/compiler/bin/../lib/gcc/riscv64-unknown-elf/8.3.0/../../../../riscv64-unknown-elf/lib/rv32imac/ilp32\libc_nano.a(lib_a-init.o)
__preinit_array_start                             c:/users/sebastian/downloads/toolchain-gd32v-v201-win/compiler/bin/../lib/gcc/riscv64-unknown-elf/8.3.0/../../../../riscv64-unknown-elf/lib/rv32imac/ilp32\libc_nano.a(lib_a-init.o)
__register_exitproc                               c:/users/sebastian/downloads/toolchain-gd32v-v201-win/compiler/bin/../lib/gcc/riscv64-unknown-elf/8.3.0/../../../../riscv64-unknown-elf/lib/rv32imac/ilp32\libc_nano.a(lib_a-__atexit.o)
                                                  c:/users/sebastian/downloads/toolchain-gd32v-v201-win/compiler/bin/../lib/gcc/riscv64-unknown-elf/8.3.0/../../../../riscv64-unknown-elf/lib/rv32imac/ilp32\libc_nano.a(lib_a-atexit.o)
__sf_fake_stderr                                  c:/users/sebastian/downloads/toolchain-gd32v-v201-win/compiler/bin/../lib/gcc/riscv64-unknown-elf/8.3.0/../../../../riscv64-unknown-elf/lib/rv32imac/ilp32\libc_nano.a(lib_a-impure.o)
__sf_fake_stdin                                   c:/users/sebastian/downloads/toolchain-gd32v-v201-win/compiler/bin/../lib/gcc/riscv64-unknown-elf/8.3.0/../../../../riscv64-unknown-elf/lib/rv32imac/ilp32\libc_nano.a(lib_a-impure.o)
__sf_fake_stdout                                  c:/users/sebastian/downloads/toolchain-gd32v-v201-win/compiler/bin/../lib/gcc/riscv64-unknown-elf/8.3.0/../../../../riscv64-unknown-elf/lib/rv32imac/ilp32\libc_nano.a(lib_a-impure.o)
_close                                            build/close.o
_data                                             build/start.o
_data_lma                                         build/start.o
_edata                                            build/start.o
_end                                              build/start.o
                                                  build/sbrk.o
_exit                                             build/_exit.o
                                                  c:/users/sebastian/downloads/toolchain-gd32v-v201-win/compiler/bin/../lib/gcc/riscv64-unknown-elf/8.3.0/../../../../riscv64-unknown-elf/lib/rv32imac/ilp32\libc_nano.a(lib_a-exit.o)
                                                  build/handlers.o
_fini                                             build/init.o
_free_r                                           c:/users/sebastian/downloads/toolchain-gd32v-v201-win/compiler/bin/../lib/gcc/riscv64-unknown-elf/8.3.0/../../../../riscv64-unknown-elf/lib/rv32imac/ilp32\libc_nano.a(lib_a-nano-freer.o)
                                                  c:/users/sebastian/downloads/toolchain-gd32v-v201-win/compiler/bin/../lib/gcc/riscv64-unknown-elf/8.3.0/../../../../riscv64-unknown-elf/lib/rv32imac/ilp32\libc_nano.a(lib_a-reent.o)
_fstat                                            build/fstat.o
_global_atexit                                    c:/users/sebastian/downloads/toolchain-gd32v-v201-win/compiler/bin/../lib/gcc/riscv64-unknown-elf/8.3.0/../../../../riscv64-unknown-elf/lib/rv32imac/ilp32\libc_nano.a(lib_a-__call_atexit.o)
                                                  c:/users/sebastian/downloads/toolchain-gd32v-v201-win/compiler/bin/../lib/gcc/riscv64-unknown-elf/8.3.0/../../../../riscv64-unknown-elf/lib/rv32imac/ilp32\libc_nano.a(lib_a-__atexit.o)
_global_impure_ptr                                c:/users/sebastian/downloads/toolchain-gd32v-v201-win/compiler/bin/../lib/gcc/riscv64-unknown-elf/8.3.0/../../../../riscv64-unknown-elf/lib/rv32imac/ilp32\libc_nano.a(lib_a-impure.o)
                                                  c:/users/sebastian/downloads/toolchain-gd32v-v201-win/compiler/bin/../lib/gcc/riscv64-unknown-elf/8.3.0/../../../../riscv64-unknown-elf/lib/rv32imac/ilp32\libc_nano.a(lib_a-exit.o)
_heap_end                                         build/sbrk.o
_impure_ptr                                       c:/users/sebastian/downloads/toolchain-gd32v-v201-win/compiler/bin/../lib/gcc/riscv64-unknown-elf/8.3.0/../../../../riscv64-unknown-elf/lib/rv32imac/ilp32\libc_nano.a(lib_a-impure.o)
                                                  c:/users/sebastian/downloads/toolchain-gd32v-v201-win/compiler/bin/../lib/gcc/riscv64-unknown-elf/8.3.0/../../../../riscv64-unknown-elf/lib/rv32imac/ilp32\libc_nano.a(lib_a-errno.o)
                                                  c:/users/sebastian/downloads/toolchain-gd32v-v201-win/compiler/bin/../lib/gcc/riscv64-unknown-elf/8.3.0/../../../../riscv64-unknown-elf/lib/rv32imac/ilp32\libc_nano.a(lib_a-reent.o)
                                                  c:/users/sebastian/downloads/toolchain-gd32v-v201-win/compiler/bin/../lib/gcc/riscv64-unknown-elf/8.3.0/../../../../riscv64-unknown-elf/lib/rv32imac/ilp32\libc_nano.a(lib_a-syswrite.o)
_init                                             build/init.o
                                                  build/start.o
_isatty                                           build/isatty.o
                                                  c:/users/sebastian/downloads/toolchain-gd32v-v201-win/compiler/bin/../lib/gcc/riscv64-unknown-elf/8.3.0/../../../../riscv64-unknown-elf/lib/rv32imac/ilp32\libc_nano.a(lib_a-sysisatty.o)
_lseek                                            build/lseek.o
_malloc_r                                         c:/users/sebastian/downloads/toolchain-gd32v-v201-win/compiler/bin/../lib/gcc/riscv64-unknown-elf/8.3.0/../../../../riscv64-unknown-elf/lib/rv32imac/ilp32\libc_nano.a(lib_a-nano-mallocr.o)
_put_char                                         build/write.o
_read                                             build/read.o
_reclaim_reent                                    c:/users/sebastian/downloads/toolchain-gd32v-v201-win/compiler/bin/../lib/gcc/riscv64-unknown-elf/8.3.0/../../../../riscv64-unknown-elf/lib/rv32imac/ilp32\libc_nano.a(lib_a-reent.o)
_sbrk                                             build/sbrk.o
                                                  c:/users/sebastian/downloads/toolchain-gd32v-v201-win/compiler/bin/../lib/gcc/riscv64-unknown-elf/8.3.0/../../../../riscv64-unknown-elf/lib/rv32imac/ilp32\libc_nano.a(lib_a-sbrkr.o)
_sbrk_r                                           c:/users/sebastian/downloads/toolchain-gd32v-v201-win/compiler/bin/../lib/gcc/riscv64-unknown-elf/8.3.0/../../../../riscv64-unknown-elf/lib/rv32imac/ilp32\libc_nano.a(lib_a-sbrkr.o)
                                                  c:/users/sebastian/downloads/toolchain-gd32v-v201-win/compiler/bin/../lib/gcc/riscv64-unknown-elf/8.3.0/../../../../riscv64-unknown-elf/lib/rv32imac/ilp32\libc_nano.a(lib_a-nano-mallocr.o)
_sp                                               build/start.o
_start                                            build/start.o
_write                                            c:/users/sebastian/downloads/toolchain-gd32v-v201-win/compiler/bin/../lib/gcc/riscv64-unknown-elf/8.3.0/../../../../riscv64-unknown-elf/lib/rv32imac/ilp32\libgloss_nano.a(sys_write.o)
                                                  c:/users/sebastian/downloads/toolchain-gd32v-v201-win/compiler/bin/../lib/gcc/riscv64-unknown-elf/8.3.0/../../../../riscv64-unknown-elf/lib/rv32imac/ilp32\libc_nano.a(lib_a-writer.o)
_write_r                                          c:/users/sebastian/downloads/toolchain-gd32v-v201-win/compiler/bin/../lib/gcc/riscv64-unknown-elf/8.3.0/../../../../riscv64-unknown-elf/lib/rv32imac/ilp32\libc_nano.a(lib_a-writer.o)
                                                  c:/users/sebastian/downloads/toolchain-gd32v-v201-win/compiler/bin/../lib/gcc/riscv64-unknown-elf/8.3.0/../../../../riscv64-unknown-elf/lib/rv32imac/ilp32\libc_nano.a(lib_a-syswrite.o)
adc_calibration_enable                            build/gd32vf103_adc.o
adc_channel_length_config                         build/gd32vf103_adc.o
adc_data_alignment_config                         build/gd32vf103_adc.o
adc_deinit                                        build/gd32vf103_adc.o
adc_disable                                       build/gd32vf103_adc.o
adc_discontinuous_mode_config                     build/gd32vf103_adc.o
adc_dma_mode_disable                              build/gd32vf103_adc.o
adc_dma_mode_enable                               build/gd32vf103_adc.o
adc_enable                                        build/gd32vf103_adc.o
adc_external_trigger_config                       build/gd32vf103_adc.o
adc_external_trigger_source_config                build/gd32vf103_adc.o
adc_flag_clear                                    build/gd32vf103_adc.o
adc_flag_get                                      build/gd32vf103_adc.o
adc_inserted_channel_config                       build/gd32vf103_adc.o
adc_inserted_channel_offset_config                build/gd32vf103_adc.o
adc_inserted_data_read                            build/gd32vf103_adc.o
adc_inserted_software_startconv_flag_get          build/gd32vf103_adc.o
adc_interrupt_disable                             build/gd32vf103_adc.o
adc_interrupt_enable                              build/gd32vf103_adc.o
adc_interrupt_flag_clear                          build/gd32vf103_adc.o
adc_interrupt_flag_get                            build/gd32vf103_adc.o
adc_mode_config                                   build/gd32vf103_adc.o
adc_oversample_mode_config                        build/gd32vf103_adc.o
adc_oversample_mode_disable                       build/gd32vf103_adc.o
adc_oversample_mode_enable                        build/gd32vf103_adc.o
adc_regular_channel_config                        build/gd32vf103_adc.o
adc_regular_data_read                             build/gd32vf103_adc.o
adc_regular_software_startconv_flag_get           build/gd32vf103_adc.o
adc_resolution_config                             build/gd32vf103_adc.o
adc_software_trigger_enable                       build/gd32vf103_adc.o
adc_special_function_config                       build/gd32vf103_adc.o
adc_sync_mode_convert_value_read                  build/gd32vf103_adc.o
adc_tempsensor_vrefint_disable                    build/gd32vf103_adc.o
adc_tempsensor_vrefint_enable                     build/gd32vf103_adc.o
adc_watchdog_disable                              build/gd32vf103_adc.o
adc_watchdog_group_channel_enable                 build/gd32vf103_adc.o
adc_watchdog_single_channel_enable                build/gd32vf103_adc.o
adc_watchdog_threshold_config                     build/gd32vf103_adc.o
atexit                                            c:/users/sebastian/downloads/toolchain-gd32v-v201-win/compiler/bin/../lib/gcc/riscv64-unknown-elf/8.3.0/../../../../riscv64-unknown-elf/lib/rv32imac/ilp32\libc_nano.a(lib_a-atexit.o)
                                                  build/start.o
bkp_data_read                                     build/gd32vf103_bkp.o
bkp_data_write                                    build/gd32vf103_bkp.o
bkp_deinit                                        build/gd32vf103_bkp.o
bkp_flag_clear                                    build/gd32vf103_bkp.o
bkp_flag_get                                      build/gd32vf103_bkp.o
bkp_interrupt_disable                             build/gd32vf103_bkp.o
bkp_interrupt_enable                              build/gd32vf103_bkp.o
bkp_interrupt_flag_clear                          build/gd32vf103_bkp.o
bkp_interrupt_flag_get                            build/gd32vf103_bkp.o
bkp_rtc_calibration_output_disable                build/gd32vf103_bkp.o
bkp_rtc_calibration_output_enable                 build/gd32vf103_bkp.o
bkp_rtc_calibration_value_set                     build/gd32vf103_bkp.o
bkp_rtc_output_select                             build/gd32vf103_bkp.o
bkp_rtc_signal_output_disable                     build/gd32vf103_bkp.o
bkp_rtc_signal_output_enable                      build/gd32vf103_bkp.o
bkp_tamper_active_level_set                       build/gd32vf103_bkp.o
bkp_tamper_detection_disable                      build/gd32vf103_bkp.o
bkp_tamper_detection_enable                       build/gd32vf103_bkp.o
can1_filter_start_bank                            build/gd32vf103_can.o
can_debug_freeze_disable                          build/gd32vf103_can.o
can_debug_freeze_enable                           build/gd32vf103_can.o
can_deinit                                        build/gd32vf103_can.o
can_error_get                                     build/gd32vf103_can.o
can_fifo_release                                  build/gd32vf103_can.o
can_filter_init                                   build/gd32vf103_can.o
can_flag_clear                                    build/gd32vf103_can.o
can_flag_get                                      build/gd32vf103_can.o
can_init                                          build/gd32vf103_can.o
can_interrupt_disable                             build/gd32vf103_can.o
can_interrupt_enable                              build/gd32vf103_can.o
can_interrupt_flag_clear                          build/gd32vf103_can.o
can_interrupt_flag_get                            build/gd32vf103_can.o
can_message_receive                               build/gd32vf103_can.o
can_message_transmit                              build/gd32vf103_can.o
can_receive_error_number_get                      build/gd32vf103_can.o
can_receive_message_length_get                    build/gd32vf103_can.o
can_struct_para_init                              build/gd32vf103_can.o
can_time_trigger_mode_disable                     build/gd32vf103_can.o
can_time_trigger_mode_enable                      build/gd32vf103_can.o
can_transmission_stop                             build/gd32vf103_can.o
can_transmit_error_number_get                     build/gd32vf103_can.o
can_transmit_states                               build/gd32vf103_can.o
can_wakeup                                        build/gd32vf103_can.o
can_working_mode_set                              build/gd32vf103_can.o
cleanup_glue                                      c:/users/sebastian/downloads/toolchain-gd32v-v201-win/compiler/bin/../lib/gcc/riscv64-unknown-elf/8.3.0/../../../../riscv64-unknown-elf/lib/rv32imac/ilp32\libc_nano.a(lib_a-reent.o)
crc_block_data_calculate                          build/gd32vf103_crc.o
crc_data_register_read                            build/gd32vf103_crc.o
crc_data_register_reset                           build/gd32vf103_crc.o
crc_deinit                                        build/gd32vf103_crc.o
crc_free_data_register_read                       build/gd32vf103_crc.o
crc_free_data_register_write                      build/gd32vf103_crc.o
crc_single_data_calculate                         build/gd32vf103_crc.o
dac_concurrent_data_set                           build/gd32vf103_dac.o
dac_concurrent_disable                            build/gd32vf103_dac.o
dac_concurrent_enable                             build/gd32vf103_dac.o
dac_concurrent_output_buffer_disable              build/gd32vf103_dac.o
dac_concurrent_output_buffer_enable               build/gd32vf103_dac.o
dac_concurrent_software_trigger_disable           build/gd32vf103_dac.o
dac_concurrent_software_trigger_enable            build/gd32vf103_dac.o
dac_data_set                                      build/gd32vf103_dac.o
dac_deinit                                        build/gd32vf103_dac.o
dac_disable                                       build/gd32vf103_dac.o
dac_dma_disable                                   build/gd32vf103_dac.o
dac_dma_enable                                    build/gd32vf103_dac.o
dac_enable                                        build/gd32vf103_dac.o
dac_lfsr_noise_config                             build/gd32vf103_dac.o
dac_output_buffer_disable                         build/gd32vf103_dac.o
dac_output_buffer_enable                          build/gd32vf103_dac.o
dac_output_value_get                              build/gd32vf103_dac.o
dac_software_trigger_disable                      build/gd32vf103_dac.o
dac_software_trigger_enable                       build/gd32vf103_dac.o
dac_triangle_noise_config                         build/gd32vf103_dac.o
dac_trigger_disable                               build/gd32vf103_dac.o
dac_trigger_enable                                build/gd32vf103_dac.o
dac_trigger_source_config                         build/gd32vf103_dac.o
dac_wave_bit_width_config                         build/gd32vf103_dac.o
dac_wave_mode_config                              build/gd32vf103_dac.o
dbg_id_get                                        build/gd32vf103_dbg.o
dbg_low_power_disable                             build/gd32vf103_dbg.o
dbg_low_power_enable                              build/gd32vf103_dbg.o
dbg_periph_disable                                build/gd32vf103_dbg.o
                                                  build/gd32vf103_can.o
dbg_periph_enable                                 build/gd32vf103_dbg.o
                                                  build/gd32vf103_can.o
disable_mcycle_minstret                           build/start.o
                                                  build/init.o
dma_channel_disable                               build/gd32vf103_dma.o
dma_channel_enable                                build/gd32vf103_dma.o
dma_circulation_disable                           build/gd32vf103_dma.o
dma_circulation_enable                            build/gd32vf103_dma.o
dma_deinit                                        build/gd32vf103_dma.o
dma_flag_clear                                    build/gd32vf103_dma.o
dma_flag_get                                      build/gd32vf103_dma.o
dma_init                                          build/gd32vf103_dma.o
dma_interrupt_disable                             build/gd32vf103_dma.o
dma_interrupt_enable                              build/gd32vf103_dma.o
dma_interrupt_flag_clear                          build/gd32vf103_dma.o
dma_interrupt_flag_get                            build/gd32vf103_dma.o
dma_memory_address_config                         build/gd32vf103_dma.o
dma_memory_increase_disable                       build/gd32vf103_dma.o
dma_memory_increase_enable                        build/gd32vf103_dma.o
dma_memory_to_memory_disable                      build/gd32vf103_dma.o
dma_memory_to_memory_enable                       build/gd32vf103_dma.o
dma_memory_width_config                           build/gd32vf103_dma.o
dma_periph_address_config                         build/gd32vf103_dma.o
dma_periph_increase_disable                       build/gd32vf103_dma.o
dma_periph_increase_enable                        build/gd32vf103_dma.o
dma_periph_width_config                           build/gd32vf103_dma.o
dma_priority_config                               build/gd32vf103_dma.o
dma_struct_para_init                              build/gd32vf103_dma.o
dma_transfer_direction_config                     build/gd32vf103_dma.o
dma_transfer_number_config                        build/gd32vf103_dma.o
dma_transfer_number_get                           build/gd32vf103_dma.o
eclic_bwei_handler                                build/start.o
eclic_clear_pending                               build/n200_func.o
eclic_disable_interrupt                           build/n200_func.o
                                                  build/gd32vf103_eclic.o
eclic_enable_interrupt                            build/n200_func.o
                                                  build/gd32vf103_eclic.o
eclic_get_cliccfg                                 build/n200_func.o
eclic_get_intattr                                 build/n200_func.o
eclic_get_intctrl                                 build/n200_func.o
eclic_get_irq_lvl                                 build/n200_func.o
eclic_get_irq_lvl_abs                             build/n200_func.o
eclic_get_irq_priority                            build/n200_func.o
eclic_get_mth                                     build/n200_func.o
eclic_get_nlbits                                  build/n200_func.o
eclic_global_interrupt_disable                    build/gd32vf103_eclic.o
eclic_global_interrupt_enable                     build/gd32vf103_eclic.o
eclic_init                                        build/n200_func.o
                                                  build/init.o
eclic_irq_disable                                 build/gd32vf103_eclic.o
eclic_irq_enable                                  build/gd32vf103_eclic.o
eclic_mode_enable                                 build/n200_func.o
                                                  build/init.o
eclic_msip_handler                                build/start.o
eclic_mtip_handler                                build/start.o
eclic_pmovi_handler                               build/start.o
eclic_priority_group_set                          build/gd32vf103_eclic.o
eclic_send_event                                  build/gd32vf103_eclic.o
eclic_set_cliccfg                                 build/n200_func.o
eclic_set_intattr                                 build/n200_func.o
eclic_set_intctrl                                 build/n200_func.o
eclic_set_irq_lvl                                 build/n200_func.o
eclic_set_irq_lvl_abs                             build/n200_func.o
                                                  build/gd32vf103_eclic.o
eclic_set_irq_priority                            build/n200_func.o
                                                  build/gd32vf103_eclic.o
eclic_set_level_trig                              build/n200_func.o
eclic_set_mth                                     build/n200_func.o
eclic_set_negedge_trig                            build/n200_func.o
eclic_set_nlbits                                  build/n200_func.o
                                                  build/gd32vf103_eclic.o
eclic_set_nonvmode                                build/n200_func.o
eclic_set_pending                                 build/n200_func.o
eclic_set_posedge_trig                            build/n200_func.o
eclic_set_vmode                                   build/n200_func.o
eclic_system_reset                                build/gd32vf103_eclic.o
enable_mcycle_minstret                            build/start.o
errno                                             c:/users/sebastian/downloads/toolchain-gd32v-v201-win/compiler/bin/../lib/gcc/riscv64-unknown-elf/8.3.0/../../../../riscv64-unknown-elf/lib/rv32imac/ilp32\libc_nano.a(lib_a-reent.o)
                                                  c:/users/sebastian/downloads/toolchain-gd32v-v201-win/compiler/bin/../lib/gcc/riscv64-unknown-elf/8.3.0/../../../../riscv64-unknown-elf/lib/rv32imac/ilp32\libc_nano.a(lib_a-sbrkr.o)
                                                  c:/users/sebastian/downloads/toolchain-gd32v-v201-win/compiler/bin/../lib/gcc/riscv64-unknown-elf/8.3.0/../../../../riscv64-unknown-elf/lib/rv32imac/ilp32\libc_nano.a(lib_a-writer.o)
exit                                              c:/users/sebastian/downloads/toolchain-gd32v-v201-win/compiler/bin/../lib/gcc/riscv64-unknown-elf/8.3.0/../../../../riscv64-unknown-elf/lib/rv32imac/ilp32\libc_nano.a(lib_a-exit.o)
                                                  build/start.o
exmc_norsram_deinit                               build/gd32vf103_exmc.o
exmc_norsram_disable                              build/gd32vf103_exmc.o
exmc_norsram_enable                               build/gd32vf103_exmc.o
exmc_norsram_init                                 build/gd32vf103_exmc.o
exmc_norsram_struct_para_init                     build/gd32vf103_exmc.o
exti_deinit                                       build/gd32vf103_exti.o
exti_event_disable                                build/gd32vf103_exti.o
exti_event_enable                                 build/gd32vf103_exti.o
exti_flag_clear                                   build/gd32vf103_exti.o
exti_flag_get                                     build/gd32vf103_exti.o
exti_init                                         build/gd32vf103_exti.o
exti_interrupt_disable                            build/gd32vf103_exti.o
exti_interrupt_enable                             build/gd32vf103_exti.o
exti_interrupt_flag_clear                         build/gd32vf103_exti.o
exti_interrupt_flag_get                           build/gd32vf103_exti.o
exti_software_interrupt_disable                   build/gd32vf103_exti.o
exti_software_interrupt_enable                    build/gd32vf103_exti.o
fmc_flag_clear                                    build/gd32vf103_fmc.o
fmc_flag_get                                      build/gd32vf103_fmc.o
fmc_halfword_program                              build/gd32vf103_fmc.o
fmc_interrupt_disable                             build/gd32vf103_fmc.o
fmc_interrupt_enable                              build/gd32vf103_fmc.o
fmc_interrupt_flag_clear                          build/gd32vf103_fmc.o
fmc_interrupt_flag_get                            build/gd32vf103_fmc.o
fmc_lock                                          build/gd32vf103_fmc.o
fmc_mass_erase                                    build/gd32vf103_fmc.o
fmc_page_erase                                    build/gd32vf103_fmc.o
fmc_ready_wait                                    build/gd32vf103_fmc.o
fmc_state_get                                     build/gd32vf103_fmc.o
fmc_unlock                                        build/gd32vf103_fmc.o
fmc_word_program                                  build/gd32vf103_fmc.o
fmc_wscnt_set                                     build/gd32vf103_fmc.o
fwdgt_config                                      build/gd32vf103_fwdgt.o
fwdgt_counter_reload                              build/gd32vf103_fwdgt.o
fwdgt_enable                                      build/gd32vf103_fwdgt.o
fwdgt_flag_get                                    build/gd32vf103_fwdgt.o
fwdgt_write_disable                               build/gd32vf103_fwdgt.o
fwdgt_write_enable                                build/gd32vf103_fwdgt.o
get_cpu_freq                                      build/n200_func.o
get_cycle_value                                   build/n200_func.o
get_instret_value                                 build/n200_func.o
get_timer_freq                                    build/n200_func.o
get_timer_value                                   build/n200_func.o
gpio_afio_deinit                                  build/gd32vf103_gpio.o
gpio_bit_reset                                    build/gd32vf103_gpio.o
gpio_bit_set                                      build/gd32vf103_gpio.o
gpio_bit_write                                    build/gd32vf103_gpio.o
gpio_deinit                                       build/gd32vf103_gpio.o
gpio_event_output_config                          build/gd32vf103_gpio.o
gpio_event_output_disable                         build/gd32vf103_gpio.o
gpio_event_output_enable                          build/gd32vf103_gpio.o
gpio_exti_source_select                           build/gd32vf103_gpio.o
gpio_init                                         build/gd32vf103_gpio.o
gpio_input_bit_get                                build/gd32vf103_gpio.o
gpio_input_port_get                               build/gd32vf103_gpio.o
gpio_output_bit_get                               build/gd32vf103_gpio.o
gpio_output_port_get                              build/gd32vf103_gpio.o
gpio_pin_lock                                     build/gd32vf103_gpio.o
gpio_pin_remap_config                             build/gd32vf103_gpio.o
gpio_port_write                                   build/gd32vf103_gpio.o
handle_nmi                                        build/handlers.o
handle_trap                                       build/handlers.o
                                                  build/entry.o
i2c_ack_config                                    build/gd32vf103_i2c.o
i2c_ackpos_config                                 build/gd32vf103_i2c.o
i2c_clock_config                                  build/gd32vf103_i2c.o
i2c_data_receive                                  build/gd32vf103_i2c.o
i2c_data_transmit                                 build/gd32vf103_i2c.o
i2c_deinit                                        build/gd32vf103_i2c.o
i2c_disable                                       build/gd32vf103_i2c.o
i2c_dma_enable                                    build/gd32vf103_i2c.o
i2c_dma_last_transfer_config                      build/gd32vf103_i2c.o
i2c_dualaddr_disable                              build/gd32vf103_i2c.o
i2c_dualaddr_enable                               build/gd32vf103_i2c.o
i2c_enable                                        build/gd32vf103_i2c.o
i2c_flag_clear                                    build/gd32vf103_i2c.o
i2c_flag_get                                      build/gd32vf103_i2c.o
i2c_interrupt_disable                             build/gd32vf103_i2c.o
i2c_interrupt_enable                              build/gd32vf103_i2c.o
i2c_interrupt_flag_clear                          build/gd32vf103_i2c.o
i2c_interrupt_flag_get                            build/gd32vf103_i2c.o
i2c_master_addressing                             build/gd32vf103_i2c.o
i2c_mode_addr_config                              build/gd32vf103_i2c.o
i2c_pec_enable                                    build/gd32vf103_i2c.o
i2c_pec_transfer_enable                           build/gd32vf103_i2c.o
i2c_pec_value_get                                 build/gd32vf103_i2c.o
i2c_slave_response_to_gcall_config                build/gd32vf103_i2c.o
i2c_smbus_arp_enable                              build/gd32vf103_i2c.o
i2c_smbus_issue_alert                             build/gd32vf103_i2c.o
i2c_smbus_type_config                             build/gd32vf103_i2c.o
i2c_software_reset_config                         build/gd32vf103_i2c.o
i2c_start_on_bus                                  build/gd32vf103_i2c.o
i2c_stop_on_bus                                   build/gd32vf103_i2c.o
i2c_stretch_scl_low_config                        build/gd32vf103_i2c.o
i2s_disable                                       build/gd32vf103_spi.o
i2s_enable                                        build/gd32vf103_spi.o
i2s_init                                          build/gd32vf103_spi.o
i2s_psc_config                                    build/gd32vf103_spi.o
irq_entry                                         build/entry.o
                                                  build/start.o
isatty                                            c:/users/sebastian/downloads/toolchain-gd32v-v201-win/compiler/bin/../lib/gcc/riscv64-unknown-elf/8.3.0/../../../../riscv64-unknown-elf/lib/rv32imac/ilp32\libc_nano.a(lib_a-sysisatty.o)
                                                  build/lseek.o
                                                  build/fstat.o
main                                              build/main.o
                                                  build/start.o
measure_cpu_freq                                  build/n200_func.o
memcpy                                            c:/users/sebastian/downloads/toolchain-gd32v-v201-win/compiler/bin/../lib/gcc/riscv64-unknown-elf/8.3.0/../../../../riscv64-unknown-elf/lib/rv32imac/ilp32\libc_nano.a(lib_a-memcpy-asm.o)
                                                  build/_exit.o
                                                  build/gd32vf103_rcu.o
mtime_hi                                          build/n200_func.o
mtime_lo                                          build/n200_func.o
ob_data_get                                       build/gd32vf103_fmc.o
ob_data_program                                   build/gd32vf103_fmc.o
ob_erase                                          build/gd32vf103_fmc.o
ob_lock                                           build/gd32vf103_fmc.o
ob_security_protection_config                     build/gd32vf103_fmc.o
ob_spc_get                                        build/gd32vf103_fmc.o
ob_unlock                                         build/gd32vf103_fmc.o
ob_user_get                                       build/gd32vf103_fmc.o
ob_user_write                                     build/gd32vf103_fmc.o
ob_write_protection_enable                        build/gd32vf103_fmc.o
ob_write_protection_get                           build/gd32vf103_fmc.o
pmp_open_all_space                                build/n200_func.o
pmu_backup_write_disable                          build/gd32vf103_pmu.o
pmu_backup_write_enable                           build/gd32vf103_pmu.o
pmu_deinit                                        build/gd32vf103_pmu.o
pmu_flag_clear                                    build/gd32vf103_pmu.o
pmu_flag_get                                      build/gd32vf103_pmu.o
pmu_lvd_disable                                   build/gd32vf103_pmu.o
pmu_lvd_select                                    build/gd32vf103_pmu.o
pmu_to_deepsleepmode                              build/gd32vf103_pmu.o
pmu_to_sleepmode                                  build/gd32vf103_pmu.o
pmu_to_standbymode                                build/gd32vf103_pmu.o
pmu_wakeup_pin_disable                            build/gd32vf103_pmu.o
pmu_wakeup_pin_enable                             build/gd32vf103_pmu.o
rcu_adc_clock_config                              build/gd32vf103_rcu.o
rcu_ahb_clock_config                              build/gd32vf103_rcu.o
rcu_all_reset_flag_clear                          build/gd32vf103_rcu.o
rcu_apb1_clock_config                             build/gd32vf103_rcu.o
rcu_apb2_clock_config                             build/gd32vf103_rcu.o
rcu_bkp_reset_disable                             build/gd32vf103_rcu.o
                                                  build/gd32vf103_bkp.o
rcu_bkp_reset_enable                              build/gd32vf103_rcu.o
                                                  build/gd32vf103_bkp.o
rcu_ckout0_config                                 build/gd32vf103_rcu.o
rcu_clock_freq_get                                build/gd32vf103_rcu.o
                                                  build/gd32vf103_usart.o
                                                  build/gd32vf103_spi.o
                                                  build/gd32vf103_i2c.o
rcu_deepsleep_voltage_set                         build/gd32vf103_rcu.o
rcu_deinit                                        build/gd32vf103_rcu.o
rcu_flag_get                                      build/gd32vf103_rcu.o
rcu_hxtal_clock_monitor_disable                   build/gd32vf103_rcu.o
rcu_hxtal_clock_monitor_enable                    build/gd32vf103_rcu.o
rcu_i2s1_clock_config                             build/gd32vf103_rcu.o
rcu_i2s2_clock_config                             build/gd32vf103_rcu.o
rcu_interrupt_disable                             build/gd32vf103_rcu.o
rcu_interrupt_enable                              build/gd32vf103_rcu.o
rcu_interrupt_flag_clear                          build/gd32vf103_rcu.o
rcu_interrupt_flag_get                            build/gd32vf103_rcu.o
rcu_irc8m_adjust_value_set                        build/gd32vf103_rcu.o
rcu_osci_bypass_mode_disable                      build/gd32vf103_rcu.o
rcu_osci_bypass_mode_enable                       build/gd32vf103_rcu.o
rcu_osci_off                                      build/gd32vf103_rcu.o
rcu_osci_on                                       build/gd32vf103_rcu.o
rcu_osci_stab_wait                                build/gd32vf103_rcu.o
rcu_periph_clock_disable                          build/gd32vf103_rcu.o
rcu_periph_clock_enable                           build/gd32vf103_rcu.o
rcu_periph_clock_sleep_disable                    build/gd32vf103_rcu.o
rcu_periph_clock_sleep_enable                     build/gd32vf103_rcu.o
rcu_periph_reset_disable                          build/gd32vf103_rcu.o
                                                  build/gd32vf103_wwdgt.o
                                                  build/gd32vf103_usart.o
                                                  build/gd32vf103_timer.o
                                                  build/gd32vf103_spi.o
                                                  build/gd32vf103_pmu.o
                                                  build/gd32vf103_i2c.o
                                                  build/gd32vf103_gpio.o
                                                  build/gd32vf103_dac.o
                                                  build/gd32vf103_can.o
                                                  build/gd32vf103_adc.o
rcu_periph_reset_enable                           build/gd32vf103_rcu.o
                                                  build/gd32vf103_wwdgt.o
                                                  build/gd32vf103_usart.o
                                                  build/gd32vf103_timer.o
                                                  build/gd32vf103_spi.o
                                                  build/gd32vf103_pmu.o
                                                  build/gd32vf103_i2c.o
                                                  build/gd32vf103_gpio.o
                                                  build/gd32vf103_dac.o
                                                  build/gd32vf103_can.o
                                                  build/gd32vf103_adc.o
rcu_pll1_config                                   build/gd32vf103_rcu.o
rcu_pll2_config                                   build/gd32vf103_rcu.o
rcu_pll_config                                    build/gd32vf103_rcu.o
rcu_predv0_config                                 build/gd32vf103_rcu.o
rcu_predv1_config                                 build/gd32vf103_rcu.o
rcu_rtc_clock_config                              build/gd32vf103_rcu.o
rcu_system_clock_source_config                    build/gd32vf103_rcu.o
rcu_system_clock_source_get                       build/gd32vf103_rcu.o
rcu_usb_clock_config                              build/gd32vf103_rcu.o
rtc_alarm_config                                  build/gd32vf103_rtc.o
rtc_configuration_mode_enter                      build/gd32vf103_rtc.o
rtc_configuration_mode_exit                       build/gd32vf103_rtc.o
rtc_counter_get                                   build/gd32vf103_rtc.o
rtc_counter_set                                   build/gd32vf103_rtc.o
rtc_divider_get                                   build/gd32vf103_rtc.o
rtc_flag_clear                                    build/gd32vf103_rtc.o
rtc_flag_get                                      build/gd32vf103_rtc.o
rtc_interrupt_disable                             build/gd32vf103_rtc.o
rtc_interrupt_enable                              build/gd32vf103_rtc.o
rtc_interrupt_flag_clear                          build/gd32vf103_rtc.o
rtc_interrupt_flag_get                            build/gd32vf103_rtc.o
rtc_lwoff_wait                                    build/gd32vf103_rtc.o
rtc_prescaler_set                                 build/gd32vf103_rtc.o
rtc_register_sync_wait                            build/gd32vf103_rtc.o
spi_bidirectional_transfer_config                 build/gd32vf103_spi.o
spi_crc_error_clear                               build/gd32vf103_spi.o
spi_crc_get                                       build/gd32vf103_spi.o
spi_crc_next                                      build/gd32vf103_spi.o
spi_crc_off                                       build/gd32vf103_spi.o
spi_crc_on                                        build/gd32vf103_spi.o
spi_crc_polynomial_get                            build/gd32vf103_spi.o
spi_crc_polynomial_set                            build/gd32vf103_spi.o
spi_disable                                       build/gd32vf103_spi.o
spi_dma_disable                                   build/gd32vf103_spi.o
spi_dma_enable                                    build/gd32vf103_spi.o
spi_enable                                        build/gd32vf103_spi.o
spi_i2s_data_frame_format_config                  build/gd32vf103_spi.o
spi_i2s_data_receive                              build/gd32vf103_spi.o
spi_i2s_data_transmit                             build/gd32vf103_spi.o
spi_i2s_deinit                                    build/gd32vf103_spi.o
spi_i2s_flag_get                                  build/gd32vf103_spi.o
spi_i2s_interrupt_disable                         build/gd32vf103_spi.o
spi_i2s_interrupt_enable                          build/gd32vf103_spi.o
spi_i2s_interrupt_flag_get                        build/gd32vf103_spi.o
spi_init                                          build/gd32vf103_spi.o
spi_nss_internal_high                             build/gd32vf103_spi.o
spi_nss_internal_low                              build/gd32vf103_spi.o
spi_nss_output_disable                            build/gd32vf103_spi.o
spi_nss_output_enable                             build/gd32vf103_spi.o
spi_nssp_mode_disable                             build/gd32vf103_spi.o
spi_nssp_mode_enable                              build/gd32vf103_spi.o
spi_struct_para_init                              build/gd32vf103_spi.o
spi_ti_mode_disable                               build/gd32vf103_spi.o
spi_ti_mode_enable                                build/gd32vf103_spi.o
switch_m2u_mode                                   build/n200_func.o
timer_auto_reload_shadow_disable                  build/gd32vf103_timer.o
timer_auto_reload_shadow_enable                   build/gd32vf103_timer.o
timer_automatic_output_disable                    build/gd32vf103_timer.o
timer_automatic_output_enable                     build/gd32vf103_timer.o
timer_autoreload_value_config                     build/gd32vf103_timer.o
timer_break_config                                build/gd32vf103_timer.o
timer_break_disable                               build/gd32vf103_timer.o
timer_break_enable                                build/gd32vf103_timer.o
timer_break_struct_para_init                      build/gd32vf103_timer.o
timer_channel_capture_value_register_read         build/gd32vf103_timer.o
timer_channel_complementary_output_polarity_config build/gd32vf103_timer.o
timer_channel_complementary_output_state_config   build/gd32vf103_timer.o
timer_channel_control_shadow_config               build/gd32vf103_timer.o
timer_channel_control_shadow_update_config        build/gd32vf103_timer.o
timer_channel_dma_request_source_select           build/gd32vf103_timer.o
timer_channel_input_capture_prescaler_config      build/gd32vf103_timer.o
timer_channel_input_struct_para_init              build/gd32vf103_timer.o
timer_channel_output_clear_config                 build/gd32vf103_timer.o
timer_channel_output_config                       build/gd32vf103_timer.o
timer_channel_output_fast_config                  build/gd32vf103_timer.o
timer_channel_output_mode_config                  build/gd32vf103_timer.o
timer_channel_output_polarity_config              build/gd32vf103_timer.o
timer_channel_output_pulse_value_config           build/gd32vf103_timer.o
timer_channel_output_shadow_config                build/gd32vf103_timer.o
timer_channel_output_state_config                 build/gd32vf103_timer.o
timer_channel_output_struct_para_init             build/gd32vf103_timer.o
timer_counter_alignment                           build/gd32vf103_timer.o
timer_counter_down_direction                      build/gd32vf103_timer.o
timer_counter_read                                build/gd32vf103_timer.o
timer_counter_up_direction                        build/gd32vf103_timer.o
timer_counter_value_config                        build/gd32vf103_timer.o
timer_deinit                                      build/gd32vf103_timer.o
timer_disable                                     build/gd32vf103_timer.o
timer_dma_disable                                 build/gd32vf103_timer.o
timer_dma_enable                                  build/gd32vf103_timer.o
timer_dma_transfer_config                         build/gd32vf103_timer.o
timer_enable                                      build/gd32vf103_timer.o
timer_event_software_generate                     build/gd32vf103_timer.o
timer_external_clock_mode0_config                 build/gd32vf103_timer.o
timer_external_clock_mode1_config                 build/gd32vf103_timer.o
timer_external_clock_mode1_disable                build/gd32vf103_timer.o
timer_external_trigger_as_external_clock_config   build/gd32vf103_timer.o
timer_external_trigger_config                     build/gd32vf103_timer.o
timer_flag_clear                                  build/gd32vf103_timer.o
timer_flag_get                                    build/gd32vf103_timer.o
timer_hall_mode_config                            build/gd32vf103_timer.o
timer_init                                        build/gd32vf103_timer.o
timer_input_capture_config                        build/gd32vf103_timer.o
timer_input_pwm_capture_config                    build/gd32vf103_timer.o
timer_input_trigger_source_select                 build/gd32vf103_timer.o
timer_internal_clock_config                       build/gd32vf103_timer.o
timer_internal_trigger_as_external_clock_config   build/gd32vf103_timer.o
timer_interrupt_disable                           build/gd32vf103_timer.o
timer_interrupt_enable                            build/gd32vf103_timer.o
timer_interrupt_flag_clear                        build/gd32vf103_timer.o
timer_interrupt_flag_get                          build/gd32vf103_timer.o
timer_master_output_trigger_source_select         build/gd32vf103_timer.o
timer_master_slave_mode_config                    build/gd32vf103_timer.o
timer_prescaler_config                            build/gd32vf103_timer.o
timer_prescaler_read                              build/gd32vf103_timer.o
timer_primary_output_config                       build/gd32vf103_timer.o
timer_quadrature_decoder_mode_config              build/gd32vf103_timer.o
timer_repetition_value_config                     build/gd32vf103_timer.o
timer_single_pulse_mode_config                    build/gd32vf103_timer.o
timer_slave_mode_select                           build/gd32vf103_timer.o
timer_struct_para_init                            build/gd32vf103_timer.o
timer_update_event_disable                        build/gd32vf103_timer.o
timer_update_event_enable                         build/gd32vf103_timer.o
timer_update_source_config                        build/gd32vf103_timer.o
trap_entry                                        build/entry.o
                                                  build/start.o
usart_address_config                              build/gd32vf103_usart.o
usart_baudrate_set                                build/gd32vf103_usart.o
usart_data_receive                                build/gd32vf103_usart.o
usart_data_transmit                               build/gd32vf103_usart.o
                                                  build/write.o
usart_deinit                                      build/gd32vf103_usart.o
usart_disable                                     build/gd32vf103_usart.o
usart_dma_receive_config                          build/gd32vf103_usart.o
usart_dma_transmit_config                         build/gd32vf103_usart.o
usart_enable                                      build/gd32vf103_usart.o
usart_flag_clear                                  build/gd32vf103_usart.o
usart_flag_get                                    build/gd32vf103_usart.o
                                                  build/write.o
usart_guard_time_config                           build/gd32vf103_usart.o
usart_halfduplex_disable                          build/gd32vf103_usart.o
usart_halfduplex_enable                           build/gd32vf103_usart.o
usart_hardware_flow_cts_config                    build/gd32vf103_usart.o
usart_hardware_flow_rts_config                    build/gd32vf103_usart.o
usart_interrupt_disable                           build/gd32vf103_usart.o
usart_interrupt_enable                            build/gd32vf103_usart.o
usart_interrupt_flag_clear                        build/gd32vf103_usart.o
usart_interrupt_flag_get                          build/gd32vf103_usart.o
usart_irda_lowpower_config                        build/gd32vf103_usart.o
usart_irda_mode_disable                           build/gd32vf103_usart.o
usart_irda_mode_enable                            build/gd32vf103_usart.o
usart_lin_break_detection_length_config           build/gd32vf103_usart.o
usart_lin_mode_disable                            build/gd32vf103_usart.o
usart_lin_mode_enable                             build/gd32vf103_usart.o
usart_mute_mode_disable                           build/gd32vf103_usart.o
usart_mute_mode_enable                            build/gd32vf103_usart.o
usart_mute_mode_wakeup_config                     build/gd32vf103_usart.o
usart_parity_config                               build/gd32vf103_usart.o
usart_prescaler_config                            build/gd32vf103_usart.o
usart_receive_config                              build/gd32vf103_usart.o
usart_send_break                                  build/gd32vf103_usart.o
usart_smartcard_mode_disable                      build/gd32vf103_usart.o
usart_smartcard_mode_enable                       build/gd32vf103_usart.o
usart_smartcard_mode_nack_disable                 build/gd32vf103_usart.o
usart_smartcard_mode_nack_enable                  build/gd32vf103_usart.o
usart_stop_bit_set                                build/gd32vf103_usart.o
usart_synchronous_clock_config                    build/gd32vf103_usart.o
usart_synchronous_clock_disable                   build/gd32vf103_usart.o
usart_synchronous_clock_enable                    build/gd32vf103_usart.o
usart_transmit_config                             build/gd32vf103_usart.o
usart_word_length_set                             build/gd32vf103_usart.o
write                                             c:/users/sebastian/downloads/toolchain-gd32v-v201-win/compiler/bin/../lib/gcc/riscv64-unknown-elf/8.3.0/../../../../riscv64-unknown-elf/lib/rv32imac/ilp32\libc_nano.a(lib_a-syswrite.o)
                                                  build/handlers.o
                                                  build/write_hex.o
                                                  build/_exit.o
write_hex                                         build/write_hex.o
                                                  build/_exit.o
wwdgt_config                                      build/gd32vf103_wwdgt.o
wwdgt_counter_update                              build/gd32vf103_wwdgt.o
wwdgt_deinit                                      build/gd32vf103_wwdgt.o
wwdgt_enable                                      build/gd32vf103_wwdgt.o
wwdgt_flag_clear                                  build/gd32vf103_wwdgt.o
wwdgt_flag_get                                    build/gd32vf103_wwdgt.o
wwdgt_interrupt_enable                            build/gd32vf103_wwdgt.o
