GAS LISTING C:\Users\SEBAST~1\AppData\Local\Temp\cce3rqwu.s 			page 1


   1              		.file	"isatty.c"
   2              		.option nopic
   3              		.attribute arch, "rv32i2p0_m2p0_a2p0_c2p0"
   4              		.attribute unaligned_access, 0
   5              		.attribute stack_align, 16
   6              		.text
   7              	.Ltext0:
   8              		.cfi_sections	.debug_frame
   9              		.section	.text._isatty,"ax",@progbits
  10              		.align	1
  11              		.globl	_isatty
  13              	_isatty:
  14              	.LFB0:
  15              		.file 1 "./../../firmware/RISCV/stubs/isatty.c"
   1:./../../firmware/RISCV/stubs/isatty.c **** /* See LICENSE of license details. */
   2:./../../firmware/RISCV/stubs/isatty.c **** 
   3:./../../firmware/RISCV/stubs/isatty.c **** #include <unistd.h>
   4:./../../firmware/RISCV/stubs/isatty.c **** 
   5:./../../firmware/RISCV/stubs/isatty.c **** int _isatty(int fd)
   6:./../../firmware/RISCV/stubs/isatty.c **** {
  16              		.loc 1 6 1
  17              		.cfi_startproc
  18              	.LVL0:
   7:./../../firmware/RISCV/stubs/isatty.c ****   if (fd == STDOUT_FILENO || fd == STDERR_FILENO)
  19              		.loc 1 7 3
  20              		.loc 1 7 27 is_stmt 0
  21 0000 7D15     		addi	a0,a0,-1
  22              	.LVL1:
   8:./../../firmware/RISCV/stubs/isatty.c ****     return 1;
   9:./../../firmware/RISCV/stubs/isatty.c **** 
  10:./../../firmware/RISCV/stubs/isatty.c ****   return 0;
  11:./../../firmware/RISCV/stubs/isatty.c **** }
  23              		.loc 1 11 1
  24 0002 13352500 		sltiu	a0,a0,2
  25              	.LVL2:
  26 0006 8280     		ret
  27              		.cfi_endproc
  28              	.LFE0:
  30              		.text
  31              	.Letext0:
  32              		.file 2 "c:\\users\\sebastian\\downloads\\toolchain-gd32v-v201-win\\compiler\\riscv64-unknown-elf\
GAS LISTING C:\Users\SEBAST~1\AppData\Local\Temp\cce3rqwu.s 			page 2


DEFINED SYMBOLS
                            *ABS*:0000000000000000 isatty.c
C:\Users\SEBAST~1\AppData\Local\Temp\cce3rqwu.s:13     .text._isatty:0000000000000000 _isatty
C:\Users\SEBAST~1\AppData\Local\Temp\cce3rqwu.s:17     .text._isatty:0000000000000000 .L0 
C:\Users\SEBAST~1\AppData\Local\Temp\cce3rqwu.s:19     .text._isatty:0000000000000000 .L0 
C:\Users\SEBAST~1\AppData\Local\Temp\cce3rqwu.s:20     .text._isatty:0000000000000000 .L0 
C:\Users\SEBAST~1\AppData\Local\Temp\cce3rqwu.s:21     .text._isatty:0000000000000000 .L0 
C:\Users\SEBAST~1\AppData\Local\Temp\cce3rqwu.s:24     .text._isatty:0000000000000002 .L0 
C:\Users\SEBAST~1\AppData\Local\Temp\cce3rqwu.s:27     .text._isatty:0000000000000008 .L0 
C:\Users\SEBAST~1\AppData\Local\Temp\cce3rqwu.s:30     .text._isatty:0000000000000008 .L0 
                     .debug_frame:0000000000000000 .L0 
C:\Users\SEBAST~1\AppData\Local\Temp\cce3rqwu.s:174    .debug_abbrev:0000000000000000 .Ldebug_abbrev0
C:\Users\SEBAST~1\AppData\Local\Temp\cce3rqwu.s:358    .debug_str:00000000000000a3 .LASF17
C:\Users\SEBAST~1\AppData\Local\Temp\cce3rqwu.s:348    .debug_str:0000000000000059 .LASF18
C:\Users\SEBAST~1\AppData\Local\Temp\cce3rqwu.s:366    .debug_str:0000000000000153 .LASF19
C:\Users\SEBAST~1\AppData\Local\Temp\cce3rqwu.s:326    .debug_ranges:0000000000000000 .Ldebug_ranges0
C:\Users\SEBAST~1\AppData\Local\Temp\cce3rqwu.s:332    .debug_line:0000000000000000 .Ldebug_line0
C:\Users\SEBAST~1\AppData\Local\Temp\cce3rqwu.s:374    .debug_str:00000000000001b2 .LASF0
C:\Users\SEBAST~1\AppData\Local\Temp\cce3rqwu.s:350    .debug_str:000000000000007f .LASF1
C:\Users\SEBAST~1\AppData\Local\Temp\cce3rqwu.s:370    .debug_str:00000000000001a0 .LASF2
C:\Users\SEBAST~1\AppData\Local\Temp\cce3rqwu.s:360    .debug_str:000000000000012b .LASF3
C:\Users\SEBAST~1\AppData\Local\Temp\cce3rqwu.s:354    .debug_str:0000000000000092 .LASF4
C:\Users\SEBAST~1\AppData\Local\Temp\cce3rqwu.s:342    .debug_str:0000000000000029 .LASF5
C:\Users\SEBAST~1\AppData\Local\Temp\cce3rqwu.s:334    .debug_str:0000000000000000 .LASF6
C:\Users\SEBAST~1\AppData\Local\Temp\cce3rqwu.s:344    .debug_str:000000000000003b .LASF7
C:\Users\SEBAST~1\AppData\Local\Temp\cce3rqwu.s:338    .debug_str:0000000000000015 .LASF8
C:\Users\SEBAST~1\AppData\Local\Temp\cce3rqwu.s:352    .debug_str:000000000000008d .LASF9
C:\Users\SEBAST~1\AppData\Local\Temp\cce3rqwu.s:364    .debug_str:0000000000000147 .LASF10
C:\Users\SEBAST~1\AppData\Local\Temp\cce3rqwu.s:372    .debug_str:00000000000001aa .LASF11
C:\Users\SEBAST~1\AppData\Local\Temp\cce3rqwu.s:368    .debug_str:0000000000000199 .LASF12
C:\Users\SEBAST~1\AppData\Local\Temp\cce3rqwu.s:340    .debug_str:0000000000000022 .LASF13
C:\Users\SEBAST~1\AppData\Local\Temp\cce3rqwu.s:346    .debug_str:0000000000000052 .LASF14
C:\Users\SEBAST~1\AppData\Local\Temp\cce3rqwu.s:336    .debug_str:000000000000000e .LASF15
C:\Users\SEBAST~1\AppData\Local\Temp\cce3rqwu.s:362    .debug_str:000000000000013e .LASF16
C:\Users\SEBAST~1\AppData\Local\Temp\cce3rqwu.s:356    .debug_str:000000000000009b .LASF20
C:\Users\SEBAST~1\AppData\Local\Temp\cce3rqwu.s:14     .text._isatty:0000000000000000 .LFB0
C:\Users\SEBAST~1\AppData\Local\Temp\cce3rqwu.s:28     .text._isatty:0000000000000008 .LFE0
C:\Users\SEBAST~1\AppData\Local\Temp\cce3rqwu.s:293    .debug_loc:0000000000000000 .LLST0
C:\Users\SEBAST~1\AppData\Local\Temp\cce3rqwu.s:18     .text._isatty:0000000000000000 .LVL0
C:\Users\SEBAST~1\AppData\Local\Temp\cce3rqwu.s:22     .text._isatty:0000000000000002 .LVL1
C:\Users\SEBAST~1\AppData\Local\Temp\cce3rqwu.s:25     .text._isatty:0000000000000006 .LVL2
C:\Users\SEBAST~1\AppData\Local\Temp\cce3rqwu.s:34     .debug_info:0000000000000000 .Ldebug_info0

NO UNDEFINED SYMBOLS
