GAS LISTING C:\Users\SEBAST~1\AppData\Local\Temp\ccqJY8jQ.s 			page 1


   1              		.file	"debugger_port.c"
   2              		.option nopic
   3              		.attribute arch, "rv32i2p0_m2p0_a2p0_c2p0"
   4              		.attribute unaligned_access, 0
   5              		.attribute stack_align, 16
   6              		.text
   7              	.Ltext0:
   8              		.cfi_sections	.debug_frame
   9              		.comm	USB_OTG_dev,1076,4
  10              		.section	.text.debug_port_print,"ax",@progbits
  11              		.align	1
  12              		.globl	debug_port_print
  14              	debug_port_print:
  15              	.LFB6:
  16              		.file 1 "./../../firmware/debugger/debugger_port.c"
   1:./../../firmware/debugger/debugger_port.c **** #include "gd32vf103.h"
   2:./../../firmware/debugger/debugger_port.c **** #include "debugger_delay.h"
   3:./../../firmware/debugger/debugger_port.c **** #include "usb_serial_if.h"
   4:./../../firmware/debugger/debugger_port.c **** #include "debugger.h"
   5:./../../firmware/debugger/debugger_port.c **** /**
   6:./../../firmware/debugger/debugger_port.c ****  * To use the debugger with a different interface these functions need to be defined
   7:./../../firmware/debugger/debugger_port.c ****  * This makes it possible to use gdb with various interfaces such as USB, UART, I2C, CAN
   8:./../../firmware/debugger/debugger_port.c ****  * but possibly also some more exotic ones, maybe debug with local LCD and keypad?
   9:./../../firmware/debugger/debugger_port.c ****  * */
  10:./../../firmware/debugger/debugger_port.c **** 
  11:./../../firmware/debugger/debugger_port.c **** 
  12:./../../firmware/debugger/debugger_port.c **** /**
  13:./../../firmware/debugger/debugger_port.c ****  * Sends messages to the debugger 
  14:./../../firmware/debugger/debugger_port.c ****  * This function should send the characters in the message buffer (7 bit clean).
  15:./../../firmware/debugger/debugger_port.c ****  * Must be able to handle 512 bytes in the message buffer.
  16:./../../firmware/debugger/debugger_port.c ****  * Is allowed to block, or rely on DMA/IRQs for non-blocking messages.
  17:./../../firmware/debugger/debugger_port.c ****  * */
  18:./../../firmware/debugger/debugger_port.c **** void debug_port_print(char *message, uint32_t size)
  19:./../../firmware/debugger/debugger_port.c **** {
  17              		.loc 1 19 1
  18              		.cfi_startproc
  19              	.LVL0:
  20:./../../firmware/debugger/debugger_port.c ****     _write(0, message, size);
  20              		.loc 1 20 5
  21 0000 2E86     		mv	a2,a1
  22 0002 AA85     		mv	a1,a0
  23              	.LVL1:
  24 0004 0145     		li	a0,0
  25              	.LVL2:
  26 0006 17030000 		tail	_write
  26      67000300 
  27              	.LVL3:
  28              		.cfi_endproc
  29              	.LFE6:
  31              		.section	.text.debug_port_read,"ax",@progbits
  32              		.align	1
  33              		.globl	debug_port_read
  35              	debug_port_read:
  36              	.LFB7:
  21:./../../firmware/debugger/debugger_port.c **** }
  22:./../../firmware/debugger/debugger_port.c **** 
  23:./../../firmware/debugger/debugger_port.c **** 
GAS LISTING C:\Users\SEBAST~1\AppData\Local\Temp\ccqJY8jQ.s 			page 2


  24:./../../firmware/debugger/debugger_port.c **** /**
  25:./../../firmware/debugger/debugger_port.c ****  * Receive characters from the debug interface.
  26:./../../firmware/debugger/debugger_port.c ****  * Should normally just report exactly any characters received from the interface
  27:./../../firmware/debugger/debugger_port.c ****  * Does not need to care about the contents or whether a messsage is complete.
  28:./../../firmware/debugger/debugger_port.c ****  * If you are doing something exotic complete messages work well too, but it should
  29:./../../firmware/debugger/debugger_port.c ****  * respect max_size (most rsp messages should fit in a normal max_size buffer though).
  30:./../../firmware/debugger/debugger_port.c ****  * */
  31:./../../firmware/debugger/debugger_port.c **** int debug_port_read(char *buffer, uint32_t max_size)
  32:./../../firmware/debugger/debugger_port.c **** {
  37              		.loc 1 32 1
  38              		.cfi_startproc
  39              	.LVL4:
  33:./../../firmware/debugger/debugger_port.c ****     return read_usb_serial(buffer);
  40              		.loc 1 33 5
  41              		.loc 1 33 12 is_stmt 0
  42 0000 17030000 		tail	read_usb_serial
  42      67000300 
  43              	.LVL5:
  44              		.cfi_endproc
  45              	.LFE7:
  47              		.section	.text.debug_port_init,"ax",@progbits
  48              		.align	1
  49              		.globl	debug_port_init
  51              	debug_port_init:
  52              	.LFB8:
  34:./../../firmware/debugger/debugger_port.c **** }
  35:./../../firmware/debugger/debugger_port.c **** 
  36:./../../firmware/debugger/debugger_port.c **** int debug_port_init(){
  53              		.loc 1 36 22 is_stmt 1
  54              		.cfi_startproc
  37:./../../firmware/debugger/debugger_port.c ****     configure_usb_serial();
  55              		.loc 1 37 5
  36:./../../firmware/debugger/debugger_port.c ****     configure_usb_serial();
  56              		.loc 1 36 22 is_stmt 0
  57 0000 4111     		addi	sp,sp,-16
  58              	.LCFI0:
  59              		.cfi_def_cfa_offset 16
  60 0002 06C6     		sw	ra,12(sp)
  61              		.cfi_offset 1, -4
  62              		.loc 1 37 5
  63 0004 97000000 		call	configure_usb_serial
  63      E7800000 
  64              	.LVL6:
  38:./../../firmware/debugger/debugger_port.c ****     dbg_attatch_irq(USBFS_IRQn);
  65              		.loc 1 38 5 is_stmt 1
  66 000c 13056005 		li	a0,86
  67 0010 97000000 		call	dbg_attatch_irq
  67      E7800000 
  68              	.LVL7:
  39:./../../firmware/debugger/debugger_port.c ****     dbg_attatch_irq(USBFS_WKUP_IRQn);
  69              		.loc 1 39 5
  70 0018 1305D003 		li	a0,61
  71 001c 97000000 		call	dbg_attatch_irq
  71      E7800000 
  72              	.LVL8:
  40:./../../firmware/debugger/debugger_port.c ****     while (!usb_serial_available()) {
  73              		.loc 1 40 5
GAS LISTING C:\Users\SEBAST~1\AppData\Local\Temp\ccqJY8jQ.s 			page 3


  74              	.L4:
  75              		.loc 1 40 13 is_stmt 0
  76 0024 97000000 		call	usb_serial_available
  76      E7800000 
  77              	.LVL9:
  78              		.loc 1 40 11
  79 002c 01C5     		beq	a0,zero,.L5
  41:./../../firmware/debugger/debugger_port.c ****         dbg_delay_1ms(100);
  42:./../../firmware/debugger/debugger_port.c ****     }
  43:./../../firmware/debugger/debugger_port.c **** }...
  80              		.loc 1 43 1
  81 002e B240     		lw	ra,12(sp)
  82              		.cfi_remember_state
  83              		.cfi_restore 1
  84 0030 4101     		addi	sp,sp,16
  85              	.LCFI1:
  86              		.cfi_def_cfa_offset 0
  87 0032 8280     		jr	ra
  88              	.L5:
  89              	.LCFI2:
  90              		.cfi_restore_state
  41:./../../firmware/debugger/debugger_port.c ****         dbg_delay_1ms(100);
  91              		.loc 1 41 9 is_stmt 1
  92 0034 13054006 		li	a0,100
  93 0038 97000000 		call	dbg_delay_1ms
  93      E7800000 
  94              	.LVL10:
  95 0040 D5B7     		j	.L4
  96              		.cfi_endproc
  97              	.LFE8:
  99              		.text
 100              	.Letext0:
 101              		.file 2 "c:\\users\\sebastian\\downloads\\mikrodatorteknik\\toolchain-gd32v-v201-win\\compiler\\ri
 102              		.file 3 "c:\\users\\sebastian\\downloads\\mikrodatorteknik\\toolchain-gd32v-v201-win\\compiler\\ri
 103              		.file 4 "./../../firmware/debugger/lib/usbcdc/include/drv_usb_regs.h"
 104              		.file 5 "./../../firmware/GD32VF103_standard_peripheral/system_gd32vf103.h"
 105              		.file 6 "./../../firmware/debugger/lib/usbcdc/include/usb_ch9_std.h"
 106              		.file 7 "./../../firmware/debugger/lib/usbcdc/include/drv_usb_core.h"
 107              		.file 8 "./../../firmware/debugger/lib/usbcdc/include/drv_usb_dev.h"
 108              		.file 9 "c:\\users\\sebastian\\downloads\\mikrodatorteknik\\toolchain-gd32v-v201-win\\compiler\\li
 109              		.file 10 "c:\\users\\sebastian\\downloads\\mikrodatorteknik\\toolchain-gd32v-v201-win\\compiler\\r
 110              		.file 11 "c:\\users\\sebastian\\downloads\\mikrodatorteknik\\toolchain-gd32v-v201-win\\compiler\\r
 111              		.file 12 "c:\\users\\sebastian\\downloads\\mikrodatorteknik\\toolchain-gd32v-v201-win\\compiler\\r
 112              		.file 13 "./../../firmware/debugger/lib/usbcdc/include/cdc_acm_core.h"
 113              		.file 14 "c:\\users\\sebastian\\downloads\\mikrodatorteknik\\toolchain-gd32v-v201-win\\compiler\\r
 114              		.file 15 "./../../firmware/debugger/lib/usbcdc/include/usb_serial_if.h"
 115              		.file 16 "./../../firmware/debugger/debugger.h"
 116              		.file 17 "./../../firmware/debugger/debugger_delay.h"
 117              		.file 18 "./../../firmware/GD32VF103_standard_peripheral/gd32vf103.h"
GAS LISTING C:\Users\SEBAST~1\AppData\Local\Temp\ccqJY8jQ.s 			page 4


DEFINED SYMBOLS
                            *ABS*:0000000000000000 debugger_port.c
                            *COM*:0000000000000434 USB_OTG_dev
C:\Users\SEBAST~1\AppData\Local\Temp\ccqJY8jQ.s:14     .text.debug_port_print:0000000000000000 debug_port_print
C:\Users\SEBAST~1\AppData\Local\Temp\ccqJY8jQ.s:18     .text.debug_port_print:0000000000000000 .L0 
C:\Users\SEBAST~1\AppData\Local\Temp\ccqJY8jQ.s:20     .text.debug_port_print:0000000000000000 .L0 
C:\Users\SEBAST~1\AppData\Local\Temp\ccqJY8jQ.s:21     .text.debug_port_print:0000000000000000 .L0 
C:\Users\SEBAST~1\AppData\Local\Temp\ccqJY8jQ.s:28     .text.debug_port_print:000000000000000e .L0 
C:\Users\SEBAST~1\AppData\Local\Temp\ccqJY8jQ.s:35     .text.debug_port_read:0000000000000000 debug_port_read
C:\Users\SEBAST~1\AppData\Local\Temp\ccqJY8jQ.s:38     .text.debug_port_read:0000000000000000 .L0 
C:\Users\SEBAST~1\AppData\Local\Temp\ccqJY8jQ.s:40     .text.debug_port_read:0000000000000000 .L0 
C:\Users\SEBAST~1\AppData\Local\Temp\ccqJY8jQ.s:41     .text.debug_port_read:0000000000000000 .L0 
C:\Users\SEBAST~1\AppData\Local\Temp\ccqJY8jQ.s:42     .text.debug_port_read:0000000000000000 .L0 
C:\Users\SEBAST~1\AppData\Local\Temp\ccqJY8jQ.s:44     .text.debug_port_read:0000000000000008 .L0 
C:\Users\SEBAST~1\AppData\Local\Temp\ccqJY8jQ.s:51     .text.debug_port_init:0000000000000000 debug_port_init
C:\Users\SEBAST~1\AppData\Local\Temp\ccqJY8jQ.s:54     .text.debug_port_init:0000000000000000 .L0 
C:\Users\SEBAST~1\AppData\Local\Temp\ccqJY8jQ.s:55     .text.debug_port_init:0000000000000000 .L0 
C:\Users\SEBAST~1\AppData\Local\Temp\ccqJY8jQ.s:56     .text.debug_port_init:0000000000000000 .L0 
C:\Users\SEBAST~1\AppData\Local\Temp\ccqJY8jQ.s:57     .text.debug_port_init:0000000000000000 .L0 
C:\Users\SEBAST~1\AppData\Local\Temp\ccqJY8jQ.s:59     .text.debug_port_init:0000000000000002 .L0 
C:\Users\SEBAST~1\AppData\Local\Temp\ccqJY8jQ.s:61     .text.debug_port_init:0000000000000004 .L0 
C:\Users\SEBAST~1\AppData\Local\Temp\ccqJY8jQ.s:63     .text.debug_port_init:0000000000000004 .L0 
C:\Users\SEBAST~1\AppData\Local\Temp\ccqJY8jQ.s:66     .text.debug_port_init:000000000000000c .L0 
C:\Users\SEBAST~1\AppData\Local\Temp\ccqJY8jQ.s:70     .text.debug_port_init:0000000000000018 .L0 
C:\Users\SEBAST~1\AppData\Local\Temp\ccqJY8jQ.s:75     .text.debug_port_init:0000000000000024 .L0 
C:\Users\SEBAST~1\AppData\Local\Temp\ccqJY8jQ.s:76     .text.debug_port_init:0000000000000024 .L0 
C:\Users\SEBAST~1\AppData\Local\Temp\ccqJY8jQ.s:79     .text.debug_port_init:000000000000002c .L0 
C:\Users\SEBAST~1\AppData\Local\Temp\ccqJY8jQ.s:81     .text.debug_port_init:000000000000002e .L0 
C:\Users\SEBAST~1\AppData\Local\Temp\ccqJY8jQ.s:82     .text.debug_port_init:0000000000000030 .L0 
C:\Users\SEBAST~1\AppData\Local\Temp\ccqJY8jQ.s:83     .text.debug_port_init:0000000000000030 .L0 
C:\Users\SEBAST~1\AppData\Local\Temp\ccqJY8jQ.s:86     .text.debug_port_init:0000000000000032 .L0 
C:\Users\SEBAST~1\AppData\Local\Temp\ccqJY8jQ.s:90     .text.debug_port_init:0000000000000034 .L0 
C:\Users\SEBAST~1\AppData\Local\Temp\ccqJY8jQ.s:92     .text.debug_port_init:0000000000000034 .L0 
C:\Users\SEBAST~1\AppData\Local\Temp\ccqJY8jQ.s:96     .text.debug_port_init:0000000000000042 .L0 
C:\Users\SEBAST~1\AppData\Local\Temp\ccqJY8jQ.s:31     .text.debug_port_print:000000000000000e .L0 
C:\Users\SEBAST~1\AppData\Local\Temp\ccqJY8jQ.s:47     .text.debug_port_read:0000000000000008 .L0 
C:\Users\SEBAST~1\AppData\Local\Temp\ccqJY8jQ.s:99     .text.debug_port_init:0000000000000042 .L0 
                     .debug_frame:0000000000000000 .L0 
C:\Users\SEBAST~1\AppData\Local\Temp\ccqJY8jQ.s:88     .text.debug_port_init:0000000000000034 .L5
C:\Users\SEBAST~1\AppData\Local\Temp\ccqJY8jQ.s:74     .text.debug_port_init:0000000000000024 .L4
C:\Users\SEBAST~1\AppData\Local\Temp\ccqJY8jQ.s:4306   .debug_abbrev:0000000000000000 .Ldebug_abbrev0
C:\Users\SEBAST~1\AppData\Local\Temp\ccqJY8jQ.s:5185   .debug_str:0000000000000227 .LASF416
C:\Users\SEBAST~1\AppData\Local\Temp\ccqJY8jQ.s:5441   .debug_str:0000000000000880 .LASF417
C:\Users\SEBAST~1\AppData\Local\Temp\ccqJY8jQ.s:5461   .debug_str:0000000000000928 .LASF418
C:\Users\SEBAST~1\AppData\Local\Temp\ccqJY8jQ.s:5085   .debug_ranges:0000000000000000 .Ldebug_ranges0
C:\Users\SEBAST~1\AppData\Local\Temp\ccqJY8jQ.s:5095   .debug_line:0000000000000000 .Ldebug_line0
C:\Users\SEBAST~1\AppData\Local\Temp\ccqJY8jQ.s:5263   .debug_str:0000000000000468 .LASF419
C:\Users\SEBAST~1\AppData\Local\Temp\ccqJY8jQ.s:5565   .debug_str:0000000000000bc3 .LASF0
C:\Users\SEBAST~1\AppData\Local\Temp\ccqJY8jQ.s:5933   .debug_str:00000000000013f1 .LASF1
C:\Users\SEBAST~1\AppData\Local\Temp\ccqJY8jQ.s:5453   .debug_str:00000000000008f5 .LASF2
C:\Users\SEBAST~1\AppData\Local\Temp\ccqJY8jQ.s:5277   .debug_str:00000000000004bb .LASF3
C:\Users\SEBAST~1\AppData\Local\Temp\ccqJY8jQ.s:5639   .debug_str:0000000000000d9f .LASF4
C:\Users\SEBAST~1\AppData\Local\Temp\ccqJY8jQ.s:5761   .debug_str:0000000000001011 .LASF5
C:\Users\SEBAST~1\AppData\Local\Temp\ccqJY8jQ.s:5843   .debug_str:0000000000001207 .LASF6
C:\Users\SEBAST~1\AppData\Local\Temp\ccqJY8jQ.s:5255   .debug_str:000000000000043d .LASF7
C:\Users\SEBAST~1\AppData\Local\Temp\ccqJY8jQ.s:5937   .debug_str:000000000000140e .LASF8
C:\Users\SEBAST~1\AppData\Local\Temp\ccqJY8jQ.s:5667   .debug_str:0000000000000e36 .LASF9
GAS LISTING C:\Users\SEBAST~1\AppData\Local\Temp\ccqJY8jQ.s 			page 5


C:\Users\SEBAST~1\AppData\Local\Temp\ccqJY8jQ.s:5771   .debug_str:0000000000001044 .LASF10
C:\Users\SEBAST~1\AppData\Local\Temp\ccqJY8jQ.s:5757   .debug_str:0000000000000fff .LASF11
C:\Users\SEBAST~1\AppData\Local\Temp\ccqJY8jQ.s:5427   .debug_str:0000000000000825 .LASF12
C:\Users\SEBAST~1\AppData\Local\Temp\ccqJY8jQ.s:5103   .debug_str:0000000000000027 .LASF13
C:\Users\SEBAST~1\AppData\Local\Temp\ccqJY8jQ.s:5901   .debug_str:0000000000001341 .LASF14
C:\Users\SEBAST~1\AppData\Local\Temp\ccqJY8jQ.s:5563   .debug_str:0000000000000bb8 .LASF15
C:\Users\SEBAST~1\AppData\Local\Temp\ccqJY8jQ.s:5211   .debug_str:000000000000033c .LASF16
C:\Users\SEBAST~1\AppData\Local\Temp\ccqJY8jQ.s:5167   .debug_str:00000000000001a2 .LASF17
C:\Users\SEBAST~1\AppData\Local\Temp\ccqJY8jQ.s:5663   .debug_str:0000000000000e15 .LASF18
C:\Users\SEBAST~1\AppData\Local\Temp\ccqJY8jQ.s:5367   .debug_str:00000000000006e1 .LASF19
C:\Users\SEBAST~1\AppData\Local\Temp\ccqJY8jQ.s:5305   .debug_str:0000000000000580 .LASF20
C:\Users\SEBAST~1\AppData\Local\Temp\ccqJY8jQ.s:5815   .debug_str:000000000000113e .LASF21
C:\Users\SEBAST~1\AppData\Local\Temp\ccqJY8jQ.s:5487   .debug_str:00000000000009ff .LASF22
C:\Users\SEBAST~1\AppData\Local\Temp\ccqJY8jQ.s:5345   .debug_str:0000000000000660 .LASF23
C:\Users\SEBAST~1\AppData\Local\Temp\ccqJY8jQ.s:5261   .debug_str:000000000000045b .LASF24
C:\Users\SEBAST~1\AppData\Local\Temp\ccqJY8jQ.s:5495   .debug_str:0000000000000a2c .LASF25
C:\Users\SEBAST~1\AppData\Local\Temp\ccqJY8jQ.s:5187   .debug_str:00000000000002af .LASF26
C:\Users\SEBAST~1\AppData\Local\Temp\ccqJY8jQ.s:5797   .debug_str:00000000000010db .LASF27
C:\Users\SEBAST~1\AppData\Local\Temp\ccqJY8jQ.s:5253   .debug_str:0000000000000430 .LASF28
C:\Users\SEBAST~1\AppData\Local\Temp\ccqJY8jQ.s:5125   .debug_str:00000000000000a8 .LASF29
C:\Users\SEBAST~1\AppData\Local\Temp\ccqJY8jQ.s:5801   .debug_str:00000000000010f1 .LASF30
C:\Users\SEBAST~1\AppData\Local\Temp\ccqJY8jQ.s:5829   .debug_str:0000000000001198 .LASF31
C:\Users\SEBAST~1\AppData\Local\Temp\ccqJY8jQ.s:5505   .debug_str:0000000000000a62 .LASF32
C:\Users\SEBAST~1\AppData\Local\Temp\ccqJY8jQ.s:5509   .debug_str:0000000000000a81 .LASF33
C:\Users\SEBAST~1\AppData\Local\Temp\ccqJY8jQ.s:5199   .debug_str:00000000000002f4 .LASF34
C:\Users\SEBAST~1\AppData\Local\Temp\ccqJY8jQ.s:5705   .debug_str:0000000000000efc .LASF35
C:\Users\SEBAST~1\AppData\Local\Temp\ccqJY8jQ.s:5217   .debug_str:0000000000000362 .LASF36
C:\Users\SEBAST~1\AppData\Local\Temp\ccqJY8jQ.s:5127   .debug_str:00000000000000b8 .LASF37
C:\Users\SEBAST~1\AppData\Local\Temp\ccqJY8jQ.s:5397   .debug_str:0000000000000796 .LASF38
C:\Users\SEBAST~1\AppData\Local\Temp\ccqJY8jQ.s:5319   .debug_str:00000000000005c3 .LASF39
C:\Users\SEBAST~1\AppData\Local\Temp\ccqJY8jQ.s:5849   .debug_str:0000000000001231 .LASF40
C:\Users\SEBAST~1\AppData\Local\Temp\ccqJY8jQ.s:5519   .debug_str:0000000000000ab6 .LASF41
C:\Users\SEBAST~1\AppData\Local\Temp\ccqJY8jQ.s:5627   .debug_str:0000000000000d53 .LASF42
C:\Users\SEBAST~1\AppData\Local\Temp\ccqJY8jQ.s:5695   .debug_str:0000000000000ec3 .LASF43
C:\Users\SEBAST~1\AppData\Local\Temp\ccqJY8jQ.s:5385   .debug_str:000000000000075f .LASF44
C:\Users\SEBAST~1\AppData\Local\Temp\ccqJY8jQ.s:5373   .debug_str:000000000000070b .LASF45
C:\Users\SEBAST~1\AppData\Local\Temp\ccqJY8jQ.s:5745   .debug_str:0000000000000fc4 .LASF46
C:\Users\SEBAST~1\AppData\Local\Temp\ccqJY8jQ.s:5523   .debug_str:0000000000000ac8 .LASF47
C:\Users\SEBAST~1\AppData\Local\Temp\ccqJY8jQ.s:5147   .debug_str:000000000000014e .LASF48
C:\Users\SEBAST~1\AppData\Local\Temp\ccqJY8jQ.s:5651   .debug_str:0000000000000ddc .LASF49
C:\Users\SEBAST~1\AppData\Local\Temp\ccqJY8jQ.s:5213   .debug_str:000000000000034f .LASF50
C:\Users\SEBAST~1\AppData\Local\Temp\ccqJY8jQ.s:5881   .debug_str:00000000000012d7 .LASF51
C:\Users\SEBAST~1\AppData\Local\Temp\ccqJY8jQ.s:5553   .debug_str:0000000000000b74 .LASF52
C:\Users\SEBAST~1\AppData\Local\Temp\ccqJY8jQ.s:5357   .debug_str:00000000000006a1 .LASF53
C:\Users\SEBAST~1\AppData\Local\Temp\ccqJY8jQ.s:5851   .debug_str:000000000000123b .LASF54
C:\Users\SEBAST~1\AppData\Local\Temp\ccqJY8jQ.s:5629   .debug_str:0000000000000d5f .LASF55
C:\Users\SEBAST~1\AppData\Local\Temp\ccqJY8jQ.s:5335   .debug_str:0000000000000617 .LASF56
C:\Users\SEBAST~1\AppData\Local\Temp\ccqJY8jQ.s:5827   .debug_str:0000000000001185 .LASF57
C:\Users\SEBAST~1\AppData\Local\Temp\ccqJY8jQ.s:5785   .debug_str:0000000000001087 .LASF58
C:\Users\SEBAST~1\AppData\Local\Temp\ccqJY8jQ.s:5455   .debug_str:0000000000000902 .LASF59
C:\Users\SEBAST~1\AppData\Local\Temp\ccqJY8jQ.s:5429   .debug_str:0000000000000830 .LASF60
C:\Users\SEBAST~1\AppData\Local\Temp\ccqJY8jQ.s:5365   .debug_str:00000000000006d3 .LASF61
C:\Users\SEBAST~1\AppData\Local\Temp\ccqJY8jQ.s:5867   .debug_str:000000000000128d .LASF62
C:\Users\SEBAST~1\AppData\Local\Temp\ccqJY8jQ.s:5205   .debug_str:0000000000000312 .LASF63
C:\Users\SEBAST~1\AppData\Local\Temp\ccqJY8jQ.s:5939   .debug_str:0000000000001417 .LASF64
C:\Users\SEBAST~1\AppData\Local\Temp\ccqJY8jQ.s:5539   .debug_str:0000000000000b2d .LASF65
C:\Users\SEBAST~1\AppData\Local\Temp\ccqJY8jQ.s:5575   .debug_str:0000000000000c08 .LASF66
GAS LISTING C:\Users\SEBAST~1\AppData\Local\Temp\ccqJY8jQ.s 			page 6


C:\Users\SEBAST~1\AppData\Local\Temp\ccqJY8jQ.s:5285   .debug_str:00000000000004f0 .LASF67
C:\Users\SEBAST~1\AppData\Local\Temp\ccqJY8jQ.s:5209   .debug_str:0000000000000332 .LASF70
C:\Users\SEBAST~1\AppData\Local\Temp\ccqJY8jQ.s:5297   .debug_str:0000000000000550 .LASF68
C:\Users\SEBAST~1\AppData\Local\Temp\ccqJY8jQ.s:5795   .debug_str:00000000000010d1 .LASF69
C:\Users\SEBAST~1\AppData\Local\Temp\ccqJY8jQ.s:5361   .debug_str:00000000000006b7 .LASF71
C:\Users\SEBAST~1\AppData\Local\Temp\ccqJY8jQ.s:5889   .debug_str:00000000000012f9 .LASF72
C:\Users\SEBAST~1\AppData\Local\Temp\ccqJY8jQ.s:5235   .debug_str:00000000000003c1 .LASF73
C:\Users\SEBAST~1\AppData\Local\Temp\ccqJY8jQ.s:5507   .debug_str:0000000000000a76 .LASF74
C:\Users\SEBAST~1\AppData\Local\Temp\ccqJY8jQ.s:5445   .debug_str:00000000000008af .LASF75
C:\Users\SEBAST~1\AppData\Local\Temp\ccqJY8jQ.s:5511   .debug_str:0000000000000a8d .LASF76
C:\Users\SEBAST~1\AppData\Local\Temp\ccqJY8jQ.s:5673   .debug_str:0000000000000e4c .LASF77
C:\Users\SEBAST~1\AppData\Local\Temp\ccqJY8jQ.s:5287   .debug_str:00000000000004fc .LASF78
C:\Users\SEBAST~1\AppData\Local\Temp\ccqJY8jQ.s:5685   .debug_str:0000000000000e99 .LASF79
C:\Users\SEBAST~1\AppData\Local\Temp\ccqJY8jQ.s:5857   .debug_str:0000000000001257 .LASF80
C:\Users\SEBAST~1\AppData\Local\Temp\ccqJY8jQ.s:5189   .debug_str:00000000000002bd .LASF153
C:\Users\SEBAST~1\AppData\Local\Temp\ccqJY8jQ.s:5633   .debug_str:0000000000000d7c .LASF81
C:\Users\SEBAST~1\AppData\Local\Temp\ccqJY8jQ.s:5311   .debug_str:00000000000005a9 .LASF82
C:\Users\SEBAST~1\AppData\Local\Temp\ccqJY8jQ.s:5513   .debug_str:0000000000000a9b .LASF83
C:\Users\SEBAST~1\AppData\Local\Temp\ccqJY8jQ.s:5391   .debug_str:000000000000077b .LASF84
C:\Users\SEBAST~1\AppData\Local\Temp\ccqJY8jQ.s:5775   .debug_str:000000000000105e .LASF85
C:\Users\SEBAST~1\AppData\Local\Temp\ccqJY8jQ.s:5405   .debug_str:00000000000007bc .LASF86
C:\Users\SEBAST~1\AppData\Local\Temp\ccqJY8jQ.s:5907   .debug_str:0000000000001364 .LASF87
C:\Users\SEBAST~1\AppData\Local\Temp\ccqJY8jQ.s:5799   .debug_str:00000000000010ea .LASF88
C:\Users\SEBAST~1\AppData\Local\Temp\ccqJY8jQ.s:5915   .debug_str:000000000000138e .LASF89
C:\Users\SEBAST~1\AppData\Local\Temp\ccqJY8jQ.s:5913   .debug_str:0000000000001386 .LASF90
C:\Users\SEBAST~1\AppData\Local\Temp\ccqJY8jQ.s:5759   .debug_str:000000000000100a .LASF91
C:\Users\SEBAST~1\AppData\Local\Temp\ccqJY8jQ.s:5911   .debug_str:0000000000001372 .LASF92
C:\Users\SEBAST~1\AppData\Local\Temp\ccqJY8jQ.s:5875   .debug_str:00000000000012b8 .LASF93
C:\Users\SEBAST~1\AppData\Local\Temp\ccqJY8jQ.s:5395   .debug_str:000000000000078b .LASF94
C:\Users\SEBAST~1\AppData\Local\Temp\ccqJY8jQ.s:5323   .debug_str:00000000000005d8 .LASF95
C:\Users\SEBAST~1\AppData\Local\Temp\ccqJY8jQ.s:5417   .debug_str:00000000000007f5 .LASF96
C:\Users\SEBAST~1\AppData\Local\Temp\ccqJY8jQ.s:5909   .debug_str:000000000000136a .LASF97
C:\Users\SEBAST~1\AppData\Local\Temp\ccqJY8jQ.s:5111   .debug_str:0000000000000061 .LASF98
C:\Users\SEBAST~1\AppData\Local\Temp\ccqJY8jQ.s:5903   .debug_str:000000000000134c .LASF99
C:\Users\SEBAST~1\AppData\Local\Temp\ccqJY8jQ.s:5561   .debug_str:0000000000000bb3 .LASF100
C:\Users\SEBAST~1\AppData\Local\Temp\ccqJY8jQ.s:5281   .debug_str:00000000000004dc .LASF101
C:\Users\SEBAST~1\AppData\Local\Temp\ccqJY8jQ.s:5645   .debug_str:0000000000000dbf .LASF102
C:\Users\SEBAST~1\AppData\Local\Temp\ccqJY8jQ.s:5863   .debug_str:000000000000127b .LASF103
C:\Users\SEBAST~1\AppData\Local\Temp\ccqJY8jQ.s:5749   .debug_str:0000000000000fd9 .LASF104
C:\Users\SEBAST~1\AppData\Local\Temp\ccqJY8jQ.s:5899   .debug_str:0000000000001337 .LASF105
C:\Users\SEBAST~1\AppData\Local\Temp\ccqJY8jQ.s:5923   .debug_str:00000000000013c1 .LASF106
C:\Users\SEBAST~1\AppData\Local\Temp\ccqJY8jQ.s:5437   .debug_str:000000000000086d .LASF107
C:\Users\SEBAST~1\AppData\Local\Temp\ccqJY8jQ.s:5389   .debug_str:0000000000000772 .LASF108
C:\Users\SEBAST~1\AppData\Local\Temp\ccqJY8jQ.s:5885   .debug_str:00000000000012e7 .LASF109
C:\Users\SEBAST~1\AppData\Local\Temp\ccqJY8jQ.s:5767   .debug_str:0000000000001036 .LASF110
C:\Users\SEBAST~1\AppData\Local\Temp\ccqJY8jQ.s:5703   .debug_str:0000000000000ef5 .LASF111
C:\Users\SEBAST~1\AppData\Local\Temp\ccqJY8jQ.s:5259   .debug_str:0000000000000450 .LASF112
C:\Users\SEBAST~1\AppData\Local\Temp\ccqJY8jQ.s:5581   .debug_str:0000000000000c38 .LASF113
C:\Users\SEBAST~1\AppData\Local\Temp\ccqJY8jQ.s:5313   .debug_str:00000000000005b0 .LASF114
C:\Users\SEBAST~1\AppData\Local\Temp\ccqJY8jQ.s:5317   .debug_str:00000000000005be .LASF115
C:\Users\SEBAST~1\AppData\Local\Temp\ccqJY8jQ.s:5689   .debug_str:0000000000000eae .LASF116
C:\Users\SEBAST~1\AppData\Local\Temp\ccqJY8jQ.s:5165   .debug_str:000000000000019c .LASF117
C:\Users\SEBAST~1\AppData\Local\Temp\ccqJY8jQ.s:5337   .debug_str:000000000000062a .LASF118
C:\Users\SEBAST~1\AppData\Local\Temp\ccqJY8jQ.s:5489   .debug_str:0000000000000a12 .LASF119
C:\Users\SEBAST~1\AppData\Local\Temp\ccqJY8jQ.s:5359   .debug_str:00000000000006ad .LASF120
C:\Users\SEBAST~1\AppData\Local\Temp\ccqJY8jQ.s:5925   .debug_str:00000000000013c8 .LASF121
C:\Users\SEBAST~1\AppData\Local\Temp\ccqJY8jQ.s:5149   .debug_str:0000000000000158 .LASF122
GAS LISTING C:\Users\SEBAST~1\AppData\Local\Temp\ccqJY8jQ.s 			page 7


C:\Users\SEBAST~1\AppData\Local\Temp\ccqJY8jQ.s:5377   .debug_str:000000000000072f .LASF123
C:\Users\SEBAST~1\AppData\Local\Temp\ccqJY8jQ.s:5379   .debug_str:000000000000073a .LASF124
C:\Users\SEBAST~1\AppData\Local\Temp\ccqJY8jQ.s:5871   .debug_str:00000000000012a5 .LASF125
C:\Users\SEBAST~1\AppData\Local\Temp\ccqJY8jQ.s:5321   .debug_str:00000000000005d0 .LASF126
C:\Users\SEBAST~1\AppData\Local\Temp\ccqJY8jQ.s:5229   .debug_str:00000000000003a1 .LASF127
C:\Users\SEBAST~1\AppData\Local\Temp\ccqJY8jQ.s:5121   .debug_str:0000000000000097 .LASF128
C:\Users\SEBAST~1\AppData\Local\Temp\ccqJY8jQ.s:5701   .debug_str:0000000000000eed .LASF129
C:\Users\SEBAST~1\AppData\Local\Temp\ccqJY8jQ.s:5231   .debug_str:00000000000003a9 .LASF130
C:\Users\SEBAST~1\AppData\Local\Temp\ccqJY8jQ.s:5649   .debug_str:0000000000000dd1 .LASF131
C:\Users\SEBAST~1\AppData\Local\Temp\ccqJY8jQ.s:5421   .debug_str:0000000000000808 .LASF132
C:\Users\SEBAST~1\AppData\Local\Temp\ccqJY8jQ.s:5931   .debug_str:00000000000013e6 .LASF133
C:\Users\SEBAST~1\AppData\Local\Temp\ccqJY8jQ.s:5811   .debug_str:000000000000112d .LASF134
C:\Users\SEBAST~1\AppData\Local\Temp\ccqJY8jQ.s:5817   .debug_str:0000000000001151 .LASF135
C:\Users\SEBAST~1\AppData\Local\Temp\ccqJY8jQ.s:5331   .debug_str:0000000000000605 .LASF136
C:\Users\SEBAST~1\AppData\Local\Temp\ccqJY8jQ.s:5143   .debug_str:000000000000012b .LASF137
C:\Users\SEBAST~1\AppData\Local\Temp\ccqJY8jQ.s:5267   .debug_str:000000000000047c .LASF138
C:\Users\SEBAST~1\AppData\Local\Temp\ccqJY8jQ.s:5303   .debug_str:0000000000000574 .LASF139
C:\Users\SEBAST~1\AppData\Local\Temp\ccqJY8jQ.s:5623   .debug_str:0000000000000d39 .LASF140
C:\Users\SEBAST~1\AppData\Local\Temp\ccqJY8jQ.s:5481   .debug_str:00000000000009e3 .LASF141
C:\Users\SEBAST~1\AppData\Local\Temp\ccqJY8jQ.s:5275   .debug_str:00000000000004b3 .LASF142
C:\Users\SEBAST~1\AppData\Local\Temp\ccqJY8jQ.s:5393   .debug_str:0000000000000782 .LASF143
C:\Users\SEBAST~1\AppData\Local\Temp\ccqJY8jQ.s:5535   .debug_str:0000000000000b19 .LASF144
C:\Users\SEBAST~1\AppData\Local\Temp\ccqJY8jQ.s:5803   .debug_str:0000000000001100 .LASF145
C:\Users\SEBAST~1\AppData\Local\Temp\ccqJY8jQ.s:5247   .debug_str:00000000000003f6 .LASF146
C:\Users\SEBAST~1\AppData\Local\Temp\ccqJY8jQ.s:5401   .debug_str:00000000000007aa .LASF155
C:\Users\SEBAST~1\AppData\Local\Temp\ccqJY8jQ.s:5239   .debug_str:00000000000003d6 .LASF147
C:\Users\SEBAST~1\AppData\Local\Temp\ccqJY8jQ.s:5777   .debug_str:0000000000001065 .LASF148
C:\Users\SEBAST~1\AppData\Local\Temp\ccqJY8jQ.s:5769   .debug_str:000000000000103f .LASF149
C:\Users\SEBAST~1\AppData\Local\Temp\ccqJY8jQ.s:5469   .debug_str:00000000000009a7 .LASF150
C:\Users\SEBAST~1\AppData\Local\Temp\ccqJY8jQ.s:5201   .debug_str:0000000000000300 .LASF151
C:\Users\SEBAST~1\AppData\Local\Temp\ccqJY8jQ.s:5655   .debug_str:0000000000000dee .LASF152
C:\Users\SEBAST~1\AppData\Local\Temp\ccqJY8jQ.s:5765   .debug_str:000000000000102c .LASF154
C:\Users\SEBAST~1\AppData\Local\Temp\ccqJY8jQ.s:5409   .debug_str:00000000000007c9 .LASF156
C:\Users\SEBAST~1\AppData\Local\Temp\ccqJY8jQ.s:5299   .debug_str:000000000000055e .LASF157
C:\Users\SEBAST~1\AppData\Local\Temp\ccqJY8jQ.s:5605   .debug_str:0000000000000cbd .LASF158
C:\Users\SEBAST~1\AppData\Local\Temp\ccqJY8jQ.s:5315   .debug_str:00000000000005b7 .LASF159
C:\Users\SEBAST~1\AppData\Local\Temp\ccqJY8jQ.s:5677   .debug_str:0000000000000e71 .LASF160
C:\Users\SEBAST~1\AppData\Local\Temp\ccqJY8jQ.s:5161   .debug_str:000000000000018a .LASF161
C:\Users\SEBAST~1\AppData\Local\Temp\ccqJY8jQ.s:5493   .debug_str:0000000000000a24 .LASF162
C:\Users\SEBAST~1\AppData\Local\Temp\ccqJY8jQ.s:5613   .debug_str:0000000000000cdf .LASF163
C:\Users\SEBAST~1\AppData\Local\Temp\ccqJY8jQ.s:5669   .debug_str:0000000000000e3f .LASF164
C:\Users\SEBAST~1\AppData\Local\Temp\ccqJY8jQ.s:5433   .debug_str:000000000000084e .LASF165
C:\Users\SEBAST~1\AppData\Local\Temp\ccqJY8jQ.s:5371   .debug_str:00000000000006fb .LASF166
C:\Users\SEBAST~1\AppData\Local\Temp\ccqJY8jQ.s:5707   .debug_str:0000000000000f08 .LASF167
C:\Users\SEBAST~1\AppData\Local\Temp\ccqJY8jQ.s:5333   .debug_str:0000000000000610 .LASF168
C:\Users\SEBAST~1\AppData\Local\Temp\ccqJY8jQ.s:5197   .debug_str:00000000000002ed .LASF169
C:\Users\SEBAST~1\AppData\Local\Temp\ccqJY8jQ.s:5773   .debug_str:0000000000001051 .LASF170
C:\Users\SEBAST~1\AppData\Local\Temp\ccqJY8jQ.s:5137   .debug_str:0000000000000106 .LASF171
C:\Users\SEBAST~1\AppData\Local\Temp\ccqJY8jQ.s:5227   .debug_str:0000000000000391 .LASF172
C:\Users\SEBAST~1\AppData\Local\Temp\ccqJY8jQ.s:5449   .debug_str:00000000000008d7 .LASF173
C:\Users\SEBAST~1\AppData\Local\Temp\ccqJY8jQ.s:5717   .debug_str:0000000000000f46 .LASF174
C:\Users\SEBAST~1\AppData\Local\Temp\ccqJY8jQ.s:5709   .debug_str:0000000000000f16 .LASF175
C:\Users\SEBAST~1\AppData\Local\Temp\ccqJY8jQ.s:5295   .debug_str:0000000000000546 .LASF176
C:\Users\SEBAST~1\AppData\Local\Temp\ccqJY8jQ.s:5545   .debug_str:0000000000000b52 .LASF177
C:\Users\SEBAST~1\AppData\Local\Temp\ccqJY8jQ.s:5097   .debug_str:0000000000000000 .LASF178
C:\Users\SEBAST~1\AppData\Local\Temp\ccqJY8jQ.s:5451   .debug_str:00000000000008e7 .LASF179
C:\Users\SEBAST~1\AppData\Local\Temp\ccqJY8jQ.s:5447   .debug_str:00000000000008c1 .LASF180
GAS LISTING C:\Users\SEBAST~1\AppData\Local\Temp\ccqJY8jQ.s 			page 8


C:\Users\SEBAST~1\AppData\Local\Temp\ccqJY8jQ.s:5525   .debug_str:0000000000000ad8 .LASF181
C:\Users\SEBAST~1\AppData\Local\Temp\ccqJY8jQ.s:5351   .debug_str:0000000000000684 .LASF182
C:\Users\SEBAST~1\AppData\Local\Temp\ccqJY8jQ.s:5637   .debug_str:0000000000000d92 .LASF183
C:\Users\SEBAST~1\AppData\Local\Temp\ccqJY8jQ.s:5569   .debug_str:0000000000000be0 .LASF184
C:\Users\SEBAST~1\AppData\Local\Temp\ccqJY8jQ.s:5577   .debug_str:0000000000000c15 .LASF185
C:\Users\SEBAST~1\AppData\Local\Temp\ccqJY8jQ.s:5599   .debug_str:0000000000000c92 .LASF186
C:\Users\SEBAST~1\AppData\Local\Temp\ccqJY8jQ.s:5501   .debug_str:0000000000000a4d .LASF187
C:\Users\SEBAST~1\AppData\Local\Temp\ccqJY8jQ.s:5869   .debug_str:000000000000129b .LASF188
C:\Users\SEBAST~1\AppData\Local\Temp\ccqJY8jQ.s:5477   .debug_str:00000000000009c7 .LASF189
C:\Users\SEBAST~1\AppData\Local\Temp\ccqJY8jQ.s:5293   .debug_str:0000000000000538 .LASF190
C:\Users\SEBAST~1\AppData\Local\Temp\ccqJY8jQ.s:5787   .debug_str:000000000000109a .LASF191
C:\Users\SEBAST~1\AppData\Local\Temp\ccqJY8jQ.s:5101   .debug_str:0000000000000015 .LASF192
C:\Users\SEBAST~1\AppData\Local\Temp\ccqJY8jQ.s:5465   .debug_str:0000000000000987 .LASF193
C:\Users\SEBAST~1\AppData\Local\Temp\ccqJY8jQ.s:5573   .debug_str:0000000000000bf8 .LASF194
C:\Users\SEBAST~1\AppData\Local\Temp\ccqJY8jQ.s:5753   .debug_str:0000000000000fe7 .LASF195
C:\Users\SEBAST~1\AppData\Local\Temp\ccqJY8jQ.s:5279   .debug_str:00000000000004c9 .LASF196
C:\Users\SEBAST~1\AppData\Local\Temp\ccqJY8jQ.s:5733   .debug_str:0000000000000f93 .LASF197
C:\Users\SEBAST~1\AppData\Local\Temp\ccqJY8jQ.s:5105   .debug_str:0000000000000032 .LASF198
C:\Users\SEBAST~1\AppData\Local\Temp\ccqJY8jQ.s:5877   .debug_str:00000000000012c3 .LASF199
C:\Users\SEBAST~1\AppData\Local\Temp\ccqJY8jQ.s:5113   .debug_str:000000000000006b .LASF200
C:\Users\SEBAST~1\AppData\Local\Temp\ccqJY8jQ.s:5531   .debug_str:0000000000000afb .LASF201
C:\Users\SEBAST~1\AppData\Local\Temp\ccqJY8jQ.s:5245   .debug_str:00000000000003ec .LASF202
C:\Users\SEBAST~1\AppData\Local\Temp\ccqJY8jQ.s:5439   .debug_str:0000000000000874 .LASF203
C:\Users\SEBAST~1\AppData\Local\Temp\ccqJY8jQ.s:5887   .debug_str:00000000000012ef .LASF204
C:\Users\SEBAST~1\AppData\Local\Temp\ccqJY8jQ.s:5483   .debug_str:00000000000009ec .LASF205
C:\Users\SEBAST~1\AppData\Local\Temp\ccqJY8jQ.s:5793   .debug_str:00000000000010c8 .LASF206
C:\Users\SEBAST~1\AppData\Local\Temp\ccqJY8jQ.s:5257   .debug_str:0000000000000449 .LASF207
C:\Users\SEBAST~1\AppData\Local\Temp\ccqJY8jQ.s:5183   .debug_str:0000000000000219 .LASF208
C:\Users\SEBAST~1\AppData\Local\Temp\ccqJY8jQ.s:5583   .debug_str:0000000000000c41 .LASF209
C:\Users\SEBAST~1\AppData\Local\Temp\ccqJY8jQ.s:5805   .debug_str:000000000000110c .LASF210
C:\Users\SEBAST~1\AppData\Local\Temp\ccqJY8jQ.s:5819   .debug_str:0000000000001159 .LASF211
C:\Users\SEBAST~1\AppData\Local\Temp\ccqJY8jQ.s:5625   .debug_str:0000000000000d44 .LASF212
C:\Users\SEBAST~1\AppData\Local\Temp\ccqJY8jQ.s:5661   .debug_str:0000000000000e0b .LASF213
C:\Users\SEBAST~1\AppData\Local\Temp\ccqJY8jQ.s:5727   .debug_str:0000000000000f70 .LASF214
C:\Users\SEBAST~1\AppData\Local\Temp\ccqJY8jQ.s:5155   .debug_str:000000000000016f .LASF215
C:\Users\SEBAST~1\AppData\Local\Temp\ccqJY8jQ.s:5781   .debug_str:0000000000001074 .LASF216
C:\Users\SEBAST~1\AppData\Local\Temp\ccqJY8jQ.s:5225   .debug_str:0000000000000389 .LASF217
C:\Users\SEBAST~1\AppData\Local\Temp\ccqJY8jQ.s:5643   .debug_str:0000000000000db6 .LASF218
C:\Users\SEBAST~1\AppData\Local\Temp\ccqJY8jQ.s:5119   .debug_str:000000000000008f .LASF219
C:\Users\SEBAST~1\AppData\Local\Temp\ccqJY8jQ.s:5517   .debug_str:0000000000000aab .LASF220
C:\Users\SEBAST~1\AppData\Local\Temp\ccqJY8jQ.s:5783   .debug_str:000000000000107d .LASF221
C:\Users\SEBAST~1\AppData\Local\Temp\ccqJY8jQ.s:5859   .debug_str:0000000000001260 .LASF222
C:\Users\SEBAST~1\AppData\Local\Temp\ccqJY8jQ.s:5207   .debug_str:0000000000000321 .LASF223
C:\Users\SEBAST~1\AppData\Local\Temp\ccqJY8jQ.s:5309   .debug_str:00000000000005a2 .LASF224
C:\Users\SEBAST~1\AppData\Local\Temp\ccqJY8jQ.s:5529   .debug_str:0000000000000aee .LASF225
C:\Users\SEBAST~1\AppData\Local\Temp\ccqJY8jQ.s:5611   .debug_str:0000000000000cd5 .LASF226
C:\Users\SEBAST~1\AppData\Local\Temp\ccqJY8jQ.s:5503   .debug_str:0000000000000a5a .LASF227
C:\Users\SEBAST~1\AppData\Local\Temp\ccqJY8jQ.s:5099   .debug_str:0000000000000009 .LASF228
C:\Users\SEBAST~1\AppData\Local\Temp\ccqJY8jQ.s:5779   .debug_str:000000000000106c .LASF229
C:\Users\SEBAST~1\AppData\Local\Temp\ccqJY8jQ.s:5301   .debug_str:000000000000056c .LASF230
C:\Users\SEBAST~1\AppData\Local\Temp\ccqJY8jQ.s:5861   .debug_str:0000000000001272 .LASF231
C:\Users\SEBAST~1\AppData\Local\Temp\ccqJY8jQ.s:5343   .debug_str:0000000000000656 .LASF232
C:\Users\SEBAST~1\AppData\Local\Temp\ccqJY8jQ.s:5463   .debug_str:000000000000097f .LASF233
C:\Users\SEBAST~1\AppData\Local\Temp\ccqJY8jQ.s:5181   .debug_str:0000000000000210 .LASF234
C:\Users\SEBAST~1\AppData\Local\Temp\ccqJY8jQ.s:5571   .debug_str:0000000000000bef .LASF235
C:\Users\SEBAST~1\AppData\Local\Temp\ccqJY8jQ.s:5873   .debug_str:00000000000012ad .LASF236
C:\Users\SEBAST~1\AppData\Local\Temp\ccqJY8jQ.s:5329   .debug_str:00000000000005fa .LASF237
GAS LISTING C:\Users\SEBAST~1\AppData\Local\Temp\ccqJY8jQ.s 			page 9


C:\Users\SEBAST~1\AppData\Local\Temp\ccqJY8jQ.s:5173   .debug_str:00000000000001f2 .LASF238
C:\Users\SEBAST~1\AppData\Local\Temp\ccqJY8jQ.s:5411   .debug_str:00000000000007d2 .LASF239
C:\Users\SEBAST~1\AppData\Local\Temp\ccqJY8jQ.s:5641   .debug_str:0000000000000dae .LASF240
C:\Users\SEBAST~1\AppData\Local\Temp\ccqJY8jQ.s:5897   .debug_str:0000000000001326 .LASF241
C:\Users\SEBAST~1\AppData\Local\Temp\ccqJY8jQ.s:5741   .debug_str:0000000000000fb8 .LASF242
C:\Users\SEBAST~1\AppData\Local\Temp\ccqJY8jQ.s:5737   .debug_str:0000000000000fa3 .LASF243
C:\Users\SEBAST~1\AppData\Local\Temp\ccqJY8jQ.s:5679   .debug_str:0000000000000e78 .LASF244
C:\Users\SEBAST~1\AppData\Local\Temp\ccqJY8jQ.s:5273   .debug_str:00000000000004a9 .LASF245
C:\Users\SEBAST~1\AppData\Local\Temp\ccqJY8jQ.s:5755   .debug_str:0000000000000ffa .LASF246
C:\Users\SEBAST~1\AppData\Local\Temp\ccqJY8jQ.s:5387   .debug_str:000000000000076b .LASF247
C:\Users\SEBAST~1\AppData\Local\Temp\ccqJY8jQ.s:5215   .debug_str:0000000000000359 .LASF248
C:\Users\SEBAST~1\AppData\Local\Temp\ccqJY8jQ.s:5203   .debug_str:000000000000030a .LASF249
C:\Users\SEBAST~1\AppData\Local\Temp\ccqJY8jQ.s:5327   .debug_str:00000000000005f1 .LASF250
C:\Users\SEBAST~1\AppData\Local\Temp\ccqJY8jQ.s:5349   .debug_str:0000000000000671 .LASF251
C:\Users\SEBAST~1\AppData\Local\Temp\ccqJY8jQ.s:5585   .debug_str:0000000000000c49 .LASF252
C:\Users\SEBAST~1\AppData\Local\Temp\ccqJY8jQ.s:5729   .debug_str:0000000000000f79 .LASF253
C:\Users\SEBAST~1\AppData\Local\Temp\ccqJY8jQ.s:5415   .debug_str:00000000000007e7 .LASF254
C:\Users\SEBAST~1\AppData\Local\Temp\ccqJY8jQ.s:5175   .debug_str:00000000000001fb .LASF255
C:\Users\SEBAST~1\AppData\Local\Temp\ccqJY8jQ.s:5557   .debug_str:0000000000000b99 .LASF256
C:\Users\SEBAST~1\AppData\Local\Temp\ccqJY8jQ.s:5567   .debug_str:0000000000000bd5 .LASF257
C:\Users\SEBAST~1\AppData\Local\Temp\ccqJY8jQ.s:5675   .debug_str:0000000000000e63 .LASF258
C:\Users\SEBAST~1\AppData\Local\Temp\ccqJY8jQ.s:5713   .debug_str:0000000000000f2d .LASF259
C:\Users\SEBAST~1\AppData\Local\Temp\ccqJY8jQ.s:5723   .debug_str:0000000000000f5e .LASF260
C:\Users\SEBAST~1\AppData\Local\Temp\ccqJY8jQ.s:5735   .debug_str:0000000000000f9e .LASF261
C:\Users\SEBAST~1\AppData\Local\Temp\ccqJY8jQ.s:5551   .debug_str:0000000000000b6c .LASF262
C:\Users\SEBAST~1\AppData\Local\Temp\ccqJY8jQ.s:5587   .debug_str:0000000000000c5d .LASF263
C:\Users\SEBAST~1\AppData\Local\Temp\ccqJY8jQ.s:5809   .debug_str:0000000000001120 .LASF264
C:\Users\SEBAST~1\AppData\Local\Temp\ccqJY8jQ.s:5763   .debug_str:000000000000101c .LASF265
C:\Users\SEBAST~1\AppData\Local\Temp\ccqJY8jQ.s:5743   .debug_str:0000000000000fbd .LASF266
C:\Users\SEBAST~1\AppData\Local\Temp\ccqJY8jQ.s:5879   .debug_str:00000000000012d0 .LASF267
C:\Users\SEBAST~1\AppData\Local\Temp\ccqJY8jQ.s:5657   .debug_str:0000000000000dfc .LASF268
C:\Users\SEBAST~1\AppData\Local\Temp\ccqJY8jQ.s:5109   .debug_str:0000000000000058 .LASF269
C:\Users\SEBAST~1\AppData\Local\Temp\ccqJY8jQ.s:5221   .debug_str:000000000000037d .LASF270
C:\Users\SEBAST~1\AppData\Local\Temp\ccqJY8jQ.s:5659   .debug_str:0000000000000e04 .LASF271
C:\Users\SEBAST~1\AppData\Local\Temp\ccqJY8jQ.s:5615   .debug_str:0000000000000cf0 .LASF272
C:\Users\SEBAST~1\AppData\Local\Temp\ccqJY8jQ.s:5117   .debug_str:0000000000000087 .LASF273
C:\Users\SEBAST~1\AppData\Local\Temp\ccqJY8jQ.s:5731   .debug_str:0000000000000f88 .LASF274
C:\Users\SEBAST~1\AppData\Local\Temp\ccqJY8jQ.s:5855   .debug_str:000000000000124f .LASF275
C:\Users\SEBAST~1\AppData\Local\Temp\ccqJY8jQ.s:5467   .debug_str:0000000000000995 .LASF276
C:\Users\SEBAST~1\AppData\Local\Temp\ccqJY8jQ.s:5721   .debug_str:0000000000000f55 .LASF277
C:\Users\SEBAST~1\AppData\Local\Temp\ccqJY8jQ.s:5485   .debug_str:00000000000009f7 .LASF278
C:\Users\SEBAST~1\AppData\Local\Temp\ccqJY8jQ.s:5747   .debug_str:0000000000000fd3 .LASF279
C:\Users\SEBAST~1\AppData\Local\Temp\ccqJY8jQ.s:5491   .debug_str:0000000000000a1c .LASF280
C:\Users\SEBAST~1\AppData\Local\Temp\ccqJY8jQ.s:5549   .debug_str:0000000000000b66 .LASF281
C:\Users\SEBAST~1\AppData\Local\Temp\ccqJY8jQ.s:5407   .debug_str:00000000000007c4 .LASF282
C:\Users\SEBAST~1\AppData\Local\Temp\ccqJY8jQ.s:5153   .debug_str:000000000000016a .LASF283
C:\Users\SEBAST~1\AppData\Local\Temp\ccqJY8jQ.s:5159   .debug_str:0000000000000181 .LASF284
C:\Users\SEBAST~1\AppData\Local\Temp\ccqJY8jQ.s:5927   .debug_str:00000000000013d0 .LASF285
C:\Users\SEBAST~1\AppData\Local\Temp\ccqJY8jQ.s:5891   .debug_str:000000000000130c .LASF286
C:\Users\SEBAST~1\AppData\Local\Temp\ccqJY8jQ.s:5425   .debug_str:000000000000081b .LASF287
C:\Users\SEBAST~1\AppData\Local\Temp\ccqJY8jQ.s:5269   .debug_str:0000000000000484 .LASF288
C:\Users\SEBAST~1\AppData\Local\Temp\ccqJY8jQ.s:5813   .debug_str:0000000000001134 .LASF289
C:\Users\SEBAST~1\AppData\Local\Temp\ccqJY8jQ.s:5631   .debug_str:0000000000000d72 .LASF290
C:\Users\SEBAST~1\AppData\Local\Temp\ccqJY8jQ.s:5635   .debug_str:0000000000000d88 .LASF291
C:\Users\SEBAST~1\AppData\Local\Temp\ccqJY8jQ.s:5917   .debug_str:0000000000001396 .LASF292
C:\Users\SEBAST~1\AppData\Local\Temp\ccqJY8jQ.s:5219   .debug_str:000000000000036f .LASF293
C:\Users\SEBAST~1\AppData\Local\Temp\ccqJY8jQ.s:5177   .debug_str:0000000000000202 .LASF294
GAS LISTING C:\Users\SEBAST~1\AppData\Local\Temp\ccqJY8jQ.s 			page 10


C:\Users\SEBAST~1\AppData\Local\Temp\ccqJY8jQ.s:5687   .debug_str:0000000000000ea2 .LASF295
C:\Users\SEBAST~1\AppData\Local\Temp\ccqJY8jQ.s:5807   .debug_str:0000000000001117 .LASF296
C:\Users\SEBAST~1\AppData\Local\Temp\ccqJY8jQ.s:5833   .debug_str:00000000000011b3 .LASF297
C:\Users\SEBAST~1\AppData\Local\Temp\ccqJY8jQ.s:5609   .debug_str:0000000000000ccd .LASF298
C:\Users\SEBAST~1\AppData\Local\Temp\ccqJY8jQ.s:5339   .debug_str:0000000000000635 .LASF299
C:\Users\SEBAST~1\AppData\Local\Temp\ccqJY8jQ.s:5353   .debug_str:0000000000000695 .LASF300
C:\Users\SEBAST~1\AppData\Local\Temp\ccqJY8jQ.s:5831   .debug_str:00000000000011ac .LASF301
C:\Users\SEBAST~1\AppData\Local\Temp\ccqJY8jQ.s:5719   .debug_str:0000000000000f4f .LASF302
C:\Users\SEBAST~1\AppData\Local\Temp\ccqJY8jQ.s:5243   .debug_str:00000000000003e6 .LASF303
C:\Users\SEBAST~1\AppData\Local\Temp\ccqJY8jQ.s:5893   .debug_str:0000000000001316 .LASF304
C:\Users\SEBAST~1\AppData\Local\Temp\ccqJY8jQ.s:5607   .debug_str:0000000000000cc6 .LASF305
C:\Users\SEBAST~1\AppData\Local\Temp\ccqJY8jQ.s:5223   .debug_str:0000000000000383 .LASF306
C:\Users\SEBAST~1\AppData\Local\Temp\ccqJY8jQ.s:5823   .debug_str:0000000000001177 .LASF307
C:\Users\SEBAST~1\AppData\Local\Temp\ccqJY8jQ.s:5403   .debug_str:00000000000007b4 .LASF308
C:\Users\SEBAST~1\AppData\Local\Temp\ccqJY8jQ.s:5129   .debug_str:00000000000000c5 .LASF309
C:\Users\SEBAST~1\AppData\Local\Temp\ccqJY8jQ.s:5133   .debug_str:00000000000000f3 .LASF310
C:\Users\SEBAST~1\AppData\Local\Temp\ccqJY8jQ.s:5653   .debug_str:0000000000000de8 .LASF311
C:\Users\SEBAST~1\AppData\Local\Temp\ccqJY8jQ.s:5355   .debug_str:000000000000069a .LASF312
C:\Users\SEBAST~1\AppData\Local\Temp\ccqJY8jQ.s:5591   .debug_str:0000000000000c6d .LASF313
C:\Users\SEBAST~1\AppData\Local\Temp\ccqJY8jQ.s:5157   .debug_str:000000000000017b .LASF314
C:\Users\SEBAST~1\AppData\Local\Temp\ccqJY8jQ.s:5699   .debug_str:0000000000000ee4 .LASF315
C:\Users\SEBAST~1\AppData\Local\Temp\ccqJY8jQ.s:5419   .debug_str:0000000000000800 .LASF316
C:\Users\SEBAST~1\AppData\Local\Temp\ccqJY8jQ.s:5751   .debug_str:0000000000000fe1 .LASF317
C:\Users\SEBAST~1\AppData\Local\Temp\ccqJY8jQ.s:5179   .debug_str:000000000000020a .LASF318
C:\Users\SEBAST~1\AppData\Local\Temp\ccqJY8jQ.s:5597   .debug_str:0000000000000c89 .LASF319
C:\Users\SEBAST~1\AppData\Local\Temp\ccqJY8jQ.s:5459   .debug_str:0000000000000920 .LASF320
C:\Users\SEBAST~1\AppData\Local\Temp\ccqJY8jQ.s:5193   .debug_str:00000000000002d3 .LASF321
C:\Users\SEBAST~1\AppData\Local\Temp\ccqJY8jQ.s:5473   .debug_str:00000000000009b7 .LASF322
C:\Users\SEBAST~1\AppData\Local\Temp\ccqJY8jQ.s:5369   .debug_str:00000000000006f4 .LASF323
C:\Users\SEBAST~1\AppData\Local\Temp\ccqJY8jQ.s:5693   .debug_str:0000000000000ebb .LASF324
C:\Users\SEBAST~1\AppData\Local\Temp\ccqJY8jQ.s:5593   .debug_str:0000000000000c73 .LASF325
C:\Users\SEBAST~1\AppData\Local\Temp\ccqJY8jQ.s:5825   .debug_str:0000000000001180 .LASF326
C:\Users\SEBAST~1\AppData\Local\Temp\ccqJY8jQ.s:5617   .debug_str:0000000000000cf8 .LASF327
C:\Users\SEBAST~1\AppData\Local\Temp\ccqJY8jQ.s:5919   .debug_str:00000000000013a1 .LASF328
C:\Users\SEBAST~1\AppData\Local\Temp\ccqJY8jQ.s:5853   .debug_str:0000000000001247 .LASF329
C:\Users\SEBAST~1\AppData\Local\Temp\ccqJY8jQ.s:5457   .debug_str:0000000000000915 .LASF330
C:\Users\SEBAST~1\AppData\Local\Temp\ccqJY8jQ.s:5497   .debug_str:0000000000000a3a .LASF331
C:\Users\SEBAST~1\AppData\Local\Temp\ccqJY8jQ.s:5865   .debug_str:0000000000001285 .LASF332
C:\Users\SEBAST~1\AppData\Local\Temp\ccqJY8jQ.s:5241   .debug_str:00000000000003dc .LASF333
C:\Users\SEBAST~1\AppData\Local\Temp\ccqJY8jQ.s:5443   .debug_str:00000000000008aa .LASF334
C:\Users\SEBAST~1\AppData\Local\Temp\ccqJY8jQ.s:5541   .debug_str:0000000000000b42 .LASF335
C:\Users\SEBAST~1\AppData\Local\Temp\ccqJY8jQ.s:5141   .debug_str:0000000000000123 .LASF336
C:\Users\SEBAST~1\AppData\Local\Temp\ccqJY8jQ.s:5423   .debug_str:0000000000000813 .LASF337
C:\Users\SEBAST~1\AppData\Local\Temp\ccqJY8jQ.s:5589   .debug_str:0000000000000c68 .LASF338
C:\Users\SEBAST~1\AppData\Local\Temp\ccqJY8jQ.s:5499   .debug_str:0000000000000a44 .LASF339
C:\Users\SEBAST~1\AppData\Local\Temp\ccqJY8jQ.s:5413   .debug_str:00000000000007dd .LASF340
C:\Users\SEBAST~1\AppData\Local\Temp\ccqJY8jQ.s:5521   .debug_str:0000000000000ac0 .LASF341
C:\Users\SEBAST~1\AppData\Local\Temp\ccqJY8jQ.s:5123   .debug_str:00000000000000a3 .LASF342
C:\Users\SEBAST~1\AppData\Local\Temp\ccqJY8jQ.s:5347   .debug_str:000000000000066c .LASF343
C:\Users\SEBAST~1\AppData\Local\Temp\ccqJY8jQ.s:5725   .debug_str:0000000000000f69 .LASF344
C:\Users\SEBAST~1\AppData\Local\Temp\ccqJY8jQ.s:5547   .debug_str:0000000000000b60 .LASF345
C:\Users\SEBAST~1\AppData\Local\Temp\ccqJY8jQ.s:5515   .debug_str:0000000000000aa4 .LASF346
C:\Users\SEBAST~1\AppData\Local\Temp\ccqJY8jQ.s:5543   .debug_str:0000000000000b4c .LASF347
C:\Users\SEBAST~1\AppData\Local\Temp\ccqJY8jQ.s:5691   .debug_str:0000000000000eb3 .LASF348
C:\Users\SEBAST~1\AppData\Local\Temp\ccqJY8jQ.s:5647   .debug_str:0000000000000dcb .LASF349
C:\Users\SEBAST~1\AppData\Local\Temp\ccqJY8jQ.s:5191   .debug_str:00000000000002cd .LASF350
C:\Users\SEBAST~1\AppData\Local\Temp\ccqJY8jQ.s:5883   .debug_str:00000000000012e2 .LASF351
GAS LISTING C:\Users\SEBAST~1\AppData\Local\Temp\ccqJY8jQ.s 			page 11


C:\Users\SEBAST~1\AppData\Local\Temp\ccqJY8jQ.s:5283   .debug_str:00000000000004e3 .LASF352
C:\Users\SEBAST~1\AppData\Local\Temp\ccqJY8jQ.s:5711   .debug_str:0000000000000f20 .LASF353
C:\Users\SEBAST~1\AppData\Local\Temp\ccqJY8jQ.s:5139   .debug_str:0000000000000116 .LASF354
C:\Users\SEBAST~1\AppData\Local\Temp\ccqJY8jQ.s:5265   .debug_str:000000000000046d .LASF355
C:\Users\SEBAST~1\AppData\Local\Temp\ccqJY8jQ.s:5533   .debug_str:0000000000000b0a .LASF356
C:\Users\SEBAST~1\AppData\Local\Temp\ccqJY8jQ.s:5603   .debug_str:0000000000000cb2 .LASF357
C:\Users\SEBAST~1\AppData\Local\Temp\ccqJY8jQ.s:5739   .debug_str:0000000000000fb3 .LASF358
C:\Users\SEBAST~1\AppData\Local\Temp\ccqJY8jQ.s:5791   .debug_str:00000000000010bb .LASF359
C:\Users\SEBAST~1\AppData\Local\Temp\ccqJY8jQ.s:5665   .debug_str:0000000000000e28 .LASF360
C:\Users\SEBAST~1\AppData\Local\Temp\ccqJY8jQ.s:5595   .debug_str:0000000000000c7b .LASF361
C:\Users\SEBAST~1\AppData\Local\Temp\ccqJY8jQ.s:5163   .debug_str:0000000000000192 .LASF362
C:\Users\SEBAST~1\AppData\Local\Temp\ccqJY8jQ.s:5479   .debug_str:00000000000009d7 .LASF363
C:\Users\SEBAST~1\AppData\Local\Temp\ccqJY8jQ.s:5929   .debug_str:00000000000013d9 .LASF364
C:\Users\SEBAST~1\AppData\Local\Temp\ccqJY8jQ.s:5233   .debug_str:00000000000003b3 .LASF365
C:\Users\SEBAST~1\AppData\Local\Temp\ccqJY8jQ.s:5715   .debug_str:0000000000000f37 .LASF366
C:\Users\SEBAST~1\AppData\Local\Temp\ccqJY8jQ.s:5905   .debug_str:0000000000001353 .LASF367
C:\Users\SEBAST~1\AppData\Local\Temp\ccqJY8jQ.s:5579   .debug_str:0000000000000c29 .LASF368
C:\Users\SEBAST~1\AppData\Local\Temp\ccqJY8jQ.s:5559   .debug_str:0000000000000ba2 .LASF369
C:\Users\SEBAST~1\AppData\Local\Temp\ccqJY8jQ.s:5683   .debug_str:0000000000000e90 .LASF370
C:\Users\SEBAST~1\AppData\Local\Temp\ccqJY8jQ.s:5837   .debug_str:00000000000011c8 .LASF371
C:\Users\SEBAST~1\AppData\Local\Temp\ccqJY8jQ.s:5527   .debug_str:0000000000000ae5 .LASF372
C:\Users\SEBAST~1\AppData\Local\Temp\ccqJY8jQ.s:5151   .debug_str:0000000000000162 .LASF373
C:\Users\SEBAST~1\AppData\Local\Temp\ccqJY8jQ.s:5115   .debug_str:000000000000007c .LASF420
C:\Users\SEBAST~1\AppData\Local\Temp\ccqJY8jQ.s:5237   .debug_str:00000000000003ca .LASF374
C:\Users\SEBAST~1\AppData\Local\Temp\ccqJY8jQ.s:5621   .debug_str:0000000000000d26 .LASF375
C:\Users\SEBAST~1\AppData\Local\Temp\ccqJY8jQ.s:5325   .debug_str:00000000000005de .LASF376
C:\Users\SEBAST~1\AppData\Local\Temp\ccqJY8jQ.s:5921   .debug_str:00000000000013ba .LASF377
C:\Users\SEBAST~1\AppData\Local\Temp\ccqJY8jQ.s:5839   .debug_str:00000000000011cf .LASF378
C:\Users\SEBAST~1\AppData\Local\Temp\ccqJY8jQ.s:5291   .debug_str:0000000000000529 .LASF379
C:\Users\SEBAST~1\AppData\Local\Temp\ccqJY8jQ.s:5307   .debug_str:0000000000000593 .LASF380
C:\Users\SEBAST~1\AppData\Local\Temp\ccqJY8jQ.s:5169   .debug_str:00000000000001b5 .LASF381
C:\Users\SEBAST~1\AppData\Local\Temp\ccqJY8jQ.s:5619   .debug_str:0000000000000d03 .LASF382
C:\Users\SEBAST~1\AppData\Local\Temp\ccqJY8jQ.s:5847   .debug_str:0000000000001220 .LASF383
C:\Users\SEBAST~1\AppData\Local\Temp\ccqJY8jQ.s:5363   .debug_str:00000000000006c2 .LASF384
C:\Users\SEBAST~1\AppData\Local\Temp\ccqJY8jQ.s:5289   .debug_str:0000000000000504 .LASF385
C:\Users\SEBAST~1\AppData\Local\Temp\ccqJY8jQ.s:5251   .debug_str:0000000000000419 .LASF386
C:\Users\SEBAST~1\AppData\Local\Temp\ccqJY8jQ.s:5821   .debug_str:0000000000001163 .LASF387
C:\Users\SEBAST~1\AppData\Local\Temp\ccqJY8jQ.s:5271   .debug_str:000000000000048d .LASF388
C:\Users\SEBAST~1\AppData\Local\Temp\ccqJY8jQ.s:5431   .debug_str:000000000000083d .LASF389
C:\Users\SEBAST~1\AppData\Local\Temp\ccqJY8jQ.s:5195   .debug_str:00000000000002da .LASF390
C:\Users\SEBAST~1\AppData\Local\Temp\ccqJY8jQ.s:5145   .debug_str:0000000000000134 .LASF391
C:\Users\SEBAST~1\AppData\Local\Temp\ccqJY8jQ.s:5341   .debug_str:000000000000063a .LASF392
C:\Users\SEBAST~1\AppData\Local\Temp\ccqJY8jQ.s:5555   .debug_str:0000000000000b7f .LASF393
C:\Users\SEBAST~1\AppData\Local\Temp\ccqJY8jQ.s:5107   .debug_str:000000000000003f .LASF394
C:\Users\SEBAST~1\AppData\Local\Temp\ccqJY8jQ.s:5131   .debug_str:00000000000000cb .LASF395
C:\Users\SEBAST~1\AppData\Local\Temp\ccqJY8jQ.s:5835   .debug_str:00000000000011bb .LASF396
C:\Users\SEBAST~1\AppData\Local\Temp\ccqJY8jQ.s:5841   .debug_str:00000000000011f5 .LASF397
C:\Users\SEBAST~1\AppData\Local\Temp\ccqJY8jQ.s:5249   .debug_str:0000000000000400 .LASF398
C:\Users\SEBAST~1\AppData\Local\Temp\ccqJY8jQ.s:5135   .debug_str:00000000000000fa .LASF399
C:\Users\SEBAST~1\AppData\Local\Temp\ccqJY8jQ.s:5471   .debug_str:00000000000009ad .LASF400
C:\Users\SEBAST~1\AppData\Local\Temp\ccqJY8jQ.s:5537   .debug_str:0000000000000b21 .LASF401
C:\Users\SEBAST~1\AppData\Local\Temp\ccqJY8jQ.s:5171   .debug_str:00000000000001e3 .LASF402
C:\Users\SEBAST~1\AppData\Local\Temp\ccqJY8jQ.s:5435   .debug_str:000000000000085e .LASF403
C:\Users\SEBAST~1\AppData\Local\Temp\ccqJY8jQ.s:5381   .debug_str:0000000000000745 .LASF404
C:\Users\SEBAST~1\AppData\Local\Temp\ccqJY8jQ.s:5845   .debug_str:0000000000001210 .LASF407
C:\Users\SEBAST~1\AppData\Local\Temp\ccqJY8jQ.s:52     .text.debug_port_init:0000000000000000 .LFB8
C:\Users\SEBAST~1\AppData\Local\Temp\ccqJY8jQ.s:97     .text.debug_port_init:0000000000000042 .LFE8
GAS LISTING C:\Users\SEBAST~1\AppData\Local\Temp\ccqJY8jQ.s 			page 12


C:\Users\SEBAST~1\AppData\Local\Temp\ccqJY8jQ.s:4981   .debug_loc:0000000000000000 .LLST4
C:\Users\SEBAST~1\AppData\Local\Temp\ccqJY8jQ.s:64     .text.debug_port_init:000000000000000c .LVL6
C:\Users\SEBAST~1\AppData\Local\Temp\ccqJY8jQ.s:68     .text.debug_port_init:0000000000000018 .LVL7
C:\Users\SEBAST~1\AppData\Local\Temp\ccqJY8jQ.s:72     .text.debug_port_init:0000000000000024 .LVL8
C:\Users\SEBAST~1\AppData\Local\Temp\ccqJY8jQ.s:77     .text.debug_port_init:000000000000002c .LVL9
C:\Users\SEBAST~1\AppData\Local\Temp\ccqJY8jQ.s:94     .text.debug_port_init:0000000000000040 .LVL10
C:\Users\SEBAST~1\AppData\Local\Temp\ccqJY8jQ.s:5681   .debug_str:0000000000000e80 .LASF421
C:\Users\SEBAST~1\AppData\Local\Temp\ccqJY8jQ.s:36     .text.debug_port_read:0000000000000000 .LFB7
C:\Users\SEBAST~1\AppData\Local\Temp\ccqJY8jQ.s:45     .text.debug_port_read:0000000000000008 .LFE7
C:\Users\SEBAST~1\AppData\Local\Temp\ccqJY8jQ.s:5399   .debug_str:00000000000007a3 .LASF405
C:\Users\SEBAST~1\AppData\Local\Temp\ccqJY8jQ.s:5004   .debug_loc:0000000000000038 .LLST2
C:\Users\SEBAST~1\AppData\Local\Temp\ccqJY8jQ.s:5475   .debug_str:00000000000009be .LASF406
C:\Users\SEBAST~1\AppData\Local\Temp\ccqJY8jQ.s:5018   .debug_loc:0000000000000059 .LLST3
C:\Users\SEBAST~1\AppData\Local\Temp\ccqJY8jQ.s:43     .text.debug_port_read:0000000000000008 .LVL5
C:\Users\SEBAST~1\AppData\Local\Temp\ccqJY8jQ.s:5601   .debug_str:0000000000000ca1 .LASF408
C:\Users\SEBAST~1\AppData\Local\Temp\ccqJY8jQ.s:15     .text.debug_port_print:0000000000000000 .LFB6
C:\Users\SEBAST~1\AppData\Local\Temp\ccqJY8jQ.s:29     .text.debug_port_print:000000000000000e .LFE6
C:\Users\SEBAST~1\AppData\Local\Temp\ccqJY8jQ.s:5895   .debug_str:000000000000131e .LASF409
C:\Users\SEBAST~1\AppData\Local\Temp\ccqJY8jQ.s:5032   .debug_loc:000000000000007a .LLST0
C:\Users\SEBAST~1\AppData\Local\Temp\ccqJY8jQ.s:5671   .debug_str:0000000000000e47 .LASF410
C:\Users\SEBAST~1\AppData\Local\Temp\ccqJY8jQ.s:5050   .debug_loc:00000000000000a6 .LLST1
C:\Users\SEBAST~1\AppData\Local\Temp\ccqJY8jQ.s:27     .text.debug_port_print:000000000000000e .LVL3
C:\Users\SEBAST~1\AppData\Local\Temp\ccqJY8jQ.s:5375   .debug_str:000000000000071a .LASF411
C:\Users\SEBAST~1\AppData\Local\Temp\ccqJY8jQ.s:5935   .debug_str:00000000000013fe .LASF412
C:\Users\SEBAST~1\AppData\Local\Temp\ccqJY8jQ.s:5697   .debug_str:0000000000000ecf .LASF413
C:\Users\SEBAST~1\AppData\Local\Temp\ccqJY8jQ.s:5383   .debug_str:0000000000000751 .LASF414
C:\Users\SEBAST~1\AppData\Local\Temp\ccqJY8jQ.s:5789   .debug_str:00000000000010ab .LASF415
C:\Users\SEBAST~1\AppData\Local\Temp\ccqJY8jQ.s:58     .text.debug_port_init:0000000000000002 .LCFI0
C:\Users\SEBAST~1\AppData\Local\Temp\ccqJY8jQ.s:85     .text.debug_port_init:0000000000000032 .LCFI1
C:\Users\SEBAST~1\AppData\Local\Temp\ccqJY8jQ.s:89     .text.debug_port_init:0000000000000034 .LCFI2
C:\Users\SEBAST~1\AppData\Local\Temp\ccqJY8jQ.s:39     .text.debug_port_read:0000000000000000 .LVL4
C:\Users\SEBAST~1\AppData\Local\Temp\ccqJY8jQ.s:19     .text.debug_port_print:0000000000000000 .LVL0
C:\Users\SEBAST~1\AppData\Local\Temp\ccqJY8jQ.s:25     .text.debug_port_print:0000000000000006 .LVL2
C:\Users\SEBAST~1\AppData\Local\Temp\ccqJY8jQ.s:23     .text.debug_port_print:0000000000000004 .LVL1
C:\Users\SEBAST~1\AppData\Local\Temp\ccqJY8jQ.s:119    .debug_info:0000000000000000 .Ldebug_info0

UNDEFINED SYMBOLS
_write
read_usb_serial
configure_usb_serial
dbg_attatch_irq
usb_serial_available
dbg_delay_1ms
