GAS LISTING C:\Users\SEBAST~1\AppData\Local\Temp\ccrevyF5.s 			page 1


   1              		.file	"init.c"
   2              		.option nopic
   3              		.attribute arch, "rv32i2p0_m2p0_a2p0_c2p0"
   4              		.attribute unaligned_access, 0
   5              		.attribute stack_align, 16
   6              		.text
   7              	.Ltext0:
   8              		.cfi_sections	.debug_frame
   9              		.section	.text._init,"ax",@progbits
  10              		.align	1
  11              		.globl	_init
  13              	_init:
  14              	.LFB5:
  15              		.file 1 "./../../firmware/RISCV/env_Eclipse/init.c"
   1:./../../firmware/RISCV/env_Eclipse/init.c **** //See LICENSE for license details.
   2:./../../firmware/RISCV/env_Eclipse/init.c **** #include <gd32vf103.h>
   3:./../../firmware/RISCV/env_Eclipse/init.c **** #include <stdint.h>
   4:./../../firmware/RISCV/env_Eclipse/init.c **** #include <stdio.h>
   5:./../../firmware/RISCV/env_Eclipse/init.c **** #include <unistd.h>
   6:./../../firmware/RISCV/env_Eclipse/init.c **** #include "riscv_encoding.h"
   7:./../../firmware/RISCV/env_Eclipse/init.c **** #include "n200_func.h"
   8:./../../firmware/RISCV/env_Eclipse/init.c **** 
   9:./../../firmware/RISCV/env_Eclipse/init.c **** #ifdef USE_SOFTWARE_DEBUGGER
  10:./../../firmware/RISCV/env_Eclipse/init.c **** #include "debugger.h"
  11:./../../firmware/RISCV/env_Eclipse/init.c **** #endif
  12:./../../firmware/RISCV/env_Eclipse/init.c **** 
  13:./../../firmware/RISCV/env_Eclipse/init.c **** extern uint32_t disable_mcycle_minstret();
  14:./../../firmware/RISCV/env_Eclipse/init.c **** void _init()
  15:./../../firmware/RISCV/env_Eclipse/init.c **** {
  16              		.loc 1 15 1
  17              		.cfi_startproc
  16:./../../firmware/RISCV/env_Eclipse/init.c **** 	SystemInit();
  18              		.loc 1 16 2
  15:./../../firmware/RISCV/env_Eclipse/init.c **** 	SystemInit();
  19              		.loc 1 15 1 is_stmt 0
  20 0000 4111     		addi	sp,sp,-16
  21              	.LCFI0:
  22              		.cfi_def_cfa_offset 16
  23 0002 06C6     		sw	ra,12(sp)
  24              		.cfi_offset 1, -4
  25              		.loc 1 16 2
  26 0004 97000000 		call	SystemInit
  26      E7800000 
  27              	.LVL0:
  17:./../../firmware/RISCV/env_Eclipse/init.c **** 
  18:./../../firmware/RISCV/env_Eclipse/init.c **** 	//ECLIC init
  19:./../../firmware/RISCV/env_Eclipse/init.c **** 	eclic_init(ECLIC_NUM_INTERRUPTS);
  28              		.loc 1 19 2 is_stmt 1
  29 000c 13057005 		li	a0,87
  30 0010 97000000 		call	eclic_init
  30      E7800000 
  31              	.LVL1:
  20:./../../firmware/RISCV/env_Eclipse/init.c **** 	eclic_mode_enable();
  32              		.loc 1 20 2
  33 0018 97000000 		call	eclic_mode_enable
  33      E7800000 
  34              	.LVL2:
GAS LISTING C:\Users\SEBAST~1\AppData\Local\Temp\ccrevyF5.s 			page 2


  21:./../../firmware/RISCV/env_Eclipse/init.c **** 
  22:./../../firmware/RISCV/env_Eclipse/init.c **** 	//printf("After ECLIC mode enabled, the mtvec value is %x \n\n\r", read_csr(mtvec));
  23:./../../firmware/RISCV/env_Eclipse/init.c **** 
  24:./../../firmware/RISCV/env_Eclipse/init.c **** 	// // It must be NOTED:
  25:./../../firmware/RISCV/env_Eclipse/init.c **** 	//  //    * In the RISC-V arch, if user mode and PMP supported, then by default if PMP is not conf
  26:./../../firmware/RISCV/env_Eclipse/init.c **** 	//  //      with valid entries, then user mode cannot access any memory, and cannot execute any in
  27:./../../firmware/RISCV/env_Eclipse/init.c **** 	//  //    * So if switch to user-mode and still want to continue, then you must configure PMP firs
  28:./../../firmware/RISCV/env_Eclipse/init.c **** 	//pmp_open_all_space();
  29:./../../firmware/RISCV/env_Eclipse/init.c **** 	//switch_m2u_mode();
  30:./../../firmware/RISCV/env_Eclipse/init.c **** 	
  31:./../../firmware/RISCV/env_Eclipse/init.c ****     /* Before enter into main, add the cycle/instret disable by default to save power,
  32:./../../firmware/RISCV/env_Eclipse/init.c ****     only use them when needed to measure the cycle/instret */
  33:./../../firmware/RISCV/env_Eclipse/init.c **** 	disable_mcycle_minstret();
  35              		.loc 1 33 2
  34:./../../firmware/RISCV/env_Eclipse/init.c **** #ifdef USE_SOFTWARE_DEBUGGER
  35:./../../firmware/RISCV/env_Eclipse/init.c **** 	dbg_init();
  36:./../../firmware/RISCV/env_Eclipse/init.c **** #endif
  37:./../../firmware/RISCV/env_Eclipse/init.c **** 	
  38:./../../firmware/RISCV/env_Eclipse/init.c **** 
  39:./../../firmware/RISCV/env_Eclipse/init.c **** }
  36              		.loc 1 39 1 is_stmt 0
  37 0020 B240     		lw	ra,12(sp)
  38              		.cfi_restore 1
  39 0022 4101     		addi	sp,sp,16
  40              	.LCFI1:
  41              		.cfi_def_cfa_offset 0
  33:./../../firmware/RISCV/env_Eclipse/init.c **** #ifdef USE_SOFTWARE_DEBUGGER
  42              		.loc 1 33 2
  43 0024 17030000 		tail	disable_mcycle_minstret
  43      67000300 
  44              	.LVL3:
  45              		.cfi_endproc
  46              	.LFE5:
  48              		.section	.text._fini,"ax",@progbits
  49              		.align	1
  50              		.globl	_fini
  52              	_fini:
  53              	.LFB6:
  40:./../../firmware/RISCV/env_Eclipse/init.c **** 
  41:./../../firmware/RISCV/env_Eclipse/init.c **** void _fini()
  42:./../../firmware/RISCV/env_Eclipse/init.c **** {
  54              		.loc 1 42 1 is_stmt 1
  55              		.cfi_startproc
  43:./../../firmware/RISCV/env_Eclipse/init.c **** }
  56              		.loc 1 43 1
  57 0000 8280     		ret
  58              		.cfi_endproc
  59              	.LFE6:
  61              		.text
  62              	.Letext0:
  63              		.file 2 "c:\\users\\sebastian\\downloads\\mikrodatorteknik\\toolchain-gd32v-v201-win\\compiler\\ri
  64              		.file 3 "c:\\users\\sebastian\\downloads\\mikrodatorteknik\\toolchain-gd32v-v201-win\\compiler\\ri
  65              		.file 4 "c:\\users\\sebastian\\downloads\\mikrodatorteknik\\toolchain-gd32v-v201-win\\compiler\\li
  66              		.file 5 "c:\\users\\sebastian\\downloads\\mikrodatorteknik\\toolchain-gd32v-v201-win\\compiler\\ri
  67              		.file 6 "c:\\users\\sebastian\\downloads\\mikrodatorteknik\\toolchain-gd32v-v201-win\\compiler\\ri
  68              		.file 7 "c:\\users\\sebastian\\downloads\\mikrodatorteknik\\toolchain-gd32v-v201-win\\compiler\\ri
  69              		.file 8 "./../../firmware/GD32VF103_standard_peripheral/system_gd32vf103.h"
GAS LISTING C:\Users\SEBAST~1\AppData\Local\Temp\ccrevyF5.s 			page 3


  70              		.file 9 "c:\\users\\sebastian\\downloads\\mikrodatorteknik\\toolchain-gd32v-v201-win\\compiler\\ri
  71              		.file 10 "./../../firmware/RISCV/drivers/n200_func.h"
  72              		.file 11 "./../../firmware/GD32VF103_standard_peripheral/gd32vf103.h"
GAS LISTING C:\Users\SEBAST~1\AppData\Local\Temp\ccrevyF5.s 			page 4


DEFINED SYMBOLS
                            *ABS*:0000000000000000 init.c
C:\Users\SEBAST~1\AppData\Local\Temp\ccrevyF5.s:13     .text._init:0000000000000000 _init
C:\Users\SEBAST~1\AppData\Local\Temp\ccrevyF5.s:17     .text._init:0000000000000000 .L0 
C:\Users\SEBAST~1\AppData\Local\Temp\ccrevyF5.s:18     .text._init:0000000000000000 .L0 
C:\Users\SEBAST~1\AppData\Local\Temp\ccrevyF5.s:19     .text._init:0000000000000000 .L0 
C:\Users\SEBAST~1\AppData\Local\Temp\ccrevyF5.s:20     .text._init:0000000000000000 .L0 
C:\Users\SEBAST~1\AppData\Local\Temp\ccrevyF5.s:22     .text._init:0000000000000002 .L0 
C:\Users\SEBAST~1\AppData\Local\Temp\ccrevyF5.s:24     .text._init:0000000000000004 .L0 
C:\Users\SEBAST~1\AppData\Local\Temp\ccrevyF5.s:26     .text._init:0000000000000004 .L0 
C:\Users\SEBAST~1\AppData\Local\Temp\ccrevyF5.s:29     .text._init:000000000000000c .L0 
C:\Users\SEBAST~1\AppData\Local\Temp\ccrevyF5.s:33     .text._init:0000000000000018 .L0 
C:\Users\SEBAST~1\AppData\Local\Temp\ccrevyF5.s:36     .text._init:0000000000000020 .L0 
C:\Users\SEBAST~1\AppData\Local\Temp\ccrevyF5.s:37     .text._init:0000000000000020 .L0 
C:\Users\SEBAST~1\AppData\Local\Temp\ccrevyF5.s:38     .text._init:0000000000000022 .L0 
C:\Users\SEBAST~1\AppData\Local\Temp\ccrevyF5.s:41     .text._init:0000000000000024 .L0 
C:\Users\SEBAST~1\AppData\Local\Temp\ccrevyF5.s:43     .text._init:0000000000000024 .L0 
C:\Users\SEBAST~1\AppData\Local\Temp\ccrevyF5.s:45     .text._init:000000000000002c .L0 
C:\Users\SEBAST~1\AppData\Local\Temp\ccrevyF5.s:52     .text._fini:0000000000000000 _fini
C:\Users\SEBAST~1\AppData\Local\Temp\ccrevyF5.s:55     .text._fini:0000000000000000 .L0 
C:\Users\SEBAST~1\AppData\Local\Temp\ccrevyF5.s:56     .text._fini:0000000000000000 .L0 
C:\Users\SEBAST~1\AppData\Local\Temp\ccrevyF5.s:57     .text._fini:0000000000000000 .L0 
C:\Users\SEBAST~1\AppData\Local\Temp\ccrevyF5.s:58     .text._fini:0000000000000002 .L0 
C:\Users\SEBAST~1\AppData\Local\Temp\ccrevyF5.s:48     .text._init:000000000000002c .L0 
C:\Users\SEBAST~1\AppData\Local\Temp\ccrevyF5.s:61     .text._fini:0000000000000002 .L0 
                     .debug_frame:0000000000000000 .L0 
C:\Users\SEBAST~1\AppData\Local\Temp\ccrevyF5.s:1818   .debug_abbrev:0000000000000000 .Ldebug_abbrev0
C:\Users\SEBAST~1\AppData\Local\Temp\ccrevyF5.s:2740   .debug_str:0000000000000748 .LASF199
C:\Users\SEBAST~1\AppData\Local\Temp\ccrevyF5.s:2466   .debug_str:000000000000018e .LASF200
C:\Users\SEBAST~1\AppData\Local\Temp\ccrevyF5.s:2786   .debug_str:00000000000008ce .LASF201
C:\Users\SEBAST~1\AppData\Local\Temp\ccrevyF5.s:2396   .debug_ranges:0000000000000000 .Ldebug_ranges0
C:\Users\SEBAST~1\AppData\Local\Temp\ccrevyF5.s:2404   .debug_line:0000000000000000 .Ldebug_line0
C:\Users\SEBAST~1\AppData\Local\Temp\ccrevyF5.s:2606   .debug_str:0000000000000499 .LASF202
C:\Users\SEBAST~1\AppData\Local\Temp\ccrevyF5.s:2522   .debug_str:00000000000002ed .LASF0
C:\Users\SEBAST~1\AppData\Local\Temp\ccrevyF5.s:2812   .debug_str:00000000000009a5 .LASF1
C:\Users\SEBAST~1\AppData\Local\Temp\ccrevyF5.s:2752   .debug_str:000000000000080b .LASF2
C:\Users\SEBAST~1\AppData\Local\Temp\ccrevyF5.s:2516   .debug_str:00000000000002be .LASF3
C:\Users\SEBAST~1\AppData\Local\Temp\ccrevyF5.s:2598   .debug_str:0000000000000470 .LASF4
C:\Users\SEBAST~1\AppData\Local\Temp\ccrevyF5.s:2576   .debug_str:0000000000000418 .LASF5
C:\Users\SEBAST~1\AppData\Local\Temp\ccrevyF5.s:2792   .debug_str:0000000000000933 .LASF6
C:\Users\SEBAST~1\AppData\Local\Temp\ccrevyF5.s:2742   .debug_str:00000000000007d0 .LASF7
C:\Users\SEBAST~1\AppData\Local\Temp\ccrevyF5.s:2578   .debug_str:0000000000000423 .LASF8
C:\Users\SEBAST~1\AppData\Local\Temp\ccrevyF5.s:2782   .debug_str:00000000000008b1 .LASF9
C:\Users\SEBAST~1\AppData\Local\Temp\ccrevyF5.s:2660   .debug_str:00000000000005c8 .LASF10
C:\Users\SEBAST~1\AppData\Local\Temp\ccrevyF5.s:2764   .debug_str:0000000000000856 .LASF11
C:\Users\SEBAST~1\AppData\Local\Temp\ccrevyF5.s:2816   .debug_str:00000000000009bc .LASF12
C:\Users\SEBAST~1\AppData\Local\Temp\ccrevyF5.s:2440   .debug_str:00000000000000e3 .LASF13
C:\Users\SEBAST~1\AppData\Local\Temp\ccrevyF5.s:2622   .debug_str:00000000000004e3 .LASF14
C:\Users\SEBAST~1\AppData\Local\Temp\ccrevyF5.s:2662   .debug_str:00000000000005d5 .LASF15
C:\Users\SEBAST~1\AppData\Local\Temp\ccrevyF5.s:2674   .debug_str:000000000000060b .LASF16
C:\Users\SEBAST~1\AppData\Local\Temp\ccrevyF5.s:2436   .debug_str:00000000000000c5 .LASF17
C:\Users\SEBAST~1\AppData\Local\Temp\ccrevyF5.s:2502   .debug_str:000000000000026d .LASF18
C:\Users\SEBAST~1\AppData\Local\Temp\ccrevyF5.s:2554   .debug_str:0000000000000393 .LASF19
C:\Users\SEBAST~1\AppData\Local\Temp\ccrevyF5.s:2636   .debug_str:0000000000000538 .LASF20
C:\Users\SEBAST~1\AppData\Local\Temp\ccrevyF5.s:2774   .debug_str:0000000000000881 .LASF21
C:\Users\SEBAST~1\AppData\Local\Temp\ccrevyF5.s:2408   .debug_str:000000000000000c .LASF22
C:\Users\SEBAST~1\AppData\Local\Temp\ccrevyF5.s:2444   .debug_str:00000000000000fd .LASF23
GAS LISTING C:\Users\SEBAST~1\AppData\Local\Temp\ccrevyF5.s 			page 5


C:\Users\SEBAST~1\AppData\Local\Temp\ccrevyF5.s:2512   .debug_str:00000000000002a6 .LASF24
C:\Users\SEBAST~1\AppData\Local\Temp\ccrevyF5.s:2410   .debug_str:000000000000001f .LASF25
C:\Users\SEBAST~1\AppData\Local\Temp\ccrevyF5.s:2454   .debug_str:000000000000014c .LASF26
C:\Users\SEBAST~1\AppData\Local\Temp\ccrevyF5.s:2506   .debug_str:000000000000028a .LASF27
C:\Users\SEBAST~1\AppData\Local\Temp\ccrevyF5.s:2496   .debug_str:0000000000000243 .LASF28
C:\Users\SEBAST~1\AppData\Local\Temp\ccrevyF5.s:2544   .debug_str:000000000000035d .LASF29
C:\Users\SEBAST~1\AppData\Local\Temp\ccrevyF5.s:2470   .debug_str:00000000000001be .LASF30
C:\Users\SEBAST~1\AppData\Local\Temp\ccrevyF5.s:2784   .debug_str:00000000000008ba .LASF31
C:\Users\SEBAST~1\AppData\Local\Temp\ccrevyF5.s:2446   .debug_str:0000000000000109 .LASF32
C:\Users\SEBAST~1\AppData\Local\Temp\ccrevyF5.s:2618   .debug_str:00000000000004d0 .LASF33
C:\Users\SEBAST~1\AppData\Local\Temp\ccrevyF5.s:2656   .debug_str:00000000000005b6 .LASF34
C:\Users\SEBAST~1\AppData\Local\Temp\ccrevyF5.s:2722   .debug_str:00000000000006ed .LASF35
C:\Users\SEBAST~1\AppData\Local\Temp\ccrevyF5.s:2654   .debug_str:00000000000005a9 .LASF36
C:\Users\SEBAST~1\AppData\Local\Temp\ccrevyF5.s:2736   .debug_str:0000000000000735 .LASF37
C:\Users\SEBAST~1\AppData\Local\Temp\ccrevyF5.s:2420   .debug_str:0000000000000056 .LASF38
C:\Users\SEBAST~1\AppData\Local\Temp\ccrevyF5.s:2804   .debug_str:0000000000000975 .LASF39
C:\Users\SEBAST~1\AppData\Local\Temp\ccrevyF5.s:2536   .debug_str:0000000000000330 .LASF40
C:\Users\SEBAST~1\AppData\Local\Temp\ccrevyF5.s:2584   .debug_str:000000000000043a .LASF41
C:\Users\SEBAST~1\AppData\Local\Temp\ccrevyF5.s:2480   .debug_str:00000000000001f2 .LASF42
C:\Users\SEBAST~1\AppData\Local\Temp\ccrevyF5.s:2648   .debug_str:000000000000058c .LASF43
C:\Users\SEBAST~1\AppData\Local\Temp\ccrevyF5.s:2706   .debug_str:00000000000006a8 .LASF44
C:\Users\SEBAST~1\AppData\Local\Temp\ccrevyF5.s:2766   .debug_str:0000000000000861 .LASF45
C:\Users\SEBAST~1\AppData\Local\Temp\ccrevyF5.s:2730   .debug_str:0000000000000715 .LASF46
C:\Users\SEBAST~1\AppData\Local\Temp\ccrevyF5.s:2810   .debug_str:0000000000000995 .LASF47
C:\Users\SEBAST~1\AppData\Local\Temp\ccrevyF5.s:2526   .debug_str:0000000000000304 .LASF48
C:\Users\SEBAST~1\AppData\Local\Temp\ccrevyF5.s:2484   .debug_str:0000000000000210 .LASF49
C:\Users\SEBAST~1\AppData\Local\Temp\ccrevyF5.s:2624   .debug_str:00000000000004ee .LASF50
C:\Users\SEBAST~1\AppData\Local\Temp\ccrevyF5.s:2640   .debug_str:0000000000000552 .LASF51
C:\Users\SEBAST~1\AppData\Local\Temp\ccrevyF5.s:2514   .debug_str:00000000000002b3 .LASF52
C:\Users\SEBAST~1\AppData\Local\Temp\ccrevyF5.s:2542   .debug_str:0000000000000351 .LASF53
C:\Users\SEBAST~1\AppData\Local\Temp\ccrevyF5.s:2590   .debug_str:0000000000000451 .LASF54
C:\Users\SEBAST~1\AppData\Local\Temp\ccrevyF5.s:2798   .debug_str:0000000000000956 .LASF55
C:\Users\SEBAST~1\AppData\Local\Temp\ccrevyF5.s:2642   .debug_str:000000000000055d .LASF56
C:\Users\SEBAST~1\AppData\Local\Temp\ccrevyF5.s:2610   .debug_str:00000000000004a7 .LASF57
C:\Users\SEBAST~1\AppData\Local\Temp\ccrevyF5.s:2500   .debug_str:000000000000025a .LASF58
C:\Users\SEBAST~1\AppData\Local\Temp\ccrevyF5.s:2520   .debug_str:00000000000002da .LASF59
C:\Users\SEBAST~1\AppData\Local\Temp\ccrevyF5.s:2568   .debug_str:00000000000003e7 .LASF60
C:\Users\SEBAST~1\AppData\Local\Temp\ccrevyF5.s:2412   .debug_str:000000000000002d .LASF61
C:\Users\SEBAST~1\AppData\Local\Temp\ccrevyF5.s:2428   .debug_str:000000000000008c .LASF62
C:\Users\SEBAST~1\AppData\Local\Temp\ccrevyF5.s:2560   .debug_str:00000000000003c0 .LASF63
C:\Users\SEBAST~1\AppData\Local\Temp\ccrevyF5.s:2574   .debug_str:000000000000040d .LASF64
C:\Users\SEBAST~1\AppData\Local\Temp\ccrevyF5.s:2626   .debug_str:00000000000004f8 .LASF65
C:\Users\SEBAST~1\AppData\Local\Temp\ccrevyF5.s:2726   .debug_str:00000000000006ff .LASF66
C:\Users\SEBAST~1\AppData\Local\Temp\ccrevyF5.s:2460   .debug_str:000000000000016f .LASF67
C:\Users\SEBAST~1\AppData\Local\Temp\ccrevyF5.s:2746   .debug_str:00000000000007ef .LASF68
C:\Users\SEBAST~1\AppData\Local\Temp\ccrevyF5.s:2504   .debug_str:0000000000000280 .LASF69
C:\Users\SEBAST~1\AppData\Local\Temp\ccrevyF5.s:2744   .debug_str:00000000000007dc .LASF70
C:\Users\SEBAST~1\AppData\Local\Temp\ccrevyF5.s:2488   .debug_str:0000000000000224 .LASF71
C:\Users\SEBAST~1\AppData\Local\Temp\ccrevyF5.s:2732   .debug_str:0000000000000724 .LASF75
C:\Users\SEBAST~1\AppData\Local\Temp\ccrevyF5.s:2558   .debug_str:00000000000003ae .LASF72
C:\Users\SEBAST~1\AppData\Local\Temp\ccrevyF5.s:2458   .debug_str:0000000000000161 .LASF73
C:\Users\SEBAST~1\AppData\Local\Temp\ccrevyF5.s:2430   .debug_str:000000000000009a .LASF74
C:\Users\SEBAST~1\AppData\Local\Temp\ccrevyF5.s:2760   .debug_str:0000000000000840 .LASF76
C:\Users\SEBAST~1\AppData\Local\Temp\ccrevyF5.s:2548   .debug_str:0000000000000374 .LASF186
C:\Users\SEBAST~1\AppData\Local\Temp\ccrevyF5.s:2712   .debug_str:00000000000006c6 .LASF77
C:\Users\SEBAST~1\AppData\Local\Temp\ccrevyF5.s:2638   .debug_str:000000000000054b .LASF78
C:\Users\SEBAST~1\AppData\Local\Temp\ccrevyF5.s:2456   .debug_str:000000000000015a .LASF79
GAS LISTING C:\Users\SEBAST~1\AppData\Local\Temp\ccrevyF5.s 			page 6


C:\Users\SEBAST~1\AppData\Local\Temp\ccrevyF5.s:2710   .debug_str:00000000000006be .LASF80
C:\Users\SEBAST~1\AppData\Local\Temp\ccrevyF5.s:2776   .debug_str:0000000000000894 .LASF81
C:\Users\SEBAST~1\AppData\Local\Temp\ccrevyF5.s:2582   .debug_str:0000000000000434 .LASF82
C:\Users\SEBAST~1\AppData\Local\Temp\ccrevyF5.s:2546   .debug_str:000000000000036d .LASF83
C:\Users\SEBAST~1\AppData\Local\Temp\ccrevyF5.s:2702   .debug_str:0000000000000698 .LASF84
C:\Users\SEBAST~1\AppData\Local\Temp\ccrevyF5.s:2704   .debug_str:00000000000006a0 .LASF85
C:\Users\SEBAST~1\AppData\Local\Temp\ccrevyF5.s:2678   .debug_str:0000000000000625 .LASF86
C:\Users\SEBAST~1\AppData\Local\Temp\ccrevyF5.s:2754   .debug_str:0000000000000818 .LASF87
C:\Users\SEBAST~1\AppData\Local\Temp\ccrevyF5.s:2646   .debug_str:000000000000057a .LASF88
C:\Users\SEBAST~1\AppData\Local\Temp\ccrevyF5.s:2666   .debug_str:00000000000005e9 .LASF89
C:\Users\SEBAST~1\AppData\Local\Temp\ccrevyF5.s:2534   .debug_str:0000000000000328 .LASF94
C:\Users\SEBAST~1\AppData\Local\Temp\ccrevyF5.s:2734   .debug_str:000000000000072f .LASF90
C:\Users\SEBAST~1\AppData\Local\Temp\ccrevyF5.s:2696   .debug_str:0000000000000683 .LASF91
C:\Users\SEBAST~1\AppData\Local\Temp\ccrevyF5.s:2528   .debug_str:000000000000030e .LASF92
C:\Users\SEBAST~1\AppData\Local\Temp\ccrevyF5.s:2770   .debug_str:0000000000000876 .LASF93
C:\Users\SEBAST~1\AppData\Local\Temp\ccrevyF5.s:2510   .debug_str:00000000000002a1 .LASF95
C:\Users\SEBAST~1\AppData\Local\Temp\ccrevyF5.s:2452   .debug_str:0000000000000143 .LASF96
C:\Users\SEBAST~1\AppData\Local\Temp\ccrevyF5.s:2748   .debug_str:00000000000007fd .LASF97
C:\Users\SEBAST~1\AppData\Local\Temp\ccrevyF5.s:2472   .debug_str:00000000000001cd .LASF98
C:\Users\SEBAST~1\AppData\Local\Temp\ccrevyF5.s:2814   .debug_str:00000000000009b2 .LASF99
C:\Users\SEBAST~1\AppData\Local\Temp\ccrevyF5.s:2628   .debug_str:000000000000050d .LASF100
C:\Users\SEBAST~1\AppData\Local\Temp\ccrevyF5.s:2604   .debug_str:000000000000048f .LASF101
C:\Users\SEBAST~1\AppData\Local\Temp\ccrevyF5.s:2708   .debug_str:00000000000006b4 .LASF102
C:\Users\SEBAST~1\AppData\Local\Temp\ccrevyF5.s:2668   .debug_str:00000000000005f2 .LASF103
C:\Users\SEBAST~1\AppData\Local\Temp\ccrevyF5.s:2794   .debug_str:000000000000093c .LASF104
C:\Users\SEBAST~1\AppData\Local\Temp\ccrevyF5.s:2476   .debug_str:00000000000001dc .LASF105
C:\Users\SEBAST~1\AppData\Local\Temp\ccrevyF5.s:2414   .debug_str:000000000000003b .LASF106
C:\Users\SEBAST~1\AppData\Local\Temp\ccrevyF5.s:2406   .debug_str:0000000000000000 .LASF107
C:\Users\SEBAST~1\AppData\Local\Temp\ccrevyF5.s:2728   .debug_str:000000000000070c .LASF108
C:\Users\SEBAST~1\AppData\Local\Temp\ccrevyF5.s:2492   .debug_str:0000000000000234 .LASF109
C:\Users\SEBAST~1\AppData\Local\Temp\ccrevyF5.s:2630   .debug_str:0000000000000516 .LASF110
C:\Users\SEBAST~1\AppData\Local\Temp\ccrevyF5.s:2688   .debug_str:0000000000000653 .LASF111
C:\Users\SEBAST~1\AppData\Local\Temp\ccrevyF5.s:2524   .debug_str:00000000000002ff .LASF112
C:\Users\SEBAST~1\AppData\Local\Temp\ccrevyF5.s:2670   .debug_str:00000000000005fc .LASF113
C:\Users\SEBAST~1\AppData\Local\Temp\ccrevyF5.s:2468   .debug_str:00000000000001b8 .LASF114
C:\Users\SEBAST~1\AppData\Local\Temp\ccrevyF5.s:2724   .debug_str:00000000000006f9 .LASF115
C:\Users\SEBAST~1\AppData\Local\Temp\ccrevyF5.s:2680   .debug_str:0000000000000630 .LASF116
C:\Users\SEBAST~1\AppData\Local\Temp\ccrevyF5.s:2490   .debug_str:000000000000022d .LASF117
C:\Users\SEBAST~1\AppData\Local\Temp\ccrevyF5.s:2768   .debug_str:0000000000000870 .LASF118
C:\Users\SEBAST~1\AppData\Local\Temp\ccrevyF5.s:2432   .debug_str:00000000000000b1 .LASF119
C:\Users\SEBAST~1\AppData\Local\Temp\ccrevyF5.s:2478   .debug_str:00000000000001ea .LASF120
C:\Users\SEBAST~1\AppData\Local\Temp\ccrevyF5.s:2540   .debug_str:000000000000034b .LASF121
C:\Users\SEBAST~1\AppData\Local\Temp\ccrevyF5.s:2602   .debug_str:0000000000000488 .LASF122
C:\Users\SEBAST~1\AppData\Local\Temp\ccrevyF5.s:2738   .debug_str:0000000000000742 .LASF123
C:\Users\SEBAST~1\AppData\Local\Temp\ccrevyF5.s:2552   .debug_str:000000000000038c .LASF124
C:\Users\SEBAST~1\AppData\Local\Temp\ccrevyF5.s:2464   .debug_str:0000000000000188 .LASF125
C:\Users\SEBAST~1\AppData\Local\Temp\ccrevyF5.s:2788   .debug_str:0000000000000925 .LASF126
C:\Users\SEBAST~1\AppData\Local\Temp\ccrevyF5.s:2720   .debug_str:00000000000006e4 .LASF127
C:\Users\SEBAST~1\AppData\Local\Temp\ccrevyF5.s:2614   .debug_str:00000000000004c1 .LASF128
C:\Users\SEBAST~1\AppData\Local\Temp\ccrevyF5.s:2562   .debug_str:00000000000003cf .LASF129
C:\Users\SEBAST~1\AppData\Local\Temp\ccrevyF5.s:2592   .debug_str:000000000000045d .LASF130
C:\Users\SEBAST~1\AppData\Local\Temp\ccrevyF5.s:2682   .debug_str:0000000000000638 .LASF131
C:\Users\SEBAST~1\AppData\Local\Temp\ccrevyF5.s:2672   .debug_str:0000000000000603 .LASF132
C:\Users\SEBAST~1\AppData\Local\Temp\ccrevyF5.s:2698   .debug_str:000000000000068b .LASF133
C:\Users\SEBAST~1\AppData\Local\Temp\ccrevyF5.s:2716   .debug_str:00000000000006d8 .LASF134
C:\Users\SEBAST~1\AppData\Local\Temp\ccrevyF5.s:2494   .debug_str:000000000000023c .LASF135
C:\Users\SEBAST~1\AppData\Local\Temp\ccrevyF5.s:2550   .debug_str:0000000000000384 .LASF136
GAS LISTING C:\Users\SEBAST~1\AppData\Local\Temp\ccrevyF5.s 			page 7


C:\Users\SEBAST~1\AppData\Local\Temp\ccrevyF5.s:2532   .debug_str:0000000000000320 .LASF137
C:\Users\SEBAST~1\AppData\Local\Temp\ccrevyF5.s:2686   .debug_str:000000000000064e .LASF138
C:\Users\SEBAST~1\AppData\Local\Temp\ccrevyF5.s:2418   .debug_str:000000000000004b .LASF139
C:\Users\SEBAST~1\AppData\Local\Temp\ccrevyF5.s:2694   .debug_str:000000000000066a .LASF140
C:\Users\SEBAST~1\AppData\Local\Temp\ccrevyF5.s:2690   .debug_str:0000000000000658 .LASF141
C:\Users\SEBAST~1\AppData\Local\Temp\ccrevyF5.s:2632   .debug_str:000000000000051e .LASF142
C:\Users\SEBAST~1\AppData\Local\Temp\ccrevyF5.s:2692   .debug_str:0000000000000660 .LASF143
C:\Users\SEBAST~1\AppData\Local\Temp\ccrevyF5.s:2580   .debug_str:000000000000042c .LASF144
C:\Users\SEBAST~1\AppData\Local\Temp\ccrevyF5.s:2498   .debug_str:0000000000000250 .LASF145
C:\Users\SEBAST~1\AppData\Local\Temp\ccrevyF5.s:2808   .debug_str:0000000000000990 .LASF146
C:\Users\SEBAST~1\AppData\Local\Temp\ccrevyF5.s:2644   .debug_str:0000000000000570 .LASF147
C:\Users\SEBAST~1\AppData\Local\Temp\ccrevyF5.s:2556   .debug_str:00000000000003a6 .LASF148
C:\Users\SEBAST~1\AppData\Local\Temp\ccrevyF5.s:2508   .debug_str:0000000000000299 .LASF149
C:\Users\SEBAST~1\AppData\Local\Temp\ccrevyF5.s:2588   .debug_str:000000000000044c .LASF150
C:\Users\SEBAST~1\AppData\Local\Temp\ccrevyF5.s:2422   .debug_str:0000000000000063 .LASF151
C:\Users\SEBAST~1\AppData\Local\Temp\ccrevyF5.s:2780   .debug_str:00000000000008a7 .LASF152
C:\Users\SEBAST~1\AppData\Local\Temp\ccrevyF5.s:2486   .debug_str:000000000000021c .LASF153
C:\Users\SEBAST~1\AppData\Local\Temp\ccrevyF5.s:2474   .debug_str:00000000000001d7 .LASF154
C:\Users\SEBAST~1\AppData\Local\Temp\ccrevyF5.s:2718   .debug_str:00000000000006df .LASF155
C:\Users\SEBAST~1\AppData\Local\Temp\ccrevyF5.s:2676   .debug_str:000000000000061e .LASF156
C:\Users\SEBAST~1\AppData\Local\Temp\ccrevyF5.s:2772   .debug_str:000000000000087b .LASF157
C:\Users\SEBAST~1\AppData\Local\Temp\ccrevyF5.s:2564   .debug_str:00000000000003d5 .LASF158
C:\Users\SEBAST~1\AppData\Local\Temp\ccrevyF5.s:2658   .debug_str:00000000000005c2 .LASF159
C:\Users\SEBAST~1\AppData\Local\Temp\ccrevyF5.s:2416   .debug_str:0000000000000043 .LASF160
C:\Users\SEBAST~1\AppData\Local\Temp\ccrevyF5.s:2700   .debug_str:0000000000000692 .LASF161
C:\Users\SEBAST~1\AppData\Local\Temp\ccrevyF5.s:2594   .debug_str:0000000000000463 .LASF162
C:\Users\SEBAST~1\AppData\Local\Temp\ccrevyF5.s:2750   .debug_str:0000000000000806 .LASF163
C:\Users\SEBAST~1\AppData\Local\Temp\ccrevyF5.s:2762   .debug_str:0000000000000849 .LASF164
C:\Users\SEBAST~1\AppData\Local\Temp\ccrevyF5.s:2462   .debug_str:000000000000017b .LASF165
C:\Users\SEBAST~1\AppData\Local\Temp\ccrevyF5.s:2572   .debug_str:0000000000000400 .LASF166
C:\Users\SEBAST~1\AppData\Local\Temp\ccrevyF5.s:2796   .debug_str:0000000000000947 .LASF167
C:\Users\SEBAST~1\AppData\Local\Temp\ccrevyF5.s:2634   .debug_str:0000000000000529 .LASF168
C:\Users\SEBAST~1\AppData\Local\Temp\ccrevyF5.s:2566   .debug_str:00000000000003dc .LASF169
C:\Users\SEBAST~1\AppData\Local\Temp\ccrevyF5.s:2800   .debug_str:0000000000000969 .LASF170
C:\Users\SEBAST~1\AppData\Local\Temp\ccrevyF5.s:2684   .debug_str:0000000000000641 .LASF171
C:\Users\SEBAST~1\AppData\Local\Temp\ccrevyF5.s:2806   .debug_str:0000000000000982 .LASF172
C:\Users\SEBAST~1\AppData\Local\Temp\ccrevyF5.s:2450   .debug_str:0000000000000135 .LASF173
C:\Users\SEBAST~1\AppData\Local\Temp\ccrevyF5.s:2778   .debug_str:000000000000089d .LASF174
C:\Users\SEBAST~1\AppData\Local\Temp\ccrevyF5.s:2570   .debug_str:00000000000003f4 .LASF175
C:\Users\SEBAST~1\AppData\Local\Temp\ccrevyF5.s:2756   .debug_str:0000000000000820 .LASF176
C:\Users\SEBAST~1\AppData\Local\Temp\ccrevyF5.s:2518   .debug_str:00000000000002cc .LASF177
C:\Users\SEBAST~1\AppData\Local\Temp\ccrevyF5.s:2442   .debug_str:00000000000000ee .LASF178
C:\Users\SEBAST~1\AppData\Local\Temp\ccrevyF5.s:2538   .debug_str:000000000000033a .LASF179
C:\Users\SEBAST~1\AppData\Local\Temp\ccrevyF5.s:2424   .debug_str:000000000000006c .LASF180
C:\Users\SEBAST~1\AppData\Local\Temp\ccrevyF5.s:2426   .debug_str:000000000000007b .LASF181
C:\Users\SEBAST~1\AppData\Local\Temp\ccrevyF5.s:2664   .debug_str:00000000000005e0 .LASF182
C:\Users\SEBAST~1\AppData\Local\Temp\ccrevyF5.s:2620   .debug_str:00000000000004dc .LASF183
C:\Users\SEBAST~1\AppData\Local\Temp\ccrevyF5.s:2608   .debug_str:000000000000049e .LASF184
C:\Users\SEBAST~1\AppData\Local\Temp\ccrevyF5.s:2790   .debug_str:000000000000092b .LASF185
C:\Users\SEBAST~1\AppData\Local\Temp\ccrevyF5.s:2438   .debug_str:00000000000000d8 .LASF203
C:\Users\SEBAST~1\AppData\Local\Temp\ccrevyF5.s:2530   .debug_str:0000000000000314 .LASF187
C:\Users\SEBAST~1\AppData\Local\Temp\ccrevyF5.s:2758   .debug_str:000000000000082d .LASF188
C:\Users\SEBAST~1\AppData\Local\Temp\ccrevyF5.s:2586   .debug_str:0000000000000444 .LASF189
C:\Users\SEBAST~1\AppData\Local\Temp\ccrevyF5.s:2612   .debug_str:00000000000004ba .LASF190
C:\Users\SEBAST~1\AppData\Local\Temp\ccrevyF5.s:2616   .debug_str:00000000000004c9 .LASF191
C:\Users\SEBAST~1\AppData\Local\Temp\ccrevyF5.s:2596   .debug_str:0000000000000469 .LASF192
C:\Users\SEBAST~1\AppData\Local\Temp\ccrevyF5.s:2802   .debug_str:000000000000096e .LASF193
GAS LISTING C:\Users\SEBAST~1\AppData\Local\Temp\ccrevyF5.s 			page 8


C:\Users\SEBAST~1\AppData\Local\Temp\ccrevyF5.s:2600   .debug_str:000000000000047f .LASF194
C:\Users\SEBAST~1\AppData\Local\Temp\ccrevyF5.s:2650   .debug_str:0000000000000598 .LASF204
C:\Users\SEBAST~1\AppData\Local\Temp\ccrevyF5.s:53     .text._fini:0000000000000000 .LFB6
C:\Users\SEBAST~1\AppData\Local\Temp\ccrevyF5.s:59     .text._fini:0000000000000002 .LFE6
C:\Users\SEBAST~1\AppData\Local\Temp\ccrevyF5.s:2714   .debug_str:00000000000006d2 .LASF205
C:\Users\SEBAST~1\AppData\Local\Temp\ccrevyF5.s:14     .text._init:0000000000000000 .LFB5
C:\Users\SEBAST~1\AppData\Local\Temp\ccrevyF5.s:46     .text._init:000000000000002c .LFE5
C:\Users\SEBAST~1\AppData\Local\Temp\ccrevyF5.s:2363   .debug_loc:0000000000000000 .LLST0
C:\Users\SEBAST~1\AppData\Local\Temp\ccrevyF5.s:27     .text._init:000000000000000c .LVL0
C:\Users\SEBAST~1\AppData\Local\Temp\ccrevyF5.s:31     .text._init:0000000000000018 .LVL1
C:\Users\SEBAST~1\AppData\Local\Temp\ccrevyF5.s:34     .text._init:0000000000000020 .LVL2
C:\Users\SEBAST~1\AppData\Local\Temp\ccrevyF5.s:44     .text._init:000000000000002c .LVL3
C:\Users\SEBAST~1\AppData\Local\Temp\ccrevyF5.s:2652   .debug_str:000000000000059e .LASF195
C:\Users\SEBAST~1\AppData\Local\Temp\ccrevyF5.s:2434   .debug_str:00000000000000ba .LASF196
C:\Users\SEBAST~1\AppData\Local\Temp\ccrevyF5.s:2482   .debug_str:00000000000001fe .LASF197
C:\Users\SEBAST~1\AppData\Local\Temp\ccrevyF5.s:2448   .debug_str:000000000000011d .LASF198
C:\Users\SEBAST~1\AppData\Local\Temp\ccrevyF5.s:21     .text._init:0000000000000002 .LCFI0
C:\Users\SEBAST~1\AppData\Local\Temp\ccrevyF5.s:40     .text._init:0000000000000024 .LCFI1
C:\Users\SEBAST~1\AppData\Local\Temp\ccrevyF5.s:74     .debug_info:0000000000000000 .Ldebug_info0

UNDEFINED SYMBOLS
SystemInit
eclic_init
eclic_mode_enable
disable_mcycle_minstret
