GAS LISTING C:\Users\SEBAST~1\AppData\Local\Temp\cc6YaANx.s 			page 1


   1              		.file	"lseek.c"
   2              		.option nopic
   3              		.attribute arch, "rv32i2p0_m2p0_a2p0_c2p0"
   4              		.attribute unaligned_access, 0
   5              		.attribute stack_align, 16
   6              		.text
   7              	.Ltext0:
   8              		.cfi_sections	.debug_frame
   9              		.section	.text._lseek,"ax",@progbits
  10              		.align	1
  11              		.globl	_lseek
  13              	_lseek:
  14              	.LFB1:
  15              		.file 1 "./../../firmware/RISCV/stubs/lseek.c"
   1:./../../firmware/RISCV/stubs/lseek.c **** /* See LICENSE of license details. */
   2:./../../firmware/RISCV/stubs/lseek.c **** 
   3:./../../firmware/RISCV/stubs/lseek.c **** #include <errno.h>
   4:./../../firmware/RISCV/stubs/lseek.c **** #include <unistd.h>
   5:./../../firmware/RISCV/stubs/lseek.c **** #include <sys/types.h>
   6:./../../firmware/RISCV/stubs/lseek.c **** #include "stub.h"
   7:./../../firmware/RISCV/stubs/lseek.c **** 
   8:./../../firmware/RISCV/stubs/lseek.c **** off_t _lseek(int fd, off_t ptr, int dir)
   9:./../../firmware/RISCV/stubs/lseek.c **** {
  16              		.loc 1 9 1
  17              		.cfi_startproc
  18              	.LVL0:
  10:./../../firmware/RISCV/stubs/lseek.c ****   if (isatty(fd))
  19              		.loc 1 10 3
   9:./../../firmware/RISCV/stubs/lseek.c ****   if (isatty(fd))
  20              		.loc 1 9 1 is_stmt 0
  21 0000 4111     		addi	sp,sp,-16
  22              	.LCFI0:
  23              		.cfi_def_cfa_offset 16
  24 0002 06C6     		sw	ra,12(sp)
  25              		.cfi_offset 1, -4
  26              		.loc 1 10 7
  27 0004 97000000 		call	isatty
  27      E7800000 
  28              	.LVL1:
  11:./../../firmware/RISCV/stubs/lseek.c ****     return 0;
  12:./../../firmware/RISCV/stubs/lseek.c **** 
  13:./../../firmware/RISCV/stubs/lseek.c ****   return _stub(EBADF);
  14:./../../firmware/RISCV/stubs/lseek.c **** }
  29              		.loc 1 14 1
  30 000c B240     		lw	ra,12(sp)
  31              		.cfi_restore 1
  10:./../../firmware/RISCV/stubs/lseek.c ****     return 0;
  32              		.loc 1 10 6
  33 000e 13351500 		seqz	a0,a0
  34              		.loc 1 14 1
  35 0012 3305A040 		neg	a0,a0
  36 0016 4101     		addi	sp,sp,16
  37              	.LCFI1:
  38              		.cfi_def_cfa_offset 0
  39 0018 8280     		jr	ra
  40              		.cfi_endproc
  41              	.LFE1:
GAS LISTING C:\Users\SEBAST~1\AppData\Local\Temp\cc6YaANx.s 			page 2


  43              		.text
  44              	.Letext0:
  45              		.file 2 "c:\\users\\sebastian\\downloads\\mikrodatorteknik\\toolchain-gd32v-v201-win\\compiler\\li
  46              		.file 3 "c:\\users\\sebastian\\downloads\\mikrodatorteknik\\toolchain-gd32v-v201-win\\compiler\\ri
  47              		.file 4 "c:\\users\\sebastian\\downloads\\mikrodatorteknik\\toolchain-gd32v-v201-win\\compiler\\ri
  48              		.file 5 "c:\\users\\sebastian\\downloads\\mikrodatorteknik\\toolchain-gd32v-v201-win\\compiler\\ri
  49              		.file 6 "c:\\users\\sebastian\\downloads\\mikrodatorteknik\\toolchain-gd32v-v201-win\\compiler\\ri
  50              		.file 7 "c:\\users\\sebastian\\downloads\\mikrodatorteknik\\toolchain-gd32v-v201-win\\compiler\\ri
  51              		.file 8 "c:\\users\\sebastian\\downloads\\mikrodatorteknik\\toolchain-gd32v-v201-win\\compiler\\ri
  52              		.file 9 "./../../firmware/RISCV/stubs/stub.h"
GAS LISTING C:\Users\SEBAST~1\AppData\Local\Temp\cc6YaANx.s 			page 3


DEFINED SYMBOLS
                            *ABS*:0000000000000000 lseek.c
C:\Users\SEBAST~1\AppData\Local\Temp\cc6YaANx.s:13     .text._lseek:0000000000000000 _lseek
C:\Users\SEBAST~1\AppData\Local\Temp\cc6YaANx.s:17     .text._lseek:0000000000000000 .L0 
C:\Users\SEBAST~1\AppData\Local\Temp\cc6YaANx.s:19     .text._lseek:0000000000000000 .L0 
C:\Users\SEBAST~1\AppData\Local\Temp\cc6YaANx.s:20     .text._lseek:0000000000000000 .L0 
C:\Users\SEBAST~1\AppData\Local\Temp\cc6YaANx.s:21     .text._lseek:0000000000000000 .L0 
C:\Users\SEBAST~1\AppData\Local\Temp\cc6YaANx.s:23     .text._lseek:0000000000000002 .L0 
C:\Users\SEBAST~1\AppData\Local\Temp\cc6YaANx.s:25     .text._lseek:0000000000000004 .L0 
C:\Users\SEBAST~1\AppData\Local\Temp\cc6YaANx.s:27     .text._lseek:0000000000000004 .L0 
C:\Users\SEBAST~1\AppData\Local\Temp\cc6YaANx.s:30     .text._lseek:000000000000000c .L0 
C:\Users\SEBAST~1\AppData\Local\Temp\cc6YaANx.s:31     .text._lseek:000000000000000e .L0 
C:\Users\SEBAST~1\AppData\Local\Temp\cc6YaANx.s:33     .text._lseek:000000000000000e .L0 
C:\Users\SEBAST~1\AppData\Local\Temp\cc6YaANx.s:35     .text._lseek:0000000000000012 .L0 
C:\Users\SEBAST~1\AppData\Local\Temp\cc6YaANx.s:38     .text._lseek:0000000000000018 .L0 
C:\Users\SEBAST~1\AppData\Local\Temp\cc6YaANx.s:40     .text._lseek:000000000000001a .L0 
C:\Users\SEBAST~1\AppData\Local\Temp\cc6YaANx.s:43     .text._lseek:000000000000001a .L0 
                     .debug_frame:0000000000000000 .L0 
C:\Users\SEBAST~1\AppData\Local\Temp\cc6YaANx.s:1600   .debug_abbrev:0000000000000000 .Ldebug_abbrev0
C:\Users\SEBAST~1\AppData\Local\Temp\cc6YaANx.s:2441   .debug_str:0000000000000444 .LASF130
C:\Users\SEBAST~1\AppData\Local\Temp\cc6YaANx.s:2321   .debug_str:000000000000020a .LASF131
C:\Users\SEBAST~1\AppData\Local\Temp\cc6YaANx.s:2461   .debug_str:0000000000000524 .LASF132
C:\Users\SEBAST~1\AppData\Local\Temp\cc6YaANx.s:2205   .debug_ranges:0000000000000000 .Ldebug_ranges0
C:\Users\SEBAST~1\AppData\Local\Temp\cc6YaANx.s:2211   .debug_line:0000000000000000 .Ldebug_line0
C:\Users\SEBAST~1\AppData\Local\Temp\cc6YaANx.s:2303   .debug_str:00000000000001b8 .LASF0
C:\Users\SEBAST~1\AppData\Local\Temp\cc6YaANx.s:2323   .debug_str:000000000000022f .LASF1
C:\Users\SEBAST~1\AppData\Local\Temp\cc6YaANx.s:2245   .debug_str:00000000000000b1 .LASF2
C:\Users\SEBAST~1\AppData\Local\Temp\cc6YaANx.s:2353   .debug_str:00000000000002b9 .LASF3
C:\Users\SEBAST~1\AppData\Local\Temp\cc6YaANx.s:2337   .debug_str:000000000000027a .LASF10
C:\Users\SEBAST~1\AppData\Local\Temp\cc6YaANx.s:2247   .debug_str:00000000000000bf .LASF4
C:\Users\SEBAST~1\AppData\Local\Temp\cc6YaANx.s:2373   .debug_str:0000000000000319 .LASF5
C:\Users\SEBAST~1\AppData\Local\Temp\cc6YaANx.s:2379   .debug_str:0000000000000335 .LASF6
C:\Users\SEBAST~1\AppData\Local\Temp\cc6YaANx.s:2263   .debug_str:0000000000000104 .LASF7
C:\Users\SEBAST~1\AppData\Local\Temp\cc6YaANx.s:2311   .debug_str:00000000000001dc .LASF8
C:\Users\SEBAST~1\AppData\Local\Temp\cc6YaANx.s:2231   .debug_str:000000000000005a .LASF9
C:\Users\SEBAST~1\AppData\Local\Temp\cc6YaANx.s:2367   .debug_str:00000000000002f6 .LASF11
C:\Users\SEBAST~1\AppData\Local\Temp\cc6YaANx.s:2215   .debug_str:000000000000000c .LASF12
C:\Users\SEBAST~1\AppData\Local\Temp\cc6YaANx.s:2425   .debug_str:0000000000000407 .LASF13
C:\Users\SEBAST~1\AppData\Local\Temp\cc6YaANx.s:2317   .debug_str:00000000000001fa .LASF14
C:\Users\SEBAST~1\AppData\Local\Temp\cc6YaANx.s:2333   .debug_str:000000000000026c .LASF15
C:\Users\SEBAST~1\AppData\Local\Temp\cc6YaANx.s:2305   .debug_str:00000000000001c5 .LASF16
C:\Users\SEBAST~1\AppData\Local\Temp\cc6YaANx.s:2417   .debug_str:00000000000003e5 .LASF17
C:\Users\SEBAST~1\AppData\Local\Temp\cc6YaANx.s:2419   .debug_str:00000000000003ed .LASF18
C:\Users\SEBAST~1\AppData\Local\Temp\cc6YaANx.s:2389   .debug_str:000000000000035d .LASF19
C:\Users\SEBAST~1\AppData\Local\Temp\cc6YaANx.s:2447   .debug_str:00000000000004da .LASF20
C:\Users\SEBAST~1\AppData\Local\Temp\cc6YaANx.s:2371   .debug_str:0000000000000307 .LASF21
C:\Users\SEBAST~1\AppData\Local\Temp\cc6YaANx.s:2289   .debug_str:000000000000017b .LASF22
C:\Users\SEBAST~1\AppData\Local\Temp\cc6YaANx.s:2293   .debug_str:000000000000018c .LASF27
C:\Users\SEBAST~1\AppData\Local\Temp\cc6YaANx.s:2437   .debug_str:0000000000000431 .LASF23
C:\Users\SEBAST~1\AppData\Local\Temp\cc6YaANx.s:2411   .debug_str:00000000000003d0 .LASF24
C:\Users\SEBAST~1\AppData\Local\Temp\cc6YaANx.s:2287   .debug_str:0000000000000175 .LASF25
C:\Users\SEBAST~1\AppData\Local\Temp\cc6YaANx.s:2455   .debug_str:000000000000050f .LASF26
C:\Users\SEBAST~1\AppData\Local\Temp\cc6YaANx.s:2301   .debug_str:00000000000001b3 .LASF28
C:\Users\SEBAST~1\AppData\Local\Temp\cc6YaANx.s:2243   .debug_str:00000000000000a8 .LASF29
C:\Users\SEBAST~1\AppData\Local\Temp\cc6YaANx.s:2431   .debug_str:000000000000041b .LASF30
C:\Users\SEBAST~1\AppData\Local\Temp\cc6YaANx.s:2253   .debug_str:00000000000000d7 .LASF31
C:\Users\SEBAST~1\AppData\Local\Temp\cc6YaANx.s:2485   .debug_str:00000000000005dd .LASF32
GAS LISTING C:\Users\SEBAST~1\AppData\Local\Temp\cc6YaANx.s 			page 4


C:\Users\SEBAST~1\AppData\Local\Temp\cc6YaANx.s:2359   .debug_str:00000000000002d3 .LASF33
C:\Users\SEBAST~1\AppData\Local\Temp\cc6YaANx.s:2347   .debug_str:000000000000029f .LASF34
C:\Users\SEBAST~1\AppData\Local\Temp\cc6YaANx.s:2457   .debug_str:0000000000000514 .LASF35
C:\Users\SEBAST~1\AppData\Local\Temp\cc6YaANx.s:2381   .debug_str:000000000000033f .LASF36
C:\Users\SEBAST~1\AppData\Local\Temp\cc6YaANx.s:2471   .debug_str:000000000000059d .LASF37
C:\Users\SEBAST~1\AppData\Local\Temp\cc6YaANx.s:2257   .debug_str:00000000000000e6 .LASF38
C:\Users\SEBAST~1\AppData\Local\Temp\cc6YaANx.s:2283   .debug_str:0000000000000168 .LASF39
C:\Users\SEBAST~1\AppData\Local\Temp\cc6YaANx.s:2213   .debug_str:0000000000000000 .LASF40
C:\Users\SEBAST~1\AppData\Local\Temp\cc6YaANx.s:2443   .debug_str:00000000000004cc .LASF41
C:\Users\SEBAST~1\AppData\Local\Temp\cc6YaANx.s:2267   .debug_str:0000000000000114 .LASF42
C:\Users\SEBAST~1\AppData\Local\Temp\cc6YaANx.s:2361   .debug_str:00000000000002dc .LASF43
C:\Users\SEBAST~1\AppData\Local\Temp\cc6YaANx.s:2403   .debug_str:00000000000003a0 .LASF44
C:\Users\SEBAST~1\AppData\Local\Temp\cc6YaANx.s:2285   .debug_str:0000000000000170 .LASF45
C:\Users\SEBAST~1\AppData\Local\Temp\cc6YaANx.s:2383   .debug_str:0000000000000349 .LASF46
C:\Users\SEBAST~1\AppData\Local\Temp\cc6YaANx.s:2251   .debug_str:00000000000000d1 .LASF47
C:\Users\SEBAST~1\AppData\Local\Temp\cc6YaANx.s:2219   .debug_str:000000000000001b .LASF48
C:\Users\SEBAST~1\AppData\Local\Temp\cc6YaANx.s:2391   .debug_str:0000000000000368 .LASF49
C:\Users\SEBAST~1\AppData\Local\Temp\cc6YaANx.s:2265   .debug_str:000000000000010d .LASF50
C:\Users\SEBAST~1\AppData\Local\Temp\cc6YaANx.s:2313   .debug_str:00000000000001ee .LASF51
C:\Users\SEBAST~1\AppData\Local\Temp\cc6YaANx.s:2233   .debug_str:0000000000000071 .LASF52
C:\Users\SEBAST~1\AppData\Local\Temp\cc6YaANx.s:2259   .debug_str:00000000000000f4 .LASF53
C:\Users\SEBAST~1\AppData\Local\Temp\cc6YaANx.s:2297   .debug_str:00000000000001a3 .LASF54
C:\Users\SEBAST~1\AppData\Local\Temp\cc6YaANx.s:2345   .debug_str:0000000000000298 .LASF55
C:\Users\SEBAST~1\AppData\Local\Temp\cc6YaANx.s:2421   .debug_str:00000000000003f5 .LASF56
C:\Users\SEBAST~1\AppData\Local\Temp\cc6YaANx.s:2475   .debug_str:00000000000005b7 .LASF57
C:\Users\SEBAST~1\AppData\Local\Temp\cc6YaANx.s:2249   .debug_str:00000000000000cb .LASF58
C:\Users\SEBAST~1\AppData\Local\Temp\cc6YaANx.s:2467   .debug_str:000000000000058f .LASF59
C:\Users\SEBAST~1\AppData\Local\Temp\cc6YaANx.s:2271   .debug_str:0000000000000123 .LASF60
C:\Users\SEBAST~1\AppData\Local\Temp\cc6YaANx.s:2277   .debug_str:0000000000000141 .LASF61
C:\Users\SEBAST~1\AppData\Local\Temp\cc6YaANx.s:2225   .debug_str:0000000000000034 .LASF62
C:\Users\SEBAST~1\AppData\Local\Temp\cc6YaANx.s:2339   .debug_str:0000000000000281 .LASF63
C:\Users\SEBAST~1\AppData\Local\Temp\cc6YaANx.s:2395   .debug_str:000000000000037a .LASF64
C:\Users\SEBAST~1\AppData\Local\Temp\cc6YaANx.s:2341   .debug_str:0000000000000287 .LASF65
C:\Users\SEBAST~1\AppData\Local\Temp\cc6YaANx.s:2413   .debug_str:00000000000003d8 .LASF66
C:\Users\SEBAST~1\AppData\Local\Temp\cc6YaANx.s:2427   .debug_str:000000000000040f .LASF67
C:\Users\SEBAST~1\AppData\Local\Temp\cc6YaANx.s:2269   .debug_str:000000000000011c .LASF68
C:\Users\SEBAST~1\AppData\Local\Temp\cc6YaANx.s:2307   .debug_str:00000000000001cc .LASF69
C:\Users\SEBAST~1\AppData\Local\Temp\cc6YaANx.s:2291   .debug_str:0000000000000184 .LASF70
C:\Users\SEBAST~1\AppData\Local\Temp\cc6YaANx.s:2401   .debug_str:000000000000039b .LASF71
C:\Users\SEBAST~1\AppData\Local\Temp\cc6YaANx.s:2223   .debug_str:0000000000000029 .LASF72
C:\Users\SEBAST~1\AppData\Local\Temp\cc6YaANx.s:2409   .debug_str:00000000000003b7 .LASF73
C:\Users\SEBAST~1\AppData\Local\Temp\cc6YaANx.s:2405   .debug_str:00000000000003a5 .LASF74
C:\Users\SEBAST~1\AppData\Local\Temp\cc6YaANx.s:2365   .debug_str:00000000000002eb .LASF75
C:\Users\SEBAST~1\AppData\Local\Temp\cc6YaANx.s:2407   .debug_str:00000000000003ad .LASF76
C:\Users\SEBAST~1\AppData\Local\Temp\cc6YaANx.s:2331   .debug_str:0000000000000264 .LASF77
C:\Users\SEBAST~1\AppData\Local\Temp\cc6YaANx.s:2299   .debug_str:00000000000001a9 .LASF78
C:\Users\SEBAST~1\AppData\Local\Temp\cc6YaANx.s:2483   .debug_str:00000000000005d8 .LASF79
C:\Users\SEBAST~1\AppData\Local\Temp\cc6YaANx.s:2369   .debug_str:00000000000002fd .LASF80
C:\Users\SEBAST~1\AppData\Local\Temp\cc6YaANx.s:2309   .debug_str:00000000000001d4 .LASF81
C:\Users\SEBAST~1\AppData\Local\Temp\cc6YaANx.s:2275   .debug_str:0000000000000139 .LASF82
C:\Users\SEBAST~1\AppData\Local\Temp\cc6YaANx.s:2375   .debug_str:0000000000000327 .LASF83
C:\Users\SEBAST~1\AppData\Local\Temp\cc6YaANx.s:2325   .debug_str:0000000000000242 .LASF84
C:\Users\SEBAST~1\AppData\Local\Temp\cc6YaANx.s:2465   .debug_str:0000000000000585 .LASF85
C:\Users\SEBAST~1\AppData\Local\Temp\cc6YaANx.s:2261   .debug_str:00000000000000fc .LASF86
C:\Users\SEBAST~1\AppData\Local\Temp\cc6YaANx.s:2255   .debug_str:00000000000000e1 .LASF87
C:\Users\SEBAST~1\AppData\Local\Temp\cc6YaANx.s:2429   .debug_str:0000000000000416 .LASF88
C:\Users\SEBAST~1\AppData\Local\Temp\cc6YaANx.s:2387   .debug_str:0000000000000356 .LASF89
GAS LISTING C:\Users\SEBAST~1\AppData\Local\Temp\cc6YaANx.s 			page 5


C:\Users\SEBAST~1\AppData\Local\Temp\cc6YaANx.s:2459   .debug_str:000000000000051e .LASF90
C:\Users\SEBAST~1\AppData\Local\Temp\cc6YaANx.s:2319   .debug_str:0000000000000203 .LASF91
C:\Users\SEBAST~1\AppData\Local\Temp\cc6YaANx.s:2385   .debug_str:0000000000000350 .LASF92
C:\Users\SEBAST~1\AppData\Local\Temp\cc6YaANx.s:2221   .debug_str:0000000000000021 .LASF93
C:\Users\SEBAST~1\AppData\Local\Temp\cc6YaANx.s:2415   .debug_str:00000000000003df .LASF94
C:\Users\SEBAST~1\AppData\Local\Temp\cc6YaANx.s:2435   .debug_str:000000000000042b .LASF95
C:\Users\SEBAST~1\AppData\Local\Temp\cc6YaANx.s:2445   .debug_str:00000000000004d5 .LASF96
C:\Users\SEBAST~1\AppData\Local\Temp\cc6YaANx.s:2453   .debug_str:0000000000000502 .LASF97
C:\Users\SEBAST~1\AppData\Local\Temp\cc6YaANx.s:2439   .debug_str:0000000000000437 .LASF98
C:\Users\SEBAST~1\AppData\Local\Temp\cc6YaANx.s:2329   .debug_str:0000000000000257 .LASF99
C:\Users\SEBAST~1\AppData\Local\Temp\cc6YaANx.s:2473   .debug_str:00000000000005a8 .LASF100
C:\Users\SEBAST~1\AppData\Local\Temp\cc6YaANx.s:2295   .debug_str:0000000000000194 .LASF101
C:\Users\SEBAST~1\AppData\Local\Temp\cc6YaANx.s:2397   .debug_str:0000000000000383 .LASF102
C:\Users\SEBAST~1\AppData\Local\Temp\cc6YaANx.s:2477   .debug_str:00000000000005be .LASF103
C:\Users\SEBAST~1\AppData\Local\Temp\cc6YaANx.s:2399   .debug_str:000000000000038e .LASF104
C:\Users\SEBAST~1\AppData\Local\Temp\cc6YaANx.s:2481   .debug_str:00000000000005ca .LASF105
C:\Users\SEBAST~1\AppData\Local\Temp\cc6YaANx.s:2241   .debug_str:000000000000009a .LASF106
C:\Users\SEBAST~1\AppData\Local\Temp\cc6YaANx.s:2463   .debug_str:000000000000057b .LASF107
C:\Users\SEBAST~1\AppData\Local\Temp\cc6YaANx.s:2327   .debug_str:000000000000024b .LASF108
C:\Users\SEBAST~1\AppData\Local\Temp\cc6YaANx.s:2449   .debug_str:00000000000004e2 .LASF109
C:\Users\SEBAST~1\AppData\Local\Temp\cc6YaANx.s:2281   .debug_str:000000000000015a .LASF110
C:\Users\SEBAST~1\AppData\Local\Temp\cc6YaANx.s:2239   .debug_str:000000000000008b .LASF111
C:\Users\SEBAST~1\AppData\Local\Temp\cc6YaANx.s:2279   .debug_str:0000000000000149 .LASF112
C:\Users\SEBAST~1\AppData\Local\Temp\cc6YaANx.s:2227   .debug_str:000000000000003a .LASF113
C:\Users\SEBAST~1\AppData\Local\Temp\cc6YaANx.s:2229   .debug_str:0000000000000049 .LASF114
C:\Users\SEBAST~1\AppData\Local\Temp\cc6YaANx.s:2377   .debug_str:000000000000032c .LASF115
C:\Users\SEBAST~1\AppData\Local\Temp\cc6YaANx.s:2357   .debug_str:00000000000002cc .LASF116
C:\Users\SEBAST~1\AppData\Local\Temp\cc6YaANx.s:2349   .debug_str:00000000000002a9 .LASF117
C:\Users\SEBAST~1\AppData\Local\Temp\cc6YaANx.s:2469   .debug_str:0000000000000595 .LASF118
C:\Users\SEBAST~1\AppData\Local\Temp\cc6YaANx.s:2235   .debug_str:000000000000007a .LASF133
C:\Users\SEBAST~1\AppData\Local\Temp\cc6YaANx.s:2423   .debug_str:00000000000003fb .LASF119
C:\Users\SEBAST~1\AppData\Local\Temp\cc6YaANx.s:2451   .debug_str:00000000000004ef .LASF120
C:\Users\SEBAST~1\AppData\Local\Temp\cc6YaANx.s:2273   .debug_str:000000000000012c .LASF121
C:\Users\SEBAST~1\AppData\Local\Temp\cc6YaANx.s:2393   .debug_str:0000000000000370 .LASF122
C:\Users\SEBAST~1\AppData\Local\Temp\cc6YaANx.s:2315   .debug_str:00000000000001f4 .LASF123
C:\Users\SEBAST~1\AppData\Local\Temp\cc6YaANx.s:2335   .debug_str:0000000000000272 .LASF124
C:\Users\SEBAST~1\AppData\Local\Temp\cc6YaANx.s:2351   .debug_str:00000000000002b2 .LASF125
C:\Users\SEBAST~1\AppData\Local\Temp\cc6YaANx.s:2355   .debug_str:00000000000002c5 .LASF126
C:\Users\SEBAST~1\AppData\Local\Temp\cc6YaANx.s:2433   .debug_str:0000000000000424 .LASF127
C:\Users\SEBAST~1\AppData\Local\Temp\cc6YaANx.s:2479   .debug_str:00000000000005c3 .LASF128
C:\Users\SEBAST~1\AppData\Local\Temp\cc6YaANx.s:2343   .debug_str:000000000000028f .LASF129
C:\Users\SEBAST~1\AppData\Local\Temp\cc6YaANx.s:2363   .debug_str:00000000000002e4 .LASF134
C:\Users\SEBAST~1\AppData\Local\Temp\cc6YaANx.s:14     .text._lseek:0000000000000000 .LFB1
C:\Users\SEBAST~1\AppData\Local\Temp\cc6YaANx.s:41     .text._lseek:000000000000001a .LFE1
C:\Users\SEBAST~1\AppData\Local\Temp\cc6YaANx.s:2132   .debug_loc:0000000000000000 .LLST0
C:\Users\SEBAST~1\AppData\Local\Temp\cc6YaANx.s:2150   .debug_loc:000000000000002c .LLST1
C:\Users\SEBAST~1\AppData\Local\Temp\cc6YaANx.s:2164   .debug_loc:000000000000004d .LLST2
C:\Users\SEBAST~1\AppData\Local\Temp\cc6YaANx.s:2178   .debug_loc:000000000000006e .LLST3
C:\Users\SEBAST~1\AppData\Local\Temp\cc6YaANx.s:28     .text._lseek:000000000000000c .LVL1
C:\Users\SEBAST~1\AppData\Local\Temp\cc6YaANx.s:2237   .debug_str:0000000000000085 .LASF135
C:\Users\SEBAST~1\AppData\Local\Temp\cc6YaANx.s:2217   .debug_str:0000000000000014 .LASF136
C:\Users\SEBAST~1\AppData\Local\Temp\cc6YaANx.s:22     .text._lseek:0000000000000002 .LCFI0
C:\Users\SEBAST~1\AppData\Local\Temp\cc6YaANx.s:37     .text._lseek:0000000000000018 .LCFI1
C:\Users\SEBAST~1\AppData\Local\Temp\cc6YaANx.s:18     .text._lseek:0000000000000000 .LVL0
C:\Users\SEBAST~1\AppData\Local\Temp\cc6YaANx.s:54     .debug_info:0000000000000000 .Ldebug_info0

UNDEFINED SYMBOLS
GAS LISTING C:\Users\SEBAST~1\AppData\Local\Temp\cc6YaANx.s 			page 6


isatty
