GAS LISTING C:\WINDOWS\ccBqR05j.s 			page 1


   1              		.file	"close.c"
   2              		.option nopic
   3              		.attribute arch, "rv32i2p0_m2p0_a2p0_c2p0"
   4              		.attribute unaligned_access, 0
   5              		.attribute stack_align, 16
   6              		.text
   7              	.Ltext0:
   8              		.cfi_sections	.debug_frame
   9              		.section	.text._close,"ax",@progbits
  10              		.align	1
  11              		.globl	_close
  13              	_close:
  14              	.LFB1:
  15              		.file 1 "./../../firmware/RISCV/stubs/close.c"
   1:./../../firmware/RISCV/stubs/close.c **** /* See LICENSE of license details. */
   2:./../../firmware/RISCV/stubs/close.c **** 
   3:./../../firmware/RISCV/stubs/close.c **** #include <errno.h>
   4:./../../firmware/RISCV/stubs/close.c **** #include "stub.h"
   5:./../../firmware/RISCV/stubs/close.c **** 
   6:./../../firmware/RISCV/stubs/close.c **** int _close(int fd)
   7:./../../firmware/RISCV/stubs/close.c **** {
  16              		.loc 1 7 1
  17              		.cfi_startproc
  18              	.LVL0:
   8:./../../firmware/RISCV/stubs/close.c ****   return _stub(EBADF);
  19              		.loc 1 8 3
  20              		.file 2 "./../../firmware/RISCV/stubs/stub.h"
   1:./../../firmware/RISCV/stubs/stub.h **** /* See LICENSE of license details. */
   2:./../../firmware/RISCV/stubs/stub.h **** #ifndef _NUCLEI_SYS_STUB_H
   3:./../../firmware/RISCV/stubs/stub.h **** #define _NUCLEI_SYS_STUB_H
   4:./../../firmware/RISCV/stubs/stub.h **** 
   5:./../../firmware/RISCV/stubs/stub.h **** #include <stdint.h>
   6:./../../firmware/RISCV/stubs/stub.h **** #if   defined (__GNUC__)
   7:./../../firmware/RISCV/stubs/stub.h **** #include <unistd.h>
   8:./../../firmware/RISCV/stubs/stub.h **** #endif
   9:./../../firmware/RISCV/stubs/stub.h **** 
  10:./../../firmware/RISCV/stubs/stub.h **** void write_hex(int fd, unsigned long int hex);
  11:./../../firmware/RISCV/stubs/stub.h **** 
  12:./../../firmware/RISCV/stubs/stub.h **** static inline int _stub(int err)
  13:./../../firmware/RISCV/stubs/stub.h **** {
  14:./../../firmware/RISCV/stubs/stub.h ****   return -1;
  21              		.loc 2 14 3
   9:./../../firmware/RISCV/stubs/close.c **** }
  22              		.loc 1 9 1 is_stmt 0
  23 0000 7D55     		li	a0,-1
  24              	.LVL1:
  25 0002 8280     		ret
  26              		.cfi_endproc
  27              	.LFE1:
  29              		.text
  30              	.Letext0:
  31              		.file 3 "c:\\users\\sebastian\\documents\\mikrodatorteknik\\compiler\\lib\\gcc\\riscv64-unknown-el
  32              		.file 4 "c:\\users\\sebastian\\documents\\mikrodatorteknik\\compiler\\riscv64-unknown-elf\\include
  33              		.file 5 "c:\\users\\sebastian\\documents\\mikrodatorteknik\\compiler\\riscv64-unknown-elf\\include
  34              		.file 6 "c:\\users\\sebastian\\documents\\mikrodatorteknik\\compiler\\riscv64-unknown-elf\\include
  35              		.file 7 "c:\\users\\sebastian\\documents\\mikrodatorteknik\\compiler\\riscv64-unknown-elf\\include
  36              		.file 8 "c:\\users\\sebastian\\documents\\mikrodatorteknik\\compiler\\riscv64-unknown-elf\\include
GAS LISTING C:\WINDOWS\ccBqR05j.s 			page 2


GAS LISTING C:\WINDOWS\ccBqR05j.s 			page 3


DEFINED SYMBOLS
                            *ABS*:0000000000000000 close.c
C:\WINDOWS\ccBqR05j.s:13     .text._close:0000000000000000 _close
C:\WINDOWS\ccBqR05j.s:17     .text._close:0000000000000000 .L0 
C:\WINDOWS\ccBqR05j.s:19     .text._close:0000000000000000 .L0 
C:\WINDOWS\ccBqR05j.s:21     .text._close:0000000000000000 .L0 
C:\WINDOWS\ccBqR05j.s:22     .text._close:0000000000000000 .L0 
C:\WINDOWS\ccBqR05j.s:23     .text._close:0000000000000000 .L0 
C:\WINDOWS\ccBqR05j.s:26     .text._close:0000000000000004 .L0 
C:\WINDOWS\ccBqR05j.s:29     .text._close:0000000000000004 .L0 
                     .debug_frame:0000000000000000 .L0 
C:\WINDOWS\ccBqR05j.s:1540   .debug_abbrev:0000000000000000 .Ldebug_abbrev0
C:\WINDOWS\ccBqR05j.s:2288   .debug_str:000000000000045d .LASF128
C:\WINDOWS\ccBqR05j.s:2092   .debug_str:000000000000008b .LASF129
C:\WINDOWS\ccBqR05j.s:2128   .debug_str:000000000000014f .LASF130
C:\WINDOWS\ccBqR05j.s:2060   .debug_ranges:0000000000000000 .Ldebug_ranges0
C:\WINDOWS\ccBqR05j.s:2066   .debug_line:0000000000000000 .Ldebug_line0
C:\WINDOWS\ccBqR05j.s:2158   .debug_str:000000000000020c .LASF0
C:\WINDOWS\ccBqR05j.s:2172   .debug_str:000000000000024f .LASF1
C:\WINDOWS\ccBqR05j.s:2098   .debug_str:00000000000000c7 .LASF2
C:\WINDOWS\ccBqR05j.s:2202   .debug_str:00000000000002d9 .LASF3
C:\WINDOWS\ccBqR05j.s:2186   .debug_str:000000000000029a .LASF10
C:\WINDOWS\ccBqR05j.s:2100   .debug_str:00000000000000d5 .LASF4
C:\WINDOWS\ccBqR05j.s:2220   .debug_str:0000000000000332 .LASF5
C:\WINDOWS\ccBqR05j.s:2226   .debug_str:000000000000034e .LASF6
C:\WINDOWS\ccBqR05j.s:2116   .debug_str:000000000000011a .LASF7
C:\WINDOWS\ccBqR05j.s:2166   .debug_str:0000000000000230 .LASF8
C:\WINDOWS\ccBqR05j.s:2082   .debug_str:000000000000004b .LASF9
C:\WINDOWS\ccBqR05j.s:2214   .debug_str:000000000000030f .LASF11
C:\WINDOWS\ccBqR05j.s:2272   .debug_str:0000000000000420 .LASF12
C:\WINDOWS\ccBqR05j.s:2308   .debug_str:000000000000053d .LASF13
C:\WINDOWS\ccBqR05j.s:2182   .debug_str:000000000000028c .LASF14
C:\WINDOWS\ccBqR05j.s:2160   .debug_str:0000000000000219 .LASF15
C:\WINDOWS\ccBqR05j.s:2264   .debug_str:00000000000003fe .LASF16
C:\WINDOWS\ccBqR05j.s:2266   .debug_str:0000000000000406 .LASF17
C:\WINDOWS\ccBqR05j.s:2236   .debug_str:0000000000000376 .LASF18
C:\WINDOWS\ccBqR05j.s:2294   .debug_str:00000000000004f3 .LASF19
C:\WINDOWS\ccBqR05j.s:2218   .debug_str:0000000000000320 .LASF20
C:\WINDOWS\ccBqR05j.s:2144   .debug_str:00000000000001cf .LASF21
C:\WINDOWS\ccBqR05j.s:2148   .debug_str:00000000000001e0 .LASF26
C:\WINDOWS\ccBqR05j.s:2284   .debug_str:000000000000044a .LASF22
C:\WINDOWS\ccBqR05j.s:2258   .debug_str:00000000000003e9 .LASF23
C:\WINDOWS\ccBqR05j.s:2142   .debug_str:00000000000001c9 .LASF24
C:\WINDOWS\ccBqR05j.s:2302   .debug_str:0000000000000528 .LASF25
C:\WINDOWS\ccBqR05j.s:2156   .debug_str:0000000000000207 .LASF27
C:\WINDOWS\ccBqR05j.s:2096   .debug_str:00000000000000be .LASF28
C:\WINDOWS\ccBqR05j.s:2278   .debug_str:0000000000000434 .LASF29
C:\WINDOWS\ccBqR05j.s:2106   .debug_str:00000000000000ed .LASF30
C:\WINDOWS\ccBqR05j.s:2332   .debug_str:00000000000005a8 .LASF31
C:\WINDOWS\ccBqR05j.s:2208   .debug_str:00000000000002f3 .LASF32
C:\WINDOWS\ccBqR05j.s:2196   .debug_str:00000000000002bf .LASF33
C:\WINDOWS\ccBqR05j.s:2304   .debug_str:000000000000052d .LASF34
C:\WINDOWS\ccBqR05j.s:2228   .debug_str:0000000000000358 .LASF35
C:\WINDOWS\ccBqR05j.s:2318   .debug_str:0000000000000568 .LASF36
C:\WINDOWS\ccBqR05j.s:2110   .debug_str:00000000000000fc .LASF37
C:\WINDOWS\ccBqR05j.s:2138   .debug_str:00000000000001bc .LASF38
C:\WINDOWS\ccBqR05j.s:2068   .debug_str:0000000000000000 .LASF39
GAS LISTING C:\WINDOWS\ccBqR05j.s 			page 4


C:\WINDOWS\ccBqR05j.s:2290   .debug_str:00000000000004e5 .LASF40
C:\WINDOWS\ccBqR05j.s:2120   .debug_str:000000000000012a .LASF41
C:\WINDOWS\ccBqR05j.s:2210   .debug_str:00000000000002fc .LASF42
C:\WINDOWS\ccBqR05j.s:2250   .debug_str:00000000000003b9 .LASF43
C:\WINDOWS\ccBqR05j.s:2140   .debug_str:00000000000001c4 .LASF44
C:\WINDOWS\ccBqR05j.s:2230   .debug_str:0000000000000362 .LASF45
C:\WINDOWS\ccBqR05j.s:2104   .debug_str:00000000000000e7 .LASF46
C:\WINDOWS\ccBqR05j.s:2070   .debug_str:000000000000000c .LASF47
C:\WINDOWS\ccBqR05j.s:2238   .debug_str:0000000000000381 .LASF48
C:\WINDOWS\ccBqR05j.s:2118   .debug_str:0000000000000123 .LASF49
C:\WINDOWS\ccBqR05j.s:2168   .debug_str:0000000000000242 .LASF50
C:\WINDOWS\ccBqR05j.s:2084   .debug_str:0000000000000062 .LASF51
C:\WINDOWS\ccBqR05j.s:2112   .debug_str:000000000000010a .LASF52
C:\WINDOWS\ccBqR05j.s:2152   .debug_str:00000000000001f7 .LASF53
C:\WINDOWS\ccBqR05j.s:2194   .debug_str:00000000000002b8 .LASF54
C:\WINDOWS\ccBqR05j.s:2268   .debug_str:000000000000040e .LASF55
C:\WINDOWS\ccBqR05j.s:2322   .debug_str:0000000000000582 .LASF56
C:\WINDOWS\ccBqR05j.s:2102   .debug_str:00000000000000e1 .LASF57
C:\WINDOWS\ccBqR05j.s:2314   .debug_str:000000000000055a .LASF58
C:\WINDOWS\ccBqR05j.s:2124   .debug_str:0000000000000139 .LASF59
C:\WINDOWS\ccBqR05j.s:2132   .debug_str:0000000000000195 .LASF60
C:\WINDOWS\ccBqR05j.s:2076   .debug_str:0000000000000025 .LASF61
C:\WINDOWS\ccBqR05j.s:2188   .debug_str:00000000000002a1 .LASF62
C:\WINDOWS\ccBqR05j.s:2242   .debug_str:0000000000000393 .LASF63
C:\WINDOWS\ccBqR05j.s:2190   .debug_str:00000000000002a7 .LASF64
C:\WINDOWS\ccBqR05j.s:2260   .debug_str:00000000000003f1 .LASF65
C:\WINDOWS\ccBqR05j.s:2274   .debug_str:0000000000000428 .LASF66
C:\WINDOWS\ccBqR05j.s:2122   .debug_str:0000000000000132 .LASF67
C:\WINDOWS\ccBqR05j.s:2162   .debug_str:0000000000000220 .LASF68
C:\WINDOWS\ccBqR05j.s:2146   .debug_str:00000000000001d8 .LASF69
C:\WINDOWS\ccBqR05j.s:2248   .debug_str:00000000000003b4 .LASF70
C:\WINDOWS\ccBqR05j.s:2074   .debug_str:000000000000001a .LASF71
C:\WINDOWS\ccBqR05j.s:2256   .debug_str:00000000000003d0 .LASF72
C:\WINDOWS\ccBqR05j.s:2252   .debug_str:00000000000003be .LASF73
C:\WINDOWS\ccBqR05j.s:2212   .debug_str:0000000000000304 .LASF74
C:\WINDOWS\ccBqR05j.s:2254   .debug_str:00000000000003c6 .LASF75
C:\WINDOWS\ccBqR05j.s:2180   .debug_str:0000000000000284 .LASF76
C:\WINDOWS\ccBqR05j.s:2154   .debug_str:00000000000001fd .LASF77
C:\WINDOWS\ccBqR05j.s:2330   .debug_str:00000000000005a3 .LASF78
C:\WINDOWS\ccBqR05j.s:2216   .debug_str:0000000000000316 .LASF79
C:\WINDOWS\ccBqR05j.s:2164   .debug_str:0000000000000228 .LASF80
C:\WINDOWS\ccBqR05j.s:2130   .debug_str:000000000000018d .LASF81
C:\WINDOWS\ccBqR05j.s:2222   .debug_str:0000000000000340 .LASF82
C:\WINDOWS\ccBqR05j.s:2174   .debug_str:0000000000000262 .LASF83
C:\WINDOWS\ccBqR05j.s:2312   .debug_str:0000000000000550 .LASF84
C:\WINDOWS\ccBqR05j.s:2114   .debug_str:0000000000000112 .LASF85
C:\WINDOWS\ccBqR05j.s:2108   .debug_str:00000000000000f7 .LASF86
C:\WINDOWS\ccBqR05j.s:2276   .debug_str:000000000000042f .LASF87
C:\WINDOWS\ccBqR05j.s:2234   .debug_str:000000000000036f .LASF88
C:\WINDOWS\ccBqR05j.s:2306   .debug_str:0000000000000537 .LASF89
C:\WINDOWS\ccBqR05j.s:2170   .debug_str:0000000000000248 .LASF90
C:\WINDOWS\ccBqR05j.s:2232   .debug_str:0000000000000369 .LASF91
C:\WINDOWS\ccBqR05j.s:2072   .debug_str:0000000000000012 .LASF92
C:\WINDOWS\ccBqR05j.s:2262   .debug_str:00000000000003f8 .LASF93
C:\WINDOWS\ccBqR05j.s:2282   .debug_str:0000000000000444 .LASF94
C:\WINDOWS\ccBqR05j.s:2292   .debug_str:00000000000004ee .LASF95
C:\WINDOWS\ccBqR05j.s:2300   .debug_str:000000000000051b .LASF96
GAS LISTING C:\WINDOWS\ccBqR05j.s 			page 5


C:\WINDOWS\ccBqR05j.s:2286   .debug_str:0000000000000450 .LASF97
C:\WINDOWS\ccBqR05j.s:2178   .debug_str:0000000000000277 .LASF98
C:\WINDOWS\ccBqR05j.s:2320   .debug_str:0000000000000573 .LASF99
C:\WINDOWS\ccBqR05j.s:2150   .debug_str:00000000000001e8 .LASF100
C:\WINDOWS\ccBqR05j.s:2244   .debug_str:000000000000039c .LASF101
C:\WINDOWS\ccBqR05j.s:2324   .debug_str:0000000000000589 .LASF102
C:\WINDOWS\ccBqR05j.s:2246   .debug_str:00000000000003a7 .LASF103
C:\WINDOWS\ccBqR05j.s:2328   .debug_str:0000000000000595 .LASF104
C:\WINDOWS\ccBqR05j.s:2094   .debug_str:00000000000000b0 .LASF105
C:\WINDOWS\ccBqR05j.s:2310   .debug_str:0000000000000546 .LASF106
C:\WINDOWS\ccBqR05j.s:2176   .debug_str:000000000000026b .LASF107
C:\WINDOWS\ccBqR05j.s:2296   .debug_str:00000000000004fb .LASF108
C:\WINDOWS\ccBqR05j.s:2136   .debug_str:00000000000001ae .LASF109
C:\WINDOWS\ccBqR05j.s:2090   .debug_str:000000000000007c .LASF110
C:\WINDOWS\ccBqR05j.s:2134   .debug_str:000000000000019d .LASF111
C:\WINDOWS\ccBqR05j.s:2078   .debug_str:000000000000002b .LASF112
C:\WINDOWS\ccBqR05j.s:2080   .debug_str:000000000000003a .LASF113
C:\WINDOWS\ccBqR05j.s:2224   .debug_str:0000000000000345 .LASF114
C:\WINDOWS\ccBqR05j.s:2206   .debug_str:00000000000002ec .LASF115
C:\WINDOWS\ccBqR05j.s:2198   .debug_str:00000000000002c9 .LASF116
C:\WINDOWS\ccBqR05j.s:2316   .debug_str:0000000000000560 .LASF117
C:\WINDOWS\ccBqR05j.s:2086   .debug_str:000000000000006b .LASF131
C:\WINDOWS\ccBqR05j.s:2270   .debug_str:0000000000000414 .LASF118
C:\WINDOWS\ccBqR05j.s:2298   .debug_str:0000000000000508 .LASF119
C:\WINDOWS\ccBqR05j.s:2126   .debug_str:0000000000000142 .LASF120
C:\WINDOWS\ccBqR05j.s:2240   .debug_str:0000000000000389 .LASF121
C:\WINDOWS\ccBqR05j.s:2184   .debug_str:0000000000000292 .LASF122
C:\WINDOWS\ccBqR05j.s:2200   .debug_str:00000000000002d2 .LASF123
C:\WINDOWS\ccBqR05j.s:2204   .debug_str:00000000000002e5 .LASF124
C:\WINDOWS\ccBqR05j.s:2280   .debug_str:000000000000043d .LASF125
C:\WINDOWS\ccBqR05j.s:2326   .debug_str:000000000000058e .LASF126
C:\WINDOWS\ccBqR05j.s:2192   .debug_str:00000000000002af .LASF127
C:\WINDOWS\ccBqR05j.s:14     .text._close:0000000000000000 .LFB1
C:\WINDOWS\ccBqR05j.s:27     .text._close:0000000000000004 .LFE1
C:\WINDOWS\ccBqR05j.s:2033   .debug_loc:0000000000000000 .LLST0
C:\WINDOWS\ccBqR05j.s:2088   .debug_str:0000000000000076 .LASF132
C:\WINDOWS\ccBqR05j.s:18     .text._close:0000000000000000 .LVL0
C:\WINDOWS\ccBqR05j.s:24     .text._close:0000000000000002 .LVL1
C:\WINDOWS\ccBqR05j.s:38     .debug_info:0000000000000000 .Ldebug_info0

NO UNDEFINED SYMBOLS
