GAS LISTING C:\WINDOWS\ccHT7mPy.s 			page 1


   1              		.file	"fstat.c"
   2              		.option nopic
   3              		.attribute arch, "rv32i2p0_m2p0_a2p0_c2p0"
   4              		.attribute unaligned_access, 0
   5              		.attribute stack_align, 16
   6              		.text
   7              	.Ltext0:
   8              		.cfi_sections	.debug_frame
   9              		.section	.text._fstat,"ax",@progbits
  10              		.align	1
  11              		.globl	_fstat
  13              	_fstat:
  14              	.LFB1:
  15              		.file 1 "./../../firmware/RISCV/stubs/fstat.c"
   1:./../../firmware/RISCV/stubs/fstat.c **** /* See LICENSE of license details. */
   2:./../../firmware/RISCV/stubs/fstat.c **** 
   3:./../../firmware/RISCV/stubs/fstat.c **** #include <errno.h>
   4:./../../firmware/RISCV/stubs/fstat.c **** #include <unistd.h>
   5:./../../firmware/RISCV/stubs/fstat.c **** #include <sys/stat.h>
   6:./../../firmware/RISCV/stubs/fstat.c **** #include "stub.h"
   7:./../../firmware/RISCV/stubs/fstat.c **** 
   8:./../../firmware/RISCV/stubs/fstat.c **** int _fstat(int fd, struct stat* st)
   9:./../../firmware/RISCV/stubs/fstat.c **** {
  16              		.loc 1 9 1
  17              		.cfi_startproc
  18              	.LVL0:
  10:./../../firmware/RISCV/stubs/fstat.c ****   if (isatty(fd)) {
  19              		.loc 1 10 3
   9:./../../firmware/RISCV/stubs/fstat.c ****   if (isatty(fd)) {
  20              		.loc 1 9 1 is_stmt 0
  21 0000 0111     		addi	sp,sp,-32
  22              	.LCFI0:
  23              		.cfi_def_cfa_offset 32
  24 0002 06CE     		sw	ra,28(sp)
  25              		.cfi_offset 1, -4
   9:./../../firmware/RISCV/stubs/fstat.c ****   if (isatty(fd)) {
  26              		.loc 1 9 1
  27 0004 2EC6     		sw	a1,12(sp)
  28              		.loc 1 10 7
  29 0006 97000000 		call	isatty
  29      E7800000 
  30              	.LVL1:
  31              		.loc 1 10 6
  32 000e 01C9     		beq	a0,zero,.L3
  11:./../../firmware/RISCV/stubs/fstat.c ****     st->st_mode = S_IFCHR;
  33              		.loc 1 11 5 is_stmt 1
  34              		.loc 1 11 17 is_stmt 0
  35 0010 B245     		lw	a1,12(sp)
  36 0012 8967     		li	a5,8192
  12:./../../firmware/RISCV/stubs/fstat.c ****     return 0;
  37              		.loc 1 12 12
  38 0014 0145     		li	a0,0
  11:./../../firmware/RISCV/stubs/fstat.c ****     st->st_mode = S_IFCHR;
  39              		.loc 1 11 17
  40 0016 DCC1     		sw	a5,4(a1)
  41              		.loc 1 12 5 is_stmt 1
  42              	.L1:
GAS LISTING C:\WINDOWS\ccHT7mPy.s 			page 2


  13:./../../firmware/RISCV/stubs/fstat.c ****   }
  14:./../../firmware/RISCV/stubs/fstat.c **** 
  15:./../../firmware/RISCV/stubs/fstat.c ****   return _stub(EBADF);
  16:./../../firmware/RISCV/stubs/fstat.c **** }
  43              		.loc 1 16 1 is_stmt 0
  44 0018 F240     		lw	ra,28(sp)
  45              		.cfi_remember_state
  46              		.cfi_restore 1
  47 001a 0561     		addi	sp,sp,32
  48              	.LCFI1:
  49              		.cfi_def_cfa_offset 0
  50              	.LVL2:
  51 001c 8280     		jr	ra
  52              	.LVL3:
  53              	.L3:
  54              	.LCFI2:
  55              		.cfi_restore_state
  15:./../../firmware/RISCV/stubs/fstat.c **** }
  56              		.loc 1 15 10
  57 001e 7D55     		li	a0,-1
  58 0020 E5BF     		j	.L1
  59              		.cfi_endproc
  60              	.LFE1:
  62              		.text
  63              	.Letext0:
  64              		.file 2 "c:\\users\\sebastian\\documents\\mikrodatorteknik\\compiler\\lib\\gcc\\riscv64-unknown-el
  65              		.file 3 "c:\\users\\sebastian\\documents\\mikrodatorteknik\\compiler\\riscv64-unknown-elf\\include
  66              		.file 4 "c:\\users\\sebastian\\documents\\mikrodatorteknik\\compiler\\riscv64-unknown-elf\\include
  67              		.file 5 "c:\\users\\sebastian\\documents\\mikrodatorteknik\\compiler\\riscv64-unknown-elf\\include
  68              		.file 6 "c:\\users\\sebastian\\documents\\mikrodatorteknik\\compiler\\riscv64-unknown-elf\\include
  69              		.file 7 "c:\\users\\sebastian\\documents\\mikrodatorteknik\\compiler\\riscv64-unknown-elf\\include
  70              		.file 8 "c:\\users\\sebastian\\documents\\mikrodatorteknik\\compiler\\riscv64-unknown-elf\\include
  71              		.file 9 "c:\\users\\sebastian\\documents\\mikrodatorteknik\\compiler\\riscv64-unknown-elf\\include
  72              		.file 10 "c:\\users\\sebastian\\documents\\mikrodatorteknik\\compiler\\riscv64-unknown-elf\\includ
  73              		.file 11 "c:\\users\\sebastian\\documents\\mikrodatorteknik\\compiler\\riscv64-unknown-elf\\includ
  74              		.file 12 "c:\\users\\sebastian\\documents\\mikrodatorteknik\\compiler\\riscv64-unknown-elf\\includ
  75              		.file 13 "./../../firmware/RISCV/stubs/stub.h"
GAS LISTING C:\WINDOWS\ccHT7mPy.s 			page 3


DEFINED SYMBOLS
                            *ABS*:0000000000000000 fstat.c
C:\WINDOWS\ccHT7mPy.s:13     .text._fstat:0000000000000000 _fstat
C:\WINDOWS\ccHT7mPy.s:17     .text._fstat:0000000000000000 .L0 
C:\WINDOWS\ccHT7mPy.s:19     .text._fstat:0000000000000000 .L0 
C:\WINDOWS\ccHT7mPy.s:20     .text._fstat:0000000000000000 .L0 
C:\WINDOWS\ccHT7mPy.s:21     .text._fstat:0000000000000000 .L0 
C:\WINDOWS\ccHT7mPy.s:23     .text._fstat:0000000000000002 .L0 
C:\WINDOWS\ccHT7mPy.s:25     .text._fstat:0000000000000004 .L0 
C:\WINDOWS\ccHT7mPy.s:27     .text._fstat:0000000000000004 .L0 
C:\WINDOWS\ccHT7mPy.s:29     .text._fstat:0000000000000006 .L0 
C:\WINDOWS\ccHT7mPy.s:32     .text._fstat:000000000000000e .L0 
C:\WINDOWS\ccHT7mPy.s:34     .text._fstat:0000000000000010 .L0 
C:\WINDOWS\ccHT7mPy.s:35     .text._fstat:0000000000000010 .L0 
C:\WINDOWS\ccHT7mPy.s:38     .text._fstat:0000000000000014 .L0 
C:\WINDOWS\ccHT7mPy.s:40     .text._fstat:0000000000000016 .L0 
C:\WINDOWS\ccHT7mPy.s:43     .text._fstat:0000000000000018 .L0 
C:\WINDOWS\ccHT7mPy.s:44     .text._fstat:0000000000000018 .L0 
C:\WINDOWS\ccHT7mPy.s:45     .text._fstat:000000000000001a .L0 
C:\WINDOWS\ccHT7mPy.s:46     .text._fstat:000000000000001a .L0 
C:\WINDOWS\ccHT7mPy.s:49     .text._fstat:000000000000001c .L0 
C:\WINDOWS\ccHT7mPy.s:55     .text._fstat:000000000000001e .L0 
C:\WINDOWS\ccHT7mPy.s:57     .text._fstat:000000000000001e .L0 
C:\WINDOWS\ccHT7mPy.s:59     .text._fstat:0000000000000022 .L0 
C:\WINDOWS\ccHT7mPy.s:62     .text._fstat:0000000000000022 .L0 
                     .debug_frame:0000000000000000 .L0 
C:\WINDOWS\ccHT7mPy.s:53     .text._fstat:000000000000001e .L3
C:\WINDOWS\ccHT7mPy.s:42     .text._fstat:0000000000000018 .L1
C:\WINDOWS\ccHT7mPy.s:1932   .debug_abbrev:0000000000000000 .Ldebug_abbrev0
C:\WINDOWS\ccHT7mPy.s:2842   .debug_str:00000000000005aa .LASF170
C:\WINDOWS\ccHT7mPy.s:2736   .debug_str:00000000000003b4 .LASF171
C:\WINDOWS\ccHT7mPy.s:2634   .debug_str:00000000000001b8 .LASF172
C:\WINDOWS\ccHT7mPy.s:2536   .debug_ranges:0000000000000000 .Ldebug_ranges0
C:\WINDOWS\ccHT7mPy.s:2542   .debug_line:0000000000000000 .Ldebug_line0
C:\WINDOWS\ccHT7mPy.s:2674   .debug_str:00000000000002a2 .LASF0
C:\WINDOWS\ccHT7mPy.s:2696   .debug_str:0000000000000301 .LASF1
C:\WINDOWS\ccHT7mPy.s:2594   .debug_str:0000000000000100 .LASF2
C:\WINDOWS\ccHT7mPy.s:2730   .debug_str:000000000000039a .LASF3
C:\WINDOWS\ccHT7mPy.s:2710   .debug_str:000000000000034c .LASF8
C:\WINDOWS\ccHT7mPy.s:2596   .debug_str:000000000000010e .LASF4
C:\WINDOWS\ccHT7mPy.s:2758   .debug_str:0000000000000439 .LASF5
C:\WINDOWS\ccHT7mPy.s:2766   .debug_str:000000000000045c .LASF6
C:\WINDOWS\ccHT7mPy.s:2616   .debug_str:0000000000000167 .LASF7
C:\WINDOWS\ccHT7mPy.s:2650   .debug_str:0000000000000238 .LASF9
C:\WINDOWS\ccHT7mPy.s:2684   .debug_str:00000000000002cf .LASF10
C:\WINDOWS\ccHT7mPy.s:2572   .debug_str:0000000000000082 .LASF11
C:\WINDOWS\ccHT7mPy.s:2584   .debug_str:00000000000000cc .LASF12
C:\WINDOWS\ccHT7mPy.s:2614   .debug_str:000000000000015c .LASF13
C:\WINDOWS\ccHT7mPy.s:2742   .debug_str:00000000000003ea .LASF14
C:\WINDOWS\ccHT7mPy.s:2744   .debug_str:00000000000003f6 .LASF15
C:\WINDOWS\ccHT7mPy.s:2662   .debug_str:0000000000000271 .LASF16
C:\WINDOWS\ccHT7mPy.s:2834   .debug_str:0000000000000587 .LASF17
C:\WINDOWS\ccHT7mPy.s:2548   .debug_str:0000000000000014 .LASF18
C:\WINDOWS\ccHT7mPy.s:2806   .debug_str:000000000000051a .LASF19
C:\WINDOWS\ccHT7mPy.s:2600   .debug_str:0000000000000120 .LASF20
C:\WINDOWS\ccHT7mPy.s:2546   .debug_str:000000000000000c .LASF21
C:\WINDOWS\ccHT7mPy.s:2818   .debug_str:000000000000054a .LASF22
GAS LISTING C:\WINDOWS\ccHT7mPy.s 			page 4


C:\WINDOWS\ccHT7mPy.s:2862   .debug_str:000000000000068a .LASF23
C:\WINDOWS\ccHT7mPy.s:2706   .debug_str:000000000000033e .LASF24
C:\WINDOWS\ccHT7mPy.s:2676   .debug_str:00000000000002af .LASF25
C:\WINDOWS\ccHT7mPy.s:2810   .debug_str:0000000000000528 .LASF26
C:\WINDOWS\ccHT7mPy.s:2812   .debug_str:0000000000000530 .LASF27
C:\WINDOWS\ccHT7mPy.s:2778   .debug_str:000000000000048f .LASF28
C:\WINDOWS\ccHT7mPy.s:2890   .debug_str:0000000000000707 .LASF29
C:\WINDOWS\ccHT7mPy.s:2848   .debug_str:0000000000000640 .LASF30
C:\WINDOWS\ccHT7mPy.s:2754   .debug_str:000000000000041e .LASF31
C:\WINDOWS\ccHT7mPy.s:2654   .debug_str:0000000000000249 .LASF32
C:\WINDOWS\ccHT7mPy.s:2658   .debug_str:000000000000025a .LASF37
C:\WINDOWS\ccHT7mPy.s:2836   .debug_str:000000000000058f .LASF33
C:\WINDOWS\ccHT7mPy.s:2802   .debug_str:000000000000050b .LASF34
C:\WINDOWS\ccHT7mPy.s:2652   .debug_str:0000000000000243 .LASF35
C:\WINDOWS\ccHT7mPy.s:2856   .debug_str:0000000000000675 .LASF36
C:\WINDOWS\ccHT7mPy.s:2672   .debug_str:000000000000029d .LASF38
C:\WINDOWS\ccHT7mPy.s:2590   .debug_str:00000000000000f2 .LASF39
C:\WINDOWS\ccHT7mPy.s:2828   .debug_str:0000000000000571 .LASF40
C:\WINDOWS\ccHT7mPy.s:2604   .debug_str:000000000000012f .LASF41
C:\WINDOWS\ccHT7mPy.s:2894   .debug_str:000000000000071a .LASF42
C:\WINDOWS\ccHT7mPy.s:2738   .debug_str:00000000000003d9 .LASF43
C:\WINDOWS\ccHT7mPy.s:2724   .debug_str:0000000000000380 .LASF44
C:\WINDOWS\ccHT7mPy.s:2858   .debug_str:000000000000067a .LASF45
C:\WINDOWS\ccHT7mPy.s:2768   .debug_str:0000000000000466 .LASF46
C:\WINDOWS\ccHT7mPy.s:2874   .debug_str:00000000000006bf .LASF47
C:\WINDOWS\ccHT7mPy.s:2608   .debug_str:000000000000013e .LASF48
C:\WINDOWS\ccHT7mPy.s:2644   .debug_str:0000000000000225 .LASF49
C:\WINDOWS\ccHT7mPy.s:2544   .debug_str:0000000000000000 .LASF50
C:\WINDOWS\ccHT7mPy.s:2844   .debug_str:0000000000000632 .LASF51
C:\WINDOWS\ccHT7mPy.s:2622   .debug_str:0000000000000181 .LASF52
C:\WINDOWS\ccHT7mPy.s:2740   .debug_str:00000000000003e2 .LASF53
C:\WINDOWS\ccHT7mPy.s:2794   .debug_str:00000000000004db .LASF54
C:\WINDOWS\ccHT7mPy.s:2646   .debug_str:000000000000022d .LASF55
C:\WINDOWS\ccHT7mPy.s:2770   .debug_str:0000000000000470 .LASF56
C:\WINDOWS\ccHT7mPy.s:2602   .debug_str:0000000000000129 .LASF57
C:\WINDOWS\ccHT7mPy.s:2550   .debug_str:000000000000001c .LASF58
C:\WINDOWS\ccHT7mPy.s:2780   .debug_str:000000000000049a .LASF59
C:\WINDOWS\ccHT7mPy.s:2620   .debug_str:000000000000017a .LASF60
C:\WINDOWS\ccHT7mPy.s:2686   .debug_str:00000000000002e1 .LASF61
C:\WINDOWS\ccHT7mPy.s:2576   .debug_str:00000000000000a3 .LASF62
C:\WINDOWS\ccHT7mPy.s:2610   .debug_str:000000000000014c .LASF63
C:\WINDOWS\ccHT7mPy.s:2664   .debug_str:0000000000000279 .LASF64
C:\WINDOWS\ccHT7mPy.s:2722   .debug_str:0000000000000379 .LASF65
C:\WINDOWS\ccHT7mPy.s:2814   .debug_str:0000000000000538 .LASF66
C:\WINDOWS\ccHT7mPy.s:2878   .debug_str:00000000000006d9 .LASF67
C:\WINDOWS\ccHT7mPy.s:2598   .debug_str:000000000000011a .LASF68
C:\WINDOWS\ccHT7mPy.s:2870   .debug_str:00000000000006b1 .LASF69
C:\WINDOWS\ccHT7mPy.s:2628   .debug_str:0000000000000197 .LASF70
C:\WINDOWS\ccHT7mPy.s:2638   .debug_str:00000000000001fe .LASF71
C:\WINDOWS\ccHT7mPy.s:2566   .debug_str:000000000000005c .LASF72
C:\WINDOWS\ccHT7mPy.s:2712   .debug_str:0000000000000353 .LASF73
C:\WINDOWS\ccHT7mPy.s:2784   .debug_str:00000000000004ac .LASF74
C:\WINDOWS\ccHT7mPy.s:2716   .debug_str:0000000000000360 .LASF75
C:\WINDOWS\ccHT7mPy.s:2804   .debug_str:0000000000000513 .LASF76
C:\WINDOWS\ccHT7mPy.s:2822   .debug_str:000000000000055b .LASF77
C:\WINDOWS\ccHT7mPy.s:2624   .debug_str:0000000000000189 .LASF78
C:\WINDOWS\ccHT7mPy.s:2678   .debug_str:00000000000002b6 .LASF79
GAS LISTING C:\WINDOWS\ccHT7mPy.s 			page 5


C:\WINDOWS\ccHT7mPy.s:2656   .debug_str:0000000000000252 .LASF80
C:\WINDOWS\ccHT7mPy.s:2792   .debug_str:00000000000004d6 .LASF81
C:\WINDOWS\ccHT7mPy.s:2558   .debug_str:0000000000000039 .LASF82
C:\WINDOWS\ccHT7mPy.s:2800   .debug_str:00000000000004f2 .LASF83
C:\WINDOWS\ccHT7mPy.s:2796   .debug_str:00000000000004e0 .LASF84
C:\WINDOWS\ccHT7mPy.s:2630   .debug_str:00000000000001a0 .LASF85
C:\WINDOWS\ccHT7mPy.s:2798   .debug_str:00000000000004e8 .LASF86
C:\WINDOWS\ccHT7mPy.s:2704   .debug_str:0000000000000336 .LASF87
C:\WINDOWS\ccHT7mPy.s:2666   .debug_str:000000000000027f .LASF88
C:\WINDOWS\ccHT7mPy.s:2888   .debug_str:0000000000000702 .LASF89
C:\WINDOWS\ccHT7mPy.s:2750   .debug_str:000000000000040a .LASF90
C:\WINDOWS\ccHT7mPy.s:2682   .debug_str:00000000000002c7 .LASF91
C:\WINDOWS\ccHT7mPy.s:2636   .debug_str:00000000000001f6 .LASF92
C:\WINDOWS\ccHT7mPy.s:2760   .debug_str:0000000000000447 .LASF93
C:\WINDOWS\ccHT7mPy.s:2698   .debug_str:0000000000000314 .LASF94
C:\WINDOWS\ccHT7mPy.s:2866   .debug_str:000000000000069d .LASF95
C:\WINDOWS\ccHT7mPy.s:2612   .debug_str:0000000000000154 .LASF96
C:\WINDOWS\ccHT7mPy.s:2606   .debug_str:0000000000000139 .LASF97
C:\WINDOWS\ccHT7mPy.s:2824   .debug_str:0000000000000562 .LASF98
C:\WINDOWS\ccHT7mPy.s:2776   .debug_str:0000000000000488 .LASF99
C:\WINDOWS\ccHT7mPy.s:2860   .debug_str:0000000000000684 .LASF100
C:\WINDOWS\ccHT7mPy.s:2692   .debug_str:00000000000002f4 .LASF101
C:\WINDOWS\ccHT7mPy.s:2774   .debug_str:0000000000000482 .LASF102
C:\WINDOWS\ccHT7mPy.s:2554   .debug_str:000000000000002a .LASF103
C:\WINDOWS\ccHT7mPy.s:2808   .debug_str:0000000000000522 .LASF104
C:\WINDOWS\ccHT7mPy.s:2832   .debug_str:0000000000000581 .LASF105
C:\WINDOWS\ccHT7mPy.s:2846   .debug_str:000000000000063b .LASF106
C:\WINDOWS\ccHT7mPy.s:2854   .debug_str:0000000000000668 .LASF107
C:\WINDOWS\ccHT7mPy.s:2838   .debug_str:0000000000000595 .LASF108
C:\WINDOWS\ccHT7mPy.s:2702   .debug_str:0000000000000329 .LASF109
C:\WINDOWS\ccHT7mPy.s:2876   .debug_str:00000000000006ca .LASF110
C:\WINDOWS\ccHT7mPy.s:2660   .debug_str:0000000000000262 .LASF111
C:\WINDOWS\ccHT7mPy.s:2786   .debug_str:00000000000004b5 .LASF112
C:\WINDOWS\ccHT7mPy.s:2880   .debug_str:00000000000006e0 .LASF113
C:\WINDOWS\ccHT7mPy.s:2790   .debug_str:00000000000004c9 .LASF114
C:\WINDOWS\ccHT7mPy.s:2886   .debug_str:00000000000006f4 .LASF115
C:\WINDOWS\ccHT7mPy.s:2588   .debug_str:00000000000000e4 .LASF116
C:\WINDOWS\ccHT7mPy.s:2864   .debug_str:0000000000000693 .LASF117
C:\WINDOWS\ccHT7mPy.s:2700   .debug_str:000000000000031d .LASF118
C:\WINDOWS\ccHT7mPy.s:2850   .debug_str:0000000000000648 .LASF119
C:\WINDOWS\ccHT7mPy.s:2642   .debug_str:0000000000000217 .LASF120
C:\WINDOWS\ccHT7mPy.s:2582   .debug_str:00000000000000bd .LASF121
C:\WINDOWS\ccHT7mPy.s:2640   .debug_str:0000000000000206 .LASF122
C:\WINDOWS\ccHT7mPy.s:2568   .debug_str:0000000000000062 .LASF123
C:\WINDOWS\ccHT7mPy.s:2570   .debug_str:0000000000000071 .LASF124
C:\WINDOWS\ccHT7mPy.s:2764   .debug_str:0000000000000453 .LASF125
C:\WINDOWS\ccHT7mPy.s:2734   .debug_str:00000000000003ad .LASF126
C:\WINDOWS\ccHT7mPy.s:2726   .debug_str:000000000000038a .LASF127
C:\WINDOWS\ccHT7mPy.s:2872   .debug_str:00000000000006b7 .LASF128
C:\WINDOWS\ccHT7mPy.s:2578   .debug_str:00000000000000ac .LASF173
C:\WINDOWS\ccHT7mPy.s:2816   .debug_str:000000000000053e .LASF129
C:\WINDOWS\ccHT7mPy.s:2852   .debug_str:0000000000000655 .LASF130
C:\WINDOWS\ccHT7mPy.s:2632   .debug_str:00000000000001ab .LASF131
C:\WINDOWS\ccHT7mPy.s:2782   .debug_str:00000000000004a2 .LASF132
C:\WINDOWS\ccHT7mPy.s:2748   .debug_str:0000000000000403 .LASF133
C:\WINDOWS\ccHT7mPy.s:2680   .debug_str:00000000000002be .LASF134
C:\WINDOWS\ccHT7mPy.s:2868   .debug_str:00000000000006a7 .LASF135
GAS LISTING C:\WINDOWS\ccHT7mPy.s 			page 6


C:\WINDOWS\ccHT7mPy.s:2896   .debug_str:0000000000000724 .LASF136
C:\WINDOWS\ccHT7mPy.s:2688   .debug_str:00000000000002e7 .LASF137
C:\WINDOWS\ccHT7mPy.s:2746   .debug_str:00000000000003fd .LASF138
C:\WINDOWS\ccHT7mPy.s:2694   .debug_str:00000000000002fb .LASF139
C:\WINDOWS\ccHT7mPy.s:2648   .debug_str:0000000000000232 .LASF140
C:\WINDOWS\ccHT7mPy.s:2556   .debug_str:0000000000000032 .LASF141
C:\WINDOWS\ccHT7mPy.s:2552   .debug_str:0000000000000022 .LASF142
C:\WINDOWS\ccHT7mPy.s:2708   .debug_str:0000000000000344 .LASF143
C:\WINDOWS\ccHT7mPy.s:2728   .debug_str:0000000000000393 .LASF144
C:\WINDOWS\ccHT7mPy.s:2732   .debug_str:00000000000003a6 .LASF145
C:\WINDOWS\ccHT7mPy.s:2830   .debug_str:000000000000057a .LASF146
C:\WINDOWS\ccHT7mPy.s:2882   .debug_str:00000000000006e5 .LASF147
C:\WINDOWS\ccHT7mPy.s:2720   .debug_str:0000000000000370 .LASF148
C:\WINDOWS\ccHT7mPy.s:2752   .debug_str:0000000000000414 .LASF149
C:\WINDOWS\ccHT7mPy.s:2560   .debug_str:0000000000000044 .LASF150
C:\WINDOWS\ccHT7mPy.s:2586   .debug_str:00000000000000dc .LASF151
C:\WINDOWS\ccHT7mPy.s:2592   .debug_str:00000000000000fb .LASF152
C:\WINDOWS\ccHT7mPy.s:2562   .debug_str:000000000000004e .LASF153
C:\WINDOWS\ccHT7mPy.s:2762   .debug_str:000000000000044c .LASF154
C:\WINDOWS\ccHT7mPy.s:2840   .debug_str:00000000000005a2 .LASF155
C:\WINDOWS\ccHT7mPy.s:2756   .debug_str:0000000000000430 .LASF156
C:\WINDOWS\ccHT7mPy.s:2690   .debug_str:00000000000002ed .LASF157
C:\WINDOWS\ccHT7mPy.s:2564   .debug_str:0000000000000055 .LASF158
C:\WINDOWS\ccHT7mPy.s:2884   .debug_str:00000000000006ec .LASF159
C:\WINDOWS\ccHT7mPy.s:2718   .debug_str:0000000000000368 .LASF160
C:\WINDOWS\ccHT7mPy.s:2820   .debug_str:0000000000000552 .LASF161
C:\WINDOWS\ccHT7mPy.s:2668   .debug_str:0000000000000289 .LASF162
C:\WINDOWS\ccHT7mPy.s:2892   .debug_str:0000000000000711 .LASF163
C:\WINDOWS\ccHT7mPy.s:2670   .debug_str:0000000000000293 .LASF164
C:\WINDOWS\ccHT7mPy.s:2788   .debug_str:00000000000004c0 .LASF165
C:\WINDOWS\ccHT7mPy.s:2618   .debug_str:0000000000000170 .LASF166
C:\WINDOWS\ccHT7mPy.s:2772   .debug_str:0000000000000477 .LASF167
C:\WINDOWS\ccHT7mPy.s:2574   .debug_str:0000000000000099 .LASF168
C:\WINDOWS\ccHT7mPy.s:2826   .debug_str:0000000000000567 .LASF169
C:\WINDOWS\ccHT7mPy.s:2626   .debug_str:0000000000000190 .LASF174
C:\WINDOWS\ccHT7mPy.s:14     .text._fstat:0000000000000000 .LFB1
C:\WINDOWS\ccHT7mPy.s:60     .text._fstat:0000000000000022 .LFE1
C:\WINDOWS\ccHT7mPy.s:2464   .debug_loc:0000000000000000 .LLST0
C:\WINDOWS\ccHT7mPy.s:2487   .debug_loc:0000000000000038 .LLST1
C:\WINDOWS\ccHT7mPy.s:2501   .debug_loc:0000000000000059 .LLST2
C:\WINDOWS\ccHT7mPy.s:30     .text._fstat:000000000000000e .LVL1
C:\WINDOWS\ccHT7mPy.s:2580   .debug_str:00000000000000b7 .LASF175
C:\WINDOWS\ccHT7mPy.s:2714   .debug_str:0000000000000359 .LASF176
C:\WINDOWS\ccHT7mPy.s:22     .text._fstat:0000000000000002 .LCFI0
C:\WINDOWS\ccHT7mPy.s:48     .text._fstat:000000000000001c .LCFI1
C:\WINDOWS\ccHT7mPy.s:54     .text._fstat:000000000000001e .LCFI2
C:\WINDOWS\ccHT7mPy.s:18     .text._fstat:0000000000000000 .LVL0
C:\WINDOWS\ccHT7mPy.s:50     .text._fstat:000000000000001c .LVL2
C:\WINDOWS\ccHT7mPy.s:52     .text._fstat:000000000000001e .LVL3
C:\WINDOWS\ccHT7mPy.s:77     .debug_info:0000000000000000 .Ldebug_info0

UNDEFINED SYMBOLS
isatty
