GAS LISTING C:\WINDOWS\ccOAH24j.s 			page 1


   1              		.file	"handlers.c"
   2              		.option nopic
   3              		.attribute arch, "rv32i2p0_m2p0_a2p0_c2p0"
   4              		.attribute unaligned_access, 0
   5              		.attribute stack_align, 16
   6              		.text
   7              	.Ltext0:
   8              		.cfi_sections	.debug_frame
   9              		.section	.text.handle_nmi,"ax",@progbits
  10              		.align	1
  11              		.weak	handle_nmi
  13              	handle_nmi:
  14              	.LFB5:
  15              		.file 1 "./../../firmware/RISCV/env_Eclipse/handlers.c"
   1:./../../firmware/RISCV/env_Eclipse/handlers.c **** //See LICENSE for license details.
   2:./../../firmware/RISCV/env_Eclipse/handlers.c **** #include <stdint.h>
   3:./../../firmware/RISCV/env_Eclipse/handlers.c **** #include <stdio.h>
   4:./../../firmware/RISCV/env_Eclipse/handlers.c **** #include <unistd.h>
   5:./../../firmware/RISCV/env_Eclipse/handlers.c **** #include "riscv_encoding.h"
   6:./../../firmware/RISCV/env_Eclipse/handlers.c **** #include "n200_func.h"
   7:./../../firmware/RISCV/env_Eclipse/handlers.c **** 
   8:./../../firmware/RISCV/env_Eclipse/handlers.c **** __attribute__((weak)) uintptr_t handle_nmi()
   9:./../../firmware/RISCV/env_Eclipse/handlers.c **** {
  16              		.loc 1 9 1
  17              		.cfi_startproc
  10:./../../firmware/RISCV/env_Eclipse/handlers.c ****   write(1, "nmi\n", 5);
  18              		.loc 1 10 3
  19 0000 B7050000 		lui	a1,%hi(.LC0)
   9:./../../firmware/RISCV/env_Eclipse/handlers.c ****   write(1, "nmi\n", 5);
  20              		.loc 1 9 1 is_stmt 0
  21 0004 4111     		addi	sp,sp,-16
  22              	.LCFI0:
  23              		.cfi_def_cfa_offset 16
  24              		.loc 1 10 3
  25 0006 1546     		li	a2,5
  26 0008 93850500 		addi	a1,a1,%lo(.LC0)
  27 000c 0545     		li	a0,1
   9:./../../firmware/RISCV/env_Eclipse/handlers.c ****   write(1, "nmi\n", 5);
  28              		.loc 1 9 1
  29 000e 06C6     		sw	ra,12(sp)
  30              		.cfi_offset 1, -4
  31              		.loc 1 10 3
  32 0010 97000000 		call	write
  32      E7800000 
  33              	.LVL0:
  11:./../../firmware/RISCV/env_Eclipse/handlers.c ****   _exit(1);
  34              		.loc 1 11 3 is_stmt 1
  35 0018 0545     		li	a0,1
  36 001a 97000000 		call	_exit
  36      E7800000 
  37              	.LVL1:
  38              		.cfi_endproc
  39              	.LFE5:
  41              		.section	.text.handle_trap,"ax",@progbits
  42              		.align	1
  43              		.weak	handle_trap
  45              	handle_trap:
GAS LISTING C:\WINDOWS\ccOAH24j.s 			page 2


  46              	.LFB6:
  12:./../../firmware/RISCV/env_Eclipse/handlers.c ****   return 0;
  13:./../../firmware/RISCV/env_Eclipse/handlers.c **** }
  14:./../../firmware/RISCV/env_Eclipse/handlers.c **** 
  15:./../../firmware/RISCV/env_Eclipse/handlers.c **** 
  16:./../../firmware/RISCV/env_Eclipse/handlers.c **** __attribute__((weak)) uintptr_t handle_trap(uintptr_t mcause, uintptr_t sp)
  17:./../../firmware/RISCV/env_Eclipse/handlers.c **** {
  47              		.loc 1 17 1
  48              		.cfi_startproc
  49              	.LVL2:
  18:./../../firmware/RISCV/env_Eclipse/handlers.c ****   if((mcause & 0xFFF) == 0xFFF) {
  50              		.loc 1 18 3
  17:./../../firmware/RISCV/env_Eclipse/handlers.c ****   if((mcause & 0xFFF) == 0xFFF) {
  51              		.loc 1 17 1 is_stmt 0
  52 0000 4111     		addi	sp,sp,-16
  53              	.LCFI1:
  54              		.cfi_def_cfa_offset 16
  55              		.loc 1 18 14
  56 0002 9347F5FF 		not	a5,a0
  17:./../../firmware/RISCV/env_Eclipse/handlers.c ****   if((mcause & 0xFFF) == 0xFFF) {
  57              		.loc 1 17 1
  58 0006 22C4     		sw	s0,8(sp)
  59 0008 06C6     		sw	ra,12(sp)
  60              		.cfi_offset 8, -8
  61              		.cfi_offset 1, -4
  62              		.loc 1 18 5
  63 000a 13974701 		slli	a4,a5,20
  17:./../../firmware/RISCV/env_Eclipse/handlers.c ****   if((mcause & 0xFFF) == 0xFFF) {
  64              		.loc 1 17 1
  65 000e 2A84     		mv	s0,a0
  66              		.loc 1 18 5
  67 0010 09E7     		bne	a4,zero,.L4
  19:./../../firmware/RISCV/env_Eclipse/handlers.c ****       handle_nmi();
  68              		.loc 1 19 7 is_stmt 1
  69 0012 97000000 		call	handle_nmi
  69      E7800000 
  70              	.LVL3:
  71              	.L4:
  20:./../../firmware/RISCV/env_Eclipse/handlers.c ****   }
  21:./../../firmware/RISCV/env_Eclipse/handlers.c ****   write(1, "trap\n", 5);
  72              		.loc 1 21 3
  73 001a B7050000 		lui	a1,%hi(.LC1)
  74 001e 1546     		li	a2,5
  75 0020 93850500 		addi	a1,a1,%lo(.LC1)
  76 0024 0545     		li	a0,1
  77 0026 97000000 		call	write
  77      E7800000 
  78              	.LVL4:
  22:./../../firmware/RISCV/env_Eclipse/handlers.c ****   //printf("In trap handler, the mcause is %d\n", mcause);
  23:./../../firmware/RISCV/env_Eclipse/handlers.c ****   //printf("In trap handler, the mepc is 0x%x\n", read_csr(mepc));
  24:./../../firmware/RISCV/env_Eclipse/handlers.c ****   //printf("In trap handler, the mtval is 0x%x\n", read_csr(mbadaddr));
  25:./../../firmware/RISCV/env_Eclipse/handlers.c ****   _exit(mcause);
  79              		.loc 1 25 3
  80 002e 2285     		mv	a0,s0
  81 0030 97000000 		call	_exit
  81      E7800000 
  82              	.LVL5:
GAS LISTING C:\WINDOWS\ccOAH24j.s 			page 3


  83              		.cfi_endproc
  84              	.LFE6:
  86              		.section	.rodata.handle_nmi.str1.4,"aMS",@progbits,1
  87              		.align	2
  88              	.LC0:
  89 0000 6E6D690A 		.string	"nmi\n"
  89      00
  90              		.section	.rodata.handle_trap.str1.4,"aMS",@progbits,1
  91              		.align	2
  92              	.LC1:
  93 0000 74726170 		.string	"trap\n"
  93      0A00
  94              		.text
  95              	.Letext0:
  96              		.file 2 "c:\\users\\sebastian\\documents\\mikrodatorteknik\\compiler\\riscv64-unknown-elf\\include
  97              		.file 3 "c:\\users\\sebastian\\documents\\mikrodatorteknik\\compiler\\riscv64-unknown-elf\\include
  98              		.file 4 "c:\\users\\sebastian\\documents\\mikrodatorteknik\\compiler\\lib\\gcc\\riscv64-unknown-el
  99              		.file 5 "c:\\users\\sebastian\\documents\\mikrodatorteknik\\compiler\\riscv64-unknown-elf\\include
 100              		.file 6 "c:\\users\\sebastian\\documents\\mikrodatorteknik\\compiler\\riscv64-unknown-elf\\include
 101              		.file 7 "c:\\users\\sebastian\\documents\\mikrodatorteknik\\compiler\\riscv64-unknown-elf\\include
 102              		.file 8 "c:\\users\\sebastian\\documents\\mikrodatorteknik\\compiler\\riscv64-unknown-elf\\include
GAS LISTING C:\WINDOWS\ccOAH24j.s 			page 4


DEFINED SYMBOLS
                            *ABS*:0000000000000000 handlers.c
C:\WINDOWS\ccOAH24j.s:13     .text.handle_nmi:0000000000000000 handle_nmi
C:\WINDOWS\ccOAH24j.s:17     .text.handle_nmi:0000000000000000 .L0 
C:\WINDOWS\ccOAH24j.s:18     .text.handle_nmi:0000000000000000 .L0 
C:\WINDOWS\ccOAH24j.s:19     .text.handle_nmi:0000000000000000 .L0 
C:\WINDOWS\ccOAH24j.s:21     .text.handle_nmi:0000000000000004 .L0 
C:\WINDOWS\ccOAH24j.s:23     .text.handle_nmi:0000000000000006 .L0 
C:\WINDOWS\ccOAH24j.s:25     .text.handle_nmi:0000000000000006 .L0 
C:\WINDOWS\ccOAH24j.s:29     .text.handle_nmi:000000000000000e .L0 
C:\WINDOWS\ccOAH24j.s:30     .text.handle_nmi:0000000000000010 .L0 
C:\WINDOWS\ccOAH24j.s:32     .text.handle_nmi:0000000000000010 .L0 
C:\WINDOWS\ccOAH24j.s:35     .text.handle_nmi:0000000000000018 .L0 
C:\WINDOWS\ccOAH24j.s:38     .text.handle_nmi:0000000000000022 .L0 
C:\WINDOWS\ccOAH24j.s:45     .text.handle_trap:0000000000000000 handle_trap
C:\WINDOWS\ccOAH24j.s:48     .text.handle_trap:0000000000000000 .L0 
C:\WINDOWS\ccOAH24j.s:50     .text.handle_trap:0000000000000000 .L0 
C:\WINDOWS\ccOAH24j.s:51     .text.handle_trap:0000000000000000 .L0 
C:\WINDOWS\ccOAH24j.s:52     .text.handle_trap:0000000000000000 .L0 
C:\WINDOWS\ccOAH24j.s:54     .text.handle_trap:0000000000000002 .L0 
C:\WINDOWS\ccOAH24j.s:56     .text.handle_trap:0000000000000002 .L0 
C:\WINDOWS\ccOAH24j.s:58     .text.handle_trap:0000000000000006 .L0 
C:\WINDOWS\ccOAH24j.s:60     .text.handle_trap:000000000000000a .L0 
C:\WINDOWS\ccOAH24j.s:61     .text.handle_trap:000000000000000a .L0 
C:\WINDOWS\ccOAH24j.s:63     .text.handle_trap:000000000000000a .L0 
C:\WINDOWS\ccOAH24j.s:65     .text.handle_trap:000000000000000e .L0 
C:\WINDOWS\ccOAH24j.s:67     .text.handle_trap:0000000000000010 .L0 
C:\WINDOWS\ccOAH24j.s:69     .text.handle_trap:0000000000000012 .L0 
C:\WINDOWS\ccOAH24j.s:73     .text.handle_trap:000000000000001a .L0 
C:\WINDOWS\ccOAH24j.s:80     .text.handle_trap:000000000000002e .L0 
C:\WINDOWS\ccOAH24j.s:83     .text.handle_trap:0000000000000038 .L0 
C:\WINDOWS\ccOAH24j.s:41     .text.handle_nmi:0000000000000022 .L0 
C:\WINDOWS\ccOAH24j.s:86     .text.handle_trap:0000000000000038 .L0 
                     .debug_frame:0000000000000000 .L0 
C:\WINDOWS\ccOAH24j.s:88     .rodata.handle_nmi.str1.4:0000000000000000 .LC0
C:\WINDOWS\ccOAH24j.s:92     .rodata.handle_trap.str1.4:0000000000000000 .LC1
C:\WINDOWS\ccOAH24j.s:71     .text.handle_trap:000000000000001a .L4
C:\WINDOWS\ccOAH24j.s:1676   .debug_abbrev:0000000000000000 .Ldebug_abbrev0
C:\WINDOWS\ccOAH24j.s:2535   .debug_str:0000000000000489 .LASF131
C:\WINDOWS\ccOAH24j.s:2347   .debug_str:00000000000000df .LASF132
C:\WINDOWS\ccOAH24j.s:2369   .debug_str:0000000000000162 .LASF133
C:\WINDOWS\ccOAH24j.s:2297   .debug_ranges:0000000000000000 .Ldebug_ranges0
C:\WINDOWS\ccOAH24j.s:2305   .debug_line:0000000000000000 .Ldebug_line0
C:\WINDOWS\ccOAH24j.s:2343   .debug_str:00000000000000cd .LASF0
C:\WINDOWS\ccOAH24j.s:2467   .debug_str:000000000000035d .LASF1
C:\WINDOWS\ccOAH24j.s:2473   .debug_str:0000000000000379 .LASF2
C:\WINDOWS\ccOAH24j.s:2415   .debug_str:0000000000000269 .LASF3
C:\WINDOWS\ccOAH24j.s:2359   .debug_str:000000000000013a .LASF4
C:\WINDOWS\ccOAH24j.s:2407   .debug_str:0000000000000243 .LASF5
C:\WINDOWS\ccOAH24j.s:2341   .debug_str:00000000000000bf .LASF6
C:\WINDOWS\ccOAH24j.s:2327   .debug_str:0000000000000068 .LASF7
C:\WINDOWS\ccOAH24j.s:2487   .debug_str:00000000000003b4 .LASF9
C:\WINDOWS\ccOAH24j.s:2399   .debug_str:000000000000021f .LASF8
C:\WINDOWS\ccOAH24j.s:2311   .debug_str:0000000000000012 .LASF10
C:\WINDOWS\ccOAH24j.s:2447   .debug_str:00000000000002fe .LASF11
C:\WINDOWS\ccOAH24j.s:2429   .debug_str:00000000000002b4 .LASF12
C:\WINDOWS\ccOAH24j.s:2459   .debug_str:0000000000000334 .LASF13
GAS LISTING C:\WINDOWS\ccOAH24j.s 			page 5


C:\WINDOWS\ccOAH24j.s:2519   .debug_str:000000000000044c .LASF14
C:\WINDOWS\ccOAH24j.s:2555   .debug_str:0000000000000569 .LASF15
C:\WINDOWS\ccOAH24j.s:2425   .debug_str:00000000000002a6 .LASF16
C:\WINDOWS\ccOAH24j.s:2401   .debug_str:000000000000022c .LASF17
C:\WINDOWS\ccOAH24j.s:2511   .debug_str:000000000000042a .LASF18
C:\WINDOWS\ccOAH24j.s:2513   .debug_str:0000000000000432 .LASF19
C:\WINDOWS\ccOAH24j.s:2483   .debug_str:00000000000003a1 .LASF20
C:\WINDOWS\ccOAH24j.s:2541   .debug_str:000000000000051f .LASF21
C:\WINDOWS\ccOAH24j.s:2463   .debug_str:0000000000000345 .LASF22
C:\WINDOWS\ccOAH24j.s:2385   .debug_str:00000000000001e2 .LASF23
C:\WINDOWS\ccOAH24j.s:2389   .debug_str:00000000000001f3 .LASF28
C:\WINDOWS\ccOAH24j.s:2531   .debug_str:0000000000000476 .LASF24
C:\WINDOWS\ccOAH24j.s:2503   .debug_str:000000000000040d .LASF25
C:\WINDOWS\ccOAH24j.s:2383   .debug_str:00000000000001dc .LASF26
C:\WINDOWS\ccOAH24j.s:2549   .debug_str:0000000000000554 .LASF27
C:\WINDOWS\ccOAH24j.s:2397   .debug_str:000000000000021a .LASF29
C:\WINDOWS\ccOAH24j.s:2337   .debug_str:00000000000000b0 .LASF30
C:\WINDOWS\ccOAH24j.s:2525   .debug_str:0000000000000460 .LASF31
C:\WINDOWS\ccOAH24j.s:2349   .debug_str:000000000000010d .LASF32
C:\WINDOWS\ccOAH24j.s:2579   .debug_str:00000000000005d4 .LASF33
C:\WINDOWS\ccOAH24j.s:2453   .debug_str:0000000000000318 .LASF34
C:\WINDOWS\ccOAH24j.s:2441   .debug_str:00000000000002e4 .LASF35
C:\WINDOWS\ccOAH24j.s:2551   .debug_str:0000000000000559 .LASF36
C:\WINDOWS\ccOAH24j.s:2475   .debug_str:0000000000000383 .LASF37
C:\WINDOWS\ccOAH24j.s:2565   .debug_str:0000000000000594 .LASF38
C:\WINDOWS\ccOAH24j.s:2353   .debug_str:000000000000011c .LASF39
C:\WINDOWS\ccOAH24j.s:2379   .debug_str:00000000000001cf .LASF40
C:\WINDOWS\ccOAH24j.s:2307   .debug_str:0000000000000000 .LASF41
C:\WINDOWS\ccOAH24j.s:2537   .debug_str:0000000000000511 .LASF42
C:\WINDOWS\ccOAH24j.s:2363   .debug_str:000000000000014a .LASF43
C:\WINDOWS\ccOAH24j.s:2455   .debug_str:0000000000000321 .LASF44
C:\WINDOWS\ccOAH24j.s:2495   .debug_str:00000000000003dd .LASF45
C:\WINDOWS\ccOAH24j.s:2381   .debug_str:00000000000001d7 .LASF46
C:\WINDOWS\ccOAH24j.s:2477   .debug_str:000000000000038d .LASF47
C:\WINDOWS\ccOAH24j.s:2465   .debug_str:0000000000000357 .LASF48
C:\WINDOWS\ccOAH24j.s:2309   .debug_str:000000000000000c .LASF49
C:\WINDOWS\ccOAH24j.s:2485   .debug_str:00000000000003ac .LASF50
C:\WINDOWS\ccOAH24j.s:2361   .debug_str:0000000000000143 .LASF51
C:\WINDOWS\ccOAH24j.s:2409   .debug_str:0000000000000255 .LASF52
C:\WINDOWS\ccOAH24j.s:2329   .debug_str:000000000000007f .LASF53
C:\WINDOWS\ccOAH24j.s:2355   .debug_str:000000000000012a .LASF54
C:\WINDOWS\ccOAH24j.s:2393   .debug_str:000000000000020a .LASF55
C:\WINDOWS\ccOAH24j.s:2439   .debug_str:00000000000002dd .LASF56
C:\WINDOWS\ccOAH24j.s:2515   .debug_str:000000000000043a .LASF57
C:\WINDOWS\ccOAH24j.s:2569   .debug_str:00000000000005ae .LASF58
C:\WINDOWS\ccOAH24j.s:2345   .debug_str:00000000000000d9 .LASF59
C:\WINDOWS\ccOAH24j.s:2561   .debug_str:0000000000000586 .LASF60
C:\WINDOWS\ccOAH24j.s:2367   .debug_str:0000000000000159 .LASF61
C:\WINDOWS\ccOAH24j.s:2373   .debug_str:00000000000001a8 .LASF62
C:\WINDOWS\ccOAH24j.s:2321   .debug_str:0000000000000042 .LASF63
C:\WINDOWS\ccOAH24j.s:2433   .debug_str:00000000000002c6 .LASF64
C:\WINDOWS\ccOAH24j.s:2317   .debug_str:000000000000002d .LASF65
C:\WINDOWS\ccOAH24j.s:2435   .debug_str:00000000000002cc .LASF66
C:\WINDOWS\ccOAH24j.s:2505   .debug_str:0000000000000415 .LASF67
C:\WINDOWS\ccOAH24j.s:2521   .debug_str:0000000000000454 .LASF68
C:\WINDOWS\ccOAH24j.s:2365   .debug_str:0000000000000152 .LASF69
C:\WINDOWS\ccOAH24j.s:2403   .debug_str:0000000000000233 .LASF70
GAS LISTING C:\WINDOWS\ccOAH24j.s 			page 6


C:\WINDOWS\ccOAH24j.s:2387   .debug_str:00000000000001eb .LASF71
C:\WINDOWS\ccOAH24j.s:2493   .debug_str:00000000000003d8 .LASF72
C:\WINDOWS\ccOAH24j.s:2313   .debug_str:000000000000001c .LASF73
C:\WINDOWS\ccOAH24j.s:2501   .debug_str:00000000000003f4 .LASF74
C:\WINDOWS\ccOAH24j.s:2497   .debug_str:00000000000003e2 .LASF75
C:\WINDOWS\ccOAH24j.s:2457   .debug_str:0000000000000329 .LASF76
C:\WINDOWS\ccOAH24j.s:2499   .debug_str:00000000000003ea .LASF77
C:\WINDOWS\ccOAH24j.s:2423   .debug_str:000000000000029e .LASF78
C:\WINDOWS\ccOAH24j.s:2395   .debug_str:0000000000000210 .LASF79
C:\WINDOWS\ccOAH24j.s:2577   .debug_str:00000000000005cf .LASF80
C:\WINDOWS\ccOAH24j.s:2461   .debug_str:000000000000033b .LASF81
C:\WINDOWS\ccOAH24j.s:2405   .debug_str:000000000000023b .LASF82
C:\WINDOWS\ccOAH24j.s:2371   .debug_str:00000000000001a0 .LASF83
C:\WINDOWS\ccOAH24j.s:2469   .debug_str:000000000000036b .LASF84
C:\WINDOWS\ccOAH24j.s:2417   .debug_str:000000000000027c .LASF85
C:\WINDOWS\ccOAH24j.s:2559   .debug_str:000000000000057c .LASF86
C:\WINDOWS\ccOAH24j.s:2357   .debug_str:0000000000000132 .LASF87
C:\WINDOWS\ccOAH24j.s:2351   .debug_str:0000000000000117 .LASF88
C:\WINDOWS\ccOAH24j.s:2523   .debug_str:000000000000045b .LASF89
C:\WINDOWS\ccOAH24j.s:2481   .debug_str:000000000000039a .LASF90
C:\WINDOWS\ccOAH24j.s:2553   .debug_str:0000000000000563 .LASF91
C:\WINDOWS\ccOAH24j.s:2411   .debug_str:000000000000025b .LASF92
C:\WINDOWS\ccOAH24j.s:2479   .debug_str:0000000000000394 .LASF93
C:\WINDOWS\ccOAH24j.s:2507   .debug_str:000000000000041c .LASF94
C:\WINDOWS\ccOAH24j.s:2509   .debug_str:0000000000000424 .LASF95
C:\WINDOWS\ccOAH24j.s:2529   .debug_str:0000000000000470 .LASF96
C:\WINDOWS\ccOAH24j.s:2539   .debug_str:000000000000051a .LASF97
C:\WINDOWS\ccOAH24j.s:2547   .debug_str:0000000000000547 .LASF98
C:\WINDOWS\ccOAH24j.s:2533   .debug_str:000000000000047c .LASF99
C:\WINDOWS\ccOAH24j.s:2421   .debug_str:0000000000000291 .LASF100
C:\WINDOWS\ccOAH24j.s:2567   .debug_str:000000000000059f .LASF101
C:\WINDOWS\ccOAH24j.s:2391   .debug_str:00000000000001fb .LASF102
C:\WINDOWS\ccOAH24j.s:2489   .debug_str:00000000000003c0 .LASF103
C:\WINDOWS\ccOAH24j.s:2571   .debug_str:00000000000005b5 .LASF104
C:\WINDOWS\ccOAH24j.s:2491   .debug_str:00000000000003cb .LASF105
C:\WINDOWS\ccOAH24j.s:2575   .debug_str:00000000000005c1 .LASF106
C:\WINDOWS\ccOAH24j.s:2335   .debug_str:00000000000000a2 .LASF107
C:\WINDOWS\ccOAH24j.s:2557   .debug_str:0000000000000572 .LASF108
C:\WINDOWS\ccOAH24j.s:2419   .debug_str:0000000000000285 .LASF109
C:\WINDOWS\ccOAH24j.s:2543   .debug_str:0000000000000527 .LASF110
C:\WINDOWS\ccOAH24j.s:2377   .debug_str:00000000000001c1 .LASF111
C:\WINDOWS\ccOAH24j.s:2333   .debug_str:0000000000000093 .LASF112
C:\WINDOWS\ccOAH24j.s:2375   .debug_str:00000000000001b0 .LASF113
C:\WINDOWS\ccOAH24j.s:2323   .debug_str:0000000000000048 .LASF114
C:\WINDOWS\ccOAH24j.s:2325   .debug_str:0000000000000057 .LASF115
C:\WINDOWS\ccOAH24j.s:2471   .debug_str:0000000000000370 .LASF116
C:\WINDOWS\ccOAH24j.s:2451   .debug_str:0000000000000311 .LASF117
C:\WINDOWS\ccOAH24j.s:2443   .debug_str:00000000000002ee .LASF118
C:\WINDOWS\ccOAH24j.s:2563   .debug_str:000000000000058c .LASF119
C:\WINDOWS\ccOAH24j.s:2331   .debug_str:0000000000000088 .LASF134
C:\WINDOWS\ccOAH24j.s:2517   .debug_str:0000000000000440 .LASF120
C:\WINDOWS\ccOAH24j.s:2545   .debug_str:0000000000000534 .LASF121
C:\WINDOWS\ccOAH24j.s:2427   .debug_str:00000000000002ac .LASF122
C:\WINDOWS\ccOAH24j.s:2445   .debug_str:00000000000002f7 .LASF123
C:\WINDOWS\ccOAH24j.s:2449   .debug_str:000000000000030a .LASF124
C:\WINDOWS\ccOAH24j.s:2527   .debug_str:0000000000000469 .LASF125
C:\WINDOWS\ccOAH24j.s:2573   .debug_str:00000000000005ba .LASF126
GAS LISTING C:\WINDOWS\ccOAH24j.s 			page 7


C:\WINDOWS\ccOAH24j.s:2437   .debug_str:00000000000002d4 .LASF127
C:\WINDOWS\ccOAH24j.s:2319   .debug_str:0000000000000036 .LASF135
C:\WINDOWS\ccOAH24j.s:46     .text.handle_trap:0000000000000000 .LFB6
C:\WINDOWS\ccOAH24j.s:84     .text.handle_trap:0000000000000038 .LFE6
C:\WINDOWS\ccOAH24j.s:2231   .debug_loc:0000000000000000 .LLST1
C:\WINDOWS\ccOAH24j.s:2413   .debug_str:0000000000000262 .LASF128
C:\WINDOWS\ccOAH24j.s:2244   .debug_loc:0000000000000020 .LLST2
C:\WINDOWS\ccOAH24j.s:2255   .debug_loc:000000000000003e .LLST3
C:\WINDOWS\ccOAH24j.s:70     .text.handle_trap:000000000000001a .LVL3
C:\WINDOWS\ccOAH24j.s:78     .text.handle_trap:000000000000002e .LVL4
C:\WINDOWS\ccOAH24j.s:82     .text.handle_trap:0000000000000038 .LVL5
C:\WINDOWS\ccOAH24j.s:2431   .debug_str:00000000000002bb .LASF136
C:\WINDOWS\ccOAH24j.s:14     .text.handle_nmi:0000000000000000 .LFB5
C:\WINDOWS\ccOAH24j.s:39     .text.handle_nmi:0000000000000022 .LFE5
C:\WINDOWS\ccOAH24j.s:2269   .debug_loc:000000000000005f .LLST0
C:\WINDOWS\ccOAH24j.s:33     .text.handle_nmi:0000000000000018 .LVL0
C:\WINDOWS\ccOAH24j.s:37     .text.handle_nmi:0000000000000022 .LVL1
C:\WINDOWS\ccOAH24j.s:2315   .debug_str:0000000000000027 .LASF129
C:\WINDOWS\ccOAH24j.s:2339   .debug_str:00000000000000b9 .LASF130
C:\WINDOWS\ccOAH24j.s:53     .text.handle_trap:0000000000000002 .LCFI1
C:\WINDOWS\ccOAH24j.s:49     .text.handle_trap:0000000000000000 .LVL2
C:\WINDOWS\ccOAH24j.s:22     .text.handle_nmi:0000000000000006 .LCFI0
C:\WINDOWS\ccOAH24j.s:104    .debug_info:0000000000000000 .Ldebug_info0

UNDEFINED SYMBOLS
write
_exit
