GAS LISTING C:\WINDOWS\ccD9ot0e.s 			page 1


   1              		.file	"init.c"
   2              		.option nopic
   3              		.attribute arch, "rv32i2p0_m2p0_a2p0_c2p0"
   4              		.attribute unaligned_access, 0
   5              		.attribute stack_align, 16
   6              		.text
   7              	.Ltext0:
   8              		.cfi_sections	.debug_frame
   9              		.section	.text._init,"ax",@progbits
  10              		.align	1
  11              		.globl	_init
  13              	_init:
  14              	.LFB5:
  15              		.file 1 "./../../firmware/RISCV/env_Eclipse/init.c"
   1:./../../firmware/RISCV/env_Eclipse/init.c **** //See LICENSE for license details.
   2:./../../firmware/RISCV/env_Eclipse/init.c **** #include <gd32vf103.h>
   3:./../../firmware/RISCV/env_Eclipse/init.c **** #include <stdint.h>
   4:./../../firmware/RISCV/env_Eclipse/init.c **** #include <stdio.h>
   5:./../../firmware/RISCV/env_Eclipse/init.c **** #include <unistd.h>
   6:./../../firmware/RISCV/env_Eclipse/init.c **** #include "riscv_encoding.h"
   7:./../../firmware/RISCV/env_Eclipse/init.c **** #include "n200_func.h"
   8:./../../firmware/RISCV/env_Eclipse/init.c **** 
   9:./../../firmware/RISCV/env_Eclipse/init.c **** #ifdef USE_SOFTWARE_DEBUGGER
  10:./../../firmware/RISCV/env_Eclipse/init.c **** #include "debugger.h"
  11:./../../firmware/RISCV/env_Eclipse/init.c **** #endif
  12:./../../firmware/RISCV/env_Eclipse/init.c **** 
  13:./../../firmware/RISCV/env_Eclipse/init.c **** extern uint32_t disable_mcycle_minstret();
  14:./../../firmware/RISCV/env_Eclipse/init.c **** void _init()
  15:./../../firmware/RISCV/env_Eclipse/init.c **** {
  16              		.loc 1 15 1
  17              		.cfi_startproc
  16:./../../firmware/RISCV/env_Eclipse/init.c **** 	SystemInit();
  18              		.loc 1 16 2
  15:./../../firmware/RISCV/env_Eclipse/init.c **** 	SystemInit();
  19              		.loc 1 15 1 is_stmt 0
  20 0000 4111     		addi	sp,sp,-16
  21              	.LCFI0:
  22              		.cfi_def_cfa_offset 16
  23 0002 06C6     		sw	ra,12(sp)
  24              		.cfi_offset 1, -4
  25              		.loc 1 16 2
  26 0004 97000000 		call	SystemInit
  26      E7800000 
  27              	.LVL0:
  17:./../../firmware/RISCV/env_Eclipse/init.c **** 
  18:./../../firmware/RISCV/env_Eclipse/init.c **** 	//ECLIC init
  19:./../../firmware/RISCV/env_Eclipse/init.c **** 	eclic_init(ECLIC_NUM_INTERRUPTS);
  28              		.loc 1 19 2 is_stmt 1
  29 000c 13057005 		li	a0,87
  30 0010 97000000 		call	eclic_init
  30      E7800000 
  31              	.LVL1:
  20:./../../firmware/RISCV/env_Eclipse/init.c **** 	eclic_mode_enable();
  32              		.loc 1 20 2
  33 0018 97000000 		call	eclic_mode_enable
  33      E7800000 
  34              	.LVL2:
GAS LISTING C:\WINDOWS\ccD9ot0e.s 			page 2


  21:./../../firmware/RISCV/env_Eclipse/init.c **** 
  22:./../../firmware/RISCV/env_Eclipse/init.c **** 	//printf("After ECLIC mode enabled, the mtvec value is %x \n\n\r", read_csr(mtvec));
  23:./../../firmware/RISCV/env_Eclipse/init.c **** 
  24:./../../firmware/RISCV/env_Eclipse/init.c **** 	// // It must be NOTED:
  25:./../../firmware/RISCV/env_Eclipse/init.c **** 	//  //    * In the RISC-V arch, if user mode and PMP supported, then by default if PMP is not conf
  26:./../../firmware/RISCV/env_Eclipse/init.c **** 	//  //      with valid entries, then user mode cannot access any memory, and cannot execute any in
  27:./../../firmware/RISCV/env_Eclipse/init.c **** 	//  //    * So if switch to user-mode and still want to continue, then you must configure PMP firs
  28:./../../firmware/RISCV/env_Eclipse/init.c **** 	//pmp_open_all_space();
  29:./../../firmware/RISCV/env_Eclipse/init.c **** 	//switch_m2u_mode();
  30:./../../firmware/RISCV/env_Eclipse/init.c **** 	
  31:./../../firmware/RISCV/env_Eclipse/init.c ****     /* Before enter into main, add the cycle/instret disable by default to save power,
  32:./../../firmware/RISCV/env_Eclipse/init.c ****     only use them when needed to measure the cycle/instret */
  33:./../../firmware/RISCV/env_Eclipse/init.c **** 	disable_mcycle_minstret();
  35              		.loc 1 33 2
  34:./../../firmware/RISCV/env_Eclipse/init.c **** #ifdef USE_SOFTWARE_DEBUGGER
  35:./../../firmware/RISCV/env_Eclipse/init.c **** 	dbg_init();
  36:./../../firmware/RISCV/env_Eclipse/init.c **** #endif
  37:./../../firmware/RISCV/env_Eclipse/init.c **** 	
  38:./../../firmware/RISCV/env_Eclipse/init.c **** 
  39:./../../firmware/RISCV/env_Eclipse/init.c **** }
  36              		.loc 1 39 1 is_stmt 0
  37 0020 B240     		lw	ra,12(sp)
  38              		.cfi_restore 1
  39 0022 4101     		addi	sp,sp,16
  40              	.LCFI1:
  41              		.cfi_def_cfa_offset 0
  33:./../../firmware/RISCV/env_Eclipse/init.c **** #ifdef USE_SOFTWARE_DEBUGGER
  42              		.loc 1 33 2
  43 0024 17030000 		tail	disable_mcycle_minstret
  43      67000300 
  44              	.LVL3:
  45              		.cfi_endproc
  46              	.LFE5:
  48              		.section	.text._fini,"ax",@progbits
  49              		.align	1
  50              		.globl	_fini
  52              	_fini:
  53              	.LFB6:
  40:./../../firmware/RISCV/env_Eclipse/init.c **** 
  41:./../../firmware/RISCV/env_Eclipse/init.c **** void _fini()
  42:./../../firmware/RISCV/env_Eclipse/init.c **** {
  54              		.loc 1 42 1 is_stmt 1
  55              		.cfi_startproc
  43:./../../firmware/RISCV/env_Eclipse/init.c **** }
  56              		.loc 1 43 1
  57 0000 8280     		ret
  58              		.cfi_endproc
  59              	.LFE6:
  61              		.text
  62              	.Letext0:
  63              		.file 2 "c:\\users\\sebastian\\documents\\mikrodatorteknik\\compiler\\riscv64-unknown-elf\\include
  64              		.file 3 "c:\\users\\sebastian\\documents\\mikrodatorteknik\\compiler\\riscv64-unknown-elf\\include
  65              		.file 4 "c:\\users\\sebastian\\documents\\mikrodatorteknik\\compiler\\lib\\gcc\\riscv64-unknown-el
  66              		.file 5 "c:\\users\\sebastian\\documents\\mikrodatorteknik\\compiler\\riscv64-unknown-elf\\include
  67              		.file 6 "c:\\users\\sebastian\\documents\\mikrodatorteknik\\compiler\\riscv64-unknown-elf\\include
  68              		.file 7 "c:\\users\\sebastian\\documents\\mikrodatorteknik\\compiler\\riscv64-unknown-elf\\include
  69              		.file 8 "./../../firmware/GD32VF103_standard_peripheral/system_gd32vf103.h"
GAS LISTING C:\WINDOWS\ccD9ot0e.s 			page 3


  70              		.file 9 "c:\\users\\sebastian\\documents\\mikrodatorteknik\\compiler\\riscv64-unknown-elf\\include
  71              		.file 10 "./../../firmware/RISCV/drivers/n200_func.h"
  72              		.file 11 "./../../firmware/GD32VF103_standard_peripheral/gd32vf103.h"
GAS LISTING C:\WINDOWS\ccD9ot0e.s 			page 4


DEFINED SYMBOLS
                            *ABS*:0000000000000000 init.c
C:\WINDOWS\ccD9ot0e.s:13     .text._init:0000000000000000 _init
C:\WINDOWS\ccD9ot0e.s:17     .text._init:0000000000000000 .L0 
C:\WINDOWS\ccD9ot0e.s:18     .text._init:0000000000000000 .L0 
C:\WINDOWS\ccD9ot0e.s:19     .text._init:0000000000000000 .L0 
C:\WINDOWS\ccD9ot0e.s:20     .text._init:0000000000000000 .L0 
C:\WINDOWS\ccD9ot0e.s:22     .text._init:0000000000000002 .L0 
C:\WINDOWS\ccD9ot0e.s:24     .text._init:0000000000000004 .L0 
C:\WINDOWS\ccD9ot0e.s:26     .text._init:0000000000000004 .L0 
C:\WINDOWS\ccD9ot0e.s:29     .text._init:000000000000000c .L0 
C:\WINDOWS\ccD9ot0e.s:33     .text._init:0000000000000018 .L0 
C:\WINDOWS\ccD9ot0e.s:36     .text._init:0000000000000020 .L0 
C:\WINDOWS\ccD9ot0e.s:37     .text._init:0000000000000020 .L0 
C:\WINDOWS\ccD9ot0e.s:38     .text._init:0000000000000022 .L0 
C:\WINDOWS\ccD9ot0e.s:41     .text._init:0000000000000024 .L0 
C:\WINDOWS\ccD9ot0e.s:43     .text._init:0000000000000024 .L0 
C:\WINDOWS\ccD9ot0e.s:45     .text._init:000000000000002c .L0 
C:\WINDOWS\ccD9ot0e.s:52     .text._fini:0000000000000000 _fini
C:\WINDOWS\ccD9ot0e.s:55     .text._fini:0000000000000000 .L0 
C:\WINDOWS\ccD9ot0e.s:56     .text._fini:0000000000000000 .L0 
C:\WINDOWS\ccD9ot0e.s:57     .text._fini:0000000000000000 .L0 
C:\WINDOWS\ccD9ot0e.s:58     .text._fini:0000000000000002 .L0 
C:\WINDOWS\ccD9ot0e.s:48     .text._init:000000000000002c .L0 
C:\WINDOWS\ccD9ot0e.s:61     .text._fini:0000000000000002 .L0 
                     .debug_frame:0000000000000000 .L0 
C:\WINDOWS\ccD9ot0e.s:1818   .debug_abbrev:0000000000000000 .Ldebug_abbrev0
C:\WINDOWS\ccD9ot0e.s:2742   .debug_str:0000000000000786 .LASF199
C:\WINDOWS\ccD9ot0e.s:2468   .debug_str:0000000000000191 .LASF200
C:\WINDOWS\ccD9ot0e.s:2508   .debug_str:0000000000000291 .LASF201
C:\WINDOWS\ccD9ot0e.s:2396   .debug_ranges:0000000000000000 .Ldebug_ranges0
C:\WINDOWS\ccD9ot0e.s:2404   .debug_line:0000000000000000 .Ldebug_line0
C:\WINDOWS\ccD9ot0e.s:2608   .debug_str:00000000000004d7 .LASF202
C:\WINDOWS\ccD9ot0e.s:2526   .debug_str:0000000000000332 .LASF0
C:\WINDOWS\ccD9ot0e.s:2812   .debug_str:000000000000098c .LASF1
C:\WINDOWS\ccD9ot0e.s:2754   .debug_str:0000000000000849 .LASF2
C:\WINDOWS\ccD9ot0e.s:2520   .debug_str:0000000000000303 .LASF3
C:\WINDOWS\ccD9ot0e.s:2600   .debug_str:00000000000004ae .LASF4
C:\WINDOWS\ccD9ot0e.s:2578   .debug_str:0000000000000456 .LASF5
C:\WINDOWS\ccD9ot0e.s:2792   .debug_str:000000000000091a .LASF6
C:\WINDOWS\ccD9ot0e.s:2744   .debug_str:000000000000080e .LASF7
C:\WINDOWS\ccD9ot0e.s:2580   .debug_str:0000000000000461 .LASF8
C:\WINDOWS\ccD9ot0e.s:2784   .debug_str:00000000000008ef .LASF9
C:\WINDOWS\ccD9ot0e.s:2662   .debug_str:0000000000000606 .LASF10
C:\WINDOWS\ccD9ot0e.s:2766   .debug_str:0000000000000894 .LASF11
C:\WINDOWS\ccD9ot0e.s:2816   .debug_str:00000000000009a3 .LASF12
C:\WINDOWS\ccD9ot0e.s:2442   .debug_str:00000000000000ed .LASF13
C:\WINDOWS\ccD9ot0e.s:2624   .debug_str:0000000000000521 .LASF14
C:\WINDOWS\ccD9ot0e.s:2664   .debug_str:0000000000000613 .LASF15
C:\WINDOWS\ccD9ot0e.s:2676   .debug_str:0000000000000649 .LASF16
C:\WINDOWS\ccD9ot0e.s:2438   .debug_str:00000000000000cf .LASF17
C:\WINDOWS\ccD9ot0e.s:2504   .debug_str:0000000000000270 .LASF18
C:\WINDOWS\ccD9ot0e.s:2556   .debug_str:00000000000003d1 .LASF19
C:\WINDOWS\ccD9ot0e.s:2638   .debug_str:0000000000000576 .LASF20
C:\WINDOWS\ccD9ot0e.s:2776   .debug_str:00000000000008bf .LASF21
C:\WINDOWS\ccD9ot0e.s:2410   .debug_str:0000000000000016 .LASF22
C:\WINDOWS\ccD9ot0e.s:2446   .debug_str:0000000000000107 .LASF23
GAS LISTING C:\WINDOWS\ccD9ot0e.s 			page 5


C:\WINDOWS\ccD9ot0e.s:2516   .debug_str:00000000000002eb .LASF24
C:\WINDOWS\ccD9ot0e.s:2412   .debug_str:0000000000000029 .LASF25
C:\WINDOWS\ccD9ot0e.s:2456   .debug_str:0000000000000156 .LASF26
C:\WINDOWS\ccD9ot0e.s:2510   .debug_str:00000000000002cf .LASF27
C:\WINDOWS\ccD9ot0e.s:2498   .debug_str:0000000000000246 .LASF28
C:\WINDOWS\ccD9ot0e.s:2548   .debug_str:00000000000003a2 .LASF29
C:\WINDOWS\ccD9ot0e.s:2472   .debug_str:00000000000001c1 .LASF30
C:\WINDOWS\ccD9ot0e.s:2786   .debug_str:00000000000008f8 .LASF31
C:\WINDOWS\ccD9ot0e.s:2448   .debug_str:0000000000000113 .LASF32
C:\WINDOWS\ccD9ot0e.s:2620   .debug_str:000000000000050e .LASF33
C:\WINDOWS\ccD9ot0e.s:2658   .debug_str:00000000000005f4 .LASF34
C:\WINDOWS\ccD9ot0e.s:2724   .debug_str:000000000000072b .LASF35
C:\WINDOWS\ccD9ot0e.s:2656   .debug_str:00000000000005e7 .LASF36
C:\WINDOWS\ccD9ot0e.s:2738   .debug_str:0000000000000773 .LASF37
C:\WINDOWS\ccD9ot0e.s:2422   .debug_str:0000000000000060 .LASF38
C:\WINDOWS\ccD9ot0e.s:2804   .debug_str:000000000000095c .LASF39
C:\WINDOWS\ccD9ot0e.s:2540   .debug_str:0000000000000375 .LASF40
C:\WINDOWS\ccD9ot0e.s:2586   .debug_str:0000000000000478 .LASF41
C:\WINDOWS\ccD9ot0e.s:2482   .debug_str:00000000000001f5 .LASF42
C:\WINDOWS\ccD9ot0e.s:2650   .debug_str:00000000000005ca .LASF43
C:\WINDOWS\ccD9ot0e.s:2708   .debug_str:00000000000006e6 .LASF44
C:\WINDOWS\ccD9ot0e.s:2768   .debug_str:000000000000089f .LASF45
C:\WINDOWS\ccD9ot0e.s:2732   .debug_str:0000000000000753 .LASF46
C:\WINDOWS\ccD9ot0e.s:2810   .debug_str:000000000000097c .LASF47
C:\WINDOWS\ccD9ot0e.s:2530   .debug_str:0000000000000349 .LASF48
C:\WINDOWS\ccD9ot0e.s:2486   .debug_str:0000000000000213 .LASF49
C:\WINDOWS\ccD9ot0e.s:2626   .debug_str:000000000000052c .LASF50
C:\WINDOWS\ccD9ot0e.s:2642   .debug_str:0000000000000590 .LASF51
C:\WINDOWS\ccD9ot0e.s:2518   .debug_str:00000000000002f8 .LASF52
C:\WINDOWS\ccD9ot0e.s:2546   .debug_str:0000000000000396 .LASF53
C:\WINDOWS\ccD9ot0e.s:2592   .debug_str:000000000000048f .LASF54
C:\WINDOWS\ccD9ot0e.s:2798   .debug_str:000000000000093d .LASF55
C:\WINDOWS\ccD9ot0e.s:2644   .debug_str:000000000000059b .LASF56
C:\WINDOWS\ccD9ot0e.s:2612   .debug_str:00000000000004e5 .LASF57
C:\WINDOWS\ccD9ot0e.s:2502   .debug_str:000000000000025d .LASF58
C:\WINDOWS\ccD9ot0e.s:2524   .debug_str:000000000000031f .LASF59
C:\WINDOWS\ccD9ot0e.s:2570   .debug_str:0000000000000425 .LASF60
C:\WINDOWS\ccD9ot0e.s:2414   .debug_str:0000000000000037 .LASF61
C:\WINDOWS\ccD9ot0e.s:2430   .debug_str:0000000000000096 .LASF62
C:\WINDOWS\ccD9ot0e.s:2562   .debug_str:00000000000003fe .LASF63
C:\WINDOWS\ccD9ot0e.s:2576   .debug_str:000000000000044b .LASF64
C:\WINDOWS\ccD9ot0e.s:2628   .debug_str:0000000000000536 .LASF65
C:\WINDOWS\ccD9ot0e.s:2728   .debug_str:000000000000073d .LASF66
C:\WINDOWS\ccD9ot0e.s:2462   .debug_str:0000000000000172 .LASF67
C:\WINDOWS\ccD9ot0e.s:2748   .debug_str:000000000000082d .LASF68
C:\WINDOWS\ccD9ot0e.s:2408   .debug_str:000000000000000c .LASF69
C:\WINDOWS\ccD9ot0e.s:2746   .debug_str:000000000000081a .LASF70
C:\WINDOWS\ccD9ot0e.s:2490   .debug_str:0000000000000227 .LASF71
C:\WINDOWS\ccD9ot0e.s:2734   .debug_str:0000000000000762 .LASF75
C:\WINDOWS\ccD9ot0e.s:2560   .debug_str:00000000000003ec .LASF72
C:\WINDOWS\ccD9ot0e.s:2506   .debug_str:0000000000000283 .LASF73
C:\WINDOWS\ccD9ot0e.s:2432   .debug_str:00000000000000a4 .LASF74
C:\WINDOWS\ccD9ot0e.s:2762   .debug_str:000000000000087e .LASF76
C:\WINDOWS\ccD9ot0e.s:2552   .debug_str:00000000000003b9 .LASF186
C:\WINDOWS\ccD9ot0e.s:2714   .debug_str:0000000000000704 .LASF77
C:\WINDOWS\ccD9ot0e.s:2640   .debug_str:0000000000000589 .LASF78
C:\WINDOWS\ccD9ot0e.s:2458   .debug_str:0000000000000164 .LASF79
GAS LISTING C:\WINDOWS\ccD9ot0e.s 			page 6


C:\WINDOWS\ccD9ot0e.s:2712   .debug_str:00000000000006fc .LASF80
C:\WINDOWS\ccD9ot0e.s:2778   .debug_str:00000000000008d2 .LASF81
C:\WINDOWS\ccD9ot0e.s:2584   .debug_str:0000000000000472 .LASF82
C:\WINDOWS\ccD9ot0e.s:2550   .debug_str:00000000000003b2 .LASF83
C:\WINDOWS\ccD9ot0e.s:2704   .debug_str:00000000000006d6 .LASF84
C:\WINDOWS\ccD9ot0e.s:2706   .debug_str:00000000000006de .LASF85
C:\WINDOWS\ccD9ot0e.s:2680   .debug_str:0000000000000663 .LASF86
C:\WINDOWS\ccD9ot0e.s:2756   .debug_str:0000000000000856 .LASF87
C:\WINDOWS\ccD9ot0e.s:2648   .debug_str:00000000000005b8 .LASF88
C:\WINDOWS\ccD9ot0e.s:2668   .debug_str:0000000000000627 .LASF89
C:\WINDOWS\ccD9ot0e.s:2538   .debug_str:000000000000036d .LASF94
C:\WINDOWS\ccD9ot0e.s:2736   .debug_str:000000000000076d .LASF90
C:\WINDOWS\ccD9ot0e.s:2698   .debug_str:00000000000006c1 .LASF91
C:\WINDOWS\ccD9ot0e.s:2532   .debug_str:0000000000000353 .LASF92
C:\WINDOWS\ccD9ot0e.s:2772   .debug_str:00000000000008b4 .LASF93
C:\WINDOWS\ccD9ot0e.s:2514   .debug_str:00000000000002e6 .LASF95
C:\WINDOWS\ccD9ot0e.s:2454   .debug_str:000000000000014d .LASF96
C:\WINDOWS\ccD9ot0e.s:2750   .debug_str:000000000000083b .LASF97
C:\WINDOWS\ccD9ot0e.s:2474   .debug_str:00000000000001d0 .LASF98
C:\WINDOWS\ccD9ot0e.s:2814   .debug_str:0000000000000999 .LASF99
C:\WINDOWS\ccD9ot0e.s:2630   .debug_str:000000000000054b .LASF100
C:\WINDOWS\ccD9ot0e.s:2606   .debug_str:00000000000004cd .LASF101
C:\WINDOWS\ccD9ot0e.s:2710   .debug_str:00000000000006f2 .LASF102
C:\WINDOWS\ccD9ot0e.s:2670   .debug_str:0000000000000630 .LASF103
C:\WINDOWS\ccD9ot0e.s:2794   .debug_str:0000000000000923 .LASF104
C:\WINDOWS\ccD9ot0e.s:2478   .debug_str:00000000000001df .LASF105
C:\WINDOWS\ccD9ot0e.s:2416   .debug_str:0000000000000045 .LASF106
C:\WINDOWS\ccD9ot0e.s:2406   .debug_str:0000000000000000 .LASF107
C:\WINDOWS\ccD9ot0e.s:2730   .debug_str:000000000000074a .LASF108
C:\WINDOWS\ccD9ot0e.s:2494   .debug_str:0000000000000237 .LASF109
C:\WINDOWS\ccD9ot0e.s:2632   .debug_str:0000000000000554 .LASF110
C:\WINDOWS\ccD9ot0e.s:2690   .debug_str:0000000000000691 .LASF111
C:\WINDOWS\ccD9ot0e.s:2528   .debug_str:0000000000000344 .LASF112
C:\WINDOWS\ccD9ot0e.s:2672   .debug_str:000000000000063a .LASF113
C:\WINDOWS\ccD9ot0e.s:2470   .debug_str:00000000000001bb .LASF114
C:\WINDOWS\ccD9ot0e.s:2726   .debug_str:0000000000000737 .LASF115
C:\WINDOWS\ccD9ot0e.s:2682   .debug_str:000000000000066e .LASF116
C:\WINDOWS\ccD9ot0e.s:2492   .debug_str:0000000000000230 .LASF117
C:\WINDOWS\ccD9ot0e.s:2770   .debug_str:00000000000008ae .LASF118
C:\WINDOWS\ccD9ot0e.s:2434   .debug_str:00000000000000bb .LASF119
C:\WINDOWS\ccD9ot0e.s:2480   .debug_str:00000000000001ed .LASF120
C:\WINDOWS\ccD9ot0e.s:2544   .debug_str:0000000000000390 .LASF121
C:\WINDOWS\ccD9ot0e.s:2604   .debug_str:00000000000004c6 .LASF122
C:\WINDOWS\ccD9ot0e.s:2740   .debug_str:0000000000000780 .LASF123
C:\WINDOWS\ccD9ot0e.s:2460   .debug_str:000000000000016b .LASF124
C:\WINDOWS\ccD9ot0e.s:2466   .debug_str:000000000000018b .LASF125
C:\WINDOWS\ccD9ot0e.s:2788   .debug_str:000000000000090c .LASF126
C:\WINDOWS\ccD9ot0e.s:2722   .debug_str:0000000000000722 .LASF127
C:\WINDOWS\ccD9ot0e.s:2616   .debug_str:00000000000004ff .LASF128
C:\WINDOWS\ccD9ot0e.s:2564   .debug_str:000000000000040d .LASF129
C:\WINDOWS\ccD9ot0e.s:2594   .debug_str:000000000000049b .LASF130
C:\WINDOWS\ccD9ot0e.s:2684   .debug_str:0000000000000676 .LASF131
C:\WINDOWS\ccD9ot0e.s:2674   .debug_str:0000000000000641 .LASF132
C:\WINDOWS\ccD9ot0e.s:2700   .debug_str:00000000000006c9 .LASF133
C:\WINDOWS\ccD9ot0e.s:2718   .debug_str:0000000000000716 .LASF134
C:\WINDOWS\ccD9ot0e.s:2496   .debug_str:000000000000023f .LASF135
C:\WINDOWS\ccD9ot0e.s:2554   .debug_str:00000000000003c9 .LASF136
GAS LISTING C:\WINDOWS\ccD9ot0e.s 			page 7


C:\WINDOWS\ccD9ot0e.s:2536   .debug_str:0000000000000365 .LASF137
C:\WINDOWS\ccD9ot0e.s:2688   .debug_str:000000000000068c .LASF138
C:\WINDOWS\ccD9ot0e.s:2420   .debug_str:0000000000000055 .LASF139
C:\WINDOWS\ccD9ot0e.s:2696   .debug_str:00000000000006a8 .LASF140
C:\WINDOWS\ccD9ot0e.s:2692   .debug_str:0000000000000696 .LASF141
C:\WINDOWS\ccD9ot0e.s:2634   .debug_str:000000000000055c .LASF142
C:\WINDOWS\ccD9ot0e.s:2694   .debug_str:000000000000069e .LASF143
C:\WINDOWS\ccD9ot0e.s:2582   .debug_str:000000000000046a .LASF144
C:\WINDOWS\ccD9ot0e.s:2500   .debug_str:0000000000000253 .LASF145
C:\WINDOWS\ccD9ot0e.s:2808   .debug_str:0000000000000977 .LASF146
C:\WINDOWS\ccD9ot0e.s:2646   .debug_str:00000000000005ae .LASF147
C:\WINDOWS\ccD9ot0e.s:2558   .debug_str:00000000000003e4 .LASF148
C:\WINDOWS\ccD9ot0e.s:2512   .debug_str:00000000000002de .LASF149
C:\WINDOWS\ccD9ot0e.s:2590   .debug_str:000000000000048a .LASF150
C:\WINDOWS\ccD9ot0e.s:2424   .debug_str:000000000000006d .LASF151
C:\WINDOWS\ccD9ot0e.s:2782   .debug_str:00000000000008e5 .LASF152
C:\WINDOWS\ccD9ot0e.s:2488   .debug_str:000000000000021f .LASF153
C:\WINDOWS\ccD9ot0e.s:2476   .debug_str:00000000000001da .LASF154
C:\WINDOWS\ccD9ot0e.s:2720   .debug_str:000000000000071d .LASF155
C:\WINDOWS\ccD9ot0e.s:2678   .debug_str:000000000000065c .LASF156
C:\WINDOWS\ccD9ot0e.s:2774   .debug_str:00000000000008b9 .LASF157
C:\WINDOWS\ccD9ot0e.s:2566   .debug_str:0000000000000413 .LASF158
C:\WINDOWS\ccD9ot0e.s:2660   .debug_str:0000000000000600 .LASF159
C:\WINDOWS\ccD9ot0e.s:2418   .debug_str:000000000000004d .LASF160
C:\WINDOWS\ccD9ot0e.s:2702   .debug_str:00000000000006d0 .LASF161
C:\WINDOWS\ccD9ot0e.s:2596   .debug_str:00000000000004a1 .LASF162
C:\WINDOWS\ccD9ot0e.s:2752   .debug_str:0000000000000844 .LASF163
C:\WINDOWS\ccD9ot0e.s:2764   .debug_str:0000000000000887 .LASF164
C:\WINDOWS\ccD9ot0e.s:2464   .debug_str:000000000000017e .LASF165
C:\WINDOWS\ccD9ot0e.s:2574   .debug_str:000000000000043e .LASF166
C:\WINDOWS\ccD9ot0e.s:2796   .debug_str:000000000000092e .LASF167
C:\WINDOWS\ccD9ot0e.s:2636   .debug_str:0000000000000567 .LASF168
C:\WINDOWS\ccD9ot0e.s:2568   .debug_str:000000000000041a .LASF169
C:\WINDOWS\ccD9ot0e.s:2800   .debug_str:0000000000000950 .LASF170
C:\WINDOWS\ccD9ot0e.s:2686   .debug_str:000000000000067f .LASF171
C:\WINDOWS\ccD9ot0e.s:2806   .debug_str:0000000000000969 .LASF172
C:\WINDOWS\ccD9ot0e.s:2452   .debug_str:000000000000013f .LASF173
C:\WINDOWS\ccD9ot0e.s:2780   .debug_str:00000000000008db .LASF174
C:\WINDOWS\ccD9ot0e.s:2572   .debug_str:0000000000000432 .LASF175
C:\WINDOWS\ccD9ot0e.s:2758   .debug_str:000000000000085e .LASF176
C:\WINDOWS\ccD9ot0e.s:2522   .debug_str:0000000000000311 .LASF177
C:\WINDOWS\ccD9ot0e.s:2444   .debug_str:00000000000000f8 .LASF178
C:\WINDOWS\ccD9ot0e.s:2542   .debug_str:000000000000037f .LASF179
C:\WINDOWS\ccD9ot0e.s:2426   .debug_str:0000000000000076 .LASF180
C:\WINDOWS\ccD9ot0e.s:2428   .debug_str:0000000000000085 .LASF181
C:\WINDOWS\ccD9ot0e.s:2666   .debug_str:000000000000061e .LASF182
C:\WINDOWS\ccD9ot0e.s:2622   .debug_str:000000000000051a .LASF183
C:\WINDOWS\ccD9ot0e.s:2610   .debug_str:00000000000004dc .LASF184
C:\WINDOWS\ccD9ot0e.s:2790   .debug_str:0000000000000912 .LASF185
C:\WINDOWS\ccD9ot0e.s:2440   .debug_str:00000000000000e2 .LASF203
C:\WINDOWS\ccD9ot0e.s:2534   .debug_str:0000000000000359 .LASF187
C:\WINDOWS\ccD9ot0e.s:2760   .debug_str:000000000000086b .LASF188
C:\WINDOWS\ccD9ot0e.s:2588   .debug_str:0000000000000482 .LASF189
C:\WINDOWS\ccD9ot0e.s:2614   .debug_str:00000000000004f8 .LASF190
C:\WINDOWS\ccD9ot0e.s:2618   .debug_str:0000000000000507 .LASF191
C:\WINDOWS\ccD9ot0e.s:2598   .debug_str:00000000000004a7 .LASF192
C:\WINDOWS\ccD9ot0e.s:2802   .debug_str:0000000000000955 .LASF193
GAS LISTING C:\WINDOWS\ccD9ot0e.s 			page 8


C:\WINDOWS\ccD9ot0e.s:2602   .debug_str:00000000000004bd .LASF194
C:\WINDOWS\ccD9ot0e.s:2652   .debug_str:00000000000005d6 .LASF204
C:\WINDOWS\ccD9ot0e.s:53     .text._fini:0000000000000000 .LFB6
C:\WINDOWS\ccD9ot0e.s:59     .text._fini:0000000000000002 .LFE6
C:\WINDOWS\ccD9ot0e.s:2716   .debug_str:0000000000000710 .LASF205
C:\WINDOWS\ccD9ot0e.s:14     .text._init:0000000000000000 .LFB5
C:\WINDOWS\ccD9ot0e.s:46     .text._init:000000000000002c .LFE5
C:\WINDOWS\ccD9ot0e.s:2363   .debug_loc:0000000000000000 .LLST0
C:\WINDOWS\ccD9ot0e.s:27     .text._init:000000000000000c .LVL0
C:\WINDOWS\ccD9ot0e.s:31     .text._init:0000000000000018 .LVL1
C:\WINDOWS\ccD9ot0e.s:34     .text._init:0000000000000020 .LVL2
C:\WINDOWS\ccD9ot0e.s:44     .text._init:000000000000002c .LVL3
C:\WINDOWS\ccD9ot0e.s:2654   .debug_str:00000000000005dc .LASF195
C:\WINDOWS\ccD9ot0e.s:2436   .debug_str:00000000000000c4 .LASF196
C:\WINDOWS\ccD9ot0e.s:2484   .debug_str:0000000000000201 .LASF197
C:\WINDOWS\ccD9ot0e.s:2450   .debug_str:0000000000000127 .LASF198
C:\WINDOWS\ccD9ot0e.s:21     .text._init:0000000000000002 .LCFI0
C:\WINDOWS\ccD9ot0e.s:40     .text._init:0000000000000024 .LCFI1
C:\WINDOWS\ccD9ot0e.s:74     .debug_info:0000000000000000 .Ldebug_info0

UNDEFINED SYMBOLS
SystemInit
eclic_init
eclic_mode_enable
disable_mcycle_minstret
