GAS LISTING C:\Users\SEBAST~1\AppData\Local\Temp\ccZ1dqMp.s 			page 1


   1              		.file	"fstat.c"
   2              		.option nopic
   3              		.attribute arch, "rv32i2p0_m2p0_a2p0_c2p0"
   4              		.attribute unaligned_access, 0
   5              		.attribute stack_align, 16
   6              		.text
   7              	.Ltext0:
   8              		.cfi_sections	.debug_frame
   9              		.section	.text._fstat,"ax",@progbits
  10              		.align	1
  11              		.globl	_fstat
  13              	_fstat:
  14              	.LFB1:
  15              		.file 1 "./../../firmware/RISCV/stubs/fstat.c"
   1:./../../firmware/RISCV/stubs/fstat.c **** /* See LICENSE of license details. */
   2:./../../firmware/RISCV/stubs/fstat.c **** 
   3:./../../firmware/RISCV/stubs/fstat.c **** #include <errno.h>
   4:./../../firmware/RISCV/stubs/fstat.c **** #include <unistd.h>
   5:./../../firmware/RISCV/stubs/fstat.c **** #include <sys/stat.h>
   6:./../../firmware/RISCV/stubs/fstat.c **** #include "stub.h"
   7:./../../firmware/RISCV/stubs/fstat.c **** 
   8:./../../firmware/RISCV/stubs/fstat.c **** int _fstat(int fd, struct stat* st)
   9:./../../firmware/RISCV/stubs/fstat.c **** {
  16              		.loc 1 9 1
  17              		.cfi_startproc
  18              	.LVL0:
  10:./../../firmware/RISCV/stubs/fstat.c ****   if (isatty(fd)) {
  19              		.loc 1 10 3
   9:./../../firmware/RISCV/stubs/fstat.c ****   if (isatty(fd)) {
  20              		.loc 1 9 1 is_stmt 0
  21 0000 0111     		addi	sp,sp,-32
  22              	.LCFI0:
  23              		.cfi_def_cfa_offset 32
  24 0002 06CE     		sw	ra,28(sp)
  25              		.cfi_offset 1, -4
   9:./../../firmware/RISCV/stubs/fstat.c ****   if (isatty(fd)) {
  26              		.loc 1 9 1
  27 0004 2EC6     		sw	a1,12(sp)
  28              		.loc 1 10 7
  29 0006 97000000 		call	isatty
  29      E7800000 
  30              	.LVL1:
  31              		.loc 1 10 6
  32 000e 01C9     		beq	a0,zero,.L3
  11:./../../firmware/RISCV/stubs/fstat.c ****     st->st_mode = S_IFCHR;
  33              		.loc 1 11 5 is_stmt 1
  34              		.loc 1 11 17 is_stmt 0
  35 0010 B245     		lw	a1,12(sp)
  36 0012 8967     		li	a5,8192
  12:./../../firmware/RISCV/stubs/fstat.c ****     return 0;
  37              		.loc 1 12 12
  38 0014 0145     		li	a0,0
  11:./../../firmware/RISCV/stubs/fstat.c ****     st->st_mode = S_IFCHR;
  39              		.loc 1 11 17
  40 0016 DCC1     		sw	a5,4(a1)
  41              		.loc 1 12 5 is_stmt 1
  42              	.L1:
GAS LISTING C:\Users\SEBAST~1\AppData\Local\Temp\ccZ1dqMp.s 			page 2


  13:./../../firmware/RISCV/stubs/fstat.c ****   }
  14:./../../firmware/RISCV/stubs/fstat.c **** 
  15:./../../firmware/RISCV/stubs/fstat.c ****   return _stub(EBADF);
  16:./../../firmware/RISCV/stubs/fstat.c **** }
  43              		.loc 1 16 1 is_stmt 0
  44 0018 F240     		lw	ra,28(sp)
  45              		.cfi_remember_state
  46              		.cfi_restore 1
  47 001a 0561     		addi	sp,sp,32
  48              	.LCFI1:
  49              		.cfi_def_cfa_offset 0
  50              	.LVL2:
  51 001c 8280     		jr	ra
  52              	.LVL3:
  53              	.L3:
  54              	.LCFI2:
  55              		.cfi_restore_state
  15:./../../firmware/RISCV/stubs/fstat.c **** }
  56              		.loc 1 15 10
  57 001e 7D55     		li	a0,-1
  58 0020 E5BF     		j	.L1
  59              		.cfi_endproc
  60              	.LFE1:
  62              		.text
  63              	.Letext0:
  64              		.file 2 "c:\\users\\sebastian\\downloads\\mikrodatorteknik\\toolchain-gd32v-v201-win\\compiler\\li
  65              		.file 3 "c:\\users\\sebastian\\downloads\\mikrodatorteknik\\toolchain-gd32v-v201-win\\compiler\\ri
  66              		.file 4 "c:\\users\\sebastian\\downloads\\mikrodatorteknik\\toolchain-gd32v-v201-win\\compiler\\ri
  67              		.file 5 "c:\\users\\sebastian\\downloads\\mikrodatorteknik\\toolchain-gd32v-v201-win\\compiler\\ri
  68              		.file 6 "c:\\users\\sebastian\\downloads\\mikrodatorteknik\\toolchain-gd32v-v201-win\\compiler\\ri
  69              		.file 7 "c:\\users\\sebastian\\downloads\\mikrodatorteknik\\toolchain-gd32v-v201-win\\compiler\\ri
  70              		.file 8 "c:\\users\\sebastian\\downloads\\mikrodatorteknik\\toolchain-gd32v-v201-win\\compiler\\ri
  71              		.file 9 "c:\\users\\sebastian\\downloads\\mikrodatorteknik\\toolchain-gd32v-v201-win\\compiler\\ri
  72              		.file 10 "c:\\users\\sebastian\\downloads\\mikrodatorteknik\\toolchain-gd32v-v201-win\\compiler\\r
  73              		.file 11 "c:\\users\\sebastian\\downloads\\mikrodatorteknik\\toolchain-gd32v-v201-win\\compiler\\r
  74              		.file 12 "c:\\users\\sebastian\\downloads\\mikrodatorteknik\\toolchain-gd32v-v201-win\\compiler\\r
  75              		.file 13 "./../../firmware/RISCV/stubs/stub.h"
GAS LISTING C:\Users\SEBAST~1\AppData\Local\Temp\ccZ1dqMp.s 			page 3


DEFINED SYMBOLS
                            *ABS*:0000000000000000 fstat.c
C:\Users\SEBAST~1\AppData\Local\Temp\ccZ1dqMp.s:13     .text._fstat:0000000000000000 _fstat
C:\Users\SEBAST~1\AppData\Local\Temp\ccZ1dqMp.s:17     .text._fstat:0000000000000000 .L0 
C:\Users\SEBAST~1\AppData\Local\Temp\ccZ1dqMp.s:19     .text._fstat:0000000000000000 .L0 
C:\Users\SEBAST~1\AppData\Local\Temp\ccZ1dqMp.s:20     .text._fstat:0000000000000000 .L0 
C:\Users\SEBAST~1\AppData\Local\Temp\ccZ1dqMp.s:21     .text._fstat:0000000000000000 .L0 
C:\Users\SEBAST~1\AppData\Local\Temp\ccZ1dqMp.s:23     .text._fstat:0000000000000002 .L0 
C:\Users\SEBAST~1\AppData\Local\Temp\ccZ1dqMp.s:25     .text._fstat:0000000000000004 .L0 
C:\Users\SEBAST~1\AppData\Local\Temp\ccZ1dqMp.s:27     .text._fstat:0000000000000004 .L0 
C:\Users\SEBAST~1\AppData\Local\Temp\ccZ1dqMp.s:29     .text._fstat:0000000000000006 .L0 
C:\Users\SEBAST~1\AppData\Local\Temp\ccZ1dqMp.s:32     .text._fstat:000000000000000e .L0 
C:\Users\SEBAST~1\AppData\Local\Temp\ccZ1dqMp.s:34     .text._fstat:0000000000000010 .L0 
C:\Users\SEBAST~1\AppData\Local\Temp\ccZ1dqMp.s:35     .text._fstat:0000000000000010 .L0 
C:\Users\SEBAST~1\AppData\Local\Temp\ccZ1dqMp.s:38     .text._fstat:0000000000000014 .L0 
C:\Users\SEBAST~1\AppData\Local\Temp\ccZ1dqMp.s:40     .text._fstat:0000000000000016 .L0 
C:\Users\SEBAST~1\AppData\Local\Temp\ccZ1dqMp.s:43     .text._fstat:0000000000000018 .L0 
C:\Users\SEBAST~1\AppData\Local\Temp\ccZ1dqMp.s:44     .text._fstat:0000000000000018 .L0 
C:\Users\SEBAST~1\AppData\Local\Temp\ccZ1dqMp.s:45     .text._fstat:000000000000001a .L0 
C:\Users\SEBAST~1\AppData\Local\Temp\ccZ1dqMp.s:46     .text._fstat:000000000000001a .L0 
C:\Users\SEBAST~1\AppData\Local\Temp\ccZ1dqMp.s:49     .text._fstat:000000000000001c .L0 
C:\Users\SEBAST~1\AppData\Local\Temp\ccZ1dqMp.s:55     .text._fstat:000000000000001e .L0 
C:\Users\SEBAST~1\AppData\Local\Temp\ccZ1dqMp.s:57     .text._fstat:000000000000001e .L0 
C:\Users\SEBAST~1\AppData\Local\Temp\ccZ1dqMp.s:59     .text._fstat:0000000000000022 .L0 
C:\Users\SEBAST~1\AppData\Local\Temp\ccZ1dqMp.s:62     .text._fstat:0000000000000022 .L0 
                     .debug_frame:0000000000000000 .L0 
C:\Users\SEBAST~1\AppData\Local\Temp\ccZ1dqMp.s:53     .text._fstat:000000000000001e .L3
C:\Users\SEBAST~1\AppData\Local\Temp\ccZ1dqMp.s:42     .text._fstat:0000000000000018 .L1
C:\Users\SEBAST~1\AppData\Local\Temp\ccZ1dqMp.s:1932   .debug_abbrev:0000000000000000 .Ldebug_abbrev0
C:\Users\SEBAST~1\AppData\Local\Temp\ccZ1dqMp.s:2842   .debug_str:00000000000005c3 .LASF170
C:\Users\SEBAST~1\AppData\Local\Temp\ccZ1dqMp.s:2736   .debug_str:00000000000003cd .LASF171
C:\Users\SEBAST~1\AppData\Local\Temp\ccZ1dqMp.s:2642   .debug_str:00000000000001e7 .LASF172
C:\Users\SEBAST~1\AppData\Local\Temp\ccZ1dqMp.s:2536   .debug_ranges:0000000000000000 .Ldebug_ranges0
C:\Users\SEBAST~1\AppData\Local\Temp\ccZ1dqMp.s:2542   .debug_line:0000000000000000 .Ldebug_line0
C:\Users\SEBAST~1\AppData\Local\Temp\ccZ1dqMp.s:2674   .debug_str:00000000000002bb .LASF0
C:\Users\SEBAST~1\AppData\Local\Temp\ccZ1dqMp.s:2696   .debug_str:000000000000031a .LASF1
C:\Users\SEBAST~1\AppData\Local\Temp\ccZ1dqMp.s:2594   .debug_str:0000000000000100 .LASF2
C:\Users\SEBAST~1\AppData\Local\Temp\ccZ1dqMp.s:2730   .debug_str:00000000000003b3 .LASF3
C:\Users\SEBAST~1\AppData\Local\Temp\ccZ1dqMp.s:2710   .debug_str:0000000000000365 .LASF8
C:\Users\SEBAST~1\AppData\Local\Temp\ccZ1dqMp.s:2596   .debug_str:000000000000010e .LASF4
C:\Users\SEBAST~1\AppData\Local\Temp\ccZ1dqMp.s:2758   .debug_str:0000000000000452 .LASF5
C:\Users\SEBAST~1\AppData\Local\Temp\ccZ1dqMp.s:2766   .debug_str:0000000000000475 .LASF6
C:\Users\SEBAST~1\AppData\Local\Temp\ccZ1dqMp.s:2616   .debug_str:0000000000000167 .LASF7
C:\Users\SEBAST~1\AppData\Local\Temp\ccZ1dqMp.s:2650   .debug_str:0000000000000251 .LASF9
C:\Users\SEBAST~1\AppData\Local\Temp\ccZ1dqMp.s:2684   .debug_str:00000000000002e8 .LASF10
C:\Users\SEBAST~1\AppData\Local\Temp\ccZ1dqMp.s:2572   .debug_str:0000000000000082 .LASF11
C:\Users\SEBAST~1\AppData\Local\Temp\ccZ1dqMp.s:2584   .debug_str:00000000000000cc .LASF12
C:\Users\SEBAST~1\AppData\Local\Temp\ccZ1dqMp.s:2614   .debug_str:000000000000015c .LASF13
C:\Users\SEBAST~1\AppData\Local\Temp\ccZ1dqMp.s:2742   .debug_str:0000000000000403 .LASF14
C:\Users\SEBAST~1\AppData\Local\Temp\ccZ1dqMp.s:2744   .debug_str:000000000000040f .LASF15
C:\Users\SEBAST~1\AppData\Local\Temp\ccZ1dqMp.s:2662   .debug_str:000000000000028a .LASF16
C:\Users\SEBAST~1\AppData\Local\Temp\ccZ1dqMp.s:2834   .debug_str:00000000000005a0 .LASF17
C:\Users\SEBAST~1\AppData\Local\Temp\ccZ1dqMp.s:2548   .debug_str:0000000000000014 .LASF18
C:\Users\SEBAST~1\AppData\Local\Temp\ccZ1dqMp.s:2806   .debug_str:0000000000000533 .LASF19
C:\Users\SEBAST~1\AppData\Local\Temp\ccZ1dqMp.s:2600   .debug_str:0000000000000120 .LASF20
C:\Users\SEBAST~1\AppData\Local\Temp\ccZ1dqMp.s:2546   .debug_str:000000000000000c .LASF21
C:\Users\SEBAST~1\AppData\Local\Temp\ccZ1dqMp.s:2818   .debug_str:0000000000000563 .LASF22
GAS LISTING C:\Users\SEBAST~1\AppData\Local\Temp\ccZ1dqMp.s 			page 4


C:\Users\SEBAST~1\AppData\Local\Temp\ccZ1dqMp.s:2862   .debug_str:00000000000006a3 .LASF23
C:\Users\SEBAST~1\AppData\Local\Temp\ccZ1dqMp.s:2706   .debug_str:0000000000000357 .LASF24
C:\Users\SEBAST~1\AppData\Local\Temp\ccZ1dqMp.s:2676   .debug_str:00000000000002c8 .LASF25
C:\Users\SEBAST~1\AppData\Local\Temp\ccZ1dqMp.s:2810   .debug_str:0000000000000541 .LASF26
C:\Users\SEBAST~1\AppData\Local\Temp\ccZ1dqMp.s:2812   .debug_str:0000000000000549 .LASF27
C:\Users\SEBAST~1\AppData\Local\Temp\ccZ1dqMp.s:2778   .debug_str:00000000000004a8 .LASF28
C:\Users\SEBAST~1\AppData\Local\Temp\ccZ1dqMp.s:2890   .debug_str:0000000000000720 .LASF29
C:\Users\SEBAST~1\AppData\Local\Temp\ccZ1dqMp.s:2848   .debug_str:0000000000000659 .LASF30
C:\Users\SEBAST~1\AppData\Local\Temp\ccZ1dqMp.s:2754   .debug_str:0000000000000437 .LASF31
C:\Users\SEBAST~1\AppData\Local\Temp\ccZ1dqMp.s:2654   .debug_str:0000000000000262 .LASF32
C:\Users\SEBAST~1\AppData\Local\Temp\ccZ1dqMp.s:2658   .debug_str:0000000000000273 .LASF37
C:\Users\SEBAST~1\AppData\Local\Temp\ccZ1dqMp.s:2836   .debug_str:00000000000005a8 .LASF33
C:\Users\SEBAST~1\AppData\Local\Temp\ccZ1dqMp.s:2802   .debug_str:0000000000000524 .LASF34
C:\Users\SEBAST~1\AppData\Local\Temp\ccZ1dqMp.s:2652   .debug_str:000000000000025c .LASF35
C:\Users\SEBAST~1\AppData\Local\Temp\ccZ1dqMp.s:2856   .debug_str:000000000000068e .LASF36
C:\Users\SEBAST~1\AppData\Local\Temp\ccZ1dqMp.s:2672   .debug_str:00000000000002b6 .LASF38
C:\Users\SEBAST~1\AppData\Local\Temp\ccZ1dqMp.s:2590   .debug_str:00000000000000f2 .LASF39
C:\Users\SEBAST~1\AppData\Local\Temp\ccZ1dqMp.s:2828   .debug_str:000000000000058a .LASF40
C:\Users\SEBAST~1\AppData\Local\Temp\ccZ1dqMp.s:2604   .debug_str:000000000000012f .LASF41
C:\Users\SEBAST~1\AppData\Local\Temp\ccZ1dqMp.s:2894   .debug_str:0000000000000733 .LASF42
C:\Users\SEBAST~1\AppData\Local\Temp\ccZ1dqMp.s:2738   .debug_str:00000000000003f2 .LASF43
C:\Users\SEBAST~1\AppData\Local\Temp\ccZ1dqMp.s:2724   .debug_str:0000000000000399 .LASF44
C:\Users\SEBAST~1\AppData\Local\Temp\ccZ1dqMp.s:2858   .debug_str:0000000000000693 .LASF45
C:\Users\SEBAST~1\AppData\Local\Temp\ccZ1dqMp.s:2768   .debug_str:000000000000047f .LASF46
C:\Users\SEBAST~1\AppData\Local\Temp\ccZ1dqMp.s:2874   .debug_str:00000000000006d8 .LASF47
C:\Users\SEBAST~1\AppData\Local\Temp\ccZ1dqMp.s:2608   .debug_str:000000000000013e .LASF48
C:\Users\SEBAST~1\AppData\Local\Temp\ccZ1dqMp.s:2644   .debug_str:000000000000023e .LASF49
C:\Users\SEBAST~1\AppData\Local\Temp\ccZ1dqMp.s:2544   .debug_str:0000000000000000 .LASF50
C:\Users\SEBAST~1\AppData\Local\Temp\ccZ1dqMp.s:2844   .debug_str:000000000000064b .LASF51
C:\Users\SEBAST~1\AppData\Local\Temp\ccZ1dqMp.s:2622   .debug_str:0000000000000181 .LASF52
C:\Users\SEBAST~1\AppData\Local\Temp\ccZ1dqMp.s:2740   .debug_str:00000000000003fb .LASF53
C:\Users\SEBAST~1\AppData\Local\Temp\ccZ1dqMp.s:2794   .debug_str:00000000000004f4 .LASF54
C:\Users\SEBAST~1\AppData\Local\Temp\ccZ1dqMp.s:2646   .debug_str:0000000000000246 .LASF55
C:\Users\SEBAST~1\AppData\Local\Temp\ccZ1dqMp.s:2770   .debug_str:0000000000000489 .LASF56
C:\Users\SEBAST~1\AppData\Local\Temp\ccZ1dqMp.s:2602   .debug_str:0000000000000129 .LASF57
C:\Users\SEBAST~1\AppData\Local\Temp\ccZ1dqMp.s:2550   .debug_str:000000000000001c .LASF58
C:\Users\SEBAST~1\AppData\Local\Temp\ccZ1dqMp.s:2780   .debug_str:00000000000004b3 .LASF59
C:\Users\SEBAST~1\AppData\Local\Temp\ccZ1dqMp.s:2620   .debug_str:000000000000017a .LASF60
C:\Users\SEBAST~1\AppData\Local\Temp\ccZ1dqMp.s:2686   .debug_str:00000000000002fa .LASF61
C:\Users\SEBAST~1\AppData\Local\Temp\ccZ1dqMp.s:2576   .debug_str:00000000000000a3 .LASF62
C:\Users\SEBAST~1\AppData\Local\Temp\ccZ1dqMp.s:2610   .debug_str:000000000000014c .LASF63
C:\Users\SEBAST~1\AppData\Local\Temp\ccZ1dqMp.s:2664   .debug_str:0000000000000292 .LASF64
C:\Users\SEBAST~1\AppData\Local\Temp\ccZ1dqMp.s:2722   .debug_str:0000000000000392 .LASF65
C:\Users\SEBAST~1\AppData\Local\Temp\ccZ1dqMp.s:2814   .debug_str:0000000000000551 .LASF66
C:\Users\SEBAST~1\AppData\Local\Temp\ccZ1dqMp.s:2878   .debug_str:00000000000006f2 .LASF67
C:\Users\SEBAST~1\AppData\Local\Temp\ccZ1dqMp.s:2598   .debug_str:000000000000011a .LASF68
C:\Users\SEBAST~1\AppData\Local\Temp\ccZ1dqMp.s:2870   .debug_str:00000000000006ca .LASF69
C:\Users\SEBAST~1\AppData\Local\Temp\ccZ1dqMp.s:2628   .debug_str:0000000000000197 .LASF70
C:\Users\SEBAST~1\AppData\Local\Temp\ccZ1dqMp.s:2636   .debug_str:00000000000001c0 .LASF71
C:\Users\SEBAST~1\AppData\Local\Temp\ccZ1dqMp.s:2566   .debug_str:000000000000005c .LASF72
C:\Users\SEBAST~1\AppData\Local\Temp\ccZ1dqMp.s:2712   .debug_str:000000000000036c .LASF73
C:\Users\SEBAST~1\AppData\Local\Temp\ccZ1dqMp.s:2784   .debug_str:00000000000004c5 .LASF74
C:\Users\SEBAST~1\AppData\Local\Temp\ccZ1dqMp.s:2716   .debug_str:0000000000000379 .LASF75
C:\Users\SEBAST~1\AppData\Local\Temp\ccZ1dqMp.s:2804   .debug_str:000000000000052c .LASF76
C:\Users\SEBAST~1\AppData\Local\Temp\ccZ1dqMp.s:2822   .debug_str:0000000000000574 .LASF77
C:\Users\SEBAST~1\AppData\Local\Temp\ccZ1dqMp.s:2624   .debug_str:0000000000000189 .LASF78
C:\Users\SEBAST~1\AppData\Local\Temp\ccZ1dqMp.s:2678   .debug_str:00000000000002cf .LASF79
GAS LISTING C:\Users\SEBAST~1\AppData\Local\Temp\ccZ1dqMp.s 			page 5


C:\Users\SEBAST~1\AppData\Local\Temp\ccZ1dqMp.s:2656   .debug_str:000000000000026b .LASF80
C:\Users\SEBAST~1\AppData\Local\Temp\ccZ1dqMp.s:2792   .debug_str:00000000000004ef .LASF81
C:\Users\SEBAST~1\AppData\Local\Temp\ccZ1dqMp.s:2558   .debug_str:0000000000000039 .LASF82
C:\Users\SEBAST~1\AppData\Local\Temp\ccZ1dqMp.s:2800   .debug_str:000000000000050b .LASF83
C:\Users\SEBAST~1\AppData\Local\Temp\ccZ1dqMp.s:2796   .debug_str:00000000000004f9 .LASF84
C:\Users\SEBAST~1\AppData\Local\Temp\ccZ1dqMp.s:2630   .debug_str:00000000000001a0 .LASF85
C:\Users\SEBAST~1\AppData\Local\Temp\ccZ1dqMp.s:2798   .debug_str:0000000000000501 .LASF86
C:\Users\SEBAST~1\AppData\Local\Temp\ccZ1dqMp.s:2704   .debug_str:000000000000034f .LASF87
C:\Users\SEBAST~1\AppData\Local\Temp\ccZ1dqMp.s:2666   .debug_str:0000000000000298 .LASF88
C:\Users\SEBAST~1\AppData\Local\Temp\ccZ1dqMp.s:2888   .debug_str:000000000000071b .LASF89
C:\Users\SEBAST~1\AppData\Local\Temp\ccZ1dqMp.s:2750   .debug_str:0000000000000423 .LASF90
C:\Users\SEBAST~1\AppData\Local\Temp\ccZ1dqMp.s:2682   .debug_str:00000000000002e0 .LASF91
C:\Users\SEBAST~1\AppData\Local\Temp\ccZ1dqMp.s:2634   .debug_str:00000000000001b8 .LASF92
C:\Users\SEBAST~1\AppData\Local\Temp\ccZ1dqMp.s:2760   .debug_str:0000000000000460 .LASF93
C:\Users\SEBAST~1\AppData\Local\Temp\ccZ1dqMp.s:2698   .debug_str:000000000000032d .LASF94
C:\Users\SEBAST~1\AppData\Local\Temp\ccZ1dqMp.s:2866   .debug_str:00000000000006b6 .LASF95
C:\Users\SEBAST~1\AppData\Local\Temp\ccZ1dqMp.s:2612   .debug_str:0000000000000154 .LASF96
C:\Users\SEBAST~1\AppData\Local\Temp\ccZ1dqMp.s:2606   .debug_str:0000000000000139 .LASF97
C:\Users\SEBAST~1\AppData\Local\Temp\ccZ1dqMp.s:2824   .debug_str:000000000000057b .LASF98
C:\Users\SEBAST~1\AppData\Local\Temp\ccZ1dqMp.s:2776   .debug_str:00000000000004a1 .LASF99
C:\Users\SEBAST~1\AppData\Local\Temp\ccZ1dqMp.s:2860   .debug_str:000000000000069d .LASF100
C:\Users\SEBAST~1\AppData\Local\Temp\ccZ1dqMp.s:2692   .debug_str:000000000000030d .LASF101
C:\Users\SEBAST~1\AppData\Local\Temp\ccZ1dqMp.s:2774   .debug_str:000000000000049b .LASF102
C:\Users\SEBAST~1\AppData\Local\Temp\ccZ1dqMp.s:2554   .debug_str:000000000000002a .LASF103
C:\Users\SEBAST~1\AppData\Local\Temp\ccZ1dqMp.s:2808   .debug_str:000000000000053b .LASF104
C:\Users\SEBAST~1\AppData\Local\Temp\ccZ1dqMp.s:2832   .debug_str:000000000000059a .LASF105
C:\Users\SEBAST~1\AppData\Local\Temp\ccZ1dqMp.s:2846   .debug_str:0000000000000654 .LASF106
C:\Users\SEBAST~1\AppData\Local\Temp\ccZ1dqMp.s:2854   .debug_str:0000000000000681 .LASF107
C:\Users\SEBAST~1\AppData\Local\Temp\ccZ1dqMp.s:2838   .debug_str:00000000000005ae .LASF108
C:\Users\SEBAST~1\AppData\Local\Temp\ccZ1dqMp.s:2702   .debug_str:0000000000000342 .LASF109
C:\Users\SEBAST~1\AppData\Local\Temp\ccZ1dqMp.s:2876   .debug_str:00000000000006e3 .LASF110
C:\Users\SEBAST~1\AppData\Local\Temp\ccZ1dqMp.s:2660   .debug_str:000000000000027b .LASF111
C:\Users\SEBAST~1\AppData\Local\Temp\ccZ1dqMp.s:2786   .debug_str:00000000000004ce .LASF112
C:\Users\SEBAST~1\AppData\Local\Temp\ccZ1dqMp.s:2880   .debug_str:00000000000006f9 .LASF113
C:\Users\SEBAST~1\AppData\Local\Temp\ccZ1dqMp.s:2790   .debug_str:00000000000004e2 .LASF114
C:\Users\SEBAST~1\AppData\Local\Temp\ccZ1dqMp.s:2886   .debug_str:000000000000070d .LASF115
C:\Users\SEBAST~1\AppData\Local\Temp\ccZ1dqMp.s:2588   .debug_str:00000000000000e4 .LASF116
C:\Users\SEBAST~1\AppData\Local\Temp\ccZ1dqMp.s:2864   .debug_str:00000000000006ac .LASF117
C:\Users\SEBAST~1\AppData\Local\Temp\ccZ1dqMp.s:2700   .debug_str:0000000000000336 .LASF118
C:\Users\SEBAST~1\AppData\Local\Temp\ccZ1dqMp.s:2850   .debug_str:0000000000000661 .LASF119
C:\Users\SEBAST~1\AppData\Local\Temp\ccZ1dqMp.s:2640   .debug_str:00000000000001d9 .LASF120
C:\Users\SEBAST~1\AppData\Local\Temp\ccZ1dqMp.s:2582   .debug_str:00000000000000bd .LASF121
C:\Users\SEBAST~1\AppData\Local\Temp\ccZ1dqMp.s:2638   .debug_str:00000000000001c8 .LASF122
C:\Users\SEBAST~1\AppData\Local\Temp\ccZ1dqMp.s:2568   .debug_str:0000000000000062 .LASF123
C:\Users\SEBAST~1\AppData\Local\Temp\ccZ1dqMp.s:2570   .debug_str:0000000000000071 .LASF124
C:\Users\SEBAST~1\AppData\Local\Temp\ccZ1dqMp.s:2764   .debug_str:000000000000046c .LASF125
C:\Users\SEBAST~1\AppData\Local\Temp\ccZ1dqMp.s:2734   .debug_str:00000000000003c6 .LASF126
C:\Users\SEBAST~1\AppData\Local\Temp\ccZ1dqMp.s:2726   .debug_str:00000000000003a3 .LASF127
C:\Users\SEBAST~1\AppData\Local\Temp\ccZ1dqMp.s:2872   .debug_str:00000000000006d0 .LASF128
C:\Users\SEBAST~1\AppData\Local\Temp\ccZ1dqMp.s:2578   .debug_str:00000000000000ac .LASF173
C:\Users\SEBAST~1\AppData\Local\Temp\ccZ1dqMp.s:2816   .debug_str:0000000000000557 .LASF129
C:\Users\SEBAST~1\AppData\Local\Temp\ccZ1dqMp.s:2852   .debug_str:000000000000066e .LASF130
C:\Users\SEBAST~1\AppData\Local\Temp\ccZ1dqMp.s:2632   .debug_str:00000000000001ab .LASF131
C:\Users\SEBAST~1\AppData\Local\Temp\ccZ1dqMp.s:2782   .debug_str:00000000000004bb .LASF132
C:\Users\SEBAST~1\AppData\Local\Temp\ccZ1dqMp.s:2748   .debug_str:000000000000041c .LASF133
C:\Users\SEBAST~1\AppData\Local\Temp\ccZ1dqMp.s:2680   .debug_str:00000000000002d7 .LASF134
C:\Users\SEBAST~1\AppData\Local\Temp\ccZ1dqMp.s:2868   .debug_str:00000000000006c0 .LASF135
GAS LISTING C:\Users\SEBAST~1\AppData\Local\Temp\ccZ1dqMp.s 			page 6


C:\Users\SEBAST~1\AppData\Local\Temp\ccZ1dqMp.s:2896   .debug_str:000000000000073d .LASF136
C:\Users\SEBAST~1\AppData\Local\Temp\ccZ1dqMp.s:2688   .debug_str:0000000000000300 .LASF137
C:\Users\SEBAST~1\AppData\Local\Temp\ccZ1dqMp.s:2746   .debug_str:0000000000000416 .LASF138
C:\Users\SEBAST~1\AppData\Local\Temp\ccZ1dqMp.s:2694   .debug_str:0000000000000314 .LASF139
C:\Users\SEBAST~1\AppData\Local\Temp\ccZ1dqMp.s:2648   .debug_str:000000000000024b .LASF140
C:\Users\SEBAST~1\AppData\Local\Temp\ccZ1dqMp.s:2556   .debug_str:0000000000000032 .LASF141
C:\Users\SEBAST~1\AppData\Local\Temp\ccZ1dqMp.s:2552   .debug_str:0000000000000022 .LASF142
C:\Users\SEBAST~1\AppData\Local\Temp\ccZ1dqMp.s:2708   .debug_str:000000000000035d .LASF143
C:\Users\SEBAST~1\AppData\Local\Temp\ccZ1dqMp.s:2728   .debug_str:00000000000003ac .LASF144
C:\Users\SEBAST~1\AppData\Local\Temp\ccZ1dqMp.s:2732   .debug_str:00000000000003bf .LASF145
C:\Users\SEBAST~1\AppData\Local\Temp\ccZ1dqMp.s:2830   .debug_str:0000000000000593 .LASF146
C:\Users\SEBAST~1\AppData\Local\Temp\ccZ1dqMp.s:2882   .debug_str:00000000000006fe .LASF147
C:\Users\SEBAST~1\AppData\Local\Temp\ccZ1dqMp.s:2720   .debug_str:0000000000000389 .LASF148
C:\Users\SEBAST~1\AppData\Local\Temp\ccZ1dqMp.s:2752   .debug_str:000000000000042d .LASF149
C:\Users\SEBAST~1\AppData\Local\Temp\ccZ1dqMp.s:2560   .debug_str:0000000000000044 .LASF150
C:\Users\SEBAST~1\AppData\Local\Temp\ccZ1dqMp.s:2586   .debug_str:00000000000000dc .LASF151
C:\Users\SEBAST~1\AppData\Local\Temp\ccZ1dqMp.s:2592   .debug_str:00000000000000fb .LASF152
C:\Users\SEBAST~1\AppData\Local\Temp\ccZ1dqMp.s:2562   .debug_str:000000000000004e .LASF153
C:\Users\SEBAST~1\AppData\Local\Temp\ccZ1dqMp.s:2762   .debug_str:0000000000000465 .LASF154
C:\Users\SEBAST~1\AppData\Local\Temp\ccZ1dqMp.s:2840   .debug_str:00000000000005bb .LASF155
C:\Users\SEBAST~1\AppData\Local\Temp\ccZ1dqMp.s:2756   .debug_str:0000000000000449 .LASF156
C:\Users\SEBAST~1\AppData\Local\Temp\ccZ1dqMp.s:2690   .debug_str:0000000000000306 .LASF157
C:\Users\SEBAST~1\AppData\Local\Temp\ccZ1dqMp.s:2564   .debug_str:0000000000000055 .LASF158
C:\Users\SEBAST~1\AppData\Local\Temp\ccZ1dqMp.s:2884   .debug_str:0000000000000705 .LASF159
C:\Users\SEBAST~1\AppData\Local\Temp\ccZ1dqMp.s:2718   .debug_str:0000000000000381 .LASF160
C:\Users\SEBAST~1\AppData\Local\Temp\ccZ1dqMp.s:2820   .debug_str:000000000000056b .LASF161
C:\Users\SEBAST~1\AppData\Local\Temp\ccZ1dqMp.s:2668   .debug_str:00000000000002a2 .LASF162
C:\Users\SEBAST~1\AppData\Local\Temp\ccZ1dqMp.s:2892   .debug_str:000000000000072a .LASF163
C:\Users\SEBAST~1\AppData\Local\Temp\ccZ1dqMp.s:2670   .debug_str:00000000000002ac .LASF164
C:\Users\SEBAST~1\AppData\Local\Temp\ccZ1dqMp.s:2788   .debug_str:00000000000004d9 .LASF165
C:\Users\SEBAST~1\AppData\Local\Temp\ccZ1dqMp.s:2618   .debug_str:0000000000000170 .LASF166
C:\Users\SEBAST~1\AppData\Local\Temp\ccZ1dqMp.s:2772   .debug_str:0000000000000490 .LASF167
C:\Users\SEBAST~1\AppData\Local\Temp\ccZ1dqMp.s:2574   .debug_str:0000000000000099 .LASF168
C:\Users\SEBAST~1\AppData\Local\Temp\ccZ1dqMp.s:2826   .debug_str:0000000000000580 .LASF169
C:\Users\SEBAST~1\AppData\Local\Temp\ccZ1dqMp.s:2626   .debug_str:0000000000000190 .LASF174
C:\Users\SEBAST~1\AppData\Local\Temp\ccZ1dqMp.s:14     .text._fstat:0000000000000000 .LFB1
C:\Users\SEBAST~1\AppData\Local\Temp\ccZ1dqMp.s:60     .text._fstat:0000000000000022 .LFE1
C:\Users\SEBAST~1\AppData\Local\Temp\ccZ1dqMp.s:2464   .debug_loc:0000000000000000 .LLST0
C:\Users\SEBAST~1\AppData\Local\Temp\ccZ1dqMp.s:2487   .debug_loc:0000000000000038 .LLST1
C:\Users\SEBAST~1\AppData\Local\Temp\ccZ1dqMp.s:2501   .debug_loc:0000000000000059 .LLST2
C:\Users\SEBAST~1\AppData\Local\Temp\ccZ1dqMp.s:30     .text._fstat:000000000000000e .LVL1
C:\Users\SEBAST~1\AppData\Local\Temp\ccZ1dqMp.s:2580   .debug_str:00000000000000b7 .LASF175
C:\Users\SEBAST~1\AppData\Local\Temp\ccZ1dqMp.s:2714   .debug_str:0000000000000372 .LASF176
C:\Users\SEBAST~1\AppData\Local\Temp\ccZ1dqMp.s:22     .text._fstat:0000000000000002 .LCFI0
C:\Users\SEBAST~1\AppData\Local\Temp\ccZ1dqMp.s:48     .text._fstat:000000000000001c .LCFI1
C:\Users\SEBAST~1\AppData\Local\Temp\ccZ1dqMp.s:54     .text._fstat:000000000000001e .LCFI2
C:\Users\SEBAST~1\AppData\Local\Temp\ccZ1dqMp.s:18     .text._fstat:0000000000000000 .LVL0
C:\Users\SEBAST~1\AppData\Local\Temp\ccZ1dqMp.s:50     .text._fstat:000000000000001c .LVL2
C:\Users\SEBAST~1\AppData\Local\Temp\ccZ1dqMp.s:52     .text._fstat:000000000000001e .LVL3
C:\Users\SEBAST~1\AppData\Local\Temp\ccZ1dqMp.s:77     .debug_info:0000000000000000 .Ldebug_info0

UNDEFINED SYMBOLS
isatty
