GAS LISTING C:\Users\SEBAST~1\AppData\Local\Temp\ccVDz3Dh.s 			page 1


   1              		.file	"read.c"
   2              		.option nopic
   3              		.attribute arch, "rv32i2p0_m2p0_a2p0_c2p0"
   4              		.attribute unaligned_access, 0
   5              		.attribute stack_align, 16
   6              		.text
   7              	.Ltext0:
   8              		.cfi_sections	.debug_frame
   9              		.section	.text._read,"ax",@progbits
  10              		.align	1
  11              		.globl	_read
  13              	_read:
  14              	.LFB1:
  15              		.file 1 "./../../firmware/RISCV/stubs/read.c"
   1:./../../firmware/RISCV/stubs/read.c **** /* See LICENSE of license details. */
   2:./../../firmware/RISCV/stubs/read.c **** 
   3:./../../firmware/RISCV/stubs/read.c **** #include <stdint.h>
   4:./../../firmware/RISCV/stubs/read.c **** #include <errno.h>
   5:./../../firmware/RISCV/stubs/read.c **** #include <unistd.h>
   6:./../../firmware/RISCV/stubs/read.c **** #include <sys/types.h>
   7:./../../firmware/RISCV/stubs/read.c **** 
   8:./../../firmware/RISCV/stubs/read.c **** #include "stub.h"
   9:./../../firmware/RISCV/stubs/read.c **** 
  10:./../../firmware/RISCV/stubs/read.c **** ssize_t _read(int fd, void* ptr, size_t len)
  11:./../../firmware/RISCV/stubs/read.c **** {
  16              		.loc 1 11 1
  17              		.cfi_startproc
  18              	.LVL0:
  12:./../../firmware/RISCV/stubs/read.c ****   return _stub(EBADF);
  19              		.loc 1 12 3
  20              		.file 2 "./../../firmware/RISCV/stubs/stub.h"
   1:./../../firmware/RISCV/stubs/stub.h **** /* See LICENSE of license details. */
   2:./../../firmware/RISCV/stubs/stub.h **** #ifndef _NUCLEI_SYS_STUB_H
   3:./../../firmware/RISCV/stubs/stub.h **** #define _NUCLEI_SYS_STUB_H
   4:./../../firmware/RISCV/stubs/stub.h **** 
   5:./../../firmware/RISCV/stubs/stub.h **** #include <stdint.h>
   6:./../../firmware/RISCV/stubs/stub.h **** #if   defined (__GNUC__)
   7:./../../firmware/RISCV/stubs/stub.h **** #include <unistd.h>
   8:./../../firmware/RISCV/stubs/stub.h **** #endif
   9:./../../firmware/RISCV/stubs/stub.h **** 
  10:./../../firmware/RISCV/stubs/stub.h **** void write_hex(int fd, unsigned long int hex);
  11:./../../firmware/RISCV/stubs/stub.h **** 
  12:./../../firmware/RISCV/stubs/stub.h **** static inline int _stub(int err)
  13:./../../firmware/RISCV/stubs/stub.h **** {
  14:./../../firmware/RISCV/stubs/stub.h ****   return -1;
  21              		.loc 2 14 3
  13:./../../firmware/RISCV/stubs/read.c **** }
  22              		.loc 1 13 1 is_stmt 0
  23 0000 7D55     		li	a0,-1
  24              	.LVL1:
  25 0002 8280     		ret
  26              		.cfi_endproc
  27              	.LFE1:
  29              		.text
  30              	.Letext0:
  31              		.file 3 "c:\\users\\sebastian\\downloads\\mikrodatorteknik\\toolchain-gd32v-v201-win\\compiler\\li
  32              		.file 4 "c:\\users\\sebastian\\downloads\\mikrodatorteknik\\toolchain-gd32v-v201-win\\compiler\\ri
GAS LISTING C:\Users\SEBAST~1\AppData\Local\Temp\ccVDz3Dh.s 			page 2


  33              		.file 5 "c:\\users\\sebastian\\downloads\\mikrodatorteknik\\toolchain-gd32v-v201-win\\compiler\\ri
  34              		.file 6 "c:\\users\\sebastian\\downloads\\mikrodatorteknik\\toolchain-gd32v-v201-win\\compiler\\ri
  35              		.file 7 "c:\\users\\sebastian\\downloads\\mikrodatorteknik\\toolchain-gd32v-v201-win\\compiler\\ri
  36              		.file 8 "c:\\users\\sebastian\\downloads\\mikrodatorteknik\\toolchain-gd32v-v201-win\\compiler\\ri
  37              		.file 9 "c:\\users\\sebastian\\downloads\\mikrodatorteknik\\toolchain-gd32v-v201-win\\compiler\\ri
GAS LISTING C:\Users\SEBAST~1\AppData\Local\Temp\ccVDz3Dh.s 			page 3


DEFINED SYMBOLS
                            *ABS*:0000000000000000 read.c
C:\Users\SEBAST~1\AppData\Local\Temp\ccVDz3Dh.s:13     .text._read:0000000000000000 _read
C:\Users\SEBAST~1\AppData\Local\Temp\ccVDz3Dh.s:17     .text._read:0000000000000000 .L0 
C:\Users\SEBAST~1\AppData\Local\Temp\ccVDz3Dh.s:19     .text._read:0000000000000000 .L0 
C:\Users\SEBAST~1\AppData\Local\Temp\ccVDz3Dh.s:21     .text._read:0000000000000000 .L0 
C:\Users\SEBAST~1\AppData\Local\Temp\ccVDz3Dh.s:22     .text._read:0000000000000000 .L0 
C:\Users\SEBAST~1\AppData\Local\Temp\ccVDz3Dh.s:23     .text._read:0000000000000000 .L0 
C:\Users\SEBAST~1\AppData\Local\Temp\ccVDz3Dh.s:26     .text._read:0000000000000004 .L0 
C:\Users\SEBAST~1\AppData\Local\Temp\ccVDz3Dh.s:29     .text._read:0000000000000004 .L0 
                     .debug_frame:0000000000000000 .L0 
C:\Users\SEBAST~1\AppData\Local\Temp\ccVDz3Dh.s:1569   .debug_abbrev:0000000000000000 .Ldebug_abbrev0
C:\Users\SEBAST~1\AppData\Local\Temp\ccVDz3Dh.s:2338   .debug_str:0000000000000484 .LASF130
C:\Users\SEBAST~1\AppData\Local\Temp\ccVDz3Dh.s:2142   .debug_str:000000000000009a .LASF131
C:\Users\SEBAST~1\AppData\Local\Temp\ccVDz3Dh.s:2186   .debug_str:000000000000018c .LASF132
C:\Users\SEBAST~1\AppData\Local\Temp\ccVDz3Dh.s:2106   .debug_ranges:0000000000000000 .Ldebug_ranges0
C:\Users\SEBAST~1\AppData\Local\Temp\ccVDz3Dh.s:2112   .debug_line:0000000000000000 .Ldebug_line0
C:\Users\SEBAST~1\AppData\Local\Temp\ccVDz3Dh.s:2150   .debug_str:00000000000000e3 .LASF0
C:\Users\SEBAST~1\AppData\Local\Temp\ccVDz3Dh.s:2270   .debug_str:0000000000000359 .LASF1
C:\Users\SEBAST~1\AppData\Local\Temp\ccVDz3Dh.s:2276   .debug_str:0000000000000375 .LASF2
C:\Users\SEBAST~1\AppData\Local\Temp\ccVDz3Dh.s:2222   .debug_str:0000000000000276 .LASF3
C:\Users\SEBAST~1\AppData\Local\Temp\ccVDz3Dh.s:2166   .debug_str:0000000000000128 .LASF4
C:\Users\SEBAST~1\AppData\Local\Temp\ccVDz3Dh.s:2216   .debug_str:0000000000000257 .LASF5
C:\Users\SEBAST~1\AppData\Local\Temp\ccVDz3Dh.s:2148   .debug_str:00000000000000d5 .LASF6
C:\Users\SEBAST~1\AppData\Local\Temp\ccVDz3Dh.s:2132   .debug_str:000000000000005a .LASF7
C:\Users\SEBAST~1\AppData\Local\Temp\ccVDz3Dh.s:2208   .debug_str:0000000000000233 .LASF8
C:\Users\SEBAST~1\AppData\Local\Temp\ccVDz3Dh.s:2118   .debug_str:0000000000000012 .LASF10
C:\Users\SEBAST~1\AppData\Local\Temp\ccVDz3Dh.s:2252   .debug_str:0000000000000300 .LASF9
C:\Users\SEBAST~1\AppData\Local\Temp\ccVDz3Dh.s:2236   .debug_str:00000000000002c1 .LASF11
C:\Users\SEBAST~1\AppData\Local\Temp\ccVDz3Dh.s:2264   .debug_str:0000000000000336 .LASF12
C:\Users\SEBAST~1\AppData\Local\Temp\ccVDz3Dh.s:2322   .debug_str:0000000000000447 .LASF13
C:\Users\SEBAST~1\AppData\Local\Temp\ccVDz3Dh.s:2358   .debug_str:0000000000000564 .LASF14
C:\Users\SEBAST~1\AppData\Local\Temp\ccVDz3Dh.s:2232   .debug_str:00000000000002b3 .LASF15
C:\Users\SEBAST~1\AppData\Local\Temp\ccVDz3Dh.s:2210   .debug_str:0000000000000240 .LASF16
C:\Users\SEBAST~1\AppData\Local\Temp\ccVDz3Dh.s:2314   .debug_str:0000000000000425 .LASF17
C:\Users\SEBAST~1\AppData\Local\Temp\ccVDz3Dh.s:2316   .debug_str:000000000000042d .LASF18
C:\Users\SEBAST~1\AppData\Local\Temp\ccVDz3Dh.s:2286   .debug_str:000000000000039d .LASF19
C:\Users\SEBAST~1\AppData\Local\Temp\ccVDz3Dh.s:2344   .debug_str:000000000000051a .LASF20
C:\Users\SEBAST~1\AppData\Local\Temp\ccVDz3Dh.s:2268   .debug_str:0000000000000347 .LASF21
C:\Users\SEBAST~1\AppData\Local\Temp\ccVDz3Dh.s:2194   .debug_str:00000000000001f6 .LASF22
C:\Users\SEBAST~1\AppData\Local\Temp\ccVDz3Dh.s:2198   .debug_str:0000000000000207 .LASF27
C:\Users\SEBAST~1\AppData\Local\Temp\ccVDz3Dh.s:2334   .debug_str:0000000000000471 .LASF23
C:\Users\SEBAST~1\AppData\Local\Temp\ccVDz3Dh.s:2308   .debug_str:0000000000000410 .LASF24
C:\Users\SEBAST~1\AppData\Local\Temp\ccVDz3Dh.s:2192   .debug_str:00000000000001f0 .LASF25
C:\Users\SEBAST~1\AppData\Local\Temp\ccVDz3Dh.s:2352   .debug_str:000000000000054f .LASF26
C:\Users\SEBAST~1\AppData\Local\Temp\ccVDz3Dh.s:2206   .debug_str:000000000000022e .LASF28
C:\Users\SEBAST~1\AppData\Local\Temp\ccVDz3Dh.s:2146   .debug_str:00000000000000cc .LASF29
C:\Users\SEBAST~1\AppData\Local\Temp\ccVDz3Dh.s:2328   .debug_str:000000000000045b .LASF30
C:\Users\SEBAST~1\AppData\Local\Temp\ccVDz3Dh.s:2156   .debug_str:00000000000000fb .LASF31
C:\Users\SEBAST~1\AppData\Local\Temp\ccVDz3Dh.s:2382   .debug_str:00000000000005cf .LASF32
C:\Users\SEBAST~1\AppData\Local\Temp\ccVDz3Dh.s:2258   .debug_str:000000000000031a .LASF33
C:\Users\SEBAST~1\AppData\Local\Temp\ccVDz3Dh.s:2246   .debug_str:00000000000002e6 .LASF34
C:\Users\SEBAST~1\AppData\Local\Temp\ccVDz3Dh.s:2354   .debug_str:0000000000000554 .LASF35
C:\Users\SEBAST~1\AppData\Local\Temp\ccVDz3Dh.s:2278   .debug_str:000000000000037f .LASF36
C:\Users\SEBAST~1\AppData\Local\Temp\ccVDz3Dh.s:2368   .debug_str:000000000000058f .LASF37
C:\Users\SEBAST~1\AppData\Local\Temp\ccVDz3Dh.s:2160   .debug_str:000000000000010a .LASF38
C:\Users\SEBAST~1\AppData\Local\Temp\ccVDz3Dh.s:2188   .debug_str:00000000000001e3 .LASF39
GAS LISTING C:\Users\SEBAST~1\AppData\Local\Temp\ccVDz3Dh.s 			page 4


C:\Users\SEBAST~1\AppData\Local\Temp\ccVDz3Dh.s:2114   .debug_str:0000000000000000 .LASF40
C:\Users\SEBAST~1\AppData\Local\Temp\ccVDz3Dh.s:2340   .debug_str:000000000000050c .LASF41
C:\Users\SEBAST~1\AppData\Local\Temp\ccVDz3Dh.s:2170   .debug_str:0000000000000138 .LASF42
C:\Users\SEBAST~1\AppData\Local\Temp\ccVDz3Dh.s:2260   .debug_str:0000000000000323 .LASF43
C:\Users\SEBAST~1\AppData\Local\Temp\ccVDz3Dh.s:2300   .debug_str:00000000000003e0 .LASF44
C:\Users\SEBAST~1\AppData\Local\Temp\ccVDz3Dh.s:2190   .debug_str:00000000000001eb .LASF45
C:\Users\SEBAST~1\AppData\Local\Temp\ccVDz3Dh.s:2280   .debug_str:0000000000000389 .LASF46
C:\Users\SEBAST~1\AppData\Local\Temp\ccVDz3Dh.s:2154   .debug_str:00000000000000f5 .LASF47
C:\Users\SEBAST~1\AppData\Local\Temp\ccVDz3Dh.s:2116   .debug_str:000000000000000c .LASF48
C:\Users\SEBAST~1\AppData\Local\Temp\ccVDz3Dh.s:2288   .debug_str:00000000000003a8 .LASF49
C:\Users\SEBAST~1\AppData\Local\Temp\ccVDz3Dh.s:2168   .debug_str:0000000000000131 .LASF50
C:\Users\SEBAST~1\AppData\Local\Temp\ccVDz3Dh.s:2218   .debug_str:0000000000000269 .LASF51
C:\Users\SEBAST~1\AppData\Local\Temp\ccVDz3Dh.s:2134   .debug_str:0000000000000071 .LASF52
C:\Users\SEBAST~1\AppData\Local\Temp\ccVDz3Dh.s:2162   .debug_str:0000000000000118 .LASF53
C:\Users\SEBAST~1\AppData\Local\Temp\ccVDz3Dh.s:2202   .debug_str:000000000000021e .LASF54
C:\Users\SEBAST~1\AppData\Local\Temp\ccVDz3Dh.s:2244   .debug_str:00000000000002df .LASF55
C:\Users\SEBAST~1\AppData\Local\Temp\ccVDz3Dh.s:2318   .debug_str:0000000000000435 .LASF56
C:\Users\SEBAST~1\AppData\Local\Temp\ccVDz3Dh.s:2372   .debug_str:00000000000005a9 .LASF57
C:\Users\SEBAST~1\AppData\Local\Temp\ccVDz3Dh.s:2152   .debug_str:00000000000000ef .LASF58
C:\Users\SEBAST~1\AppData\Local\Temp\ccVDz3Dh.s:2364   .debug_str:0000000000000581 .LASF59
C:\Users\SEBAST~1\AppData\Local\Temp\ccVDz3Dh.s:2174   .debug_str:0000000000000147 .LASF60
C:\Users\SEBAST~1\AppData\Local\Temp\ccVDz3Dh.s:2180   .debug_str:0000000000000165 .LASF61
C:\Users\SEBAST~1\AppData\Local\Temp\ccVDz3Dh.s:2126   .debug_str:0000000000000034 .LASF62
C:\Users\SEBAST~1\AppData\Local\Temp\ccVDz3Dh.s:2238   .debug_str:00000000000002c8 .LASF63
C:\Users\SEBAST~1\AppData\Local\Temp\ccVDz3Dh.s:2292   .debug_str:00000000000003ba .LASF64
C:\Users\SEBAST~1\AppData\Local\Temp\ccVDz3Dh.s:2240   .debug_str:00000000000002ce .LASF65
C:\Users\SEBAST~1\AppData\Local\Temp\ccVDz3Dh.s:2310   .debug_str:0000000000000418 .LASF66
C:\Users\SEBAST~1\AppData\Local\Temp\ccVDz3Dh.s:2324   .debug_str:000000000000044f .LASF67
C:\Users\SEBAST~1\AppData\Local\Temp\ccVDz3Dh.s:2172   .debug_str:0000000000000140 .LASF68
C:\Users\SEBAST~1\AppData\Local\Temp\ccVDz3Dh.s:2212   .debug_str:0000000000000247 .LASF69
C:\Users\SEBAST~1\AppData\Local\Temp\ccVDz3Dh.s:2196   .debug_str:00000000000001ff .LASF70
C:\Users\SEBAST~1\AppData\Local\Temp\ccVDz3Dh.s:2298   .debug_str:00000000000003db .LASF71
C:\Users\SEBAST~1\AppData\Local\Temp\ccVDz3Dh.s:2122   .debug_str:0000000000000021 .LASF72
C:\Users\SEBAST~1\AppData\Local\Temp\ccVDz3Dh.s:2306   .debug_str:00000000000003f7 .LASF73
C:\Users\SEBAST~1\AppData\Local\Temp\ccVDz3Dh.s:2302   .debug_str:00000000000003e5 .LASF74
C:\Users\SEBAST~1\AppData\Local\Temp\ccVDz3Dh.s:2262   .debug_str:000000000000032b .LASF75
C:\Users\SEBAST~1\AppData\Local\Temp\ccVDz3Dh.s:2304   .debug_str:00000000000003ed .LASF76
C:\Users\SEBAST~1\AppData\Local\Temp\ccVDz3Dh.s:2230   .debug_str:00000000000002ab .LASF77
C:\Users\SEBAST~1\AppData\Local\Temp\ccVDz3Dh.s:2204   .debug_str:0000000000000224 .LASF78
C:\Users\SEBAST~1\AppData\Local\Temp\ccVDz3Dh.s:2380   .debug_str:00000000000005ca .LASF79
C:\Users\SEBAST~1\AppData\Local\Temp\ccVDz3Dh.s:2266   .debug_str:000000000000033d .LASF80
C:\Users\SEBAST~1\AppData\Local\Temp\ccVDz3Dh.s:2214   .debug_str:000000000000024f .LASF81
C:\Users\SEBAST~1\AppData\Local\Temp\ccVDz3Dh.s:2178   .debug_str:000000000000015d .LASF82
C:\Users\SEBAST~1\AppData\Local\Temp\ccVDz3Dh.s:2272   .debug_str:0000000000000367 .LASF83
C:\Users\SEBAST~1\AppData\Local\Temp\ccVDz3Dh.s:2224   .debug_str:0000000000000289 .LASF84
C:\Users\SEBAST~1\AppData\Local\Temp\ccVDz3Dh.s:2362   .debug_str:0000000000000577 .LASF85
C:\Users\SEBAST~1\AppData\Local\Temp\ccVDz3Dh.s:2164   .debug_str:0000000000000120 .LASF86
C:\Users\SEBAST~1\AppData\Local\Temp\ccVDz3Dh.s:2158   .debug_str:0000000000000105 .LASF87
C:\Users\SEBAST~1\AppData\Local\Temp\ccVDz3Dh.s:2326   .debug_str:0000000000000456 .LASF88
C:\Users\SEBAST~1\AppData\Local\Temp\ccVDz3Dh.s:2284   .debug_str:0000000000000396 .LASF89
C:\Users\SEBAST~1\AppData\Local\Temp\ccVDz3Dh.s:2356   .debug_str:000000000000055e .LASF90
C:\Users\SEBAST~1\AppData\Local\Temp\ccVDz3Dh.s:2220   .debug_str:000000000000026f .LASF91
C:\Users\SEBAST~1\AppData\Local\Temp\ccVDz3Dh.s:2282   .debug_str:0000000000000390 .LASF92
C:\Users\SEBAST~1\AppData\Local\Temp\ccVDz3Dh.s:2120   .debug_str:0000000000000019 .LASF93
C:\Users\SEBAST~1\AppData\Local\Temp\ccVDz3Dh.s:2312   .debug_str:000000000000041f .LASF94
C:\Users\SEBAST~1\AppData\Local\Temp\ccVDz3Dh.s:2332   .debug_str:000000000000046b .LASF95
C:\Users\SEBAST~1\AppData\Local\Temp\ccVDz3Dh.s:2342   .debug_str:0000000000000515 .LASF96
GAS LISTING C:\Users\SEBAST~1\AppData\Local\Temp\ccVDz3Dh.s 			page 5


C:\Users\SEBAST~1\AppData\Local\Temp\ccVDz3Dh.s:2350   .debug_str:0000000000000542 .LASF97
C:\Users\SEBAST~1\AppData\Local\Temp\ccVDz3Dh.s:2336   .debug_str:0000000000000477 .LASF98
C:\Users\SEBAST~1\AppData\Local\Temp\ccVDz3Dh.s:2228   .debug_str:000000000000029e .LASF99
C:\Users\SEBAST~1\AppData\Local\Temp\ccVDz3Dh.s:2370   .debug_str:000000000000059a .LASF100
C:\Users\SEBAST~1\AppData\Local\Temp\ccVDz3Dh.s:2200   .debug_str:000000000000020f .LASF101
C:\Users\SEBAST~1\AppData\Local\Temp\ccVDz3Dh.s:2294   .debug_str:00000000000003c3 .LASF102
C:\Users\SEBAST~1\AppData\Local\Temp\ccVDz3Dh.s:2374   .debug_str:00000000000005b0 .LASF103
C:\Users\SEBAST~1\AppData\Local\Temp\ccVDz3Dh.s:2296   .debug_str:00000000000003ce .LASF104
C:\Users\SEBAST~1\AppData\Local\Temp\ccVDz3Dh.s:2378   .debug_str:00000000000005bc .LASF105
C:\Users\SEBAST~1\AppData\Local\Temp\ccVDz3Dh.s:2144   .debug_str:00000000000000be .LASF106
C:\Users\SEBAST~1\AppData\Local\Temp\ccVDz3Dh.s:2360   .debug_str:000000000000056d .LASF107
C:\Users\SEBAST~1\AppData\Local\Temp\ccVDz3Dh.s:2226   .debug_str:0000000000000292 .LASF108
C:\Users\SEBAST~1\AppData\Local\Temp\ccVDz3Dh.s:2346   .debug_str:0000000000000522 .LASF109
C:\Users\SEBAST~1\AppData\Local\Temp\ccVDz3Dh.s:2184   .debug_str:000000000000017e .LASF110
C:\Users\SEBAST~1\AppData\Local\Temp\ccVDz3Dh.s:2140   .debug_str:000000000000008b .LASF111
C:\Users\SEBAST~1\AppData\Local\Temp\ccVDz3Dh.s:2182   .debug_str:000000000000016d .LASF112
C:\Users\SEBAST~1\AppData\Local\Temp\ccVDz3Dh.s:2128   .debug_str:000000000000003a .LASF113
C:\Users\SEBAST~1\AppData\Local\Temp\ccVDz3Dh.s:2130   .debug_str:0000000000000049 .LASF114
C:\Users\SEBAST~1\AppData\Local\Temp\ccVDz3Dh.s:2274   .debug_str:000000000000036c .LASF115
C:\Users\SEBAST~1\AppData\Local\Temp\ccVDz3Dh.s:2256   .debug_str:0000000000000313 .LASF116
C:\Users\SEBAST~1\AppData\Local\Temp\ccVDz3Dh.s:2248   .debug_str:00000000000002f0 .LASF117
C:\Users\SEBAST~1\AppData\Local\Temp\ccVDz3Dh.s:2366   .debug_str:0000000000000587 .LASF118
C:\Users\SEBAST~1\AppData\Local\Temp\ccVDz3Dh.s:2136   .debug_str:000000000000007a .LASF133
C:\Users\SEBAST~1\AppData\Local\Temp\ccVDz3Dh.s:2320   .debug_str:000000000000043b .LASF119
C:\Users\SEBAST~1\AppData\Local\Temp\ccVDz3Dh.s:2348   .debug_str:000000000000052f .LASF120
C:\Users\SEBAST~1\AppData\Local\Temp\ccVDz3Dh.s:2176   .debug_str:0000000000000150 .LASF121
C:\Users\SEBAST~1\AppData\Local\Temp\ccVDz3Dh.s:2290   .debug_str:00000000000003b0 .LASF122
C:\Users\SEBAST~1\AppData\Local\Temp\ccVDz3Dh.s:2124   .debug_str:000000000000002c .LASF123
C:\Users\SEBAST~1\AppData\Local\Temp\ccVDz3Dh.s:2234   .debug_str:00000000000002b9 .LASF124
C:\Users\SEBAST~1\AppData\Local\Temp\ccVDz3Dh.s:2250   .debug_str:00000000000002f9 .LASF125
C:\Users\SEBAST~1\AppData\Local\Temp\ccVDz3Dh.s:2254   .debug_str:000000000000030c .LASF126
C:\Users\SEBAST~1\AppData\Local\Temp\ccVDz3Dh.s:2330   .debug_str:0000000000000464 .LASF127
C:\Users\SEBAST~1\AppData\Local\Temp\ccVDz3Dh.s:2376   .debug_str:00000000000005b5 .LASF128
C:\Users\SEBAST~1\AppData\Local\Temp\ccVDz3Dh.s:2242   .debug_str:00000000000002d6 .LASF129
C:\Users\SEBAST~1\AppData\Local\Temp\ccVDz3Dh.s:14     .text._read:0000000000000000 .LFB1
C:\Users\SEBAST~1\AppData\Local\Temp\ccVDz3Dh.s:27     .text._read:0000000000000004 .LFE1
C:\Users\SEBAST~1\AppData\Local\Temp\ccVDz3Dh.s:2079   .debug_loc:0000000000000000 .LLST0
C:\Users\SEBAST~1\AppData\Local\Temp\ccVDz3Dh.s:2138   .debug_str:0000000000000085 .LASF134
C:\Users\SEBAST~1\AppData\Local\Temp\ccVDz3Dh.s:18     .text._read:0000000000000000 .LVL0
C:\Users\SEBAST~1\AppData\Local\Temp\ccVDz3Dh.s:24     .text._read:0000000000000002 .LVL1
C:\Users\SEBAST~1\AppData\Local\Temp\ccVDz3Dh.s:39     .debug_info:0000000000000000 .Ldebug_info0

NO UNDEFINED SYMBOLS
