GAS LISTING C:\Users\SEBAST~1\AppData\Local\Temp\cc1W1KZP.s 			page 1


   1              		.file	"handlers.c"
   2              		.option nopic
   3              		.attribute arch, "rv32i2p0_m2p0_a2p0_c2p0"
   4              		.attribute unaligned_access, 0
   5              		.attribute stack_align, 16
   6              		.text
   7              	.Ltext0:
   8              		.cfi_sections	.debug_frame
   9              		.section	.text.handle_nmi,"ax",@progbits
  10              		.align	1
  11              		.weak	handle_nmi
  13              	handle_nmi:
  14              	.LFB5:
  15              		.file 1 "./../../firmware/RISCV/env_Eclipse/handlers.c"
   1:./../../firmware/RISCV/env_Eclipse/handlers.c **** //See LICENSE for license details.
   2:./../../firmware/RISCV/env_Eclipse/handlers.c **** #include <stdint.h>
   3:./../../firmware/RISCV/env_Eclipse/handlers.c **** #include <stdio.h>
   4:./../../firmware/RISCV/env_Eclipse/handlers.c **** #include <unistd.h>
   5:./../../firmware/RISCV/env_Eclipse/handlers.c **** #include "riscv_encoding.h"
   6:./../../firmware/RISCV/env_Eclipse/handlers.c **** #include "n200_func.h"
   7:./../../firmware/RISCV/env_Eclipse/handlers.c **** 
   8:./../../firmware/RISCV/env_Eclipse/handlers.c **** __attribute__((weak)) uintptr_t handle_nmi()
   9:./../../firmware/RISCV/env_Eclipse/handlers.c **** {
  16              		.loc 1 9 1
  17              		.cfi_startproc
  10:./../../firmware/RISCV/env_Eclipse/handlers.c ****   write(1, "nmi\n", 5);
  18              		.loc 1 10 3
  19 0000 B7050000 		lui	a1,%hi(.LC0)
   9:./../../firmware/RISCV/env_Eclipse/handlers.c ****   write(1, "nmi\n", 5);
  20              		.loc 1 9 1 is_stmt 0
  21 0004 4111     		addi	sp,sp,-16
  22              	.LCFI0:
  23              		.cfi_def_cfa_offset 16
  24              		.loc 1 10 3
  25 0006 1546     		li	a2,5
  26 0008 93850500 		addi	a1,a1,%lo(.LC0)
  27 000c 0545     		li	a0,1
   9:./../../firmware/RISCV/env_Eclipse/handlers.c ****   write(1, "nmi\n", 5);
  28              		.loc 1 9 1
  29 000e 06C6     		sw	ra,12(sp)
  30              		.cfi_offset 1, -4
  31              		.loc 1 10 3
  32 0010 97000000 		call	write
  32      E7800000 
  33              	.LVL0:
  11:./../../firmware/RISCV/env_Eclipse/handlers.c ****   _exit(1);
  34              		.loc 1 11 3 is_stmt 1
  35 0018 0545     		li	a0,1
  36 001a 97000000 		call	_exit
  36      E7800000 
  37              	.LVL1:
  38              		.cfi_endproc
  39              	.LFE5:
  41              		.section	.text.handle_trap,"ax",@progbits
  42              		.align	1
  43              		.weak	handle_trap
  45              	handle_trap:
GAS LISTING C:\Users\SEBAST~1\AppData\Local\Temp\cc1W1KZP.s 			page 2


  46              	.LFB6:
  12:./../../firmware/RISCV/env_Eclipse/handlers.c ****   return 0;
  13:./../../firmware/RISCV/env_Eclipse/handlers.c **** }
  14:./../../firmware/RISCV/env_Eclipse/handlers.c **** 
  15:./../../firmware/RISCV/env_Eclipse/handlers.c **** 
  16:./../../firmware/RISCV/env_Eclipse/handlers.c **** __attribute__((weak)) uintptr_t handle_trap(uintptr_t mcause, uintptr_t sp)
  17:./../../firmware/RISCV/env_Eclipse/handlers.c **** {
  47              		.loc 1 17 1
  48              		.cfi_startproc
  49              	.LVL2:
  18:./../../firmware/RISCV/env_Eclipse/handlers.c ****   if((mcause & 0xFFF) == 0xFFF) {
  50              		.loc 1 18 3
  17:./../../firmware/RISCV/env_Eclipse/handlers.c ****   if((mcause & 0xFFF) == 0xFFF) {
  51              		.loc 1 17 1 is_stmt 0
  52 0000 4111     		addi	sp,sp,-16
  53              	.LCFI1:
  54              		.cfi_def_cfa_offset 16
  55              		.loc 1 18 14
  56 0002 9347F5FF 		not	a5,a0
  17:./../../firmware/RISCV/env_Eclipse/handlers.c ****   if((mcause & 0xFFF) == 0xFFF) {
  57              		.loc 1 17 1
  58 0006 22C4     		sw	s0,8(sp)
  59 0008 06C6     		sw	ra,12(sp)
  60              		.cfi_offset 8, -8
  61              		.cfi_offset 1, -4
  62              		.loc 1 18 5
  63 000a 13974701 		slli	a4,a5,20
  17:./../../firmware/RISCV/env_Eclipse/handlers.c ****   if((mcause & 0xFFF) == 0xFFF) {
  64              		.loc 1 17 1
  65 000e 2A84     		mv	s0,a0
  66              		.loc 1 18 5
  67 0010 09E7     		bne	a4,zero,.L4
  19:./../../firmware/RISCV/env_Eclipse/handlers.c ****       handle_nmi();
  68              		.loc 1 19 7 is_stmt 1
  69 0012 97000000 		call	handle_nmi
  69      E7800000 
  70              	.LVL3:
  71              	.L4:
  20:./../../firmware/RISCV/env_Eclipse/handlers.c ****   }
  21:./../../firmware/RISCV/env_Eclipse/handlers.c ****   write(1, "trap\n", 5);
  72              		.loc 1 21 3
  73 001a B7050000 		lui	a1,%hi(.LC1)
  74 001e 1546     		li	a2,5
  75 0020 93850500 		addi	a1,a1,%lo(.LC1)
  76 0024 0545     		li	a0,1
  77 0026 97000000 		call	write
  77      E7800000 
  78              	.LVL4:
  22:./../../firmware/RISCV/env_Eclipse/handlers.c ****   //printf("In trap handler, the mcause is %d\n", mcause);
  23:./../../firmware/RISCV/env_Eclipse/handlers.c ****   //printf("In trap handler, the mepc is 0x%x\n", read_csr(mepc));
  24:./../../firmware/RISCV/env_Eclipse/handlers.c ****   //printf("In trap handler, the mtval is 0x%x\n", read_csr(mbadaddr));
  25:./../../firmware/RISCV/env_Eclipse/handlers.c ****   _exit(mcause);
  79              		.loc 1 25 3
  80 002e 2285     		mv	a0,s0
  81 0030 97000000 		call	_exit
  81      E7800000 
  82              	.LVL5:
GAS LISTING C:\Users\SEBAST~1\AppData\Local\Temp\cc1W1KZP.s 			page 3


  83              		.cfi_endproc
  84              	.LFE6:
  86              		.section	.rodata.handle_nmi.str1.4,"aMS",@progbits,1
  87              		.align	2
  88              	.LC0:
  89 0000 6E6D690A 		.string	"nmi\n"
  89      00
  90              		.section	.rodata.handle_trap.str1.4,"aMS",@progbits,1
  91              		.align	2
  92              	.LC1:
  93 0000 74726170 		.string	"trap\n"
  93      0A00
  94              		.text
  95              	.Letext0:
  96              		.file 2 "c:\\users\\sebastian\\downloads\\mikrodatorteknik\\toolchain-gd32v-v201-win\\compiler\\ri
  97              		.file 3 "c:\\users\\sebastian\\downloads\\mikrodatorteknik\\toolchain-gd32v-v201-win\\compiler\\ri
  98              		.file 4 "c:\\users\\sebastian\\downloads\\mikrodatorteknik\\toolchain-gd32v-v201-win\\compiler\\li
  99              		.file 5 "c:\\users\\sebastian\\downloads\\mikrodatorteknik\\toolchain-gd32v-v201-win\\compiler\\ri
 100              		.file 6 "c:\\users\\sebastian\\downloads\\mikrodatorteknik\\toolchain-gd32v-v201-win\\compiler\\ri
 101              		.file 7 "c:\\users\\sebastian\\downloads\\mikrodatorteknik\\toolchain-gd32v-v201-win\\compiler\\ri
 102              		.file 8 "c:\\users\\sebastian\\downloads\\mikrodatorteknik\\toolchain-gd32v-v201-win\\compiler\\ri
GAS LISTING C:\Users\SEBAST~1\AppData\Local\Temp\cc1W1KZP.s 			page 4


DEFINED SYMBOLS
                            *ABS*:0000000000000000 handlers.c
C:\Users\SEBAST~1\AppData\Local\Temp\cc1W1KZP.s:13     .text.handle_nmi:0000000000000000 handle_nmi
C:\Users\SEBAST~1\AppData\Local\Temp\cc1W1KZP.s:17     .text.handle_nmi:0000000000000000 .L0 
C:\Users\SEBAST~1\AppData\Local\Temp\cc1W1KZP.s:18     .text.handle_nmi:0000000000000000 .L0 
C:\Users\SEBAST~1\AppData\Local\Temp\cc1W1KZP.s:19     .text.handle_nmi:0000000000000000 .L0 
C:\Users\SEBAST~1\AppData\Local\Temp\cc1W1KZP.s:21     .text.handle_nmi:0000000000000004 .L0 
C:\Users\SEBAST~1\AppData\Local\Temp\cc1W1KZP.s:23     .text.handle_nmi:0000000000000006 .L0 
C:\Users\SEBAST~1\AppData\Local\Temp\cc1W1KZP.s:25     .text.handle_nmi:0000000000000006 .L0 
C:\Users\SEBAST~1\AppData\Local\Temp\cc1W1KZP.s:29     .text.handle_nmi:000000000000000e .L0 
C:\Users\SEBAST~1\AppData\Local\Temp\cc1W1KZP.s:30     .text.handle_nmi:0000000000000010 .L0 
C:\Users\SEBAST~1\AppData\Local\Temp\cc1W1KZP.s:32     .text.handle_nmi:0000000000000010 .L0 
C:\Users\SEBAST~1\AppData\Local\Temp\cc1W1KZP.s:35     .text.handle_nmi:0000000000000018 .L0 
C:\Users\SEBAST~1\AppData\Local\Temp\cc1W1KZP.s:38     .text.handle_nmi:0000000000000022 .L0 
C:\Users\SEBAST~1\AppData\Local\Temp\cc1W1KZP.s:45     .text.handle_trap:0000000000000000 handle_trap
C:\Users\SEBAST~1\AppData\Local\Temp\cc1W1KZP.s:48     .text.handle_trap:0000000000000000 .L0 
C:\Users\SEBAST~1\AppData\Local\Temp\cc1W1KZP.s:50     .text.handle_trap:0000000000000000 .L0 
C:\Users\SEBAST~1\AppData\Local\Temp\cc1W1KZP.s:51     .text.handle_trap:0000000000000000 .L0 
C:\Users\SEBAST~1\AppData\Local\Temp\cc1W1KZP.s:52     .text.handle_trap:0000000000000000 .L0 
C:\Users\SEBAST~1\AppData\Local\Temp\cc1W1KZP.s:54     .text.handle_trap:0000000000000002 .L0 
C:\Users\SEBAST~1\AppData\Local\Temp\cc1W1KZP.s:56     .text.handle_trap:0000000000000002 .L0 
C:\Users\SEBAST~1\AppData\Local\Temp\cc1W1KZP.s:58     .text.handle_trap:0000000000000006 .L0 
C:\Users\SEBAST~1\AppData\Local\Temp\cc1W1KZP.s:60     .text.handle_trap:000000000000000a .L0 
C:\Users\SEBAST~1\AppData\Local\Temp\cc1W1KZP.s:61     .text.handle_trap:000000000000000a .L0 
C:\Users\SEBAST~1\AppData\Local\Temp\cc1W1KZP.s:63     .text.handle_trap:000000000000000a .L0 
C:\Users\SEBAST~1\AppData\Local\Temp\cc1W1KZP.s:65     .text.handle_trap:000000000000000e .L0 
C:\Users\SEBAST~1\AppData\Local\Temp\cc1W1KZP.s:67     .text.handle_trap:0000000000000010 .L0 
C:\Users\SEBAST~1\AppData\Local\Temp\cc1W1KZP.s:69     .text.handle_trap:0000000000000012 .L0 
C:\Users\SEBAST~1\AppData\Local\Temp\cc1W1KZP.s:73     .text.handle_trap:000000000000001a .L0 
C:\Users\SEBAST~1\AppData\Local\Temp\cc1W1KZP.s:80     .text.handle_trap:000000000000002e .L0 
C:\Users\SEBAST~1\AppData\Local\Temp\cc1W1KZP.s:83     .text.handle_trap:0000000000000038 .L0 
C:\Users\SEBAST~1\AppData\Local\Temp\cc1W1KZP.s:41     .text.handle_nmi:0000000000000022 .L0 
C:\Users\SEBAST~1\AppData\Local\Temp\cc1W1KZP.s:86     .text.handle_trap:0000000000000038 .L0 
                     .debug_frame:0000000000000000 .L0 
C:\Users\SEBAST~1\AppData\Local\Temp\cc1W1KZP.s:88     .rodata.handle_nmi.str1.4:0000000000000000 .LC0
C:\Users\SEBAST~1\AppData\Local\Temp\cc1W1KZP.s:92     .rodata.handle_trap.str1.4:0000000000000000 .LC1
C:\Users\SEBAST~1\AppData\Local\Temp\cc1W1KZP.s:71     .text.handle_trap:000000000000001a .L4
C:\Users\SEBAST~1\AppData\Local\Temp\cc1W1KZP.s:1676   .debug_abbrev:0000000000000000 .Ldebug_abbrev0
C:\Users\SEBAST~1\AppData\Local\Temp\cc1W1KZP.s:2535   .debug_str:00000000000004a2 .LASF131
C:\Users\SEBAST~1\AppData\Local\Temp\cc1W1KZP.s:2349   .debug_str:00000000000000e7 .LASF132
C:\Users\SEBAST~1\AppData\Local\Temp\cc1W1KZP.s:2379   .debug_str:0000000000000199 .LASF133
C:\Users\SEBAST~1\AppData\Local\Temp\cc1W1KZP.s:2297   .debug_ranges:0000000000000000 .Ldebug_ranges0
C:\Users\SEBAST~1\AppData\Local\Temp\cc1W1KZP.s:2305   .debug_line:0000000000000000 .Ldebug_line0
C:\Users\SEBAST~1\AppData\Local\Temp\cc1W1KZP.s:2345   .debug_str:00000000000000d5 .LASF0
C:\Users\SEBAST~1\AppData\Local\Temp\cc1W1KZP.s:2467   .debug_str:0000000000000376 .LASF1
C:\Users\SEBAST~1\AppData\Local\Temp\cc1W1KZP.s:2473   .debug_str:0000000000000392 .LASF2
C:\Users\SEBAST~1\AppData\Local\Temp\cc1W1KZP.s:2415   .debug_str:0000000000000282 .LASF3
C:\Users\SEBAST~1\AppData\Local\Temp\cc1W1KZP.s:2361   .debug_str:0000000000000142 .LASF4
C:\Users\SEBAST~1\AppData\Local\Temp\cc1W1KZP.s:2407   .debug_str:000000000000025c .LASF5
C:\Users\SEBAST~1\AppData\Local\Temp\cc1W1KZP.s:2343   .debug_str:00000000000000c7 .LASF6
C:\Users\SEBAST~1\AppData\Local\Temp\cc1W1KZP.s:2329   .debug_str:0000000000000070 .LASF7
C:\Users\SEBAST~1\AppData\Local\Temp\cc1W1KZP.s:2487   .debug_str:00000000000003cd .LASF9
C:\Users\SEBAST~1\AppData\Local\Temp\cc1W1KZP.s:2399   .debug_str:0000000000000238 .LASF8
C:\Users\SEBAST~1\AppData\Local\Temp\cc1W1KZP.s:2313   .debug_str:000000000000001a .LASF10
C:\Users\SEBAST~1\AppData\Local\Temp\cc1W1KZP.s:2447   .debug_str:0000000000000317 .LASF11
C:\Users\SEBAST~1\AppData\Local\Temp\cc1W1KZP.s:2429   .debug_str:00000000000002cd .LASF12
C:\Users\SEBAST~1\AppData\Local\Temp\cc1W1KZP.s:2459   .debug_str:000000000000034d .LASF13
GAS LISTING C:\Users\SEBAST~1\AppData\Local\Temp\cc1W1KZP.s 			page 5


C:\Users\SEBAST~1\AppData\Local\Temp\cc1W1KZP.s:2519   .debug_str:0000000000000465 .LASF14
C:\Users\SEBAST~1\AppData\Local\Temp\cc1W1KZP.s:2555   .debug_str:0000000000000582 .LASF15
C:\Users\SEBAST~1\AppData\Local\Temp\cc1W1KZP.s:2425   .debug_str:00000000000002bf .LASF16
C:\Users\SEBAST~1\AppData\Local\Temp\cc1W1KZP.s:2401   .debug_str:0000000000000245 .LASF17
C:\Users\SEBAST~1\AppData\Local\Temp\cc1W1KZP.s:2511   .debug_str:0000000000000443 .LASF18
C:\Users\SEBAST~1\AppData\Local\Temp\cc1W1KZP.s:2513   .debug_str:000000000000044b .LASF19
C:\Users\SEBAST~1\AppData\Local\Temp\cc1W1KZP.s:2483   .debug_str:00000000000003ba .LASF20
C:\Users\SEBAST~1\AppData\Local\Temp\cc1W1KZP.s:2541   .debug_str:0000000000000538 .LASF21
C:\Users\SEBAST~1\AppData\Local\Temp\cc1W1KZP.s:2463   .debug_str:000000000000035e .LASF22
C:\Users\SEBAST~1\AppData\Local\Temp\cc1W1KZP.s:2385   .debug_str:00000000000001fb .LASF23
C:\Users\SEBAST~1\AppData\Local\Temp\cc1W1KZP.s:2389   .debug_str:000000000000020c .LASF28
C:\Users\SEBAST~1\AppData\Local\Temp\cc1W1KZP.s:2531   .debug_str:000000000000048f .LASF24
C:\Users\SEBAST~1\AppData\Local\Temp\cc1W1KZP.s:2503   .debug_str:0000000000000426 .LASF25
C:\Users\SEBAST~1\AppData\Local\Temp\cc1W1KZP.s:2383   .debug_str:00000000000001f5 .LASF26
C:\Users\SEBAST~1\AppData\Local\Temp\cc1W1KZP.s:2549   .debug_str:000000000000056d .LASF27
C:\Users\SEBAST~1\AppData\Local\Temp\cc1W1KZP.s:2397   .debug_str:0000000000000233 .LASF29
C:\Users\SEBAST~1\AppData\Local\Temp\cc1W1KZP.s:2339   .debug_str:00000000000000b8 .LASF30
C:\Users\SEBAST~1\AppData\Local\Temp\cc1W1KZP.s:2525   .debug_str:0000000000000479 .LASF31
C:\Users\SEBAST~1\AppData\Local\Temp\cc1W1KZP.s:2351   .debug_str:0000000000000115 .LASF32
C:\Users\SEBAST~1\AppData\Local\Temp\cc1W1KZP.s:2579   .debug_str:00000000000005ed .LASF33
C:\Users\SEBAST~1\AppData\Local\Temp\cc1W1KZP.s:2453   .debug_str:0000000000000331 .LASF34
C:\Users\SEBAST~1\AppData\Local\Temp\cc1W1KZP.s:2441   .debug_str:00000000000002fd .LASF35
C:\Users\SEBAST~1\AppData\Local\Temp\cc1W1KZP.s:2551   .debug_str:0000000000000572 .LASF36
C:\Users\SEBAST~1\AppData\Local\Temp\cc1W1KZP.s:2475   .debug_str:000000000000039c .LASF37
C:\Users\SEBAST~1\AppData\Local\Temp\cc1W1KZP.s:2565   .debug_str:00000000000005ad .LASF38
C:\Users\SEBAST~1\AppData\Local\Temp\cc1W1KZP.s:2355   .debug_str:0000000000000124 .LASF39
C:\Users\SEBAST~1\AppData\Local\Temp\cc1W1KZP.s:2311   .debug_str:0000000000000012 .LASF40
C:\Users\SEBAST~1\AppData\Local\Temp\cc1W1KZP.s:2307   .debug_str:0000000000000000 .LASF41
C:\Users\SEBAST~1\AppData\Local\Temp\cc1W1KZP.s:2537   .debug_str:000000000000052a .LASF42
C:\Users\SEBAST~1\AppData\Local\Temp\cc1W1KZP.s:2365   .debug_str:0000000000000152 .LASF43
C:\Users\SEBAST~1\AppData\Local\Temp\cc1W1KZP.s:2455   .debug_str:000000000000033a .LASF44
C:\Users\SEBAST~1\AppData\Local\Temp\cc1W1KZP.s:2495   .debug_str:00000000000003f6 .LASF45
C:\Users\SEBAST~1\AppData\Local\Temp\cc1W1KZP.s:2381   .debug_str:00000000000001f0 .LASF46
C:\Users\SEBAST~1\AppData\Local\Temp\cc1W1KZP.s:2477   .debug_str:00000000000003a6 .LASF47
C:\Users\SEBAST~1\AppData\Local\Temp\cc1W1KZP.s:2465   .debug_str:0000000000000370 .LASF48
C:\Users\SEBAST~1\AppData\Local\Temp\cc1W1KZP.s:2309   .debug_str:000000000000000c .LASF49
C:\Users\SEBAST~1\AppData\Local\Temp\cc1W1KZP.s:2485   .debug_str:00000000000003c5 .LASF50
C:\Users\SEBAST~1\AppData\Local\Temp\cc1W1KZP.s:2363   .debug_str:000000000000014b .LASF51
C:\Users\SEBAST~1\AppData\Local\Temp\cc1W1KZP.s:2409   .debug_str:000000000000026e .LASF52
C:\Users\SEBAST~1\AppData\Local\Temp\cc1W1KZP.s:2331   .debug_str:0000000000000087 .LASF53
C:\Users\SEBAST~1\AppData\Local\Temp\cc1W1KZP.s:2357   .debug_str:0000000000000132 .LASF54
C:\Users\SEBAST~1\AppData\Local\Temp\cc1W1KZP.s:2393   .debug_str:0000000000000223 .LASF55
C:\Users\SEBAST~1\AppData\Local\Temp\cc1W1KZP.s:2439   .debug_str:00000000000002f6 .LASF56
C:\Users\SEBAST~1\AppData\Local\Temp\cc1W1KZP.s:2515   .debug_str:0000000000000453 .LASF57
C:\Users\SEBAST~1\AppData\Local\Temp\cc1W1KZP.s:2569   .debug_str:00000000000005c7 .LASF58
C:\Users\SEBAST~1\AppData\Local\Temp\cc1W1KZP.s:2347   .debug_str:00000000000000e1 .LASF59
C:\Users\SEBAST~1\AppData\Local\Temp\cc1W1KZP.s:2561   .debug_str:000000000000059f .LASF60
C:\Users\SEBAST~1\AppData\Local\Temp\cc1W1KZP.s:2369   .debug_str:0000000000000161 .LASF61
C:\Users\SEBAST~1\AppData\Local\Temp\cc1W1KZP.s:2373   .debug_str:0000000000000172 .LASF62
C:\Users\SEBAST~1\AppData\Local\Temp\cc1W1KZP.s:2323   .debug_str:000000000000004a .LASF63
C:\Users\SEBAST~1\AppData\Local\Temp\cc1W1KZP.s:2433   .debug_str:00000000000002df .LASF64
C:\Users\SEBAST~1\AppData\Local\Temp\cc1W1KZP.s:2319   .debug_str:0000000000000035 .LASF65
C:\Users\SEBAST~1\AppData\Local\Temp\cc1W1KZP.s:2435   .debug_str:00000000000002e5 .LASF66
C:\Users\SEBAST~1\AppData\Local\Temp\cc1W1KZP.s:2505   .debug_str:000000000000042e .LASF67
C:\Users\SEBAST~1\AppData\Local\Temp\cc1W1KZP.s:2521   .debug_str:000000000000046d .LASF68
C:\Users\SEBAST~1\AppData\Local\Temp\cc1W1KZP.s:2367   .debug_str:000000000000015a .LASF69
C:\Users\SEBAST~1\AppData\Local\Temp\cc1W1KZP.s:2403   .debug_str:000000000000024c .LASF70
GAS LISTING C:\Users\SEBAST~1\AppData\Local\Temp\cc1W1KZP.s 			page 6


C:\Users\SEBAST~1\AppData\Local\Temp\cc1W1KZP.s:2387   .debug_str:0000000000000204 .LASF71
C:\Users\SEBAST~1\AppData\Local\Temp\cc1W1KZP.s:2493   .debug_str:00000000000003f1 .LASF72
C:\Users\SEBAST~1\AppData\Local\Temp\cc1W1KZP.s:2315   .debug_str:0000000000000024 .LASF73
C:\Users\SEBAST~1\AppData\Local\Temp\cc1W1KZP.s:2501   .debug_str:000000000000040d .LASF74
C:\Users\SEBAST~1\AppData\Local\Temp\cc1W1KZP.s:2497   .debug_str:00000000000003fb .LASF75
C:\Users\SEBAST~1\AppData\Local\Temp\cc1W1KZP.s:2457   .debug_str:0000000000000342 .LASF76
C:\Users\SEBAST~1\AppData\Local\Temp\cc1W1KZP.s:2499   .debug_str:0000000000000403 .LASF77
C:\Users\SEBAST~1\AppData\Local\Temp\cc1W1KZP.s:2423   .debug_str:00000000000002b7 .LASF78
C:\Users\SEBAST~1\AppData\Local\Temp\cc1W1KZP.s:2395   .debug_str:0000000000000229 .LASF79
C:\Users\SEBAST~1\AppData\Local\Temp\cc1W1KZP.s:2577   .debug_str:00000000000005e8 .LASF80
C:\Users\SEBAST~1\AppData\Local\Temp\cc1W1KZP.s:2461   .debug_str:0000000000000354 .LASF81
C:\Users\SEBAST~1\AppData\Local\Temp\cc1W1KZP.s:2405   .debug_str:0000000000000254 .LASF82
C:\Users\SEBAST~1\AppData\Local\Temp\cc1W1KZP.s:2371   .debug_str:000000000000016a .LASF83
C:\Users\SEBAST~1\AppData\Local\Temp\cc1W1KZP.s:2469   .debug_str:0000000000000384 .LASF84
C:\Users\SEBAST~1\AppData\Local\Temp\cc1W1KZP.s:2417   .debug_str:0000000000000295 .LASF85
C:\Users\SEBAST~1\AppData\Local\Temp\cc1W1KZP.s:2559   .debug_str:0000000000000595 .LASF86
C:\Users\SEBAST~1\AppData\Local\Temp\cc1W1KZP.s:2359   .debug_str:000000000000013a .LASF87
C:\Users\SEBAST~1\AppData\Local\Temp\cc1W1KZP.s:2353   .debug_str:000000000000011f .LASF88
C:\Users\SEBAST~1\AppData\Local\Temp\cc1W1KZP.s:2523   .debug_str:0000000000000474 .LASF89
C:\Users\SEBAST~1\AppData\Local\Temp\cc1W1KZP.s:2481   .debug_str:00000000000003b3 .LASF90
C:\Users\SEBAST~1\AppData\Local\Temp\cc1W1KZP.s:2553   .debug_str:000000000000057c .LASF91
C:\Users\SEBAST~1\AppData\Local\Temp\cc1W1KZP.s:2411   .debug_str:0000000000000274 .LASF92
C:\Users\SEBAST~1\AppData\Local\Temp\cc1W1KZP.s:2479   .debug_str:00000000000003ad .LASF93
C:\Users\SEBAST~1\AppData\Local\Temp\cc1W1KZP.s:2507   .debug_str:0000000000000435 .LASF94
C:\Users\SEBAST~1\AppData\Local\Temp\cc1W1KZP.s:2509   .debug_str:000000000000043d .LASF95
C:\Users\SEBAST~1\AppData\Local\Temp\cc1W1KZP.s:2529   .debug_str:0000000000000489 .LASF96
C:\Users\SEBAST~1\AppData\Local\Temp\cc1W1KZP.s:2539   .debug_str:0000000000000533 .LASF97
C:\Users\SEBAST~1\AppData\Local\Temp\cc1W1KZP.s:2547   .debug_str:0000000000000560 .LASF98
C:\Users\SEBAST~1\AppData\Local\Temp\cc1W1KZP.s:2533   .debug_str:0000000000000495 .LASF99
C:\Users\SEBAST~1\AppData\Local\Temp\cc1W1KZP.s:2421   .debug_str:00000000000002aa .LASF100
C:\Users\SEBAST~1\AppData\Local\Temp\cc1W1KZP.s:2567   .debug_str:00000000000005b8 .LASF101
C:\Users\SEBAST~1\AppData\Local\Temp\cc1W1KZP.s:2391   .debug_str:0000000000000214 .LASF102
C:\Users\SEBAST~1\AppData\Local\Temp\cc1W1KZP.s:2489   .debug_str:00000000000003d9 .LASF103
C:\Users\SEBAST~1\AppData\Local\Temp\cc1W1KZP.s:2571   .debug_str:00000000000005ce .LASF104
C:\Users\SEBAST~1\AppData\Local\Temp\cc1W1KZP.s:2491   .debug_str:00000000000003e4 .LASF105
C:\Users\SEBAST~1\AppData\Local\Temp\cc1W1KZP.s:2575   .debug_str:00000000000005da .LASF106
C:\Users\SEBAST~1\AppData\Local\Temp\cc1W1KZP.s:2337   .debug_str:00000000000000aa .LASF107
C:\Users\SEBAST~1\AppData\Local\Temp\cc1W1KZP.s:2557   .debug_str:000000000000058b .LASF108
C:\Users\SEBAST~1\AppData\Local\Temp\cc1W1KZP.s:2419   .debug_str:000000000000029e .LASF109
C:\Users\SEBAST~1\AppData\Local\Temp\cc1W1KZP.s:2543   .debug_str:0000000000000540 .LASF110
C:\Users\SEBAST~1\AppData\Local\Temp\cc1W1KZP.s:2377   .debug_str:000000000000018b .LASF111
C:\Users\SEBAST~1\AppData\Local\Temp\cc1W1KZP.s:2335   .debug_str:000000000000009b .LASF112
C:\Users\SEBAST~1\AppData\Local\Temp\cc1W1KZP.s:2375   .debug_str:000000000000017a .LASF113
C:\Users\SEBAST~1\AppData\Local\Temp\cc1W1KZP.s:2325   .debug_str:0000000000000050 .LASF114
C:\Users\SEBAST~1\AppData\Local\Temp\cc1W1KZP.s:2327   .debug_str:000000000000005f .LASF115
C:\Users\SEBAST~1\AppData\Local\Temp\cc1W1KZP.s:2471   .debug_str:0000000000000389 .LASF116
C:\Users\SEBAST~1\AppData\Local\Temp\cc1W1KZP.s:2451   .debug_str:000000000000032a .LASF117
C:\Users\SEBAST~1\AppData\Local\Temp\cc1W1KZP.s:2443   .debug_str:0000000000000307 .LASF118
C:\Users\SEBAST~1\AppData\Local\Temp\cc1W1KZP.s:2563   .debug_str:00000000000005a5 .LASF119
C:\Users\SEBAST~1\AppData\Local\Temp\cc1W1KZP.s:2333   .debug_str:0000000000000090 .LASF134
C:\Users\SEBAST~1\AppData\Local\Temp\cc1W1KZP.s:2517   .debug_str:0000000000000459 .LASF120
C:\Users\SEBAST~1\AppData\Local\Temp\cc1W1KZP.s:2545   .debug_str:000000000000054d .LASF121
C:\Users\SEBAST~1\AppData\Local\Temp\cc1W1KZP.s:2427   .debug_str:00000000000002c5 .LASF122
C:\Users\SEBAST~1\AppData\Local\Temp\cc1W1KZP.s:2445   .debug_str:0000000000000310 .LASF123
C:\Users\SEBAST~1\AppData\Local\Temp\cc1W1KZP.s:2449   .debug_str:0000000000000323 .LASF124
C:\Users\SEBAST~1\AppData\Local\Temp\cc1W1KZP.s:2527   .debug_str:0000000000000482 .LASF125
C:\Users\SEBAST~1\AppData\Local\Temp\cc1W1KZP.s:2573   .debug_str:00000000000005d3 .LASF126
GAS LISTING C:\Users\SEBAST~1\AppData\Local\Temp\cc1W1KZP.s 			page 7


C:\Users\SEBAST~1\AppData\Local\Temp\cc1W1KZP.s:2437   .debug_str:00000000000002ed .LASF127
C:\Users\SEBAST~1\AppData\Local\Temp\cc1W1KZP.s:2321   .debug_str:000000000000003e .LASF135
C:\Users\SEBAST~1\AppData\Local\Temp\cc1W1KZP.s:46     .text.handle_trap:0000000000000000 .LFB6
C:\Users\SEBAST~1\AppData\Local\Temp\cc1W1KZP.s:84     .text.handle_trap:0000000000000038 .LFE6
C:\Users\SEBAST~1\AppData\Local\Temp\cc1W1KZP.s:2231   .debug_loc:0000000000000000 .LLST1
C:\Users\SEBAST~1\AppData\Local\Temp\cc1W1KZP.s:2413   .debug_str:000000000000027b .LASF128
C:\Users\SEBAST~1\AppData\Local\Temp\cc1W1KZP.s:2244   .debug_loc:0000000000000020 .LLST2
C:\Users\SEBAST~1\AppData\Local\Temp\cc1W1KZP.s:2255   .debug_loc:000000000000003e .LLST3
C:\Users\SEBAST~1\AppData\Local\Temp\cc1W1KZP.s:70     .text.handle_trap:000000000000001a .LVL3
C:\Users\SEBAST~1\AppData\Local\Temp\cc1W1KZP.s:78     .text.handle_trap:000000000000002e .LVL4
C:\Users\SEBAST~1\AppData\Local\Temp\cc1W1KZP.s:82     .text.handle_trap:0000000000000038 .LVL5
C:\Users\SEBAST~1\AppData\Local\Temp\cc1W1KZP.s:2431   .debug_str:00000000000002d4 .LASF136
C:\Users\SEBAST~1\AppData\Local\Temp\cc1W1KZP.s:14     .text.handle_nmi:0000000000000000 .LFB5
C:\Users\SEBAST~1\AppData\Local\Temp\cc1W1KZP.s:39     .text.handle_nmi:0000000000000022 .LFE5
C:\Users\SEBAST~1\AppData\Local\Temp\cc1W1KZP.s:2269   .debug_loc:000000000000005f .LLST0
C:\Users\SEBAST~1\AppData\Local\Temp\cc1W1KZP.s:33     .text.handle_nmi:0000000000000018 .LVL0
C:\Users\SEBAST~1\AppData\Local\Temp\cc1W1KZP.s:37     .text.handle_nmi:0000000000000022 .LVL1
C:\Users\SEBAST~1\AppData\Local\Temp\cc1W1KZP.s:2317   .debug_str:000000000000002f .LASF129
C:\Users\SEBAST~1\AppData\Local\Temp\cc1W1KZP.s:2341   .debug_str:00000000000000c1 .LASF130
C:\Users\SEBAST~1\AppData\Local\Temp\cc1W1KZP.s:53     .text.handle_trap:0000000000000002 .LCFI1
C:\Users\SEBAST~1\AppData\Local\Temp\cc1W1KZP.s:49     .text.handle_trap:0000000000000000 .LVL2
C:\Users\SEBAST~1\AppData\Local\Temp\cc1W1KZP.s:22     .text.handle_nmi:0000000000000006 .LCFI0
C:\Users\SEBAST~1\AppData\Local\Temp\cc1W1KZP.s:104    .debug_info:0000000000000000 .Ldebug_info0

UNDEFINED SYMBOLS
write
_exit
