GAS LISTING C:\Users\SEBAST~1\AppData\Local\Temp\cceA9tNI.s 			page 1


   1              		.file	"init.c"
   2              		.option nopic
   3              		.attribute arch, "rv32i2p0_m2p0_a2p0_c2p0"
   4              		.attribute unaligned_access, 0
   5              		.attribute stack_align, 16
   6              		.text
   7              	.Ltext0:
   8              		.cfi_sections	.debug_frame
   9              		.section	.text._init,"ax",@progbits
  10              		.align	1
  11              		.globl	_init
  13              	_init:
  14              	.LFB5:
  15              		.file 1 "./../../firmware/RISCV/env_Eclipse/init.c"
   1:./../../firmware/RISCV/env_Eclipse/init.c **** //See LICENSE for license details.
   2:./../../firmware/RISCV/env_Eclipse/init.c **** #include <gd32vf103.h>
   3:./../../firmware/RISCV/env_Eclipse/init.c **** #include <stdint.h>
   4:./../../firmware/RISCV/env_Eclipse/init.c **** #include <stdio.h>
   5:./../../firmware/RISCV/env_Eclipse/init.c **** #include <unistd.h>
   6:./../../firmware/RISCV/env_Eclipse/init.c **** #include "riscv_encoding.h"
   7:./../../firmware/RISCV/env_Eclipse/init.c **** #include "n200_func.h"
   8:./../../firmware/RISCV/env_Eclipse/init.c **** 
   9:./../../firmware/RISCV/env_Eclipse/init.c **** #ifdef USE_SOFTWARE_DEBUGGER
  10:./../../firmware/RISCV/env_Eclipse/init.c **** #include "debugger.h"
  11:./../../firmware/RISCV/env_Eclipse/init.c **** #endif
  12:./../../firmware/RISCV/env_Eclipse/init.c **** 
  13:./../../firmware/RISCV/env_Eclipse/init.c **** extern uint32_t disable_mcycle_minstret();
  14:./../../firmware/RISCV/env_Eclipse/init.c **** void _init()
  15:./../../firmware/RISCV/env_Eclipse/init.c **** {
  16              		.loc 1 15 1
  17              		.cfi_startproc
  16:./../../firmware/RISCV/env_Eclipse/init.c **** 	SystemInit();
  18              		.loc 1 16 2
  15:./../../firmware/RISCV/env_Eclipse/init.c **** 	SystemInit();
  19              		.loc 1 15 1 is_stmt 0
  20 0000 4111     		addi	sp,sp,-16
  21              	.LCFI0:
  22              		.cfi_def_cfa_offset 16
  23 0002 06C6     		sw	ra,12(sp)
  24              		.cfi_offset 1, -4
  25              		.loc 1 16 2
  26 0004 97000000 		call	SystemInit
  26      E7800000 
  27              	.LVL0:
  17:./../../firmware/RISCV/env_Eclipse/init.c **** 
  18:./../../firmware/RISCV/env_Eclipse/init.c **** 	//ECLIC init
  19:./../../firmware/RISCV/env_Eclipse/init.c **** 	eclic_init(ECLIC_NUM_INTERRUPTS);
  28              		.loc 1 19 2 is_stmt 1
  29 000c 13057005 		li	a0,87
  30 0010 97000000 		call	eclic_init
  30      E7800000 
  31              	.LVL1:
  20:./../../firmware/RISCV/env_Eclipse/init.c **** 	eclic_mode_enable();
  32              		.loc 1 20 2
  33 0018 97000000 		call	eclic_mode_enable
  33      E7800000 
  34              	.LVL2:
GAS LISTING C:\Users\SEBAST~1\AppData\Local\Temp\cceA9tNI.s 			page 2


  21:./../../firmware/RISCV/env_Eclipse/init.c **** 
  22:./../../firmware/RISCV/env_Eclipse/init.c **** 	//printf("After ECLIC mode enabled, the mtvec value is %x \n\n\r", read_csr(mtvec));
  23:./../../firmware/RISCV/env_Eclipse/init.c **** 
  24:./../../firmware/RISCV/env_Eclipse/init.c **** 	// // It must be NOTED:
  25:./../../firmware/RISCV/env_Eclipse/init.c **** 	//  //    * In the RISC-V arch, if user mode and PMP supported, then by default if PMP is not conf
  26:./../../firmware/RISCV/env_Eclipse/init.c **** 	//  //      with valid entries, then user mode cannot access any memory, and cannot execute any in
  27:./../../firmware/RISCV/env_Eclipse/init.c **** 	//  //    * So if switch to user-mode and still want to continue, then you must configure PMP firs
  28:./../../firmware/RISCV/env_Eclipse/init.c **** 	//pmp_open_all_space();
  29:./../../firmware/RISCV/env_Eclipse/init.c **** 	//switch_m2u_mode();
  30:./../../firmware/RISCV/env_Eclipse/init.c **** 	
  31:./../../firmware/RISCV/env_Eclipse/init.c ****     /* Before enter into main, add the cycle/instret disable by default to save power,
  32:./../../firmware/RISCV/env_Eclipse/init.c ****     only use them when needed to measure the cycle/instret */
  33:./../../firmware/RISCV/env_Eclipse/init.c **** 	disable_mcycle_minstret();
  35              		.loc 1 33 2
  34:./../../firmware/RISCV/env_Eclipse/init.c **** #ifdef USE_SOFTWARE_DEBUGGER
  35:./../../firmware/RISCV/env_Eclipse/init.c **** 	dbg_init();
  36:./../../firmware/RISCV/env_Eclipse/init.c **** #endif
  37:./../../firmware/RISCV/env_Eclipse/init.c **** 	
  38:./../../firmware/RISCV/env_Eclipse/init.c **** 
  39:./../../firmware/RISCV/env_Eclipse/init.c **** }
  36              		.loc 1 39 1 is_stmt 0
  37 0020 B240     		lw	ra,12(sp)
  38              		.cfi_restore 1
  39 0022 4101     		addi	sp,sp,16
  40              	.LCFI1:
  41              		.cfi_def_cfa_offset 0
  33:./../../firmware/RISCV/env_Eclipse/init.c **** #ifdef USE_SOFTWARE_DEBUGGER
  42              		.loc 1 33 2
  43 0024 17030000 		tail	disable_mcycle_minstret
  43      67000300 
  44              	.LVL3:
  45              		.cfi_endproc
  46              	.LFE5:
  48              		.section	.text._fini,"ax",@progbits
  49              		.align	1
  50              		.globl	_fini
  52              	_fini:
  53              	.LFB6:
  40:./../../firmware/RISCV/env_Eclipse/init.c **** 
  41:./../../firmware/RISCV/env_Eclipse/init.c **** void _fini()
  42:./../../firmware/RISCV/env_Eclipse/init.c **** {
  54              		.loc 1 42 1 is_stmt 1
  55              		.cfi_startproc
  43:./../../firmware/RISCV/env_Eclipse/init.c **** }
  56              		.loc 1 43 1
  57 0000 8280     		ret
  58              		.cfi_endproc
  59              	.LFE6:
  61              		.text
  62              	.Letext0:
  63              		.file 2 "c:\\users\\sebastian\\downloads\\mikrodatorteknik\\toolchain-gd32v-v201-win\\compiler\\ri
  64              		.file 3 "c:\\users\\sebastian\\downloads\\mikrodatorteknik\\toolchain-gd32v-v201-win\\compiler\\ri
  65              		.file 4 "c:\\users\\sebastian\\downloads\\mikrodatorteknik\\toolchain-gd32v-v201-win\\compiler\\li
  66              		.file 5 "c:\\users\\sebastian\\downloads\\mikrodatorteknik\\toolchain-gd32v-v201-win\\compiler\\ri
  67              		.file 6 "c:\\users\\sebastian\\downloads\\mikrodatorteknik\\toolchain-gd32v-v201-win\\compiler\\ri
  68              		.file 7 "c:\\users\\sebastian\\downloads\\mikrodatorteknik\\toolchain-gd32v-v201-win\\compiler\\ri
  69              		.file 8 "./../../firmware/GD32VF103_standard_peripheral/system_gd32vf103.h"
GAS LISTING C:\Users\SEBAST~1\AppData\Local\Temp\cceA9tNI.s 			page 3


  70              		.file 9 "c:\\users\\sebastian\\downloads\\mikrodatorteknik\\toolchain-gd32v-v201-win\\compiler\\ri
  71              		.file 10 "./../../firmware/RISCV/drivers/n200_func.h"
  72              		.file 11 "./../../firmware/GD32VF103_standard_peripheral/gd32vf103.h"
GAS LISTING C:\Users\SEBAST~1\AppData\Local\Temp\cceA9tNI.s 			page 4


DEFINED SYMBOLS
                            *ABS*:0000000000000000 init.c
C:\Users\SEBAST~1\AppData\Local\Temp\cceA9tNI.s:13     .text._init:0000000000000000 _init
C:\Users\SEBAST~1\AppData\Local\Temp\cceA9tNI.s:17     .text._init:0000000000000000 .L0 
C:\Users\SEBAST~1\AppData\Local\Temp\cceA9tNI.s:18     .text._init:0000000000000000 .L0 
C:\Users\SEBAST~1\AppData\Local\Temp\cceA9tNI.s:19     .text._init:0000000000000000 .L0 
C:\Users\SEBAST~1\AppData\Local\Temp\cceA9tNI.s:20     .text._init:0000000000000000 .L0 
C:\Users\SEBAST~1\AppData\Local\Temp\cceA9tNI.s:22     .text._init:0000000000000002 .L0 
C:\Users\SEBAST~1\AppData\Local\Temp\cceA9tNI.s:24     .text._init:0000000000000004 .L0 
C:\Users\SEBAST~1\AppData\Local\Temp\cceA9tNI.s:26     .text._init:0000000000000004 .L0 
C:\Users\SEBAST~1\AppData\Local\Temp\cceA9tNI.s:29     .text._init:000000000000000c .L0 
C:\Users\SEBAST~1\AppData\Local\Temp\cceA9tNI.s:33     .text._init:0000000000000018 .L0 
C:\Users\SEBAST~1\AppData\Local\Temp\cceA9tNI.s:36     .text._init:0000000000000020 .L0 
C:\Users\SEBAST~1\AppData\Local\Temp\cceA9tNI.s:37     .text._init:0000000000000020 .L0 
C:\Users\SEBAST~1\AppData\Local\Temp\cceA9tNI.s:38     .text._init:0000000000000022 .L0 
C:\Users\SEBAST~1\AppData\Local\Temp\cceA9tNI.s:41     .text._init:0000000000000024 .L0 
C:\Users\SEBAST~1\AppData\Local\Temp\cceA9tNI.s:43     .text._init:0000000000000024 .L0 
C:\Users\SEBAST~1\AppData\Local\Temp\cceA9tNI.s:45     .text._init:000000000000002c .L0 
C:\Users\SEBAST~1\AppData\Local\Temp\cceA9tNI.s:52     .text._fini:0000000000000000 _fini
C:\Users\SEBAST~1\AppData\Local\Temp\cceA9tNI.s:55     .text._fini:0000000000000000 .L0 
C:\Users\SEBAST~1\AppData\Local\Temp\cceA9tNI.s:56     .text._fini:0000000000000000 .L0 
C:\Users\SEBAST~1\AppData\Local\Temp\cceA9tNI.s:57     .text._fini:0000000000000000 .L0 
C:\Users\SEBAST~1\AppData\Local\Temp\cceA9tNI.s:58     .text._fini:0000000000000002 .L0 
C:\Users\SEBAST~1\AppData\Local\Temp\cceA9tNI.s:48     .text._init:000000000000002c .L0 
C:\Users\SEBAST~1\AppData\Local\Temp\cceA9tNI.s:61     .text._fini:0000000000000002 .L0 
                     .debug_frame:0000000000000000 .L0 
C:\Users\SEBAST~1\AppData\Local\Temp\cceA9tNI.s:1818   .debug_abbrev:0000000000000000 .Ldebug_abbrev0
C:\Users\SEBAST~1\AppData\Local\Temp\cceA9tNI.s:2742   .debug_str:000000000000079f .LASF199
C:\Users\SEBAST~1\AppData\Local\Temp\cceA9tNI.s:2470   .debug_str:00000000000001e8 .LASF200
C:\Users\SEBAST~1\AppData\Local\Temp\cceA9tNI.s:2428   .debug_str:0000000000000085 .LASF201
C:\Users\SEBAST~1\AppData\Local\Temp\cceA9tNI.s:2396   .debug_ranges:0000000000000000 .Ldebug_ranges0
C:\Users\SEBAST~1\AppData\Local\Temp\cceA9tNI.s:2404   .debug_line:0000000000000000 .Ldebug_line0
C:\Users\SEBAST~1\AppData\Local\Temp\cceA9tNI.s:2608   .debug_str:00000000000004f0 .LASF202
C:\Users\SEBAST~1\AppData\Local\Temp\cceA9tNI.s:2526   .debug_str:000000000000034b .LASF0
C:\Users\SEBAST~1\AppData\Local\Temp\cceA9tNI.s:2812   .debug_str:00000000000009a5 .LASF1
C:\Users\SEBAST~1\AppData\Local\Temp\cceA9tNI.s:2754   .debug_str:0000000000000862 .LASF2
C:\Users\SEBAST~1\AppData\Local\Temp\cceA9tNI.s:2520   .debug_str:000000000000031c .LASF3
C:\Users\SEBAST~1\AppData\Local\Temp\cceA9tNI.s:2600   .debug_str:00000000000004c7 .LASF4
C:\Users\SEBAST~1\AppData\Local\Temp\cceA9tNI.s:2578   .debug_str:000000000000046f .LASF5
C:\Users\SEBAST~1\AppData\Local\Temp\cceA9tNI.s:2792   .debug_str:0000000000000933 .LASF6
C:\Users\SEBAST~1\AppData\Local\Temp\cceA9tNI.s:2744   .debug_str:0000000000000827 .LASF7
C:\Users\SEBAST~1\AppData\Local\Temp\cceA9tNI.s:2580   .debug_str:000000000000047a .LASF8
C:\Users\SEBAST~1\AppData\Local\Temp\cceA9tNI.s:2784   .debug_str:0000000000000908 .LASF9
C:\Users\SEBAST~1\AppData\Local\Temp\cceA9tNI.s:2662   .debug_str:000000000000061f .LASF10
C:\Users\SEBAST~1\AppData\Local\Temp\cceA9tNI.s:2766   .debug_str:00000000000008ad .LASF11
C:\Users\SEBAST~1\AppData\Local\Temp\cceA9tNI.s:2816   .debug_str:00000000000009bc .LASF12
C:\Users\SEBAST~1\AppData\Local\Temp\cceA9tNI.s:2444   .debug_str:0000000000000144 .LASF13
C:\Users\SEBAST~1\AppData\Local\Temp\cceA9tNI.s:2624   .debug_str:000000000000053a .LASF14
C:\Users\SEBAST~1\AppData\Local\Temp\cceA9tNI.s:2664   .debug_str:000000000000062c .LASF15
C:\Users\SEBAST~1\AppData\Local\Temp\cceA9tNI.s:2676   .debug_str:0000000000000662 .LASF16
C:\Users\SEBAST~1\AppData\Local\Temp\cceA9tNI.s:2440   .debug_str:0000000000000126 .LASF17
C:\Users\SEBAST~1\AppData\Local\Temp\cceA9tNI.s:2506   .debug_str:00000000000002c7 .LASF18
C:\Users\SEBAST~1\AppData\Local\Temp\cceA9tNI.s:2556   .debug_str:00000000000003ea .LASF19
C:\Users\SEBAST~1\AppData\Local\Temp\cceA9tNI.s:2638   .debug_str:000000000000058f .LASF20
C:\Users\SEBAST~1\AppData\Local\Temp\cceA9tNI.s:2776   .debug_str:00000000000008d8 .LASF21
C:\Users\SEBAST~1\AppData\Local\Temp\cceA9tNI.s:2410   .debug_str:0000000000000016 .LASF22
C:\Users\SEBAST~1\AppData\Local\Temp\cceA9tNI.s:2448   .debug_str:000000000000015e .LASF23
GAS LISTING C:\Users\SEBAST~1\AppData\Local\Temp\cceA9tNI.s 			page 5


C:\Users\SEBAST~1\AppData\Local\Temp\cceA9tNI.s:2516   .debug_str:0000000000000304 .LASF24
C:\Users\SEBAST~1\AppData\Local\Temp\cceA9tNI.s:2412   .debug_str:0000000000000029 .LASF25
C:\Users\SEBAST~1\AppData\Local\Temp\cceA9tNI.s:2458   .debug_str:00000000000001ad .LASF26
C:\Users\SEBAST~1\AppData\Local\Temp\cceA9tNI.s:2510   .debug_str:00000000000002e8 .LASF27
C:\Users\SEBAST~1\AppData\Local\Temp\cceA9tNI.s:2500   .debug_str:000000000000029d .LASF28
C:\Users\SEBAST~1\AppData\Local\Temp\cceA9tNI.s:2548   .debug_str:00000000000003bb .LASF29
C:\Users\SEBAST~1\AppData\Local\Temp\cceA9tNI.s:2474   .debug_str:0000000000000218 .LASF30
C:\Users\SEBAST~1\AppData\Local\Temp\cceA9tNI.s:2786   .debug_str:0000000000000911 .LASF31
C:\Users\SEBAST~1\AppData\Local\Temp\cceA9tNI.s:2450   .debug_str:000000000000016a .LASF32
C:\Users\SEBAST~1\AppData\Local\Temp\cceA9tNI.s:2620   .debug_str:0000000000000527 .LASF33
C:\Users\SEBAST~1\AppData\Local\Temp\cceA9tNI.s:2658   .debug_str:000000000000060d .LASF34
C:\Users\SEBAST~1\AppData\Local\Temp\cceA9tNI.s:2724   .debug_str:0000000000000744 .LASF35
C:\Users\SEBAST~1\AppData\Local\Temp\cceA9tNI.s:2656   .debug_str:0000000000000600 .LASF36
C:\Users\SEBAST~1\AppData\Local\Temp\cceA9tNI.s:2738   .debug_str:000000000000078c .LASF37
C:\Users\SEBAST~1\AppData\Local\Temp\cceA9tNI.s:2422   .debug_str:0000000000000060 .LASF38
C:\Users\SEBAST~1\AppData\Local\Temp\cceA9tNI.s:2804   .debug_str:0000000000000975 .LASF39
C:\Users\SEBAST~1\AppData\Local\Temp\cceA9tNI.s:2540   .debug_str:000000000000038e .LASF40
C:\Users\SEBAST~1\AppData\Local\Temp\cceA9tNI.s:2586   .debug_str:0000000000000491 .LASF41
C:\Users\SEBAST~1\AppData\Local\Temp\cceA9tNI.s:2484   .debug_str:000000000000024c .LASF42
C:\Users\SEBAST~1\AppData\Local\Temp\cceA9tNI.s:2650   .debug_str:00000000000005e3 .LASF43
C:\Users\SEBAST~1\AppData\Local\Temp\cceA9tNI.s:2708   .debug_str:00000000000006ff .LASF44
C:\Users\SEBAST~1\AppData\Local\Temp\cceA9tNI.s:2768   .debug_str:00000000000008b8 .LASF45
C:\Users\SEBAST~1\AppData\Local\Temp\cceA9tNI.s:2732   .debug_str:000000000000076c .LASF46
C:\Users\SEBAST~1\AppData\Local\Temp\cceA9tNI.s:2810   .debug_str:0000000000000995 .LASF47
C:\Users\SEBAST~1\AppData\Local\Temp\cceA9tNI.s:2530   .debug_str:0000000000000362 .LASF48
C:\Users\SEBAST~1\AppData\Local\Temp\cceA9tNI.s:2488   .debug_str:000000000000026a .LASF49
C:\Users\SEBAST~1\AppData\Local\Temp\cceA9tNI.s:2626   .debug_str:0000000000000545 .LASF50
C:\Users\SEBAST~1\AppData\Local\Temp\cceA9tNI.s:2642   .debug_str:00000000000005a9 .LASF51
C:\Users\SEBAST~1\AppData\Local\Temp\cceA9tNI.s:2518   .debug_str:0000000000000311 .LASF52
C:\Users\SEBAST~1\AppData\Local\Temp\cceA9tNI.s:2546   .debug_str:00000000000003af .LASF53
C:\Users\SEBAST~1\AppData\Local\Temp\cceA9tNI.s:2592   .debug_str:00000000000004a8 .LASF54
C:\Users\SEBAST~1\AppData\Local\Temp\cceA9tNI.s:2798   .debug_str:0000000000000956 .LASF55
C:\Users\SEBAST~1\AppData\Local\Temp\cceA9tNI.s:2644   .debug_str:00000000000005b4 .LASF56
C:\Users\SEBAST~1\AppData\Local\Temp\cceA9tNI.s:2612   .debug_str:00000000000004fe .LASF57
C:\Users\SEBAST~1\AppData\Local\Temp\cceA9tNI.s:2504   .debug_str:00000000000002b4 .LASF58
C:\Users\SEBAST~1\AppData\Local\Temp\cceA9tNI.s:2524   .debug_str:0000000000000338 .LASF59
C:\Users\SEBAST~1\AppData\Local\Temp\cceA9tNI.s:2570   .debug_str:000000000000043e .LASF60
C:\Users\SEBAST~1\AppData\Local\Temp\cceA9tNI.s:2414   .debug_str:0000000000000037 .LASF61
C:\Users\SEBAST~1\AppData\Local\Temp\cceA9tNI.s:2432   .debug_str:00000000000000ed .LASF62
C:\Users\SEBAST~1\AppData\Local\Temp\cceA9tNI.s:2562   .debug_str:0000000000000417 .LASF63
C:\Users\SEBAST~1\AppData\Local\Temp\cceA9tNI.s:2576   .debug_str:0000000000000464 .LASF64
C:\Users\SEBAST~1\AppData\Local\Temp\cceA9tNI.s:2628   .debug_str:000000000000054f .LASF65
C:\Users\SEBAST~1\AppData\Local\Temp\cceA9tNI.s:2728   .debug_str:0000000000000756 .LASF66
C:\Users\SEBAST~1\AppData\Local\Temp\cceA9tNI.s:2464   .debug_str:00000000000001c9 .LASF67
C:\Users\SEBAST~1\AppData\Local\Temp\cceA9tNI.s:2748   .debug_str:0000000000000846 .LASF68
C:\Users\SEBAST~1\AppData\Local\Temp\cceA9tNI.s:2408   .debug_str:000000000000000c .LASF69
C:\Users\SEBAST~1\AppData\Local\Temp\cceA9tNI.s:2746   .debug_str:0000000000000833 .LASF70
C:\Users\SEBAST~1\AppData\Local\Temp\cceA9tNI.s:2492   .debug_str:000000000000027e .LASF71
C:\Users\SEBAST~1\AppData\Local\Temp\cceA9tNI.s:2734   .debug_str:000000000000077b .LASF75
C:\Users\SEBAST~1\AppData\Local\Temp\cceA9tNI.s:2560   .debug_str:0000000000000405 .LASF72
C:\Users\SEBAST~1\AppData\Local\Temp\cceA9tNI.s:2508   .debug_str:00000000000002da .LASF73
C:\Users\SEBAST~1\AppData\Local\Temp\cceA9tNI.s:2434   .debug_str:00000000000000fb .LASF74
C:\Users\SEBAST~1\AppData\Local\Temp\cceA9tNI.s:2762   .debug_str:0000000000000897 .LASF76
C:\Users\SEBAST~1\AppData\Local\Temp\cceA9tNI.s:2552   .debug_str:00000000000003d2 .LASF186
C:\Users\SEBAST~1\AppData\Local\Temp\cceA9tNI.s:2714   .debug_str:000000000000071d .LASF77
C:\Users\SEBAST~1\AppData\Local\Temp\cceA9tNI.s:2640   .debug_str:00000000000005a2 .LASF78
C:\Users\SEBAST~1\AppData\Local\Temp\cceA9tNI.s:2460   .debug_str:00000000000001bb .LASF79
GAS LISTING C:\Users\SEBAST~1\AppData\Local\Temp\cceA9tNI.s 			page 6


C:\Users\SEBAST~1\AppData\Local\Temp\cceA9tNI.s:2712   .debug_str:0000000000000715 .LASF80
C:\Users\SEBAST~1\AppData\Local\Temp\cceA9tNI.s:2778   .debug_str:00000000000008eb .LASF81
C:\Users\SEBAST~1\AppData\Local\Temp\cceA9tNI.s:2584   .debug_str:000000000000048b .LASF82
C:\Users\SEBAST~1\AppData\Local\Temp\cceA9tNI.s:2550   .debug_str:00000000000003cb .LASF83
C:\Users\SEBAST~1\AppData\Local\Temp\cceA9tNI.s:2704   .debug_str:00000000000006ef .LASF84
C:\Users\SEBAST~1\AppData\Local\Temp\cceA9tNI.s:2706   .debug_str:00000000000006f7 .LASF85
C:\Users\SEBAST~1\AppData\Local\Temp\cceA9tNI.s:2680   .debug_str:000000000000067c .LASF86
C:\Users\SEBAST~1\AppData\Local\Temp\cceA9tNI.s:2756   .debug_str:000000000000086f .LASF87
C:\Users\SEBAST~1\AppData\Local\Temp\cceA9tNI.s:2648   .debug_str:00000000000005d1 .LASF88
C:\Users\SEBAST~1\AppData\Local\Temp\cceA9tNI.s:2668   .debug_str:0000000000000640 .LASF89
C:\Users\SEBAST~1\AppData\Local\Temp\cceA9tNI.s:2538   .debug_str:0000000000000386 .LASF94
C:\Users\SEBAST~1\AppData\Local\Temp\cceA9tNI.s:2736   .debug_str:0000000000000786 .LASF90
C:\Users\SEBAST~1\AppData\Local\Temp\cceA9tNI.s:2698   .debug_str:00000000000006da .LASF91
C:\Users\SEBAST~1\AppData\Local\Temp\cceA9tNI.s:2532   .debug_str:000000000000036c .LASF92
C:\Users\SEBAST~1\AppData\Local\Temp\cceA9tNI.s:2772   .debug_str:00000000000008cd .LASF93
C:\Users\SEBAST~1\AppData\Local\Temp\cceA9tNI.s:2514   .debug_str:00000000000002ff .LASF95
C:\Users\SEBAST~1\AppData\Local\Temp\cceA9tNI.s:2456   .debug_str:00000000000001a4 .LASF96
C:\Users\SEBAST~1\AppData\Local\Temp\cceA9tNI.s:2750   .debug_str:0000000000000854 .LASF97
C:\Users\SEBAST~1\AppData\Local\Temp\cceA9tNI.s:2476   .debug_str:0000000000000227 .LASF98
C:\Users\SEBAST~1\AppData\Local\Temp\cceA9tNI.s:2814   .debug_str:00000000000009b2 .LASF99
C:\Users\SEBAST~1\AppData\Local\Temp\cceA9tNI.s:2630   .debug_str:0000000000000564 .LASF100
C:\Users\SEBAST~1\AppData\Local\Temp\cceA9tNI.s:2606   .debug_str:00000000000004e6 .LASF101
C:\Users\SEBAST~1\AppData\Local\Temp\cceA9tNI.s:2710   .debug_str:000000000000070b .LASF102
C:\Users\SEBAST~1\AppData\Local\Temp\cceA9tNI.s:2670   .debug_str:0000000000000649 .LASF103
C:\Users\SEBAST~1\AppData\Local\Temp\cceA9tNI.s:2794   .debug_str:000000000000093c .LASF104
C:\Users\SEBAST~1\AppData\Local\Temp\cceA9tNI.s:2480   .debug_str:0000000000000236 .LASF105
C:\Users\SEBAST~1\AppData\Local\Temp\cceA9tNI.s:2416   .debug_str:0000000000000045 .LASF106
C:\Users\SEBAST~1\AppData\Local\Temp\cceA9tNI.s:2406   .debug_str:0000000000000000 .LASF107
C:\Users\SEBAST~1\AppData\Local\Temp\cceA9tNI.s:2730   .debug_str:0000000000000763 .LASF108
C:\Users\SEBAST~1\AppData\Local\Temp\cceA9tNI.s:2496   .debug_str:000000000000028e .LASF109
C:\Users\SEBAST~1\AppData\Local\Temp\cceA9tNI.s:2632   .debug_str:000000000000056d .LASF110
C:\Users\SEBAST~1\AppData\Local\Temp\cceA9tNI.s:2690   .debug_str:00000000000006aa .LASF111
C:\Users\SEBAST~1\AppData\Local\Temp\cceA9tNI.s:2528   .debug_str:000000000000035d .LASF112
C:\Users\SEBAST~1\AppData\Local\Temp\cceA9tNI.s:2672   .debug_str:0000000000000653 .LASF113
C:\Users\SEBAST~1\AppData\Local\Temp\cceA9tNI.s:2472   .debug_str:0000000000000212 .LASF114
C:\Users\SEBAST~1\AppData\Local\Temp\cceA9tNI.s:2726   .debug_str:0000000000000750 .LASF115
C:\Users\SEBAST~1\AppData\Local\Temp\cceA9tNI.s:2682   .debug_str:0000000000000687 .LASF116
C:\Users\SEBAST~1\AppData\Local\Temp\cceA9tNI.s:2494   .debug_str:0000000000000287 .LASF117
C:\Users\SEBAST~1\AppData\Local\Temp\cceA9tNI.s:2770   .debug_str:00000000000008c7 .LASF118
C:\Users\SEBAST~1\AppData\Local\Temp\cceA9tNI.s:2436   .debug_str:0000000000000112 .LASF119
C:\Users\SEBAST~1\AppData\Local\Temp\cceA9tNI.s:2482   .debug_str:0000000000000244 .LASF120
C:\Users\SEBAST~1\AppData\Local\Temp\cceA9tNI.s:2544   .debug_str:00000000000003a9 .LASF121
C:\Users\SEBAST~1\AppData\Local\Temp\cceA9tNI.s:2604   .debug_str:00000000000004df .LASF122
C:\Users\SEBAST~1\AppData\Local\Temp\cceA9tNI.s:2740   .debug_str:0000000000000799 .LASF123
C:\Users\SEBAST~1\AppData\Local\Temp\cceA9tNI.s:2462   .debug_str:00000000000001c2 .LASF124
C:\Users\SEBAST~1\AppData\Local\Temp\cceA9tNI.s:2468   .debug_str:00000000000001e2 .LASF125
C:\Users\SEBAST~1\AppData\Local\Temp\cceA9tNI.s:2788   .debug_str:0000000000000925 .LASF126
C:\Users\SEBAST~1\AppData\Local\Temp\cceA9tNI.s:2722   .debug_str:000000000000073b .LASF127
C:\Users\SEBAST~1\AppData\Local\Temp\cceA9tNI.s:2616   .debug_str:0000000000000518 .LASF128
C:\Users\SEBAST~1\AppData\Local\Temp\cceA9tNI.s:2564   .debug_str:0000000000000426 .LASF129
C:\Users\SEBAST~1\AppData\Local\Temp\cceA9tNI.s:2594   .debug_str:00000000000004b4 .LASF130
C:\Users\SEBAST~1\AppData\Local\Temp\cceA9tNI.s:2684   .debug_str:000000000000068f .LASF131
C:\Users\SEBAST~1\AppData\Local\Temp\cceA9tNI.s:2674   .debug_str:000000000000065a .LASF132
C:\Users\SEBAST~1\AppData\Local\Temp\cceA9tNI.s:2700   .debug_str:00000000000006e2 .LASF133
C:\Users\SEBAST~1\AppData\Local\Temp\cceA9tNI.s:2718   .debug_str:000000000000072f .LASF134
C:\Users\SEBAST~1\AppData\Local\Temp\cceA9tNI.s:2498   .debug_str:0000000000000296 .LASF135
C:\Users\SEBAST~1\AppData\Local\Temp\cceA9tNI.s:2554   .debug_str:00000000000003e2 .LASF136
GAS LISTING C:\Users\SEBAST~1\AppData\Local\Temp\cceA9tNI.s 			page 7


C:\Users\SEBAST~1\AppData\Local\Temp\cceA9tNI.s:2536   .debug_str:000000000000037e .LASF137
C:\Users\SEBAST~1\AppData\Local\Temp\cceA9tNI.s:2688   .debug_str:00000000000006a5 .LASF138
C:\Users\SEBAST~1\AppData\Local\Temp\cceA9tNI.s:2420   .debug_str:0000000000000055 .LASF139
C:\Users\SEBAST~1\AppData\Local\Temp\cceA9tNI.s:2696   .debug_str:00000000000006c1 .LASF140
C:\Users\SEBAST~1\AppData\Local\Temp\cceA9tNI.s:2692   .debug_str:00000000000006af .LASF141
C:\Users\SEBAST~1\AppData\Local\Temp\cceA9tNI.s:2634   .debug_str:0000000000000575 .LASF142
C:\Users\SEBAST~1\AppData\Local\Temp\cceA9tNI.s:2694   .debug_str:00000000000006b7 .LASF143
C:\Users\SEBAST~1\AppData\Local\Temp\cceA9tNI.s:2582   .debug_str:0000000000000483 .LASF144
C:\Users\SEBAST~1\AppData\Local\Temp\cceA9tNI.s:2502   .debug_str:00000000000002aa .LASF145
C:\Users\SEBAST~1\AppData\Local\Temp\cceA9tNI.s:2808   .debug_str:0000000000000990 .LASF146
C:\Users\SEBAST~1\AppData\Local\Temp\cceA9tNI.s:2646   .debug_str:00000000000005c7 .LASF147
C:\Users\SEBAST~1\AppData\Local\Temp\cceA9tNI.s:2558   .debug_str:00000000000003fd .LASF148
C:\Users\SEBAST~1\AppData\Local\Temp\cceA9tNI.s:2512   .debug_str:00000000000002f7 .LASF149
C:\Users\SEBAST~1\AppData\Local\Temp\cceA9tNI.s:2590   .debug_str:00000000000004a3 .LASF150
C:\Users\SEBAST~1\AppData\Local\Temp\cceA9tNI.s:2424   .debug_str:000000000000006d .LASF151
C:\Users\SEBAST~1\AppData\Local\Temp\cceA9tNI.s:2782   .debug_str:00000000000008fe .LASF152
C:\Users\SEBAST~1\AppData\Local\Temp\cceA9tNI.s:2490   .debug_str:0000000000000276 .LASF153
C:\Users\SEBAST~1\AppData\Local\Temp\cceA9tNI.s:2478   .debug_str:0000000000000231 .LASF154
C:\Users\SEBAST~1\AppData\Local\Temp\cceA9tNI.s:2720   .debug_str:0000000000000736 .LASF155
C:\Users\SEBAST~1\AppData\Local\Temp\cceA9tNI.s:2678   .debug_str:0000000000000675 .LASF156
C:\Users\SEBAST~1\AppData\Local\Temp\cceA9tNI.s:2774   .debug_str:00000000000008d2 .LASF157
C:\Users\SEBAST~1\AppData\Local\Temp\cceA9tNI.s:2566   .debug_str:000000000000042c .LASF158
C:\Users\SEBAST~1\AppData\Local\Temp\cceA9tNI.s:2660   .debug_str:0000000000000619 .LASF159
C:\Users\SEBAST~1\AppData\Local\Temp\cceA9tNI.s:2418   .debug_str:000000000000004d .LASF160
C:\Users\SEBAST~1\AppData\Local\Temp\cceA9tNI.s:2702   .debug_str:00000000000006e9 .LASF161
C:\Users\SEBAST~1\AppData\Local\Temp\cceA9tNI.s:2596   .debug_str:00000000000004ba .LASF162
C:\Users\SEBAST~1\AppData\Local\Temp\cceA9tNI.s:2752   .debug_str:000000000000085d .LASF163
C:\Users\SEBAST~1\AppData\Local\Temp\cceA9tNI.s:2764   .debug_str:00000000000008a0 .LASF164
C:\Users\SEBAST~1\AppData\Local\Temp\cceA9tNI.s:2466   .debug_str:00000000000001d5 .LASF165
C:\Users\SEBAST~1\AppData\Local\Temp\cceA9tNI.s:2574   .debug_str:0000000000000457 .LASF166
C:\Users\SEBAST~1\AppData\Local\Temp\cceA9tNI.s:2796   .debug_str:0000000000000947 .LASF167
C:\Users\SEBAST~1\AppData\Local\Temp\cceA9tNI.s:2636   .debug_str:0000000000000580 .LASF168
C:\Users\SEBAST~1\AppData\Local\Temp\cceA9tNI.s:2568   .debug_str:0000000000000433 .LASF169
C:\Users\SEBAST~1\AppData\Local\Temp\cceA9tNI.s:2800   .debug_str:0000000000000969 .LASF170
C:\Users\SEBAST~1\AppData\Local\Temp\cceA9tNI.s:2686   .debug_str:0000000000000698 .LASF171
C:\Users\SEBAST~1\AppData\Local\Temp\cceA9tNI.s:2806   .debug_str:0000000000000982 .LASF172
C:\Users\SEBAST~1\AppData\Local\Temp\cceA9tNI.s:2454   .debug_str:0000000000000196 .LASF173
C:\Users\SEBAST~1\AppData\Local\Temp\cceA9tNI.s:2780   .debug_str:00000000000008f4 .LASF174
C:\Users\SEBAST~1\AppData\Local\Temp\cceA9tNI.s:2572   .debug_str:000000000000044b .LASF175
C:\Users\SEBAST~1\AppData\Local\Temp\cceA9tNI.s:2758   .debug_str:0000000000000877 .LASF176
C:\Users\SEBAST~1\AppData\Local\Temp\cceA9tNI.s:2522   .debug_str:000000000000032a .LASF177
C:\Users\SEBAST~1\AppData\Local\Temp\cceA9tNI.s:2446   .debug_str:000000000000014f .LASF178
C:\Users\SEBAST~1\AppData\Local\Temp\cceA9tNI.s:2542   .debug_str:0000000000000398 .LASF179
C:\Users\SEBAST~1\AppData\Local\Temp\cceA9tNI.s:2426   .debug_str:0000000000000076 .LASF180
C:\Users\SEBAST~1\AppData\Local\Temp\cceA9tNI.s:2430   .debug_str:00000000000000dc .LASF181
C:\Users\SEBAST~1\AppData\Local\Temp\cceA9tNI.s:2666   .debug_str:0000000000000637 .LASF182
C:\Users\SEBAST~1\AppData\Local\Temp\cceA9tNI.s:2622   .debug_str:0000000000000533 .LASF183
C:\Users\SEBAST~1\AppData\Local\Temp\cceA9tNI.s:2610   .debug_str:00000000000004f5 .LASF184
C:\Users\SEBAST~1\AppData\Local\Temp\cceA9tNI.s:2790   .debug_str:000000000000092b .LASF185
C:\Users\SEBAST~1\AppData\Local\Temp\cceA9tNI.s:2442   .debug_str:0000000000000139 .LASF203
C:\Users\SEBAST~1\AppData\Local\Temp\cceA9tNI.s:2534   .debug_str:0000000000000372 .LASF187
C:\Users\SEBAST~1\AppData\Local\Temp\cceA9tNI.s:2760   .debug_str:0000000000000884 .LASF188
C:\Users\SEBAST~1\AppData\Local\Temp\cceA9tNI.s:2588   .debug_str:000000000000049b .LASF189
C:\Users\SEBAST~1\AppData\Local\Temp\cceA9tNI.s:2614   .debug_str:0000000000000511 .LASF190
C:\Users\SEBAST~1\AppData\Local\Temp\cceA9tNI.s:2618   .debug_str:0000000000000520 .LASF191
C:\Users\SEBAST~1\AppData\Local\Temp\cceA9tNI.s:2598   .debug_str:00000000000004c0 .LASF192
C:\Users\SEBAST~1\AppData\Local\Temp\cceA9tNI.s:2802   .debug_str:000000000000096e .LASF193
GAS LISTING C:\Users\SEBAST~1\AppData\Local\Temp\cceA9tNI.s 			page 8


C:\Users\SEBAST~1\AppData\Local\Temp\cceA9tNI.s:2602   .debug_str:00000000000004d6 .LASF194
C:\Users\SEBAST~1\AppData\Local\Temp\cceA9tNI.s:2652   .debug_str:00000000000005ef .LASF204
C:\Users\SEBAST~1\AppData\Local\Temp\cceA9tNI.s:53     .text._fini:0000000000000000 .LFB6
C:\Users\SEBAST~1\AppData\Local\Temp\cceA9tNI.s:59     .text._fini:0000000000000002 .LFE6
C:\Users\SEBAST~1\AppData\Local\Temp\cceA9tNI.s:2716   .debug_str:0000000000000729 .LASF205
C:\Users\SEBAST~1\AppData\Local\Temp\cceA9tNI.s:14     .text._init:0000000000000000 .LFB5
C:\Users\SEBAST~1\AppData\Local\Temp\cceA9tNI.s:46     .text._init:000000000000002c .LFE5
C:\Users\SEBAST~1\AppData\Local\Temp\cceA9tNI.s:2363   .debug_loc:0000000000000000 .LLST0
C:\Users\SEBAST~1\AppData\Local\Temp\cceA9tNI.s:27     .text._init:000000000000000c .LVL0
C:\Users\SEBAST~1\AppData\Local\Temp\cceA9tNI.s:31     .text._init:0000000000000018 .LVL1
C:\Users\SEBAST~1\AppData\Local\Temp\cceA9tNI.s:34     .text._init:0000000000000020 .LVL2
C:\Users\SEBAST~1\AppData\Local\Temp\cceA9tNI.s:44     .text._init:000000000000002c .LVL3
C:\Users\SEBAST~1\AppData\Local\Temp\cceA9tNI.s:2654   .debug_str:00000000000005f5 .LASF195
C:\Users\SEBAST~1\AppData\Local\Temp\cceA9tNI.s:2438   .debug_str:000000000000011b .LASF196
C:\Users\SEBAST~1\AppData\Local\Temp\cceA9tNI.s:2486   .debug_str:0000000000000258 .LASF197
C:\Users\SEBAST~1\AppData\Local\Temp\cceA9tNI.s:2452   .debug_str:000000000000017e .LASF198
C:\Users\SEBAST~1\AppData\Local\Temp\cceA9tNI.s:21     .text._init:0000000000000002 .LCFI0
C:\Users\SEBAST~1\AppData\Local\Temp\cceA9tNI.s:40     .text._init:0000000000000024 .LCFI1
C:\Users\SEBAST~1\AppData\Local\Temp\cceA9tNI.s:74     .debug_info:0000000000000000 .Ldebug_info0

UNDEFINED SYMBOLS
SystemInit
eclic_init
eclic_mode_enable
disable_mcycle_minstret
