GAS LISTING C:\Users\SEBAST~1\AppData\Local\Temp\ccksNyJU.s 			page 1


   1              		.file	"lseek.c"
   2              		.option nopic
   3              		.attribute arch, "rv32i2p0_m2p0_a2p0_c2p0"
   4              		.attribute unaligned_access, 0
   5              		.attribute stack_align, 16
   6              		.text
   7              	.Ltext0:
   8              		.cfi_sections	.debug_frame
   9              		.section	.text._lseek,"ax",@progbits
  10              		.align	1
  11              		.globl	_lseek
  13              	_lseek:
  14              	.LFB1:
  15              		.file 1 "./../../firmware/RISCV/stubs/lseek.c"
   1:./../../firmware/RISCV/stubs/lseek.c **** /* See LICENSE of license details. */
   2:./../../firmware/RISCV/stubs/lseek.c **** 
   3:./../../firmware/RISCV/stubs/lseek.c **** #include <errno.h>
   4:./../../firmware/RISCV/stubs/lseek.c **** #include <unistd.h>
   5:./../../firmware/RISCV/stubs/lseek.c **** #include <sys/types.h>
   6:./../../firmware/RISCV/stubs/lseek.c **** #include "stub.h"
   7:./../../firmware/RISCV/stubs/lseek.c **** 
   8:./../../firmware/RISCV/stubs/lseek.c **** off_t _lseek(int fd, off_t ptr, int dir)
   9:./../../firmware/RISCV/stubs/lseek.c **** {
  16              		.loc 1 9 1
  17              		.cfi_startproc
  18              	.LVL0:
  10:./../../firmware/RISCV/stubs/lseek.c ****   if (isatty(fd))
  19              		.loc 1 10 3
   9:./../../firmware/RISCV/stubs/lseek.c ****   if (isatty(fd))
  20              		.loc 1 9 1 is_stmt 0
  21 0000 4111     		addi	sp,sp,-16
  22              	.LCFI0:
  23              		.cfi_def_cfa_offset 16
  24 0002 06C6     		sw	ra,12(sp)
  25              		.cfi_offset 1, -4
  26              		.loc 1 10 7
  27 0004 97000000 		call	isatty
  27      E7800000 
  28              	.LVL1:
  11:./../../firmware/RISCV/stubs/lseek.c ****     return 0;
  12:./../../firmware/RISCV/stubs/lseek.c **** 
  13:./../../firmware/RISCV/stubs/lseek.c ****   return _stub(EBADF);
  14:./../../firmware/RISCV/stubs/lseek.c **** }
  29              		.loc 1 14 1
  30 000c B240     		lw	ra,12(sp)
  31              		.cfi_restore 1
  10:./../../firmware/RISCV/stubs/lseek.c ****     return 0;
  32              		.loc 1 10 6
  33 000e 13351500 		seqz	a0,a0
  34              		.loc 1 14 1
  35 0012 3305A040 		neg	a0,a0
  36 0016 4101     		addi	sp,sp,16
  37              	.LCFI1:
  38              		.cfi_def_cfa_offset 0
  39 0018 8280     		jr	ra
  40              		.cfi_endproc
  41              	.LFE1:
GAS LISTING C:\Users\SEBAST~1\AppData\Local\Temp\ccksNyJU.s 			page 2


  43              		.text
  44              	.Letext0:
  45              		.file 2 "c:\\users\\sebastian\\downloads\\mikrodatorteknik\\toolchain-gd32v-v201-win\\compiler\\li
  46              		.file 3 "c:\\users\\sebastian\\downloads\\mikrodatorteknik\\toolchain-gd32v-v201-win\\compiler\\ri
  47              		.file 4 "c:\\users\\sebastian\\downloads\\mikrodatorteknik\\toolchain-gd32v-v201-win\\compiler\\ri
  48              		.file 5 "c:\\users\\sebastian\\downloads\\mikrodatorteknik\\toolchain-gd32v-v201-win\\compiler\\ri
  49              		.file 6 "c:\\users\\sebastian\\downloads\\mikrodatorteknik\\toolchain-gd32v-v201-win\\compiler\\ri
  50              		.file 7 "c:\\users\\sebastian\\downloads\\mikrodatorteknik\\toolchain-gd32v-v201-win\\compiler\\ri
  51              		.file 8 "c:\\users\\sebastian\\downloads\\mikrodatorteknik\\toolchain-gd32v-v201-win\\compiler\\ri
  52              		.file 9 "./../../firmware/RISCV/stubs/stub.h"
GAS LISTING C:\Users\SEBAST~1\AppData\Local\Temp\ccksNyJU.s 			page 3


DEFINED SYMBOLS
                            *ABS*:0000000000000000 lseek.c
C:\Users\SEBAST~1\AppData\Local\Temp\ccksNyJU.s:13     .text._lseek:0000000000000000 _lseek
C:\Users\SEBAST~1\AppData\Local\Temp\ccksNyJU.s:17     .text._lseek:0000000000000000 .L0 
C:\Users\SEBAST~1\AppData\Local\Temp\ccksNyJU.s:19     .text._lseek:0000000000000000 .L0 
C:\Users\SEBAST~1\AppData\Local\Temp\ccksNyJU.s:20     .text._lseek:0000000000000000 .L0 
C:\Users\SEBAST~1\AppData\Local\Temp\ccksNyJU.s:21     .text._lseek:0000000000000000 .L0 
C:\Users\SEBAST~1\AppData\Local\Temp\ccksNyJU.s:23     .text._lseek:0000000000000002 .L0 
C:\Users\SEBAST~1\AppData\Local\Temp\ccksNyJU.s:25     .text._lseek:0000000000000004 .L0 
C:\Users\SEBAST~1\AppData\Local\Temp\ccksNyJU.s:27     .text._lseek:0000000000000004 .L0 
C:\Users\SEBAST~1\AppData\Local\Temp\ccksNyJU.s:30     .text._lseek:000000000000000c .L0 
C:\Users\SEBAST~1\AppData\Local\Temp\ccksNyJU.s:31     .text._lseek:000000000000000e .L0 
C:\Users\SEBAST~1\AppData\Local\Temp\ccksNyJU.s:33     .text._lseek:000000000000000e .L0 
C:\Users\SEBAST~1\AppData\Local\Temp\ccksNyJU.s:35     .text._lseek:0000000000000012 .L0 
C:\Users\SEBAST~1\AppData\Local\Temp\ccksNyJU.s:38     .text._lseek:0000000000000018 .L0 
C:\Users\SEBAST~1\AppData\Local\Temp\ccksNyJU.s:40     .text._lseek:000000000000001a .L0 
C:\Users\SEBAST~1\AppData\Local\Temp\ccksNyJU.s:43     .text._lseek:000000000000001a .L0 
                     .debug_frame:0000000000000000 .L0 
C:\Users\SEBAST~1\AppData\Local\Temp\ccksNyJU.s:1600   .debug_abbrev:0000000000000000 .Ldebug_abbrev0
C:\Users\SEBAST~1\AppData\Local\Temp\ccksNyJU.s:2441   .debug_str:0000000000000492 .LASF130
C:\Users\SEBAST~1\AppData\Local\Temp\ccksNyJU.s:2321   .debug_str:0000000000000258 .LASF131
C:\Users\SEBAST~1\AppData\Local\Temp\ccksNyJU.s:2229   .debug_str:0000000000000049 .LASF132
C:\Users\SEBAST~1\AppData\Local\Temp\ccksNyJU.s:2205   .debug_ranges:0000000000000000 .Ldebug_ranges0
C:\Users\SEBAST~1\AppData\Local\Temp\ccksNyJU.s:2211   .debug_line:0000000000000000 .Ldebug_line0
C:\Users\SEBAST~1\AppData\Local\Temp\ccksNyJU.s:2305   .debug_str:000000000000020f .LASF0
C:\Users\SEBAST~1\AppData\Local\Temp\ccksNyJU.s:2323   .debug_str:000000000000027d .LASF1
C:\Users\SEBAST~1\AppData\Local\Temp\ccksNyJU.s:2247   .debug_str:0000000000000108 .LASF2
C:\Users\SEBAST~1\AppData\Local\Temp\ccksNyJU.s:2353   .debug_str:0000000000000307 .LASF3
C:\Users\SEBAST~1\AppData\Local\Temp\ccksNyJU.s:2337   .debug_str:00000000000002c8 .LASF10
C:\Users\SEBAST~1\AppData\Local\Temp\ccksNyJU.s:2249   .debug_str:0000000000000116 .LASF4
C:\Users\SEBAST~1\AppData\Local\Temp\ccksNyJU.s:2373   .debug_str:0000000000000367 .LASF5
C:\Users\SEBAST~1\AppData\Local\Temp\ccksNyJU.s:2379   .debug_str:0000000000000383 .LASF6
C:\Users\SEBAST~1\AppData\Local\Temp\ccksNyJU.s:2265   .debug_str:000000000000015b .LASF7
C:\Users\SEBAST~1\AppData\Local\Temp\ccksNyJU.s:2313   .debug_str:0000000000000233 .LASF8
C:\Users\SEBAST~1\AppData\Local\Temp\ccksNyJU.s:2233   .debug_str:00000000000000b1 .LASF9
C:\Users\SEBAST~1\AppData\Local\Temp\ccksNyJU.s:2367   .debug_str:0000000000000344 .LASF11
C:\Users\SEBAST~1\AppData\Local\Temp\ccksNyJU.s:2215   .debug_str:000000000000000c .LASF12
C:\Users\SEBAST~1\AppData\Local\Temp\ccksNyJU.s:2425   .debug_str:0000000000000455 .LASF13
C:\Users\SEBAST~1\AppData\Local\Temp\ccksNyJU.s:2461   .debug_str:0000000000000572 .LASF14
C:\Users\SEBAST~1\AppData\Local\Temp\ccksNyJU.s:2333   .debug_str:00000000000002ba .LASF15
C:\Users\SEBAST~1\AppData\Local\Temp\ccksNyJU.s:2307   .debug_str:000000000000021c .LASF16
C:\Users\SEBAST~1\AppData\Local\Temp\ccksNyJU.s:2417   .debug_str:0000000000000433 .LASF17
C:\Users\SEBAST~1\AppData\Local\Temp\ccksNyJU.s:2419   .debug_str:000000000000043b .LASF18
C:\Users\SEBAST~1\AppData\Local\Temp\ccksNyJU.s:2389   .debug_str:00000000000003ab .LASF19
C:\Users\SEBAST~1\AppData\Local\Temp\ccksNyJU.s:2447   .debug_str:0000000000000528 .LASF20
C:\Users\SEBAST~1\AppData\Local\Temp\ccksNyJU.s:2371   .debug_str:0000000000000355 .LASF21
C:\Users\SEBAST~1\AppData\Local\Temp\ccksNyJU.s:2291   .debug_str:00000000000001d2 .LASF22
C:\Users\SEBAST~1\AppData\Local\Temp\ccksNyJU.s:2295   .debug_str:00000000000001e3 .LASF27
C:\Users\SEBAST~1\AppData\Local\Temp\ccksNyJU.s:2437   .debug_str:000000000000047f .LASF23
C:\Users\SEBAST~1\AppData\Local\Temp\ccksNyJU.s:2411   .debug_str:000000000000041e .LASF24
C:\Users\SEBAST~1\AppData\Local\Temp\ccksNyJU.s:2289   .debug_str:00000000000001cc .LASF25
C:\Users\SEBAST~1\AppData\Local\Temp\ccksNyJU.s:2455   .debug_str:000000000000055d .LASF26
C:\Users\SEBAST~1\AppData\Local\Temp\ccksNyJU.s:2303   .debug_str:000000000000020a .LASF28
C:\Users\SEBAST~1\AppData\Local\Temp\ccksNyJU.s:2245   .debug_str:00000000000000ff .LASF29
C:\Users\SEBAST~1\AppData\Local\Temp\ccksNyJU.s:2431   .debug_str:0000000000000469 .LASF30
C:\Users\SEBAST~1\AppData\Local\Temp\ccksNyJU.s:2255   .debug_str:000000000000012e .LASF31
C:\Users\SEBAST~1\AppData\Local\Temp\ccksNyJU.s:2485   .debug_str:00000000000005dd .LASF32
GAS LISTING C:\Users\SEBAST~1\AppData\Local\Temp\ccksNyJU.s 			page 4


C:\Users\SEBAST~1\AppData\Local\Temp\ccksNyJU.s:2359   .debug_str:0000000000000321 .LASF33
C:\Users\SEBAST~1\AppData\Local\Temp\ccksNyJU.s:2347   .debug_str:00000000000002ed .LASF34
C:\Users\SEBAST~1\AppData\Local\Temp\ccksNyJU.s:2457   .debug_str:0000000000000562 .LASF35
C:\Users\SEBAST~1\AppData\Local\Temp\ccksNyJU.s:2381   .debug_str:000000000000038d .LASF36
C:\Users\SEBAST~1\AppData\Local\Temp\ccksNyJU.s:2471   .debug_str:000000000000059d .LASF37
C:\Users\SEBAST~1\AppData\Local\Temp\ccksNyJU.s:2259   .debug_str:000000000000013d .LASF38
C:\Users\SEBAST~1\AppData\Local\Temp\ccksNyJU.s:2285   .debug_str:00000000000001bf .LASF39
C:\Users\SEBAST~1\AppData\Local\Temp\ccksNyJU.s:2213   .debug_str:0000000000000000 .LASF40
C:\Users\SEBAST~1\AppData\Local\Temp\ccksNyJU.s:2443   .debug_str:000000000000051a .LASF41
C:\Users\SEBAST~1\AppData\Local\Temp\ccksNyJU.s:2269   .debug_str:000000000000016b .LASF42
C:\Users\SEBAST~1\AppData\Local\Temp\ccksNyJU.s:2361   .debug_str:000000000000032a .LASF43
C:\Users\SEBAST~1\AppData\Local\Temp\ccksNyJU.s:2403   .debug_str:00000000000003ee .LASF44
C:\Users\SEBAST~1\AppData\Local\Temp\ccksNyJU.s:2287   .debug_str:00000000000001c7 .LASF45
C:\Users\SEBAST~1\AppData\Local\Temp\ccksNyJU.s:2383   .debug_str:0000000000000397 .LASF46
C:\Users\SEBAST~1\AppData\Local\Temp\ccksNyJU.s:2253   .debug_str:0000000000000128 .LASF47
C:\Users\SEBAST~1\AppData\Local\Temp\ccksNyJU.s:2219   .debug_str:000000000000001b .LASF48
C:\Users\SEBAST~1\AppData\Local\Temp\ccksNyJU.s:2391   .debug_str:00000000000003b6 .LASF49
C:\Users\SEBAST~1\AppData\Local\Temp\ccksNyJU.s:2267   .debug_str:0000000000000164 .LASF50
C:\Users\SEBAST~1\AppData\Local\Temp\ccksNyJU.s:2315   .debug_str:0000000000000245 .LASF51
C:\Users\SEBAST~1\AppData\Local\Temp\ccksNyJU.s:2235   .debug_str:00000000000000c8 .LASF52
C:\Users\SEBAST~1\AppData\Local\Temp\ccksNyJU.s:2261   .debug_str:000000000000014b .LASF53
C:\Users\SEBAST~1\AppData\Local\Temp\ccksNyJU.s:2299   .debug_str:00000000000001fa .LASF54
C:\Users\SEBAST~1\AppData\Local\Temp\ccksNyJU.s:2345   .debug_str:00000000000002e6 .LASF55
C:\Users\SEBAST~1\AppData\Local\Temp\ccksNyJU.s:2421   .debug_str:0000000000000443 .LASF56
C:\Users\SEBAST~1\AppData\Local\Temp\ccksNyJU.s:2475   .debug_str:00000000000005b7 .LASF57
C:\Users\SEBAST~1\AppData\Local\Temp\ccksNyJU.s:2251   .debug_str:0000000000000122 .LASF58
C:\Users\SEBAST~1\AppData\Local\Temp\ccksNyJU.s:2467   .debug_str:000000000000058f .LASF59
C:\Users\SEBAST~1\AppData\Local\Temp\ccksNyJU.s:2273   .debug_str:000000000000017a .LASF60
C:\Users\SEBAST~1\AppData\Local\Temp\ccksNyJU.s:2279   .debug_str:0000000000000198 .LASF61
C:\Users\SEBAST~1\AppData\Local\Temp\ccksNyJU.s:2225   .debug_str:0000000000000034 .LASF62
C:\Users\SEBAST~1\AppData\Local\Temp\ccksNyJU.s:2339   .debug_str:00000000000002cf .LASF63
C:\Users\SEBAST~1\AppData\Local\Temp\ccksNyJU.s:2395   .debug_str:00000000000003c8 .LASF64
C:\Users\SEBAST~1\AppData\Local\Temp\ccksNyJU.s:2341   .debug_str:00000000000002d5 .LASF65
C:\Users\SEBAST~1\AppData\Local\Temp\ccksNyJU.s:2413   .debug_str:0000000000000426 .LASF66
C:\Users\SEBAST~1\AppData\Local\Temp\ccksNyJU.s:2427   .debug_str:000000000000045d .LASF67
C:\Users\SEBAST~1\AppData\Local\Temp\ccksNyJU.s:2271   .debug_str:0000000000000173 .LASF68
C:\Users\SEBAST~1\AppData\Local\Temp\ccksNyJU.s:2309   .debug_str:0000000000000223 .LASF69
C:\Users\SEBAST~1\AppData\Local\Temp\ccksNyJU.s:2293   .debug_str:00000000000001db .LASF70
C:\Users\SEBAST~1\AppData\Local\Temp\ccksNyJU.s:2401   .debug_str:00000000000003e9 .LASF71
C:\Users\SEBAST~1\AppData\Local\Temp\ccksNyJU.s:2223   .debug_str:0000000000000029 .LASF72
C:\Users\SEBAST~1\AppData\Local\Temp\ccksNyJU.s:2409   .debug_str:0000000000000405 .LASF73
C:\Users\SEBAST~1\AppData\Local\Temp\ccksNyJU.s:2405   .debug_str:00000000000003f3 .LASF74
C:\Users\SEBAST~1\AppData\Local\Temp\ccksNyJU.s:2365   .debug_str:0000000000000339 .LASF75
C:\Users\SEBAST~1\AppData\Local\Temp\ccksNyJU.s:2407   .debug_str:00000000000003fb .LASF76
C:\Users\SEBAST~1\AppData\Local\Temp\ccksNyJU.s:2331   .debug_str:00000000000002b2 .LASF77
C:\Users\SEBAST~1\AppData\Local\Temp\ccksNyJU.s:2301   .debug_str:0000000000000200 .LASF78
C:\Users\SEBAST~1\AppData\Local\Temp\ccksNyJU.s:2483   .debug_str:00000000000005d8 .LASF79
C:\Users\SEBAST~1\AppData\Local\Temp\ccksNyJU.s:2369   .debug_str:000000000000034b .LASF80
C:\Users\SEBAST~1\AppData\Local\Temp\ccksNyJU.s:2311   .debug_str:000000000000022b .LASF81
C:\Users\SEBAST~1\AppData\Local\Temp\ccksNyJU.s:2277   .debug_str:0000000000000190 .LASF82
C:\Users\SEBAST~1\AppData\Local\Temp\ccksNyJU.s:2375   .debug_str:0000000000000375 .LASF83
C:\Users\SEBAST~1\AppData\Local\Temp\ccksNyJU.s:2325   .debug_str:0000000000000290 .LASF84
C:\Users\SEBAST~1\AppData\Local\Temp\ccksNyJU.s:2465   .debug_str:0000000000000585 .LASF85
C:\Users\SEBAST~1\AppData\Local\Temp\ccksNyJU.s:2263   .debug_str:0000000000000153 .LASF86
C:\Users\SEBAST~1\AppData\Local\Temp\ccksNyJU.s:2257   .debug_str:0000000000000138 .LASF87
C:\Users\SEBAST~1\AppData\Local\Temp\ccksNyJU.s:2429   .debug_str:0000000000000464 .LASF88
C:\Users\SEBAST~1\AppData\Local\Temp\ccksNyJU.s:2387   .debug_str:00000000000003a4 .LASF89
GAS LISTING C:\Users\SEBAST~1\AppData\Local\Temp\ccksNyJU.s 			page 5


C:\Users\SEBAST~1\AppData\Local\Temp\ccksNyJU.s:2459   .debug_str:000000000000056c .LASF90
C:\Users\SEBAST~1\AppData\Local\Temp\ccksNyJU.s:2319   .debug_str:0000000000000251 .LASF91
C:\Users\SEBAST~1\AppData\Local\Temp\ccksNyJU.s:2385   .debug_str:000000000000039e .LASF92
C:\Users\SEBAST~1\AppData\Local\Temp\ccksNyJU.s:2221   .debug_str:0000000000000021 .LASF93
C:\Users\SEBAST~1\AppData\Local\Temp\ccksNyJU.s:2415   .debug_str:000000000000042d .LASF94
C:\Users\SEBAST~1\AppData\Local\Temp\ccksNyJU.s:2435   .debug_str:0000000000000479 .LASF95
C:\Users\SEBAST~1\AppData\Local\Temp\ccksNyJU.s:2445   .debug_str:0000000000000523 .LASF96
C:\Users\SEBAST~1\AppData\Local\Temp\ccksNyJU.s:2453   .debug_str:0000000000000550 .LASF97
C:\Users\SEBAST~1\AppData\Local\Temp\ccksNyJU.s:2439   .debug_str:0000000000000485 .LASF98
C:\Users\SEBAST~1\AppData\Local\Temp\ccksNyJU.s:2329   .debug_str:00000000000002a5 .LASF99
C:\Users\SEBAST~1\AppData\Local\Temp\ccksNyJU.s:2473   .debug_str:00000000000005a8 .LASF100
C:\Users\SEBAST~1\AppData\Local\Temp\ccksNyJU.s:2297   .debug_str:00000000000001eb .LASF101
C:\Users\SEBAST~1\AppData\Local\Temp\ccksNyJU.s:2397   .debug_str:00000000000003d1 .LASF102
C:\Users\SEBAST~1\AppData\Local\Temp\ccksNyJU.s:2477   .debug_str:00000000000005be .LASF103
C:\Users\SEBAST~1\AppData\Local\Temp\ccksNyJU.s:2399   .debug_str:00000000000003dc .LASF104
C:\Users\SEBAST~1\AppData\Local\Temp\ccksNyJU.s:2481   .debug_str:00000000000005ca .LASF105
C:\Users\SEBAST~1\AppData\Local\Temp\ccksNyJU.s:2243   .debug_str:00000000000000f1 .LASF106
C:\Users\SEBAST~1\AppData\Local\Temp\ccksNyJU.s:2463   .debug_str:000000000000057b .LASF107
C:\Users\SEBAST~1\AppData\Local\Temp\ccksNyJU.s:2327   .debug_str:0000000000000299 .LASF108
C:\Users\SEBAST~1\AppData\Local\Temp\ccksNyJU.s:2449   .debug_str:0000000000000530 .LASF109
C:\Users\SEBAST~1\AppData\Local\Temp\ccksNyJU.s:2283   .debug_str:00000000000001b1 .LASF110
C:\Users\SEBAST~1\AppData\Local\Temp\ccksNyJU.s:2241   .debug_str:00000000000000e2 .LASF111
C:\Users\SEBAST~1\AppData\Local\Temp\ccksNyJU.s:2281   .debug_str:00000000000001a0 .LASF112
C:\Users\SEBAST~1\AppData\Local\Temp\ccksNyJU.s:2227   .debug_str:000000000000003a .LASF113
C:\Users\SEBAST~1\AppData\Local\Temp\ccksNyJU.s:2231   .debug_str:00000000000000a0 .LASF114
C:\Users\SEBAST~1\AppData\Local\Temp\ccksNyJU.s:2377   .debug_str:000000000000037a .LASF115
C:\Users\SEBAST~1\AppData\Local\Temp\ccksNyJU.s:2357   .debug_str:000000000000031a .LASF116
C:\Users\SEBAST~1\AppData\Local\Temp\ccksNyJU.s:2349   .debug_str:00000000000002f7 .LASF117
C:\Users\SEBAST~1\AppData\Local\Temp\ccksNyJU.s:2469   .debug_str:0000000000000595 .LASF118
C:\Users\SEBAST~1\AppData\Local\Temp\ccksNyJU.s:2237   .debug_str:00000000000000d1 .LASF133
C:\Users\SEBAST~1\AppData\Local\Temp\ccksNyJU.s:2423   .debug_str:0000000000000449 .LASF119
C:\Users\SEBAST~1\AppData\Local\Temp\ccksNyJU.s:2451   .debug_str:000000000000053d .LASF120
C:\Users\SEBAST~1\AppData\Local\Temp\ccksNyJU.s:2275   .debug_str:0000000000000183 .LASF121
C:\Users\SEBAST~1\AppData\Local\Temp\ccksNyJU.s:2393   .debug_str:00000000000003be .LASF122
C:\Users\SEBAST~1\AppData\Local\Temp\ccksNyJU.s:2317   .debug_str:000000000000024b .LASF123
C:\Users\SEBAST~1\AppData\Local\Temp\ccksNyJU.s:2335   .debug_str:00000000000002c0 .LASF124
C:\Users\SEBAST~1\AppData\Local\Temp\ccksNyJU.s:2351   .debug_str:0000000000000300 .LASF125
C:\Users\SEBAST~1\AppData\Local\Temp\ccksNyJU.s:2355   .debug_str:0000000000000313 .LASF126
C:\Users\SEBAST~1\AppData\Local\Temp\ccksNyJU.s:2433   .debug_str:0000000000000472 .LASF127
C:\Users\SEBAST~1\AppData\Local\Temp\ccksNyJU.s:2479   .debug_str:00000000000005c3 .LASF128
C:\Users\SEBAST~1\AppData\Local\Temp\ccksNyJU.s:2343   .debug_str:00000000000002dd .LASF129
C:\Users\SEBAST~1\AppData\Local\Temp\ccksNyJU.s:2363   .debug_str:0000000000000332 .LASF134
C:\Users\SEBAST~1\AppData\Local\Temp\ccksNyJU.s:14     .text._lseek:0000000000000000 .LFB1
C:\Users\SEBAST~1\AppData\Local\Temp\ccksNyJU.s:41     .text._lseek:000000000000001a .LFE1
C:\Users\SEBAST~1\AppData\Local\Temp\ccksNyJU.s:2132   .debug_loc:0000000000000000 .LLST0
C:\Users\SEBAST~1\AppData\Local\Temp\ccksNyJU.s:2150   .debug_loc:000000000000002c .LLST1
C:\Users\SEBAST~1\AppData\Local\Temp\ccksNyJU.s:2164   .debug_loc:000000000000004d .LLST2
C:\Users\SEBAST~1\AppData\Local\Temp\ccksNyJU.s:2178   .debug_loc:000000000000006e .LLST3
C:\Users\SEBAST~1\AppData\Local\Temp\ccksNyJU.s:28     .text._lseek:000000000000000c .LVL1
C:\Users\SEBAST~1\AppData\Local\Temp\ccksNyJU.s:2239   .debug_str:00000000000000dc .LASF135
C:\Users\SEBAST~1\AppData\Local\Temp\ccksNyJU.s:2217   .debug_str:0000000000000014 .LASF136
C:\Users\SEBAST~1\AppData\Local\Temp\ccksNyJU.s:22     .text._lseek:0000000000000002 .LCFI0
C:\Users\SEBAST~1\AppData\Local\Temp\ccksNyJU.s:37     .text._lseek:0000000000000018 .LCFI1
C:\Users\SEBAST~1\AppData\Local\Temp\ccksNyJU.s:18     .text._lseek:0000000000000000 .LVL0
C:\Users\SEBAST~1\AppData\Local\Temp\ccksNyJU.s:54     .debug_info:0000000000000000 .Ldebug_info0

UNDEFINED SYMBOLS
GAS LISTING C:\Users\SEBAST~1\AppData\Local\Temp\ccksNyJU.s 			page 6


isatty
