GAS LISTING C:\Users\SEBAST~1\AppData\Local\Temp\ccf4gVwg.s 			page 1


   1              		.file	"read.c"
   2              		.option nopic
   3              		.attribute arch, "rv32i2p0_m2p0_a2p0_c2p0"
   4              		.attribute unaligned_access, 0
   5              		.attribute stack_align, 16
   6              		.text
   7              	.Ltext0:
   8              		.cfi_sections	.debug_frame
   9              		.section	.text._read,"ax",@progbits
  10              		.align	1
  11              		.globl	_read
  13              	_read:
  14              	.LFB1:
  15              		.file 1 "./../../firmware/RISCV/stubs/read.c"
   1:./../../firmware/RISCV/stubs/read.c **** /* See LICENSE of license details. */
   2:./../../firmware/RISCV/stubs/read.c **** 
   3:./../../firmware/RISCV/stubs/read.c **** #include <stdint.h>
   4:./../../firmware/RISCV/stubs/read.c **** #include <errno.h>
   5:./../../firmware/RISCV/stubs/read.c **** #include <unistd.h>
   6:./../../firmware/RISCV/stubs/read.c **** #include <sys/types.h>
   7:./../../firmware/RISCV/stubs/read.c **** 
   8:./../../firmware/RISCV/stubs/read.c **** #include "stub.h"
   9:./../../firmware/RISCV/stubs/read.c **** 
  10:./../../firmware/RISCV/stubs/read.c **** ssize_t _read(int fd, void* ptr, size_t len)
  11:./../../firmware/RISCV/stubs/read.c **** {
  16              		.loc 1 11 1
  17              		.cfi_startproc
  18              	.LVL0:
  12:./../../firmware/RISCV/stubs/read.c ****   return _stub(EBADF);
  19              		.loc 1 12 3
  20              		.file 2 "./../../firmware/RISCV/stubs/stub.h"
   1:./../../firmware/RISCV/stubs/stub.h **** /* See LICENSE of license details. */
   2:./../../firmware/RISCV/stubs/stub.h **** #ifndef _NUCLEI_SYS_STUB_H
   3:./../../firmware/RISCV/stubs/stub.h **** #define _NUCLEI_SYS_STUB_H
   4:./../../firmware/RISCV/stubs/stub.h **** 
   5:./../../firmware/RISCV/stubs/stub.h **** #include <stdint.h>
   6:./../../firmware/RISCV/stubs/stub.h **** #if   defined (__GNUC__)
   7:./../../firmware/RISCV/stubs/stub.h **** #include <unistd.h>
   8:./../../firmware/RISCV/stubs/stub.h **** #endif
   9:./../../firmware/RISCV/stubs/stub.h **** 
  10:./../../firmware/RISCV/stubs/stub.h **** void write_hex(int fd, unsigned long int hex);
  11:./../../firmware/RISCV/stubs/stub.h **** 
  12:./../../firmware/RISCV/stubs/stub.h **** static inline int _stub(int err)
  13:./../../firmware/RISCV/stubs/stub.h **** {
  14:./../../firmware/RISCV/stubs/stub.h ****   return -1;
  21              		.loc 2 14 3
  13:./../../firmware/RISCV/stubs/read.c **** }
  22              		.loc 1 13 1 is_stmt 0
  23 0000 7D55     		li	a0,-1
  24              	.LVL1:
  25 0002 8280     		ret
  26              		.cfi_endproc
  27              	.LFE1:
  29              		.text
  30              	.Letext0:
  31              		.file 3 "c:\\users\\sebastian\\downloads\\toolchain-gd32v-v201-win\\compiler\\lib\\gcc\\riscv64-un
  32              		.file 4 "c:\\users\\sebastian\\downloads\\toolchain-gd32v-v201-win\\compiler\\riscv64-unknown-elf\
GAS LISTING C:\Users\SEBAST~1\AppData\Local\Temp\ccf4gVwg.s 			page 2


  33              		.file 5 "c:\\users\\sebastian\\downloads\\toolchain-gd32v-v201-win\\compiler\\riscv64-unknown-elf\
  34              		.file 6 "c:\\users\\sebastian\\downloads\\toolchain-gd32v-v201-win\\compiler\\riscv64-unknown-elf\
  35              		.file 7 "c:\\users\\sebastian\\downloads\\toolchain-gd32v-v201-win\\compiler\\riscv64-unknown-elf\
  36              		.file 8 "c:\\users\\sebastian\\downloads\\toolchain-gd32v-v201-win\\compiler\\riscv64-unknown-elf\
  37              		.file 9 "c:\\users\\sebastian\\downloads\\toolchain-gd32v-v201-win\\compiler\\riscv64-unknown-elf\
GAS LISTING C:\Users\SEBAST~1\AppData\Local\Temp\ccf4gVwg.s 			page 3


DEFINED SYMBOLS
                            *ABS*:0000000000000000 read.c
C:\Users\SEBAST~1\AppData\Local\Temp\ccf4gVwg.s:13     .text._read:0000000000000000 _read
C:\Users\SEBAST~1\AppData\Local\Temp\ccf4gVwg.s:17     .text._read:0000000000000000 .L0 
C:\Users\SEBAST~1\AppData\Local\Temp\ccf4gVwg.s:19     .text._read:0000000000000000 .L0 
C:\Users\SEBAST~1\AppData\Local\Temp\ccf4gVwg.s:21     .text._read:0000000000000000 .L0 
C:\Users\SEBAST~1\AppData\Local\Temp\ccf4gVwg.s:22     .text._read:0000000000000000 .L0 
C:\Users\SEBAST~1\AppData\Local\Temp\ccf4gVwg.s:23     .text._read:0000000000000000 .L0 
C:\Users\SEBAST~1\AppData\Local\Temp\ccf4gVwg.s:26     .text._read:0000000000000004 .L0 
C:\Users\SEBAST~1\AppData\Local\Temp\ccf4gVwg.s:29     .text._read:0000000000000004 .L0 
                     .debug_frame:0000000000000000 .L0 
C:\Users\SEBAST~1\AppData\Local\Temp\ccf4gVwg.s:1569   .debug_abbrev:0000000000000000 .Ldebug_abbrev0
C:\Users\SEBAST~1\AppData\Local\Temp\ccf4gVwg.s:2338   .debug_str:0000000000000473 .LASF130
C:\Users\SEBAST~1\AppData\Local\Temp\ccf4gVwg.s:2142   .debug_str:000000000000009a .LASF131
C:\Users\SEBAST~1\AppData\Local\Temp\ccf4gVwg.s:2152   .debug_str:00000000000000ef .LASF132
C:\Users\SEBAST~1\AppData\Local\Temp\ccf4gVwg.s:2106   .debug_ranges:0000000000000000 .Ldebug_ranges0
C:\Users\SEBAST~1\AppData\Local\Temp\ccf4gVwg.s:2112   .debug_line:0000000000000000 .Ldebug_line0
C:\Users\SEBAST~1\AppData\Local\Temp\ccf4gVwg.s:2150   .debug_str:00000000000000e3 .LASF0
C:\Users\SEBAST~1\AppData\Local\Temp\ccf4gVwg.s:2270   .debug_str:0000000000000348 .LASF1
C:\Users\SEBAST~1\AppData\Local\Temp\ccf4gVwg.s:2276   .debug_str:0000000000000364 .LASF2
C:\Users\SEBAST~1\AppData\Local\Temp\ccf4gVwg.s:2222   .debug_str:0000000000000265 .LASF3
C:\Users\SEBAST~1\AppData\Local\Temp\ccf4gVwg.s:2166   .debug_str:0000000000000168 .LASF4
C:\Users\SEBAST~1\AppData\Local\Temp\ccf4gVwg.s:2216   .debug_str:0000000000000246 .LASF5
C:\Users\SEBAST~1\AppData\Local\Temp\ccf4gVwg.s:2148   .debug_str:00000000000000d5 .LASF6
C:\Users\SEBAST~1\AppData\Local\Temp\ccf4gVwg.s:2132   .debug_str:000000000000005a .LASF7
C:\Users\SEBAST~1\AppData\Local\Temp\ccf4gVwg.s:2208   .debug_str:0000000000000222 .LASF8
C:\Users\SEBAST~1\AppData\Local\Temp\ccf4gVwg.s:2118   .debug_str:0000000000000012 .LASF10
C:\Users\SEBAST~1\AppData\Local\Temp\ccf4gVwg.s:2252   .debug_str:00000000000002ef .LASF9
C:\Users\SEBAST~1\AppData\Local\Temp\ccf4gVwg.s:2236   .debug_str:00000000000002b0 .LASF11
C:\Users\SEBAST~1\AppData\Local\Temp\ccf4gVwg.s:2264   .debug_str:0000000000000325 .LASF12
C:\Users\SEBAST~1\AppData\Local\Temp\ccf4gVwg.s:2322   .debug_str:0000000000000436 .LASF13
C:\Users\SEBAST~1\AppData\Local\Temp\ccf4gVwg.s:2358   .debug_str:0000000000000553 .LASF14
C:\Users\SEBAST~1\AppData\Local\Temp\ccf4gVwg.s:2232   .debug_str:00000000000002a2 .LASF15
C:\Users\SEBAST~1\AppData\Local\Temp\ccf4gVwg.s:2210   .debug_str:000000000000022f .LASF16
C:\Users\SEBAST~1\AppData\Local\Temp\ccf4gVwg.s:2314   .debug_str:0000000000000414 .LASF17
C:\Users\SEBAST~1\AppData\Local\Temp\ccf4gVwg.s:2316   .debug_str:000000000000041c .LASF18
C:\Users\SEBAST~1\AppData\Local\Temp\ccf4gVwg.s:2286   .debug_str:000000000000038c .LASF19
C:\Users\SEBAST~1\AppData\Local\Temp\ccf4gVwg.s:2344   .debug_str:0000000000000509 .LASF20
C:\Users\SEBAST~1\AppData\Local\Temp\ccf4gVwg.s:2268   .debug_str:0000000000000336 .LASF21
C:\Users\SEBAST~1\AppData\Local\Temp\ccf4gVwg.s:2194   .debug_str:00000000000001e5 .LASF22
C:\Users\SEBAST~1\AppData\Local\Temp\ccf4gVwg.s:2198   .debug_str:00000000000001f6 .LASF27
C:\Users\SEBAST~1\AppData\Local\Temp\ccf4gVwg.s:2334   .debug_str:0000000000000460 .LASF23
C:\Users\SEBAST~1\AppData\Local\Temp\ccf4gVwg.s:2308   .debug_str:00000000000003ff .LASF24
C:\Users\SEBAST~1\AppData\Local\Temp\ccf4gVwg.s:2192   .debug_str:00000000000001df .LASF25
C:\Users\SEBAST~1\AppData\Local\Temp\ccf4gVwg.s:2352   .debug_str:000000000000053e .LASF26
C:\Users\SEBAST~1\AppData\Local\Temp\ccf4gVwg.s:2206   .debug_str:000000000000021d .LASF28
C:\Users\SEBAST~1\AppData\Local\Temp\ccf4gVwg.s:2146   .debug_str:00000000000000cc .LASF29
C:\Users\SEBAST~1\AppData\Local\Temp\ccf4gVwg.s:2328   .debug_str:000000000000044a .LASF30
C:\Users\SEBAST~1\AppData\Local\Temp\ccf4gVwg.s:2156   .debug_str:000000000000013b .LASF31
C:\Users\SEBAST~1\AppData\Local\Temp\ccf4gVwg.s:2382   .debug_str:00000000000005be .LASF32
C:\Users\SEBAST~1\AppData\Local\Temp\ccf4gVwg.s:2258   .debug_str:0000000000000309 .LASF33
C:\Users\SEBAST~1\AppData\Local\Temp\ccf4gVwg.s:2246   .debug_str:00000000000002d5 .LASF34
C:\Users\SEBAST~1\AppData\Local\Temp\ccf4gVwg.s:2354   .debug_str:0000000000000543 .LASF35
C:\Users\SEBAST~1\AppData\Local\Temp\ccf4gVwg.s:2278   .debug_str:000000000000036e .LASF36
C:\Users\SEBAST~1\AppData\Local\Temp\ccf4gVwg.s:2368   .debug_str:000000000000057e .LASF37
C:\Users\SEBAST~1\AppData\Local\Temp\ccf4gVwg.s:2160   .debug_str:000000000000014a .LASF38
C:\Users\SEBAST~1\AppData\Local\Temp\ccf4gVwg.s:2188   .debug_str:00000000000001d2 .LASF39
GAS LISTING C:\Users\SEBAST~1\AppData\Local\Temp\ccf4gVwg.s 			page 4


C:\Users\SEBAST~1\AppData\Local\Temp\ccf4gVwg.s:2114   .debug_str:0000000000000000 .LASF40
C:\Users\SEBAST~1\AppData\Local\Temp\ccf4gVwg.s:2340   .debug_str:00000000000004fb .LASF41
C:\Users\SEBAST~1\AppData\Local\Temp\ccf4gVwg.s:2170   .debug_str:0000000000000178 .LASF42
C:\Users\SEBAST~1\AppData\Local\Temp\ccf4gVwg.s:2260   .debug_str:0000000000000312 .LASF43
C:\Users\SEBAST~1\AppData\Local\Temp\ccf4gVwg.s:2300   .debug_str:00000000000003cf .LASF44
C:\Users\SEBAST~1\AppData\Local\Temp\ccf4gVwg.s:2190   .debug_str:00000000000001da .LASF45
C:\Users\SEBAST~1\AppData\Local\Temp\ccf4gVwg.s:2280   .debug_str:0000000000000378 .LASF46
C:\Users\SEBAST~1\AppData\Local\Temp\ccf4gVwg.s:2154   .debug_str:0000000000000135 .LASF47
C:\Users\SEBAST~1\AppData\Local\Temp\ccf4gVwg.s:2116   .debug_str:000000000000000c .LASF48
C:\Users\SEBAST~1\AppData\Local\Temp\ccf4gVwg.s:2288   .debug_str:0000000000000397 .LASF49
C:\Users\SEBAST~1\AppData\Local\Temp\ccf4gVwg.s:2168   .debug_str:0000000000000171 .LASF50
C:\Users\SEBAST~1\AppData\Local\Temp\ccf4gVwg.s:2218   .debug_str:0000000000000258 .LASF51
C:\Users\SEBAST~1\AppData\Local\Temp\ccf4gVwg.s:2134   .debug_str:0000000000000071 .LASF52
C:\Users\SEBAST~1\AppData\Local\Temp\ccf4gVwg.s:2162   .debug_str:0000000000000158 .LASF53
C:\Users\SEBAST~1\AppData\Local\Temp\ccf4gVwg.s:2202   .debug_str:000000000000020d .LASF54
C:\Users\SEBAST~1\AppData\Local\Temp\ccf4gVwg.s:2244   .debug_str:00000000000002ce .LASF55
C:\Users\SEBAST~1\AppData\Local\Temp\ccf4gVwg.s:2318   .debug_str:0000000000000424 .LASF56
C:\Users\SEBAST~1\AppData\Local\Temp\ccf4gVwg.s:2372   .debug_str:0000000000000598 .LASF57
C:\Users\SEBAST~1\AppData\Local\Temp\ccf4gVwg.s:2174   .debug_str:0000000000000187 .LASF58
C:\Users\SEBAST~1\AppData\Local\Temp\ccf4gVwg.s:2364   .debug_str:0000000000000570 .LASF59
C:\Users\SEBAST~1\AppData\Local\Temp\ccf4gVwg.s:2176   .debug_str:000000000000018d .LASF60
C:\Users\SEBAST~1\AppData\Local\Temp\ccf4gVwg.s:2182   .debug_str:00000000000001ab .LASF61
C:\Users\SEBAST~1\AppData\Local\Temp\ccf4gVwg.s:2126   .debug_str:0000000000000034 .LASF62
C:\Users\SEBAST~1\AppData\Local\Temp\ccf4gVwg.s:2238   .debug_str:00000000000002b7 .LASF63
C:\Users\SEBAST~1\AppData\Local\Temp\ccf4gVwg.s:2292   .debug_str:00000000000003a9 .LASF64
C:\Users\SEBAST~1\AppData\Local\Temp\ccf4gVwg.s:2240   .debug_str:00000000000002bd .LASF65
C:\Users\SEBAST~1\AppData\Local\Temp\ccf4gVwg.s:2310   .debug_str:0000000000000407 .LASF66
C:\Users\SEBAST~1\AppData\Local\Temp\ccf4gVwg.s:2324   .debug_str:000000000000043e .LASF67
C:\Users\SEBAST~1\AppData\Local\Temp\ccf4gVwg.s:2172   .debug_str:0000000000000180 .LASF68
C:\Users\SEBAST~1\AppData\Local\Temp\ccf4gVwg.s:2212   .debug_str:0000000000000236 .LASF69
C:\Users\SEBAST~1\AppData\Local\Temp\ccf4gVwg.s:2196   .debug_str:00000000000001ee .LASF70
C:\Users\SEBAST~1\AppData\Local\Temp\ccf4gVwg.s:2298   .debug_str:00000000000003ca .LASF71
C:\Users\SEBAST~1\AppData\Local\Temp\ccf4gVwg.s:2122   .debug_str:0000000000000021 .LASF72
C:\Users\SEBAST~1\AppData\Local\Temp\ccf4gVwg.s:2306   .debug_str:00000000000003e6 .LASF73
C:\Users\SEBAST~1\AppData\Local\Temp\ccf4gVwg.s:2302   .debug_str:00000000000003d4 .LASF74
C:\Users\SEBAST~1\AppData\Local\Temp\ccf4gVwg.s:2262   .debug_str:000000000000031a .LASF75
C:\Users\SEBAST~1\AppData\Local\Temp\ccf4gVwg.s:2304   .debug_str:00000000000003dc .LASF76
C:\Users\SEBAST~1\AppData\Local\Temp\ccf4gVwg.s:2230   .debug_str:000000000000029a .LASF77
C:\Users\SEBAST~1\AppData\Local\Temp\ccf4gVwg.s:2204   .debug_str:0000000000000213 .LASF78
C:\Users\SEBAST~1\AppData\Local\Temp\ccf4gVwg.s:2380   .debug_str:00000000000005b9 .LASF79
C:\Users\SEBAST~1\AppData\Local\Temp\ccf4gVwg.s:2266   .debug_str:000000000000032c .LASF80
C:\Users\SEBAST~1\AppData\Local\Temp\ccf4gVwg.s:2214   .debug_str:000000000000023e .LASF81
C:\Users\SEBAST~1\AppData\Local\Temp\ccf4gVwg.s:2180   .debug_str:00000000000001a3 .LASF82
C:\Users\SEBAST~1\AppData\Local\Temp\ccf4gVwg.s:2272   .debug_str:0000000000000356 .LASF83
C:\Users\SEBAST~1\AppData\Local\Temp\ccf4gVwg.s:2224   .debug_str:0000000000000278 .LASF84
C:\Users\SEBAST~1\AppData\Local\Temp\ccf4gVwg.s:2362   .debug_str:0000000000000566 .LASF85
C:\Users\SEBAST~1\AppData\Local\Temp\ccf4gVwg.s:2164   .debug_str:0000000000000160 .LASF86
C:\Users\SEBAST~1\AppData\Local\Temp\ccf4gVwg.s:2158   .debug_str:0000000000000145 .LASF87
C:\Users\SEBAST~1\AppData\Local\Temp\ccf4gVwg.s:2326   .debug_str:0000000000000445 .LASF88
C:\Users\SEBAST~1\AppData\Local\Temp\ccf4gVwg.s:2284   .debug_str:0000000000000385 .LASF89
C:\Users\SEBAST~1\AppData\Local\Temp\ccf4gVwg.s:2356   .debug_str:000000000000054d .LASF90
C:\Users\SEBAST~1\AppData\Local\Temp\ccf4gVwg.s:2220   .debug_str:000000000000025e .LASF91
C:\Users\SEBAST~1\AppData\Local\Temp\ccf4gVwg.s:2282   .debug_str:000000000000037f .LASF92
C:\Users\SEBAST~1\AppData\Local\Temp\ccf4gVwg.s:2120   .debug_str:0000000000000019 .LASF93
C:\Users\SEBAST~1\AppData\Local\Temp\ccf4gVwg.s:2312   .debug_str:000000000000040e .LASF94
C:\Users\SEBAST~1\AppData\Local\Temp\ccf4gVwg.s:2332   .debug_str:000000000000045a .LASF95
C:\Users\SEBAST~1\AppData\Local\Temp\ccf4gVwg.s:2342   .debug_str:0000000000000504 .LASF96
GAS LISTING C:\Users\SEBAST~1\AppData\Local\Temp\ccf4gVwg.s 			page 5


C:\Users\SEBAST~1\AppData\Local\Temp\ccf4gVwg.s:2350   .debug_str:0000000000000531 .LASF97
C:\Users\SEBAST~1\AppData\Local\Temp\ccf4gVwg.s:2336   .debug_str:0000000000000466 .LASF98
C:\Users\SEBAST~1\AppData\Local\Temp\ccf4gVwg.s:2228   .debug_str:000000000000028d .LASF99
C:\Users\SEBAST~1\AppData\Local\Temp\ccf4gVwg.s:2370   .debug_str:0000000000000589 .LASF100
C:\Users\SEBAST~1\AppData\Local\Temp\ccf4gVwg.s:2200   .debug_str:00000000000001fe .LASF101
C:\Users\SEBAST~1\AppData\Local\Temp\ccf4gVwg.s:2294   .debug_str:00000000000003b2 .LASF102
C:\Users\SEBAST~1\AppData\Local\Temp\ccf4gVwg.s:2374   .debug_str:000000000000059f .LASF103
C:\Users\SEBAST~1\AppData\Local\Temp\ccf4gVwg.s:2296   .debug_str:00000000000003bd .LASF104
C:\Users\SEBAST~1\AppData\Local\Temp\ccf4gVwg.s:2378   .debug_str:00000000000005ab .LASF105
C:\Users\SEBAST~1\AppData\Local\Temp\ccf4gVwg.s:2144   .debug_str:00000000000000be .LASF106
C:\Users\SEBAST~1\AppData\Local\Temp\ccf4gVwg.s:2360   .debug_str:000000000000055c .LASF107
C:\Users\SEBAST~1\AppData\Local\Temp\ccf4gVwg.s:2226   .debug_str:0000000000000281 .LASF108
C:\Users\SEBAST~1\AppData\Local\Temp\ccf4gVwg.s:2346   .debug_str:0000000000000511 .LASF109
C:\Users\SEBAST~1\AppData\Local\Temp\ccf4gVwg.s:2186   .debug_str:00000000000001c4 .LASF110
C:\Users\SEBAST~1\AppData\Local\Temp\ccf4gVwg.s:2140   .debug_str:000000000000008b .LASF111
C:\Users\SEBAST~1\AppData\Local\Temp\ccf4gVwg.s:2184   .debug_str:00000000000001b3 .LASF112
C:\Users\SEBAST~1\AppData\Local\Temp\ccf4gVwg.s:2128   .debug_str:000000000000003a .LASF113
C:\Users\SEBAST~1\AppData\Local\Temp\ccf4gVwg.s:2130   .debug_str:0000000000000049 .LASF114
C:\Users\SEBAST~1\AppData\Local\Temp\ccf4gVwg.s:2274   .debug_str:000000000000035b .LASF115
C:\Users\SEBAST~1\AppData\Local\Temp\ccf4gVwg.s:2256   .debug_str:0000000000000302 .LASF116
C:\Users\SEBAST~1\AppData\Local\Temp\ccf4gVwg.s:2248   .debug_str:00000000000002df .LASF117
C:\Users\SEBAST~1\AppData\Local\Temp\ccf4gVwg.s:2366   .debug_str:0000000000000576 .LASF118
C:\Users\SEBAST~1\AppData\Local\Temp\ccf4gVwg.s:2136   .debug_str:000000000000007a .LASF133
C:\Users\SEBAST~1\AppData\Local\Temp\ccf4gVwg.s:2320   .debug_str:000000000000042a .LASF119
C:\Users\SEBAST~1\AppData\Local\Temp\ccf4gVwg.s:2348   .debug_str:000000000000051e .LASF120
C:\Users\SEBAST~1\AppData\Local\Temp\ccf4gVwg.s:2178   .debug_str:0000000000000196 .LASF121
C:\Users\SEBAST~1\AppData\Local\Temp\ccf4gVwg.s:2290   .debug_str:000000000000039f .LASF122
C:\Users\SEBAST~1\AppData\Local\Temp\ccf4gVwg.s:2124   .debug_str:000000000000002c .LASF123
C:\Users\SEBAST~1\AppData\Local\Temp\ccf4gVwg.s:2234   .debug_str:00000000000002a8 .LASF124
C:\Users\SEBAST~1\AppData\Local\Temp\ccf4gVwg.s:2250   .debug_str:00000000000002e8 .LASF125
C:\Users\SEBAST~1\AppData\Local\Temp\ccf4gVwg.s:2254   .debug_str:00000000000002fb .LASF126
C:\Users\SEBAST~1\AppData\Local\Temp\ccf4gVwg.s:2330   .debug_str:0000000000000453 .LASF127
C:\Users\SEBAST~1\AppData\Local\Temp\ccf4gVwg.s:2376   .debug_str:00000000000005a4 .LASF128
C:\Users\SEBAST~1\AppData\Local\Temp\ccf4gVwg.s:2242   .debug_str:00000000000002c5 .LASF129
C:\Users\SEBAST~1\AppData\Local\Temp\ccf4gVwg.s:14     .text._read:0000000000000000 .LFB1
C:\Users\SEBAST~1\AppData\Local\Temp\ccf4gVwg.s:27     .text._read:0000000000000004 .LFE1
C:\Users\SEBAST~1\AppData\Local\Temp\ccf4gVwg.s:2079   .debug_loc:0000000000000000 .LLST0
C:\Users\SEBAST~1\AppData\Local\Temp\ccf4gVwg.s:2138   .debug_str:0000000000000085 .LASF134
C:\Users\SEBAST~1\AppData\Local\Temp\ccf4gVwg.s:18     .text._read:0000000000000000 .LVL0
C:\Users\SEBAST~1\AppData\Local\Temp\ccf4gVwg.s:24     .text._read:0000000000000002 .LVL1
C:\Users\SEBAST~1\AppData\Local\Temp\ccf4gVwg.s:39     .debug_info:0000000000000000 .Ldebug_info0

NO UNDEFINED SYMBOLS
