Archive member included to satisfy reference by file (symbol)

c:/users/sebastian/downloads/mikrodatorteknik/toolchain-gd32v-v201-win/compiler/bin/../lib/gcc/riscv64-unknown-elf/8.3.0/rv32imac/ilp32\libgcc.a(divdf3.o)
                              build/lcd.o (__divdf3)
c:/users/sebastian/downloads/mikrodatorteknik/toolchain-gd32v-v201-win/compiler/bin/../lib/gcc/riscv64-unknown-elf/8.3.0/rv32imac/ilp32\libgcc.a(ledf2.o)
                              build/lcd.o (__ltdf2)
c:/users/sebastian/downloads/mikrodatorteknik/toolchain-gd32v-v201-win/compiler/bin/../lib/gcc/riscv64-unknown-elf/8.3.0/rv32imac/ilp32\libgcc.a(muldf3.o)
                              build/lcd.o (__muldf3)
c:/users/sebastian/downloads/mikrodatorteknik/toolchain-gd32v-v201-win/compiler/bin/../lib/gcc/riscv64-unknown-elf/8.3.0/rv32imac/ilp32\libgcc.a(floatunsidf.o)
                              build/lcd.o (__floatunsidf)
c:/users/sebastian/downloads/mikrodatorteknik/toolchain-gd32v-v201-win/compiler/bin/../lib/gcc/riscv64-unknown-elf/8.3.0/rv32imac/ilp32\libgcc.a(floatundidf.o)
                              build/lcd.o (__floatundidf)
c:/users/sebastian/downloads/mikrodatorteknik/toolchain-gd32v-v201-win/compiler/bin/../lib/gcc/riscv64-unknown-elf/8.3.0/rv32imac/ilp32\libgcc.a(mulsf3.o)
                              build/lcd.o (__mulsf3)
c:/users/sebastian/downloads/mikrodatorteknik/toolchain-gd32v-v201-win/compiler/bin/../lib/gcc/riscv64-unknown-elf/8.3.0/rv32imac/ilp32\libgcc.a(fixunssfsi.o)
                              build/lcd.o (__fixunssfsi)
c:/users/sebastian/downloads/mikrodatorteknik/toolchain-gd32v-v201-win/compiler/bin/../lib/gcc/riscv64-unknown-elf/8.3.0/rv32imac/ilp32\libgcc.a(_lshrdi3.o)
                              c:/users/sebastian/downloads/mikrodatorteknik/toolchain-gd32v-v201-win/compiler/bin/../lib/gcc/riscv64-unknown-elf/8.3.0/rv32imac/ilp32\libgcc.a(floatundidf.o) (__lshrdi3)
c:/users/sebastian/downloads/mikrodatorteknik/toolchain-gd32v-v201-win/compiler/bin/../lib/gcc/riscv64-unknown-elf/8.3.0/rv32imac/ilp32\libgcc.a(_ashldi3.o)
                              c:/users/sebastian/downloads/mikrodatorteknik/toolchain-gd32v-v201-win/compiler/bin/../lib/gcc/riscv64-unknown-elf/8.3.0/rv32imac/ilp32\libgcc.a(floatundidf.o) (__ashldi3)
c:/users/sebastian/downloads/mikrodatorteknik/toolchain-gd32v-v201-win/compiler/bin/../lib/gcc/riscv64-unknown-elf/8.3.0/rv32imac/ilp32\libgcc.a(_clzsi2.o)
                              c:/users/sebastian/downloads/mikrodatorteknik/toolchain-gd32v-v201-win/compiler/bin/../lib/gcc/riscv64-unknown-elf/8.3.0/rv32imac/ilp32\libgcc.a(divdf3.o) (__clzsi2)
c:/users/sebastian/downloads/mikrodatorteknik/toolchain-gd32v-v201-win/compiler/bin/../lib/gcc/riscv64-unknown-elf/8.3.0/rv32imac/ilp32\libgcc.a(_clz.o)
                              c:/users/sebastian/downloads/mikrodatorteknik/toolchain-gd32v-v201-win/compiler/bin/../lib/gcc/riscv64-unknown-elf/8.3.0/rv32imac/ilp32\libgcc.a(_clzsi2.o) (__clz_tab)
c:/users/sebastian/downloads/mikrodatorteknik/toolchain-gd32v-v201-win/compiler/bin/../lib/gcc/riscv64-unknown-elf/8.3.0/../../../../riscv64-unknown-elf/lib/rv32imac/ilp32\libc_nano.a(lib_a-atexit.o)
                              build/start.o (atexit)
c:/users/sebastian/downloads/mikrodatorteknik/toolchain-gd32v-v201-win/compiler/bin/../lib/gcc/riscv64-unknown-elf/8.3.0/../../../../riscv64-unknown-elf/lib/rv32imac/ilp32\libc_nano.a(lib_a-exit.o)
                              build/start.o (exit)
c:/users/sebastian/downloads/mikrodatorteknik/toolchain-gd32v-v201-win/compiler/bin/../lib/gcc/riscv64-unknown-elf/8.3.0/../../../../riscv64-unknown-elf/lib/rv32imac/ilp32\libc_nano.a(lib_a-fini.o)
                              build/start.o (__libc_fini_array)
c:/users/sebastian/downloads/mikrodatorteknik/toolchain-gd32v-v201-win/compiler/bin/../lib/gcc/riscv64-unknown-elf/8.3.0/../../../../riscv64-unknown-elf/lib/rv32imac/ilp32\libc_nano.a(lib_a-impure.o)
                              c:/users/sebastian/downloads/mikrodatorteknik/toolchain-gd32v-v201-win/compiler/bin/../lib/gcc/riscv64-unknown-elf/8.3.0/../../../../riscv64-unknown-elf/lib/rv32imac/ilp32\libc_nano.a(lib_a-exit.o) (_global_impure_ptr)
c:/users/sebastian/downloads/mikrodatorteknik/toolchain-gd32v-v201-win/compiler/bin/../lib/gcc/riscv64-unknown-elf/8.3.0/../../../../riscv64-unknown-elf/lib/rv32imac/ilp32\libc_nano.a(lib_a-init.o)
                              build/start.o (__libc_init_array)
c:/users/sebastian/downloads/mikrodatorteknik/toolchain-gd32v-v201-win/compiler/bin/../lib/gcc/riscv64-unknown-elf/8.3.0/../../../../riscv64-unknown-elf/lib/rv32imac/ilp32\libc_nano.a(lib_a-memcpy-asm.o)
                              build/gd32vf103_rcu.o (memcpy)
c:/users/sebastian/downloads/mikrodatorteknik/toolchain-gd32v-v201-win/compiler/bin/../lib/gcc/riscv64-unknown-elf/8.3.0/../../../../riscv64-unknown-elf/lib/rv32imac/ilp32\libc_nano.a(lib_a-sysisatty.o)
                              build/fstat.o (isatty)
[...]
Memory Configuration

Name             Origin             Length             Attributes
flash            0x0000000008000000 0x0000000000020000 axrl !w
ram              0x0000000020000000 0x0000000000008000 axw !rl
*default*        0x0000000000000000 0xffffffffffffffff

Linker script and memory map

LOAD build/gd32vf103_adc.o
LOAD build/gd32vf103_bkp.o
LOAD build/gd32vf103_can.o
LOAD build/gd32vf103_crc.o
LOAD build/gd32vf103_dac.o
LOAD build/gd32vf103_dbg.o
LOAD build/gd32vf103_dma.o
LOAD build/gd32vf103_eclic.o
LOAD build/gd32vf103_exmc.o
LOAD build/gd32vf103_exti.o
LOAD build/gd32vf103_fmc.o
LOAD build/gd32vf103_fwdgt.o
LOAD build/gd32vf103_gpio.o
LOAD build/gd32vf103_i2c.o
LOAD build/gd32vf103_pmu.o
LOAD build/gd32vf103_rcu.o
LOAD build/gd32vf103_rtc.o
LOAD build/gd32vf103_spi.o
LOAD build/gd32vf103_timer.o
LOAD build/gd32vf103_usart.o
LOAD build/gd32vf103_wwdgt.o
LOAD build/system_gd32vf103.o
LOAD build/_exit.o
LOAD build/close.o
LOAD build/fstat.o
LOAD build/isatty.o
LOAD build/lseek.o
LOAD build/read.o
LOAD build/sbrk.o
LOAD build/write.o
LOAD build/write_hex.o
LOAD build/n200_func.o
LOAD build/handlers.o
LOAD build/init.o
LOAD build/adc.o
LOAD build/eclicw.o
LOAD build/lcd.o
LOAD build/main.o
LOAD build/usart.o
LOAD build/start.o
LOAD build/entry.o
LOAD build/drivers.o
LOAD c:/users/sebastian/downloads/mikrodatorteknik/toolchain-gd32v-v201-win/compiler/bin/../lib/gcc/riscv64-unknown-elf/8.3.0/rv32imac/ilp32\libgcc.a
LOAD c:/users/sebastian/downloads/mikrodatorteknik/toolchain-gd32v-v201-win/compiler/bin/../lib/gcc/riscv64-unknown-elf/8.3.0/../../../../riscv64-unknown-elf/lib/rv32imac/ilp32\libc_nano.a
LOAD c:/users/sebastian/downloads/mikrodatorteknik/toolchain-gd32v-v201-win/compiler/bin/../lib/gcc/riscv64-unknown-elf/8.3.0/rv32imac/ilp32\libgcc.a
START GROUP
LOAD c:/users/sebastian/downloads/mikrodatorteknik/toolchain-gd32v-v201-win/compiler/bin/../lib/gcc/riscv64-unknown-elf/8.3.0/rv32imac/ilp32\libgcc.a
LOAD c:/users/sebastian/downloads/mikrodatorteknik/toolchain-gd32v-v201-win/compiler/bin/../lib/gcc/riscv64-unknown-elf/8.3.0/../../../../riscv64-unknown-elf/lib/rv32imac/ilp32\libc_nano.a
LOAD c:/users/sebastian/downloads/mikrodatorteknik/toolchain-gd32v-v201-win/compiler/bin/../lib/gcc/riscv64-unknown-elf/8.3.0/../../../../riscv64-unknown-elf/lib/rv32imac/ilp32\libgloss_nano.a
END GROUP
                0x0000000000001000                __stack_size = DEFINED (__stack_size)?__stack_size:0x1000
                0x0000000000000000                __dbg_stack_size = DEFINED (__dbg_stack_size)?__dbg_stack_size:0x0

.init           0x0000000008000000      0x254
 *(SORT_NONE(.init))
 .init          0x0000000008000000      0x254 build/start.o
                0x000000000800015c                _start
                0x0000000008000246                disable_mcycle_minstret
                0x000000000800024c                enable_mcycle_minstret

.ilalign        0x0000000008000254        0x0
                0x0000000008000254                . = ALIGN (0x4)
                [!provide]                        PROVIDE (_ilm_lma = .)

.ialign         0x0000000008000254        0x0
                [!provide]                        PROVIDE (_ilm = .)

.text           0x0000000008000280     0x3848
 *(.rodata .rodata.*)
 .rodata        0x0000000008000280       0x10 build/gd32vf103_rcu.o
 .rodata._exit.str1.4
                0x0000000008000290       0x1f build/_exit.o
                                         0x23 (size before relaxing)
 *fill*         0x00000000080002af        0x1 
 .rodata.write_hex.str1.4
                0x00000000080002b0        0x3 build/write_hex.o
 *fill*         0x00000000080002b3        0x1 
 .rodata.handle_nmi.str1.4
                0x00000000080002b4        0x5 build/handlers.o
 *fill*         0x00000000080002b9        0x3 
 .rodata.handle_trap.str1.4
                0x00000000080002bc        0x6 build/handlers.o
 *fill*         0x00000000080002c2        0x2 
 .rodata.asc2_1608
                0x00000000080002c4      0x5f0 build/lcd.o
                0x00000000080002c4                asc2_1608
 *fill*         0x00000000080008b4        0x4 
 .rodata.lcd_delay_1ms.cst8
                0x00000000080008b8        0x8 build/lcd.o
 .rodata        0x00000000080008c0       0x80 build/main.o
 .rodata.main.str1.4
                0x0000000008000940        0x4 build/main.o
 .rodata        0x0000000008000944       0x3c c:/users/sebastian/downloads/mikrodatorteknik/toolchain-gd32v-v201-win/compiler/bin/../lib/gcc/riscv64-unknown-elf/8.3.0/rv32imac/ilp32\libgcc.a(divdf3.o)
 .rodata        0x0000000008000980       0x3c c:/users/sebastian/downloads/mikrodatorteknik/toolchain-gd32v-v201-win/compiler/bin/../lib/gcc/riscv64-unknown-elf/8.3.0/rv32imac/ilp32\libgcc.a(muldf3.o)
 .rodata        0x00000000080009bc      0x100 c:/users/sebastian/downloads/mikrodatorteknik/toolchain-gd32v-v201-win/compiler/bin/../lib/gcc/riscv64-unknown-elf/8.3.0/rv32imac/ilp32\libgcc.a(_clz.o)
                0x00000000080009bc                __clz_tab
 *(.text.unlikely .text.unlikely.*)
 *(.text.startup .text.startup.*)
 .text.startup.main
                0x0000000008000abc      0x2a6 build/main.o
                0x0000000008000abc                main
 *(.text .text.*)
 .text.adc_deinit
                0x0000000008000d62       0x50 build/gd32vf103_adc.o
                0x0000000008000d62                adc_deinit
 .text.adc_mode_config
                0x0000000008000db2       0x20 build/gd32vf103_adc.o
                0x0000000008000db2                adc_mode_config
 .text.adc_special_function_config
                0x0000000008000dd2       0x48 build/gd32vf103_adc.o
                0x0000000008000dd2                adc_special_function_config
 .text.adc_data_alignment_config
                0x0000000008000e1a       0x1a build/gd32vf103_adc.o
                0x0000000008000e1a                adc_data_alignment_config
 .text.adc_enable
                0x0000000008000e34       0x10 build/gd32vf103_adc.o
                0x0000000008000e34                adc_enable
 .text.adc_calibration_enable
                0x0000000008000e44       0x22 build/gd32vf103_adc.o
                0x0000000008000e44                adc_calibration_enable
 .text.adc_tempsensor_vrefint_enable
                0x0000000008000e66       0x14 build/gd32vf103_adc.o
                0x0000000008000e66                adc_tempsensor_vrefint_enable
 .text.adc_channel_length_config
                0x0000000008000e7a       0x4a build/gd32vf103_adc.o
                0x0000000008000e7a                adc_channel_length_config
 .text.adc_regular_channel_config
                0x0000000008000ec4       0xbe build/gd32vf103_adc.o
                0x0000000008000ec4                adc_regular_channel_config
 .text.adc_inserted_channel_config
                0x0000000008000f82       0x76 build/gd32vf103_adc.o
                0x0000000008000f82                adc_inserted_channel_config
 .text.adc_external_trigger_source_config
                0x0000000008000ff8       0x34 build/gd32vf103_adc.o
                0x0000000008000ff8                adc_external_trigger_source_config
 .text.adc_external_trigger_config
                0x000000000800102c       0x3a build/gd32vf103_adc.o
                0x000000000800102c                adc_external_trigger_config
 .text.adc_software_trigger_enable
                0x0000000008001066       0x20 build/gd32vf103_adc.o
                0x0000000008001066                adc_software_trigger_enable
 .text.adc_regular_data_read
                0x0000000008001086        0x8 build/gd32vf103_adc.o
                0x0000000008001086                adc_regular_data_read
 .text.adc_inserted_data_read
                0x000000000800108e       0x2c build/gd32vf103_adc.o
                0x000000000800108e                adc_inserted_data_read
 .text.adc_flag_get
                0x00000000080010ba        0xa build/gd32vf103_adc.o
                0x00000000080010ba                adc_flag_get
 .text.adc_flag_clear
                0x00000000080010c4        0xc build/gd32vf103_adc.o
                0x00000000080010c4                adc_flag_clear
 .text.eclic_global_interrupt_enable
                0x00000000080010d0        0x6 build/gd32vf103_eclic.o
                0x00000000080010d0                eclic_global_interrupt_enable
 .text.gpio_init
                0x00000000080010d6       0xa4 build/gd32vf103_gpio.o
                0x00000000080010d6                gpio_init
 .text.gpio_bit_set
                0x000000000800117a        0x4 build/gd32vf103_gpio.o
                0x000000000800117a                gpio_bit_set
 .text.gpio_bit_reset
                0x000000000800117e        0x4 build/gd32vf103_gpio.o
                0x000000000800117e                gpio_bit_reset
 .text.rcu_periph_clock_enable
                0x0000000008001182       0x18 build/gd32vf103_rcu.o
                0x0000000008001182                rcu_periph_clock_enable
 .text.rcu_periph_reset_enable
                0x000000000800119a       0x18 build/gd32vf103_rcu.o
                0x000000000800119a                rcu_periph_reset_enable
 .text.rcu_periph_reset_disable
                0x00000000080011b2       0x1c build/gd32vf103_rcu.o
                0x00000000080011b2                rcu_periph_reset_disable
 .text.rcu_adc_clock_config
                0x00000000080011ce       0x40 build/gd32vf103_rcu.o
                0x00000000080011ce                rcu_adc_clock_config
 .text.rcu_clock_freq_get
                0x000000000800120e      0x13a build/gd32vf103_rcu.o
                0x000000000800120e                rcu_clock_freq_get
 .text.spi_struct_para_init
                0x0000000008001348       0x1a build/gd32vf103_spi.o
                0x0000000008001348                spi_struct_para_init
 .text.spi_init
                0x0000000008001362       0x36 build/gd32vf103_spi.o
                0x0000000008001362                spi_init
 .text.spi_enable
                0x0000000008001398        0xa build/gd32vf103_spi.o
                0x0000000008001398                spi_enable
 .text.spi_i2s_data_transmit
                0x00000000080013a2        0x4 build/gd32vf103_spi.o
                0x00000000080013a2                spi_i2s_data_transmit
 .text.spi_crc_polynomial_set
                0x00000000080013a6        0xc build/gd32vf103_spi.o
                0x00000000080013a6                spi_crc_polynomial_set
 .text.spi_i2s_flag_get
                0x00000000080013b2        0xa build/gd32vf103_spi.o
                0x00000000080013b2                spi_i2s_flag_get
 .text.usart_deinit
                0x00000000080013bc       0xa2 build/gd32vf103_usart.o
                0x00000000080013bc                usart_deinit
 .text.usart_baudrate_set
                0x000000000800145e       0x6c build/gd32vf103_usart.o
                0x000000000800145e                usart_baudrate_set
 .text.usart_parity_config
                0x00000000080014ca       0x10 build/gd32vf103_usart.o
                0x00000000080014ca                usart_parity_config
 .text.usart_word_length_set
                0x00000000080014da       0x12 build/gd32vf103_usart.o
                0x00000000080014da                usart_word_length_set
 .text.usart_stop_bit_set
                0x00000000080014ec       0x12 build/gd32vf103_usart.o
                0x00000000080014ec                usart_stop_bit_set
 .text.usart_enable
                0x00000000080014fe        0xa build/gd32vf103_usart.o
                0x00000000080014fe                usart_enable
 .text.usart_transmit_config
                0x0000000008001508        0xa build/gd32vf103_usart.o
                0x0000000008001508                usart_transmit_config
 .text.usart_receive_config
                0x0000000008001512        0xa build/gd32vf103_usart.o
                0x0000000008001512                usart_receive_config
 .text.usart_data_transmit
                0x000000000800151c        0x8 build/gd32vf103_usart.o
                0x000000000800151c                usart_data_transmit
 .text.usart_data_receive
                0x0000000008001524        0x8 build/gd32vf103_usart.o
                0x0000000008001524                usart_data_receive
 .text.usart_hardware_flow_rts_config
                0x000000000800152c        0xc build/gd32vf103_usart.o
                0x000000000800152c                usart_hardware_flow_rts_config
 .text.usart_hardware_flow_cts_config
                0x0000000008001538        0xc build/gd32vf103_usart.o
                0x0000000008001538                usart_hardware_flow_cts_config
 .text.usart_flag_get
                0x0000000008001544       0x14 build/gd32vf103_usart.o
                0x0000000008001544                usart_flag_get
 .text.usart_interrupt_enable
                0x0000000008001558       0x18 build/gd32vf103_usart.o
                0x0000000008001558                usart_interrupt_enable
 .text.usart_interrupt_disable
                0x0000000008001570       0x1c build/gd32vf103_usart.o
                0x0000000008001570                usart_interrupt_disable
 .text.SystemInit
                0x000000000800158c      0x11c build/system_gd32vf103.o
                0x000000000800158c                SystemInit
 .text._exit    0x00000000080016a8       0x4c build/_exit.o
                0x00000000080016a8                _exit
 .text.write_hex
                0x00000000080016f4       0x7c build/write_hex.o
                0x00000000080016f4                write_hex
 .text.get_timer_value
                0x0000000008001770       0x10 build/n200_func.o
                0x0000000008001770                get_timer_value
 .text.eclic_init
                0x0000000008001780       0x22 build/n200_func.o
                0x0000000008001780                eclic_init
 .text.eclic_enable_interrupt
                0x00000000080017a2       0x12 build/n200_func.o
                0x00000000080017a2                eclic_enable_interrupt
 .text.eclic_get_nlbits
                0x00000000080017b4        0xe build/n200_func.o
                0x00000000080017b4                eclic_get_nlbits
 .text.eclic_set_irq_lvl_abs
                0x00000000080017c2       0x58 build/n200_func.o
                0x00000000080017c2                eclic_set_irq_lvl_abs
 .text.eclic_set_irq_priority
                0x000000000800181a       0x52 build/n200_func.o
                0x000000000800181a                eclic_set_irq_priority
 .text.eclic_mode_enable
                0x000000000800186c       0x12 build/n200_func.o
                0x000000000800186c                eclic_mode_enable
 .text.eclic_set_vmode
                0x000000000800187e       0x18 build/n200_func.o
                0x000000000800187e                eclic_set_vmode
 .text.handle_nmi
                0x0000000008001896       0x22 build/handlers.o
                0x0000000008001896                handle_nmi
 .text.handle_trap
                0x00000000080018b8       0x38 build/handlers.o
                0x00000000080018b8                handle_trap
 .text._init    0x00000000080018f0       0x2c build/init.o
                0x00000000080018f0                _init
 .text._fini    0x000000000800191c        0x2 build/init.o
                0x000000000800191c                _fini
 .text.ADC3powerUpInit
                0x000000000800191e      0x140 build/adc.o
                0x000000000800191e                ADC3powerUpInit
 .text.eclicw_enable
                0x0000000008001a5e       0x9a build/eclicw.o
                0x0000000008001a5e                eclicw_enable
 .text.eclic_mtip_handler
                0x0000000008001af8       0x52 build/eclicw.o
                0x0000000008001af8                eclic_mtip_handler
 .text.USART0_IRQHandler
                0x0000000008001b4a       0x52 build/eclicw.o
                0x0000000008001b4a                USART0_IRQHandler
 .text.lcd_delay_1ms
                0x0000000008001b9c       0xce build/lcd.o
                0x0000000008001b9c                lcd_delay_1ms
 .text.LCD_WR_Queue
                0x0000000008001c6a       0xc2 build/lcd.o
                0x0000000008001c6a                LCD_WR_Queue
 .text.LCD_Wait_On_Queue
                0x0000000008001d2c       0x30 build/lcd.o
                0x0000000008001d2c                LCD_Wait_On_Queue
 .text.LCD_Write_Bus
                0x0000000008001d5c       0x58 build/lcd.o
                0x0000000008001d5c                LCD_Write_Bus
 .text.LCD_WR_DATA
                0x0000000008001db4       0x2c build/lcd.o
                0x0000000008001db4                LCD_WR_DATA
 .text.LCD_Address_Set
                0x0000000008001de0       0x82 build/lcd.o
                0x0000000008001de0                LCD_Address_Set
 .text.spi_config
                0x0000000008001e62       0x6c build/lcd.o
                0x0000000008001e62                spi_config
 .text.Lcd_SetType
                0x0000000008001ece       0x26 build/lcd.o
                0x0000000008001ece                Lcd_SetType
 .text.Lcd_Init
                0x0000000008001ef4      0x464 build/lcd.o
                0x0000000008001ef4                Lcd_Init
 .text.LCD_Clear
                0x0000000008002358       0x46 build/lcd.o
                0x0000000008002358                LCD_Clear
 .text.LCD_DrawPoint
                0x000000000800239e       0x24 build/lcd.o
                0x000000000800239e                LCD_DrawPoint
 .text.LCD_ShowChar
                0x00000000080023c2       0xde build/lcd.o
                0x00000000080023c2                LCD_ShowChar
 .text.LCD_ShowStr
                0x00000000080024a0       0x60 build/lcd.o
                0x00000000080024a0                LCD_ShowStr
 .text.stateMachine
                0x0000000008002500       0x4c build/main.o
                0x0000000008002500                stateMachine
 .text.u0_TX_Queue
                0x000000000800254c       0x88 build/usart.o
                0x000000000800254c                u0_TX_Queue
 .text.putch    0x00000000080025d4       0x6a build/usart.o
                0x00000000080025d4                putch
 .text.u0init   0x000000000800263e      0x10a build/usart.o
                0x000000000800263e                u0init
 *fill*         0x0000000008002748       0x38 
 .text.trap     0x0000000008002780       0x82 build/entry.o
                0x0000000008002780                trap_entry
 *fill*         0x0000000008002802        0x2 
 .text.irq      0x0000000008002804       0x7a build/entry.o
                0x0000000008002804                irq_entry
 .text          0x000000000800287e      0x2e4 build/drivers.o
                0x00000000080028f0                t5omsi
                0x0000000008002922                t5expq
                0x0000000008002932                colinit
                0x0000000008002972                colset
                0x00000000080029aa                l88init
                0x00000000080029dc                l88row
                0x0000000008002a12                l88mem
                0x0000000008002a26                keyinit
                0x0000000008002a58                keyscan
 .text          0x0000000008002b62      0x546 c:/users/sebastian/downloads/mikrodatorteknik/toolchain-gd32v-v201-win/compiler/bin/../lib/gcc/riscv64-unknown-elf/8.3.0/rv32imac/ilp32\libgcc.a(divdf3.o)
                0x0000000008002b62                __divdf3
 .text          0x00000000080030a8       0xa4 c:/users/sebastian/downloads/mikrodatorteknik/toolchain-gd32v-v201-win/compiler/bin/../lib/gcc/riscv64-unknown-elf/8.3.0/rv32imac/ilp32\libgcc.a(ledf2.o)
                0x00000000080030a8                __ledf2
                0x00000000080030a8                __ltdf2
 .text          0x000000000800314c      0x44c c:/users/sebastian/downloads/mikrodatorteknik/toolchain-gd32v-v201-win/compiler/bin/../lib/gcc/riscv64-unknown-elf/8.3.0/rv32imac/ilp32\libgcc.a(muldf3.o)
                0x000000000800314c                __muldf3
 .text          0x0000000008003598       0x56 c:/users/sebastian/downloads/mikrodatorteknik/toolchain-gd32v-v201-win/compiler/bin/../lib/gcc/riscv64-unknown-elf/8.3.0/rv32imac/ilp32\libgcc.a(floatunsidf.o)
                0x0000000008003598                __floatunsidf
 .text          0x00000000080035ee      0x166 c:/users/sebastian/downloads/mikrodatorteknik/toolchain-gd32v-v201-win/compiler/bin/../lib/gcc/riscv64-unknown-elf/8.3.0/rv32imac/ilp32\libgcc.a(floatundidf.o)
                0x00000000080035ee                __floatundidf
 .text          0x0000000008003754       0x2a c:/users/sebastian/downloads/mikrodatorteknik/toolchain-gd32v-v201-win/compiler/bin/../lib/gcc/riscv64-unknown-elf/8.3.0/rv32imac/ilp32\libgcc.a(_lshrdi3.o)
                0x0000000008003754                __lshrdi3
 .text          0x000000000800377e       0x2a c:/users/sebastian/downloads/mikrodatorteknik/toolchain-gd32v-v201-win/compiler/bin/../lib/gcc/riscv64-unknown-elf/8.3.0/rv32imac/ilp32\libgcc.a(_ashldi3.o)
                0x000000000800377e                __ashldi3
 .text          0x00000000080037a8       0x3c c:/users/sebastian/downloads/mikrodatorteknik/toolchain-gd32v-v201-win/compiler/bin/../lib/gcc/riscv64-unknown-elf/8.3.0/rv32imac/ilp32\libgcc.a(_clzsi2.o)
                0x00000000080037a8                __clzsi2
 .text.atexit   0x00000000080037e4       0x10 c:/users/sebastian/downloads/mikrodatorteknik/toolchain-gd32v-v201-win/compiler/bin/../lib/gcc/riscv64-unknown-elf/8.3.0/../../../../riscv64-unknown-elf/lib/rv32imac/ilp32\libc_nano.a(lib_a-atexit.o)
                0x00000000080037e4                atexit
 .text.exit     0x00000000080037f4       0x36 c:/users/sebastian/downloads/mikrodatorteknik/toolchain-gd32v-v201-win/compiler/bin/../lib/gcc/riscv64-unknown-elf/8.3.0/../../../../riscv64-unknown-elf/lib/rv32imac/ilp32\libc_nano.a(lib_a-exit.o)
                0x00000000080037f4                exit
 .text.__libc_fini_array
                0x000000000800382a       0x38 c:/users/sebastian/downloads/mikrodatorteknik/toolchain-gd32v-v201-win/compiler/bin/../lib/gcc/riscv64-unknown-elf/8.3.0/../../../../riscv64-unknown-elf/lib/rv32imac/ilp32\libc_nano.a(lib_a-fini.o)
                0x000000000800382a                __libc_fini_array
 .text.__libc_init_array
                0x0000000008003862       0x6a c:/users/sebastian/downloads/mikrodatorteknik/toolchain-gd32v-v201-win/compiler/bin/../lib/gcc/riscv64-unknown-elf/8.3.0/../../../../riscv64-unknown-elf/lib/rv32imac/ilp32\libc_nano.a(lib_a-init.o)
                0x0000000008003862                __libc_init_array
 .text          0x00000000080038cc       0x16 c:/users/sebastian/downloads/mikrodatorteknik/toolchain-gd32v-v201-win/compiler/bin/../lib/gcc/riscv64-unknown-elf/8.3.0/../../../../riscv64-unknown-elf/lib/rv32imac/ilp32\libc_nano.a(lib_a-memcpy-asm.o)
                0x00000000080038cc                memcpy
 .text.write    0x00000000080038e2       0x18 c:/users/sebastian/downloads/mikrodatorteknik/toolchain-gd32v-v201-win/compiler/bin/../lib/gcc/riscv64-unknown-elf/8.3.0/../../../../riscv64-unknown-elf/lib/rv32imac/ilp32\libc_nano.a(lib_a-syswrite.o)
                0x00000000080038e2                write
 .text._write_r
                0x00000000080038fa       0x3a c:/users/sebastian/downloads/mikrodatorteknik/toolchain-gd32v-v201-win/compiler/bin/../lib/gcc/riscv64-unknown-elf/8.3.0/../../../../riscv64-unknown-elf/lib/rv32imac/ilp32\libc_nano.a(lib_a-writer.o)
                0x00000000080038fa                _write_r
 .text.__register_exitproc
                0x0000000008003934       0x8c c:/users/sebastian/downloads/mikrodatorteknik/toolchain-gd32v-v201-win/compiler/bin/../lib/gcc/riscv64-unknown-elf/8.3.0/../../../../riscv64-unknown-elf/lib/rv32imac/ilp32\libc_nano.a(lib_a-__atexit.o)
                0x0000000008003934                __register_exitproc
 .text.__call_exitprocs
                0x00000000080039c0       0xc8 c:/users/sebastian/downloads/mikrodatorteknik/toolchain-gd32v-v201-win/compiler/bin/../lib/gcc/riscv64-unknown-elf/8.3.0/../../../../riscv64-unknown-elf/lib/rv32imac/ilp32\libc_nano.a(lib_a-__call_atexit.o)
                0x00000000080039c0                __call_exitprocs
 .text._write   0x0000000008003a88       0x34 c:/users/sebastian/downloads/mikrodatorteknik/toolchain-gd32v-v201-win/compiler/bin/../lib/gcc/riscv64-unknown-elf/8.3.0/../../../../riscv64-unknown-elf/lib/rv32imac/ilp32\libgloss_nano.a(sys_write.o)
                0x0000000008003a88                _write
 .text.__errno  0x0000000008003abc        0xc c:/users/sebastian/downloads/mikrodatorteknik/toolchain-gd32v-v201-win/compiler/bin/../lib/gcc/riscv64-unknown-elf/8.3.0/../../../../riscv64-unknown-elf/lib/rv32imac/ilp32\libc_nano.a(lib_a-errno.o)
                0x0000000008003abc                __errno
 *(.gnu.linkonce.t.*)

.sdata2._global_impure_ptr
                0x0000000008003ac8        0x4
 .sdata2._global_impure_ptr
                0x0000000008003ac8        0x4 c:/users/sebastian/downloads/mikrodatorteknik/toolchain-gd32v-v201-win/compiler/bin/../lib/gcc/riscv64-unknown-elf/8.3.0/../../../../riscv64-unknown-elf/lib/rv32imac/ilp32\libc_nano.a(lib_a-impure.o)
                0x0000000008003ac8                _global_impure_ptr

.rela.dyn       0x0000000008003acc        0x0
 .rela.text.handle_trap
                0x0000000008003acc        0x0 build/gd32vf103_adc.o
 .rela.text.LCD_ShowChar
                0x0000000008003acc        0x0 build/gd32vf103_adc.o
 .rela.init     0x0000000008003acc        0x0 build/gd32vf103_adc.o
 .rela.text.trap
                0x0000000008003acc        0x0 build/gd32vf103_adc.o
 .rela.text.__libc_fini_array
                0x0000000008003acc        0x0 build/gd32vf103_adc.o
 .rela.data.impure_data
                0x0000000008003acc        0x0 build/gd32vf103_adc.o
 .rela.text.__libc_init_array
                0x0000000008003acc        0x0 build/gd32vf103_adc.o
 .rela.text._write_r
                0x0000000008003acc        0x0 build/gd32vf103_adc.o
 .rela.text.__register_exitproc
                0x0000000008003acc        0x0 build/gd32vf103_adc.o

.fini
 *(SORT_NONE(.fini))
                0x0000000008003acc                . = ALIGN (0x4)
                [!provide]                        PROVIDE (__etext = .)
                [!provide]                        PROVIDE (_etext = .)
                [!provide]                        PROVIDE (etext = .)
                [!provide]                        PROVIDE (_eilm = .)

.preinit_array  0x0000000008003acc        0x0
                0x0000000008003acc                PROVIDE (__preinit_array_start = .)
 *(.preinit_array)
                0x0000000008003acc                PROVIDE (__preinit_array_end = .)

.init_array     0x0000000008003acc        0x0
                0x0000000008003acc                PROVIDE (__init_array_start = .)
 *(SORT_BY_INIT_PRIORITY(.init_array.*) SORT_BY_INIT_PRIORITY(.ctors.*))
 *(.init_array EXCLUDE_FILE(*crtend?.o *crtend.o *crtbegin?.o *crtbegin.o) .ctors)
                0x0000000008003acc                PROVIDE (__init_array_end = .)

.fini_array     0x0000000008003acc        0x0
                0x0000000008003acc                PROVIDE (__fini_array_start = .)
 *(SORT_BY_INIT_PRIORITY(.fini_array.*) SORT_BY_INIT_PRIORITY(.dtors.*))
 *(.fini_array EXCLUDE_FILE(*crtend?.o *crtend.o *crtbegin?.o *crtbegin.o) .dtors)
                0x0000000008003acc                PROVIDE (__fini_array_end = .)

.ctors
 *crtbegin.o(.ctors)
 *crtbegin?.o(.ctors)
 *(EXCLUDE_FILE(*crtend?.o *crtend.o) .ctors)
 *(SORT_BY_NAME(.ctors.*))
 *(.ctors)

.dtors
 *crtbegin.o(.dtors)
 *crtbegin?.o(.dtors)
 *(EXCLUDE_FILE(*crtend?.o *crtend.o) .dtors)
 *(SORT_BY_NAME(.dtors.*))
 *(.dtors)
                0x0000000008003acc                . = ALIGN (0x4)
                [!provide]                        PROVIDE (_eilm = .)

.lalign         0x0000000008003acc        0x0
                0x0000000008003acc                . = ALIGN (0x4)
                0x0000000008003acc                PROVIDE (_data_lma = .)

.dalign         0x0000000020000000        0x0 load address 0x0000000008003acc
                0x0000000020000000                . = ALIGN (0x4)
                0x0000000020000000                PROVIDE (_data = .)

.data           0x0000000020000000       0x88 load address 0x0000000008003acc
 *(.rdata)
 *(.gnu.linkonce.r.*)
 *(.data .data.*)
 .data          0x0000000020000000       0x1f build/drivers.o
 *fill*         0x000000002000001f        0x1 
 .data.impure_data
                0x0000000020000020       0x60 c:/users/sebastian/downloads/mikrodatorteknik/toolchain-gd32v-v201-win/compiler/bin/../lib/gcc/riscv64-unknown-elf/8.3.0/../../../../riscv64-unknown-elf/lib/rv32imac/ilp32\libc_nano.a(lib_a-impure.o)
 *(.gnu.linkonce.d.*)
                0x0000000020000080                . = ALIGN (0x8)
                0x0000000020000880                PROVIDE (__global_pointer$ = (. + 0x800))
 *(.sdata .sdata.*)
 .sdata.SystemCoreClock
                0x0000000020000080        0x4 build/system_gd32vf103.o
                0x0000000020000080                SystemCoreClock
 .sdata._impure_ptr
                0x0000000020000084        0x4 c:/users/sebastian/downloads/mikrodatorteknik/toolchain-gd32v-v201-win/compiler/bin/../lib/gcc/riscv64-unknown-elf/8.3.0/../../../../riscv64-unknown-elf/lib/rv32imac/ilp32\libc_nano.a(lib_a-impure.o)
                0x0000000020000084                _impure_ptr
 *(.gnu.linkonce.s.*)
                0x0000000020000088                . = ALIGN (0x8)
 *(.srodata.cst16)
 *(.srodata.cst8)
 *(.srodata.cst4)
 *(.srodata.cst2)
 *(.srodata .srodata.*)
                0x0000000020000088                . = ALIGN (0x4)
                0x0000000020000088                PROVIDE (_edata = .)
                [!provide]                        PROVIDE (edata = .)
                [!provide]                        PROVIDE (_fbss = .)
                0x0000000020000088                PROVIDE (__bss_start = .)

.bss            0x0000000020000088      0x8b8
 *(.sbss*)
 .sbss.max_irqn.3501
                0x0000000020000088        0x4 build/eclicw.o
 .sbss.pmtisr   0x000000002000008c        0x4 build/eclicw.o
 .sbss.pu0tbeisr
                0x0000000020000090        0x4 build/eclicw.o
 .sbss.lcd_conf
                0x0000000020000094        0x4 build/lcd.o
                0x0000000020000094                lcd_conf
 .sbss.r        0x0000000020000098        0x4 build/lcd.o
                0x0000000020000098                r
 .sbss.w        0x000000002000009c        0x4 build/lcd.o
                0x000000002000009c                w
 .sbss.txr      0x00000000200000a0        0x4 build/usart.o
                0x00000000200000a0                txr
 .sbss.txw      0x00000000200000a4        0x4 build/usart.o
                0x00000000200000a4                txw
 .sbss._global_atexit
                0x00000000200000a8        0x4 c:/users/sebastian/downloads/mikrodatorteknik/toolchain-gd32v-v201-win/compiler/bin/../lib/gcc/riscv64-unknown-elf/8.3.0/../../../../riscv64-unknown-elf/lib/rv32imac/ilp32\libc_nano.a(lib_a-__call_atexit.o)
                0x00000000200000a8                _global_atexit
 *(.gnu.linkonce.sb.*)
 *(.bss .bss.*)
 .bss.queue     0x00000000200000ac      0x400 build/lcd.o
                0x00000000200000ac                queue
 .bss.txq       0x00000000200004ac      0x400 build/usart.o
                0x00000000200004ac                txq
 .bss._global_atexit0
                0x00000000200008ac       0x8c c:/users/sebastian/downloads/mikrodatorteknik/toolchain-gd32v-v201-win/compiler/bin/../lib/gcc/riscv64-unknown-elf/8.3.0/../../../../riscv64-unknown-elf/lib/rv32imac/ilp32\libc_nano.a(lib_a-__atexit.o)
 *(.gnu.linkonce.b.*)
 *(COMMON)
 COMMON         0x0000000020000938        0x4 build/lcd.o
                0x0000000020000938                BACK_COLOR
 COMMON         0x000000002000093c        0x4 c:/users/sebastian/downloads/mikrodatorteknik/toolchain-gd32v-v201-win/compiler/bin/../lib/gcc/riscv64-unknown-elf/8.3.0/../../../../riscv64-unknown-elf/lib/rv32imac/ilp32\libc_nano.a(lib_a-reent.o)
                0x000000002000093c                errno
                0x0000000020000940                . = ALIGN (0x4)
                0x0000000020000940                . = ALIGN (0x8)
                0x0000000020000940                PROVIDE (_end = .)
                [!provide]                        PROVIDE (end = .)

.stack          0x0000000020007000     0x1000 load address 0x0000000020000940
                0x0000000020007000                PROVIDE (_heap_end = .)
                0x0000000000001000                . = __stack_size
 *fill*         0x0000000020007000     0x1000 
                0x0000000020008000                PROVIDE (_sp = .)
                0x0000000000001000                . = (__dbg_stack_size + __stack_size)
                [!provide]                        PROVIDE (_dbg_sp = .)
OUTPUT(build/gd32vf103.elf elf32-littleriscv)

.debug_info     0x0000000000000000    0x10e40
 .debug_info    0x0000000000000000      0xb98 build/gd32vf103_adc.o
 .debug_info    0x0000000000000b98      0x2ac build/gd32vf103_eclic.o
 .debug_info    0x0000000000000e44      0x6f6 build/gd32vf103_gpio.o
 .debug_info    0x000000000000153a      0xf51 build/gd32vf103_rcu.o
 .debug_info    0x000000000000248b      0xa73 build/gd32vf103_spi.o
 .debug_info    0x0000000000002efe      0xccd build/gd32vf103_usart.o
 .debug_info    0x0000000000003bcb      0x203 build/system_gd32vf103.o
 .debug_info    0x0000000000003dce      0x1d3 build/_exit.o
 .debug_info    0x0000000000003fa1      0x1bb build/write_hex.o
 .debug_info    0x000000000000415c     0x18a2 build/n200_func.o
 .debug_info    0x00000000000059fe      0xb4f build/handlers.o
 .debug_info    0x000000000000654d      0xcb0 build/init.o
 .debug_info    0x00000000000071fd      0x537 build/adc.o
 .debug_info    0x0000000000007734      0x3da build/eclicw.o
 .debug_info    0x0000000000007b0e     0x2fa5 build/lcd.o
 .debug_info    0x000000000000aab3     0x1427 build/main.o
 .debug_info    0x000000000000beda      0x816 build/usart.o
 .debug_info    0x000000000000c6f0       0x26 build/start.o
 .debug_info    0x000000000000c716       0x22 build/entry.o
 .debug_info    0x000000000000c738       0x26 build/drivers.o
 .debug_info    0x000000000000c75e      0x734 c:/users/sebastian/downloads/mikrodatorteknik/toolchain-gd32v-v201-win/compiler/bin/../lib/gcc/riscv64-unknown-elf/8.3.0/rv32imac/ilp32\libgcc.a(divdf3.o)
 .debug_info    0x000000000000ce92      0x286 c:/users/sebastian/downloads/mikrodatorteknik/toolchain-gd32v-v201-win/compiler/bin/../lib/gcc/riscv64-unknown-elf/8.3.0/rv32imac/ilp32\libgcc.a(ledf2.o)
 .debug_info    0x000000000000d118      0x76c c:/users/sebastian/downloads/mikrodatorteknik/toolchain-gd32v-v201-win/compiler/bin/../lib/gcc/riscv64-unknown-elf/8.3.0/rv32imac/ilp32\libgcc.a(muldf3.o)
 .debug_info    0x000000000000d884      0x2af c:/users/sebastian/downloads/mikrodatorteknik/toolchain-gd32v-v201-win/compiler/bin/../lib/gcc/riscv64-unknown-elf/8.3.0/rv32imac/ilp32\libgcc.a(floatunsidf.o)
 .debug_info    0x000000000000db33      0x2e8 c:/users/sebastian/downloads/mikrodatorteknik/toolchain-gd32v-v201-win/compiler/bin/../lib/gcc/riscv64-unknown-elf/8.3.0/rv32imac/ilp32\libgcc.a(floatundidf.o)
 .debug_info    0x000000000000de1b      0xc72 c:/users/sebastian/downloads/mikrodatorteknik/toolchain-gd32v-v201-win/compiler/bin/../lib/gcc/riscv64-unknown-elf/8.3.0/rv32imac/ilp32\libgcc.a(_lshrdi3.o)
 .debug_info    0x000000000000ea8d      0xc72 c:/users/sebastian/downloads/mikrodatorteknik/toolchain-gd32v-v201-win/compiler/bin/../lib/gcc/riscv64-unknown-elf/8.3.0/rv32imac/ilp32\libgcc.a(_ashldi3.o)
 .debug_info    0x000000000000f6ff      0xbd7 c:/users/sebastian/downloads/mikrodatorteknik/toolchain-gd32v-v201-win/compiler/bin/../lib/gcc/riscv64-unknown-elf/8.3.0/rv32imac/ilp32\libgcc.a(_clzsi2.o)
 .debug_info    0x00000000000102d6      0xb6a c:/users/sebastian/downloads/mikrodatorteknik/toolchain-gd32v-v201-win/compiler/bin/../lib/gcc/riscv64-unknown-elf/8.3.0/rv32imac/ilp32\libgcc.a(_clz.o)

.debug_abbrev   0x0000000000000000     0x352a
 .debug_abbrev  0x0000000000000000      0x216 build/gd32vf103_adc.o
 .debug_abbrev  0x0000000000000216      0x112 build/gd32vf103_eclic.o
 .debug_abbrev  0x0000000000000328      0x228 build/gd32vf103_gpio.o
 .debug_abbrev  0x0000000000000550      0x259 build/gd32vf103_rcu.o
 .debug_abbrev  0x00000000000007a9      0x21a build/gd32vf103_spi.o
 .debug_abbrev  0x00000000000009c3      0x1eb build/gd32vf103_usart.o
 .debug_abbrev  0x0000000000000bae       0xe0 build/system_gd32vf103.o
 .debug_abbrev  0x0000000000000c8e       0xec build/_exit.o
 .debug_abbrev  0x0000000000000d7a       0xfa build/write_hex.o
 .debug_abbrev  0x0000000000000e74      0x4db build/n200_func.o
 .debug_abbrev  0x000000000000134f      0x234 build/handlers.o
 .debug_abbrev  0x0000000000001583      0x22b build/init.o
 .debug_abbrev  0x00000000000017ae      0x10f build/adc.o
 .debug_abbrev  0x00000000000018bd      0x117 build/eclicw.o
 .debug_abbrev  0x00000000000019d4      0x55b build/lcd.o
 .debug_abbrev  0x0000000000001f2f      0x32b build/main.o
 .debug_abbrev  0x000000000000225a      0x1b4 build/usart.o
 .debug_abbrev  0x000000000000240e       0x14 build/start.o
 .debug_abbrev  0x0000000000002422       0x12 build/entry.o
 .debug_abbrev  0x0000000000002434       0x14 build/drivers.o
 .debug_abbrev  0x0000000000002448      0x187 c:/users/sebastian/downloads/mikrodatorteknik/toolchain-gd32v-v201-win/compiler/bin/../lib/gcc/riscv64-unknown-elf/8.3.0/rv32imac/ilp32\libgcc.a(divdf3.o)
 .debug_abbrev  0x00000000000025cf      0x199 c:/users/sebastian/downloads/mikrodatorteknik/toolchain-gd32v-v201-win/compiler/bin/../lib/gcc/riscv64-unknown-elf/8.3.0/rv32imac/ilp32\libgcc.a(ledf2.o)
 .debug_abbrev  0x0000000000002768      0x197 c:/users/sebastian/downloads/mikrodatorteknik/toolchain-gd32v-v201-win/compiler/bin/../lib/gcc/riscv64-unknown-elf/8.3.0/rv32imac/ilp32\libgcc.a(muldf3.o)
 .debug_abbrev  0x00000000000028ff      0x178 c:/users/sebastian/downloads/mikrodatorteknik/toolchain-gd32v-v201-win/compiler/bin/../lib/gcc/riscv64-unknown-elf/8.3.0/rv32imac/ilp32\libgcc.a(floatunsidf.o)
 .debug_abbrev  0x0000000000002a77      0x19f c:/users/sebastian/downloads/mikrodatorteknik/toolchain-gd32v-v201-win/compiler/bin/../lib/gcc/riscv64-unknown-elf/8.3.0/rv32imac/ilp32\libgcc.a(floatundidf.o)
 .debug_abbrev  0x0000000000002c16      0x275 c:/users/sebastian/downloads/mikrodatorteknik/toolchain-gd32v-v201-win/compiler/bin/../lib/gcc/riscv64-unknown-elf/8.3.0/rv32imac/ilp32\libgcc.a(_lshrdi3.o)
 .debug_abbrev  0x0000000000002e8b      0x275 c:/users/sebastian/downloads/mikrodatorteknik/toolchain-gd32v-v201-win/compiler/bin/../lib/gcc/riscv64-unknown-elf/8.3.0/rv32imac/ilp32\libgcc.a(_ashldi3.o)
 .debug_abbrev  0x0000000000003100      0x242 c:/users/sebastian/downloads/mikrodatorteknik/toolchain-gd32v-v201-win/compiler/bin/../lib/gcc/riscv64-unknown-elf/8.3.0/rv32imac/ilp32\libgcc.a(_clzsi2.o)
 .debug_abbrev  0x0000000000003342      0x1e8 c:/users/sebastian/downloads/mikrodatorteknik/toolchain-gd32v-v201-win/compiler/bin/../lib/gcc/riscv64-unknown-elf/8.3.0/rv32imac/ilp32\libgcc.a(_clz.o)

.debug_loc      0x0000000000000000     0x8121
 .debug_loc     0x0000000000000000      0x7d6 build/gd32vf103_adc.o
 .debug_loc     0x00000000000007d6       0xe7 build/gd32vf103_eclic.o
 .debug_loc     0x00000000000008bd      0x4ba build/gd32vf103_gpio.o
 .debug_loc     0x0000000000000d77      0xcf4 build/gd32vf103_rcu.o
 .debug_loc     0x0000000000001a6b      0x54e build/gd32vf103_spi.o
 .debug_loc     0x0000000000001fb9      0x773 build/gd32vf103_usart.o
 .debug_loc     0x000000000000272c      0x173 build/system_gd32vf103.o
 .debug_loc     0x000000000000289f       0x3e build/_exit.o
 .debug_loc     0x00000000000028dd      0x101 build/write_hex.o
 .debug_loc     0x00000000000029de      0xa1d build/n200_func.o
 .debug_loc     0x00000000000033fb       0x7f build/handlers.o
 .debug_loc     0x000000000000347a       0x2c build/init.o
 .debug_loc     0x00000000000034a6       0x58 build/adc.o
 .debug_loc     0x00000000000034fe      0x16e build/eclicw.o
 .debug_loc     0x000000000000366c     0x1ec3 build/lcd.o
 .debug_loc     0x000000000000552f      0x35d build/main.o
 .debug_loc     0x000000000000588c      0x187 build/usart.o
 .debug_loc     0x0000000000005a13     0x129b c:/users/sebastian/downloads/mikrodatorteknik/toolchain-gd32v-v201-win/compiler/bin/../lib/gcc/riscv64-unknown-elf/8.3.0/rv32imac/ilp32\libgcc.a(divdf3.o)
 .debug_loc     0x0000000000006cae      0x156 c:/users/sebastian/downloads/mikrodatorteknik/toolchain-gd32v-v201-win/compiler/bin/../lib/gcc/riscv64-unknown-elf/8.3.0/rv32imac/ilp32\libgcc.a(ledf2.o)
 .debug_loc     0x0000000000006e04      0xd6e c:/users/sebastian/downloads/mikrodatorteknik/toolchain-gd32v-v201-win/compiler/bin/../lib/gcc/riscv64-unknown-elf/8.3.0/rv32imac/ilp32\libgcc.a(muldf3.o)
 .debug_loc     0x0000000000007b72      0x15c c:/users/sebastian/downloads/mikrodatorteknik/toolchain-gd32v-v201-win/compiler/bin/../lib/gcc/riscv64-unknown-elf/8.3.0/rv32imac/ilp32\libgcc.a(floatunsidf.o)
 .debug_loc     0x0000000000007cce      0x2ec c:/users/sebastian/downloads/mikrodatorteknik/toolchain-gd32v-v201-win/compiler/bin/../lib/gcc/riscv64-unknown-elf/8.3.0/rv32imac/ilp32\libgcc.a(floatundidf.o)
 .debug_loc     0x0000000000007fba       0x7e c:/users/sebastian/downloads/mikrodatorteknik/toolchain-gd32v-v201-win/compiler/bin/../lib/gcc/riscv64-unknown-elf/8.3.0/rv32imac/ilp32\libgcc.a(_lshrdi3.o)
 .debug_loc     0x0000000000008038       0x7e c:/users/sebastian/downloads/mikrodatorteknik/toolchain-gd32v-v201-win/compiler/bin/../lib/gcc/riscv64-unknown-elf/8.3.0/rv32imac/ilp32\libgcc.a(_ashldi3.o)
 .debug_loc     0x00000000000080b6       0x6b c:/users/sebastian/downloads/mikrodatorteknik/toolchain-gd32v-v201-win/compiler/bin/../lib/gcc/riscv64-unknown-elf/8.3.0/rv32imac/ilp32\libgcc.a(_clzsi2.o)

.debug_aranges  0x0000000000000000      0xb48
 .debug_aranges
                0x0000000000000000      0x140 build/gd32vf103_adc.o
 .debug_aranges
                0x0000000000000140       0x50 build/gd32vf103_eclic.o
 .debug_aranges
                0x0000000000000190       0xa0 build/gd32vf103_gpio.o
 .debug_aranges
                0x0000000000000230      0x160 build/gd32vf103_rcu.o
 .debug_aranges
                0x0000000000000390      0x128 build/gd32vf103_spi.o
 .debug_aranges
                0x00000000000004b8      0x170 build/gd32vf103_usart.o
 .debug_aranges
                0x0000000000000628       0x28 build/system_gd32vf103.o
 .debug_aranges
                0x0000000000000650       0x20 build/_exit.o
 .debug_aranges
                0x0000000000000670       0x20 build/write_hex.o
 .debug_aranges
                0x0000000000000690      0x140 build/n200_func.o
 .debug_aranges
                0x00000000000007d0       0x28 build/handlers.o
 .debug_aranges
                0x00000000000007f8       0x28 build/init.o
 .debug_aranges
                0x0000000000000820       0x20 build/adc.o
 .debug_aranges
                0x0000000000000840       0x30 build/eclicw.o
 .debug_aranges
                0x0000000000000870       0xf0 build/lcd.o
 .debug_aranges
                0x0000000000000960       0x30 build/main.o
 .debug_aranges
                0x0000000000000990       0x38 build/usart.o
 .debug_aranges
                0x00000000000009c8       0x20 build/start.o
 .debug_aranges
                0x00000000000009e8       0x28 build/entry.o
 .debug_aranges
                0x0000000000000a10       0x20 build/drivers.o
 .debug_aranges
                0x0000000000000a30       0x20 c:/users/sebastian/downloads/mikrodatorteknik/toolchain-gd32v-v201-win/compiler/bin/../lib/gcc/riscv64-unknown-elf/8.3.0/rv32imac/ilp32\libgcc.a(divdf3.o)
 .debug_aranges
                0x0000000000000a50       0x20 c:/users/sebastian/downloads/mikrodatorteknik/toolchain-gd32v-v201-win/compiler/bin/../lib/gcc/riscv64-unknown-elf/8.3.0/rv32imac/ilp32\libgcc.a(ledf2.o)
 .debug_aranges
                0x0000000000000a70       0x20 c:/users/sebastian/downloads/mikrodatorteknik/toolchain-gd32v-v201-win/compiler/bin/../lib/gcc/riscv64-unknown-elf/8.3.0/rv32imac/ilp32\libgcc.a(muldf3.o)
 .debug_aranges
                0x0000000000000a90       0x20 c:/users/sebastian/downloads/mikrodatorteknik/toolchain-gd32v-v201-win/compiler/bin/../lib/gcc/riscv64-unknown-elf/8.3.0/rv32imac/ilp32\libgcc.a(floatunsidf.o)
 .debug_aranges
                0x0000000000000ab0       0x20 c:/users/sebastian/downloads/mikrodatorteknik/toolchain-gd32v-v201-win/compiler/bin/../lib/gcc/riscv64-unknown-elf/8.3.0/rv32imac/ilp32\libgcc.a(floatundidf.o)
 .debug_aranges
                0x0000000000000ad0       0x20 c:/users/sebastian/downloads/mikrodatorteknik/toolchain-gd32v-v201-win/compiler/bin/../lib/gcc/riscv64-unknown-elf/8.3.0/rv32imac/ilp32\libgcc.a(_lshrdi3.o)
 .debug_aranges
                0x0000000000000af0       0x20 c:/users/sebastian/downloads/mikrodatorteknik/toolchain-gd32v-v201-win/compiler/bin/../lib/gcc/riscv64-unknown-elf/8.3.0/rv32imac/ilp32\libgcc.a(_ashldi3.o)
 .debug_aranges
                0x0000000000000b10       0x20 c:/users/sebastian/downloads/mikrodatorteknik/toolchain-gd32v-v201-win/compiler/bin/../lib/gcc/riscv64-unknown-elf/8.3.0/rv32imac/ilp32\libgcc.a(_clzsi2.o)
 .debug_aranges
                0x0000000000000b30       0x18 c:/users/sebastian/downloads/mikrodatorteknik/toolchain-gd32v-v201-win/compiler/bin/../lib/gcc/riscv64-unknown-elf/8.3.0/rv32imac/ilp32\libgcc.a(_clz.o)

.debug_ranges   0x0000000000000000      0xf88
 .debug_ranges  0x0000000000000000      0x130 build/gd32vf103_adc.o
 .debug_ranges  0x0000000000000130       0x40 build/gd32vf103_eclic.o
 .debug_ranges  0x0000000000000170       0x90 build/gd32vf103_gpio.o
 .debug_ranges  0x0000000000000200      0x150 build/gd32vf103_rcu.o
 .debug_ranges  0x0000000000000350      0x118 build/gd32vf103_spi.o
 .debug_ranges  0x0000000000000468      0x160 build/gd32vf103_usart.o
 .debug_ranges  0x00000000000005c8       0x18 build/system_gd32vf103.o
 .debug_ranges  0x00000000000005e0       0x10 build/_exit.o
 .debug_ranges  0x00000000000005f0       0x30 build/write_hex.o
 .debug_ranges  0x0000000000000620      0x240 build/n200_func.o
 .debug_ranges  0x0000000000000860       0x18 build/handlers.o
 .debug_ranges  0x0000000000000878       0x18 build/init.o
 .debug_ranges  0x0000000000000890       0x10 build/adc.o
 .debug_ranges  0x00000000000008a0       0x20 build/eclicw.o
 .debug_ranges  0x00000000000008c0      0x1c8 build/lcd.o
 .debug_ranges  0x0000000000000a88       0x20 build/main.o
 .debug_ranges  0x0000000000000aa8       0x28 build/usart.o
 .debug_ranges  0x0000000000000ad0       0x20 build/entry.o
 .debug_ranges  0x0000000000000af0      0x180 c:/users/sebastian/downloads/mikrodatorteknik/toolchain-gd32v-v201-win/compiler/bin/../lib/gcc/riscv64-unknown-elf/8.3.0/rv32imac/ilp32\libgcc.a(divdf3.o)
 .debug_ranges  0x0000000000000c70       0x68 c:/users/sebastian/downloads/mikrodatorteknik/toolchain-gd32v-v201-win/compiler/bin/../lib/gcc/riscv64-unknown-elf/8.3.0/rv32imac/ilp32\libgcc.a(ledf2.o)
 .debug_ranges  0x0000000000000cd8      0x1c0 c:/users/sebastian/downloads/mikrodatorteknik/toolchain-gd32v-v201-win/compiler/bin/../lib/gcc/riscv64-unknown-elf/8.3.0/rv32imac/ilp32\libgcc.a(muldf3.o)
 .debug_ranges  0x0000000000000e98       0x68 c:/users/sebastian/downloads/mikrodatorteknik/toolchain-gd32v-v201-win/compiler/bin/../lib/gcc/riscv64-unknown-elf/8.3.0/rv32imac/ilp32\libgcc.a(floatunsidf.o)
 .debug_ranges  0x0000000000000f00       0x68 c:/users/sebastian/downloads/mikrodatorteknik/toolchain-gd32v-v201-win/compiler/bin/../lib/gcc/riscv64-unknown-elf/8.3.0/rv32imac/ilp32\libgcc.a(floatundidf.o)
 .debug_ranges  0x0000000000000f68       0x20 c:/users/sebastian/downloads/mikrodatorteknik/toolchain-gd32v-v201-win/compiler/bin/../lib/gcc/riscv64-unknown-elf/8.3.0/rv32imac/ilp32\libgcc.a(_clzsi2.o)

.debug_line     0x0000000000000000     0xe898
 .debug_line    0x0000000000000000     0x14bb build/gd32vf103_adc.o
 .debug_line    0x00000000000014bb      0x366 build/gd32vf103_eclic.o
 .debug_line    0x0000000000001821      0xb4a build/gd32vf103_gpio.o
 .debug_line    0x000000000000236b     0x153d build/gd32vf103_rcu.o
 .debug_line    0x00000000000038a8      0xe5f build/gd32vf103_spi.o
 .debug_line    0x0000000000004707      0xe4c build/gd32vf103_usart.o
 .debug_line    0x0000000000005553      0x6df build/system_gd32vf103.o
 .debug_line    0x0000000000005c32      0x15d build/_exit.o
 .debug_line    0x0000000000005d8f      0x267 build/write_hex.o
 .debug_line    0x0000000000005ff6     0x1319 build/n200_func.o
 .debug_line    0x000000000000730f      0x2a8 build/handlers.o
 .debug_line    0x00000000000075b7      0x2eb build/init.o
 .debug_line    0x00000000000078a2      0x2f1 build/adc.o
 .debug_line    0x0000000000007b93      0x303 build/eclicw.o
 .debug_line    0x0000000000007e96     0x1ebf build/lcd.o
 .debug_line    0x0000000000009d55      0x944 build/main.o
 .debug_line    0x000000000000a699      0x517 build/usart.o
 .debug_line    0x000000000000abb0      0x189 build/start.o
 .debug_line    0x000000000000ad39       0xf1 build/entry.o
 .debug_line    0x000000000000ae2a      0x526 build/drivers.o
 .debug_line    0x000000000000b350      0xe35 c:/users/sebastian/downloads/mikrodatorteknik/toolchain-gd32v-v201-win/compiler/bin/../lib/gcc/riscv64-unknown-elf/8.3.0/rv32imac/ilp32\libgcc.a(divdf3.o)
 .debug_line    0x000000000000c185      0x303 c:/users/sebastian/downloads/mikrodatorteknik/toolchain-gd32v-v201-win/compiler/bin/../lib/gcc/riscv64-unknown-elf/8.3.0/rv32imac/ilp32\libgcc.a(ledf2.o)
 .debug_line    0x000000000000c488      0xbf8 c:/users/sebastian/downloads/mikrodatorteknik/toolchain-gd32v-v201-win/compiler/bin/../lib/gcc/riscv64-unknown-elf/8.3.0/rv32imac/ilp32\libgcc.a(muldf3.o)
 .debug_line    0x000000000000d080      0x239 c:/users/sebastian/downloads/mikrodatorteknik/toolchain-gd32v-v201-win/compiler/bin/../lib/gcc/riscv64-unknown-elf/8.3.0/rv32imac/ilp32\libgcc.a(floatunsidf.o)
 .debug_line    0x000000000000d2b9      0x3f5 c:/users/sebastian/downloads/mikrodatorteknik/toolchain-gd32v-v201-win/compiler/bin/../lib/gcc/riscv64-unknown-elf/8.3.0/rv32imac/ilp32\libgcc.a(floatundidf.o)
 .debug_line    0x000000000000d6ae      0x4c4 c:/users/sebastian/downloads/mikrodatorteknik/toolchain-gd32v-v201-win/compiler/bin/../lib/gcc/riscv64-unknown-elf/8.3.0/rv32imac/ilp32\libgcc.a(_lshrdi3.o)
 .debug_line    0x000000000000db72      0x4c4 c:/users/sebastian/downloads/mikrodatorteknik/toolchain-gd32v-v201-win/compiler/bin/../lib/gcc/riscv64-unknown-elf/8.3.0/rv32imac/ilp32\libgcc.a(_ashldi3.o)
 .debug_line    0x000000000000e036      0x472 c:/users/sebastian/downloads/mikrodatorteknik/toolchain-gd32v-v201-win/compiler/bin/../lib/gcc/riscv64-unknown-elf/8.3.0/rv32imac/ilp32\libgcc.a(_clzsi2.o)
 .debug_line    0x000000000000e4a8      0x3f0 c:/users/sebastian/downloads/mikrodatorteknik/toolchain-gd32v-v201-win/compiler/bin/../lib/gcc/riscv64-unknown-elf/8.3.0/rv32imac/ilp32\libgcc.a(_clz.o)

.debug_str      0x0000000000000000     0x39eb
 .debug_str     0x0000000000000000      0x85f build/gd32vf103_adc.o
                                        0x8d8 (size before relaxing)
 .debug_str     0x000000000000085f      0x167 build/gd32vf103_eclic.o
                                        0x31c (size before relaxing)
 .debug_str     0x00000000000009c6      0x1f0 build/gd32vf103_gpio.o
                                        0x5c0 (size before relaxing)
 .debug_str     0x0000000000000bb6      0xa8c build/gd32vf103_rcu.o
                                        0xe3f (size before relaxing)
 .debug_str     0x0000000000001642      0x3ae build/gd32vf103_spi.o
                                        0x78c (size before relaxing)
 .debug_str     0x00000000000019f0      0x5a5 build/gd32vf103_usart.o
                                        0x987 (size before relaxing)
 .debug_str     0x0000000000001f95       0xa6 build/system_gd32vf103.o
                                        0x292 (size before relaxing)
 .debug_str     0x000000000000203b       0x68 build/_exit.o
                                        0x201 (size before relaxing)
 .debug_str     0x00000000000020a3       0x37 build/write_hex.o
                                        0x1fa (size before relaxing)
 .debug_str     0x00000000000020da      0x6cd build/n200_func.o
                                        0x99e (size before relaxing)
 .debug_str     0x00000000000027a7       0x58 build/handlers.o
                                        0x5f7 (size before relaxing)
 .debug_str     0x00000000000027ff      0x3e7 build/init.o
                                        0x9c7 (size before relaxing)
 .debug_str     0x0000000000002be6       0x10 build/adc.o
                                        0x4a2 (size before relaxing)
 .debug_str     0x0000000000002bf6       0x5b build/eclicw.o
                                        0x629 (size before relaxing)
 .debug_str     0x0000000000002c51      0x254 build/lcd.o
                                        0xace (size before relaxing)
 .debug_str     0x0000000000002ea5      0x145 build/main.o
                                        0xa9b (size before relaxing)
 .debug_str     0x0000000000002fea       0x85 build/usart.o
                                        0x944 (size before relaxing)
 .debug_str     0x000000000000306f       0x37 build/start.o
                                         0x8e (size before relaxing)
 .debug_str     0x00000000000030a6       0x2b build/entry.o
                                         0x8e (size before relaxing)
 .debug_str     0x00000000000030d1        0xa build/drivers.o
                                         0x6d (size before relaxing)
 .debug_str     0x00000000000030db      0x3c7 c:/users/sebastian/downloads/mikrodatorteknik/toolchain-gd32v-v201-win/compiler/bin/../lib/gcc/riscv64-unknown-elf/8.3.0/rv32imac/ilp32\libgcc.a(divdf3.o)
                                        0x452 (size before relaxing)
 .debug_str     0x00000000000034a2       0x7b c:/users/sebastian/downloads/mikrodatorteknik/toolchain-gd32v-v201-win/compiler/bin/../lib/gcc/riscv64-unknown-elf/8.3.0/rv32imac/ilp32\libgcc.a(ledf2.o)
                                        0x2ce (size before relaxing)
 .debug_str     0x000000000000351d      0x15f c:/users/sebastian/downloads/mikrodatorteknik/toolchain-gd32v-v201-win/compiler/bin/../lib/gcc/riscv64-unknown-elf/8.3.0/rv32imac/ilp32\libgcc.a(muldf3.o)
                                        0x4aa (size before relaxing)
 .debug_str     0x000000000000367c       0xfd c:/users/sebastian/downloads/mikrodatorteknik/toolchain-gd32v-v201-win/compiler/bin/../lib/gcc/riscv64-unknown-elf/8.3.0/rv32imac/ilp32\libgcc.a(floatunsidf.o)
                                        0x33a (size before relaxing)
 .debug_str     0x0000000000003779       0x4c c:/users/sebastian/downloads/mikrodatorteknik/toolchain-gd32v-v201-win/compiler/bin/../lib/gcc/riscv64-unknown-elf/8.3.0/rv32imac/ilp32\libgcc.a(floatundidf.o)
                                        0x344 (size before relaxing)
 .debug_str     0x00000000000037c5      0x20e c:/users/sebastian/downloads/mikrodatorteknik/toolchain-gd32v-v201-win/compiler/bin/../lib/gcc/riscv64-unknown-elf/8.3.0/rv32imac/ilp32\libgcc.a(_lshrdi3.o)
                                        0x860 (size before relaxing)
 .debug_str     0x00000000000039d3        0xa c:/users/sebastian/downloads/mikrodatorteknik/toolchain-gd32v-v201-win/compiler/bin/../lib/gcc/riscv64-unknown-elf/8.3.0/rv32imac/ilp32\libgcc.a(_ashldi3.o)
                                        0x860 (size before relaxing)
 .debug_str     0x00000000000039dd        0xe c:/users/sebastian/downloads/mikrodatorteknik/toolchain-gd32v-v201-win/compiler/bin/../lib/gcc/riscv64-unknown-elf/8.3.0/rv32imac/ilp32\libgcc.a(_clzsi2.o)
                                        0x82e (size before relaxing)
 .debug_str     0x00000000000039eb      0x811 c:/users/sebastian/downloads/mikrodatorteknik/toolchain-gd32v-v201-win/compiler/bin/../lib/gcc/riscv64-unknown-elf/8.3.0/rv32imac/ilp32\libgcc.a(_clz.o)

.comment        0x0000000000000000       0x28
 .comment       0x0000000000000000       0x28 build/gd32vf103_adc.o
                                         0x29 (size before relaxing)
 .comment       0x0000000000000028       0x29 build/gd32vf103_eclic.o
 .comment       0x0000000000000028       0x29 build/gd32vf103_gpio.o
 .comment       0x0000000000000028       0x29 build/gd32vf103_rcu.o
 .comment       0x0000000000000028       0x29 build/gd32vf103_spi.o
 .comment       0x0000000000000028       0x29 build/gd32vf103_usart.o
 .comment       0x0000000000000028       0x29 build/system_gd32vf103.o
 .comment       0x0000000000000028       0x29 build/_exit.o
 .comment       0x0000000000000028       0x29 build/write_hex.o
 .comment       0x0000000000000028       0x29 build/n200_func.o
 .comment       0x0000000000000028       0x29 build/handlers.o
 .comment       0x0000000000000028       0x29 build/init.o
 .comment       0x0000000000000028       0x29 build/adc.o
 .comment       0x0000000000000028       0x29 build/eclicw.o
 .comment       0x0000000000000028       0x29 build/lcd.o
 .comment       0x0000000000000028       0x29 build/main.o
 .comment       0x0000000000000028       0x29 build/usart.o
 .comment       0x0000000000000028       0x29 c:/users/sebastian/downloads/mikrodatorteknik/toolchain-gd32v-v201-win/compiler/bin/../lib/gcc/riscv64-unknown-elf/8.3.0/rv32imac/ilp32\libgcc.a(divdf3.o)
 .comment       0x0000000000000028       0x29 c:/users/sebastian/downloads/mikrodatorteknik/toolchain-gd32v-v201-win/compiler/bin/../lib/gcc/riscv64-unknown-elf/8.3.0/rv32imac/ilp32\libgcc.a(ledf2.o)
 .comment       0x0000000000000028       0x29 c:/users/sebastian/downloads/mikrodatorteknik/toolchain-gd32v-v201-win/compiler/bin/../lib/gcc/riscv64-unknown-elf/8.3.0/rv32imac/ilp32\libgcc.a(muldf3.o)
 .comment       0x0000000000000028       0x29 c:/users/sebastian/downloads/mikrodatorteknik/toolchain-gd32v-v201-win/compiler/bin/../lib/gcc/riscv64-unknown-elf/8.3.0/rv32imac/ilp32\libgcc.a(floatunsidf.o)
 .comment       0x0000000000000028       0x29 c:/users/sebastian/downloads/mikrodatorteknik/toolchain-gd32v-v201-win/compiler/bin/../lib/gcc/riscv64-unknown-elf/8.3.0/rv32imac/ilp32\libgcc.a(floatundidf.o)
 .comment       0x0000000000000028       0x29 c:/users/sebastian/downloads/mikrodatorteknik/toolchain-gd32v-v201-win/compiler/bin/../lib/gcc/riscv64-unknown-elf/8.3.0/rv32imac/ilp32\libgcc.a(_lshrdi3.o)
 .comment       0x0000000000000028       0x29 c:/users/sebastian/downloads/mikrodatorteknik/toolchain-gd32v-v201-win/compiler/bin/../lib/gcc/riscv64-unknown-elf/8.3.0/rv32imac/ilp32\libgcc.a(_ashldi3.o)
 .comment       0x0000000000000028       0x29 c:/users/sebastian/downloads/mikrodatorteknik/toolchain-gd32v-v201-win/compiler/bin/../lib/gcc/riscv64-unknown-elf/8.3.0/rv32imac/ilp32\libgcc.a(_clzsi2.o)
 .comment       0x0000000000000028       0x29 c:/users/sebastian/downloads/mikrodatorteknik/toolchain-gd32v-v201-win/compiler/bin/../lib/gcc/riscv64-unknown-elf/8.3.0/rv32imac/ilp32\libgcc.a(_clz.o)
 .comment       0x0000000000000028       0x29 c:/users/sebastian/downloads/mikrodatorteknik/toolchain-gd32v-v201-win/compiler/bin/../lib/gcc/riscv64-unknown-elf/8.3.0/../../../../riscv64-unknown-elf/lib/rv32imac/ilp32\libc_nano.a(lib_a-atexit.o)
 .comment       0x0000000000000028       0x29 c:/users/sebastian/downloads/mikrodatorteknik/toolchain-gd32v-v201-win/compiler/bin/../lib/gcc/riscv64-unknown-elf/8.3.0/../../../../riscv64-unknown-elf/lib/rv32imac/ilp32\libc_nano.a(lib_a-exit.o)
 .comment       0x0000000000000028       0x29 c:/users/sebastian/downloads/mikrodatorteknik/toolchain-gd32v-v201-win/compiler/bin/../lib/gcc/riscv64-unknown-elf/8.3.0/../../../../riscv64-unknown-elf/lib/rv32imac/ilp32\libc_nano.a(lib_a-fini.o)
 .comment       0x0000000000000028       0x29 c:/users/sebastian/downloads/mikrodatorteknik/toolchain-gd32v-v201-win/compiler/bin/../lib/gcc/riscv64-unknown-elf/8.3.0/../../../../riscv64-unknown-elf/lib/rv32imac/ilp32\libc_nano.a(lib_a-impure.o)
 .comment       0x0000000000000028       0x29 c:/users/sebastian/downloads/mikrodatorteknik/toolchain-gd32v-v201-win/compiler/bin/../lib/gcc/riscv64-unknown-elf/8.3.0/../../../../riscv64-unknown-elf/lib/rv32imac/ilp32\libc_nano.a(lib_a-init.o)
 .comment       0x0000000000000028       0x29 c:/users/sebastian/downloads/mikrodatorteknik/toolchain-gd32v-v201-win/compiler/bin/../lib/gcc/riscv64-unknown-elf/8.3.0/../../../../riscv64-unknown-elf/lib/rv32imac/ilp32\libc_nano.a(lib_a-syswrite.o)
 .comment       0x0000000000000028       0x29 c:/users/sebastian/downloads/mikrodatorteknik/toolchain-gd32v-v201-win/compiler/bin/../lib/gcc/riscv64-unknown-elf/8.3.0/../../../../riscv64-unknown-elf/lib/rv32imac/ilp32\libc_nano.a(lib_a-writer.o)
 .comment       0x0000000000000028       0x29 c:/users/sebastian/downloads/mikrodatorteknik/toolchain-gd32v-v201-win/compiler/bin/../lib/gcc/riscv64-unknown-elf/8.3.0/../../../../riscv64-unknown-elf/lib/rv32imac/ilp32\libc_nano.a(lib_a-__atexit.o)
 .comment       0x0000000000000028       0x29 c:/users/sebastian/downloads/mikrodatorteknik/toolchain-gd32v-v201-win/compiler/bin/../lib/gcc/riscv64-unknown-elf/8.3.0/../../../../riscv64-unknown-elf/lib/rv32imac/ilp32\libc_nano.a(lib_a-__call_atexit.o)
 .comment       0x0000000000000028       0x29 c:/users/sebastian/downloads/mikrodatorteknik/toolchain-gd32v-v201-win/compiler/bin/../lib/gcc/riscv64-unknown-elf/8.3.0/../../../../riscv64-unknown-elf/lib/rv32imac/ilp32\libc_nano.a(lib_a-reent.o)
 .comment       0x0000000000000028       0x29 c:/users/sebastian/downloads/mikrodatorteknik/toolchain-gd32v-v201-win/compiler/bin/../lib/gcc/riscv64-unknown-elf/8.3.0/../../../../riscv64-unknown-elf/lib/rv32imac/ilp32\libgloss_nano.a(sys_write.o)
 .comment       0x0000000000000028       0x29 c:/users/sebastian/downloads/mikrodatorteknik/toolchain-gd32v-v201-win/compiler/bin/../lib/gcc/riscv64-unknown-elf/8.3.0/../../../../riscv64-unknown-elf/lib/rv32imac/ilp32\libc_nano.a(lib_a-errno.o)

.riscv.attributes
                0x0000000000000000       0x2b
 .riscv.attributes
                0x0000000000000000       0x2b build/gd32vf103_adc.o
 .riscv.attributes
                0x000000000000002b       0x2b build/gd32vf103_eclic.o
 .riscv.attributes
                0x0000000000000056       0x2b build/gd32vf103_gpio.o
 .riscv.attributes
                0x0000000000000081       0x2b build/gd32vf103_rcu.o
 .riscv.attributes
                0x00000000000000ac       0x2b build/gd32vf103_spi.o
 .riscv.attributes
                0x00000000000000d7       0x2b build/gd32vf103_usart.o
 .riscv.attributes
                0x0000000000000102       0x2b build/system_gd32vf103.o
 .riscv.attributes
                0x000000000000012d       0x2b build/_exit.o
 .riscv.attributes
                0x0000000000000158       0x2b build/write_hex.o
 .riscv.attributes
                0x0000000000000183       0x2b build/n200_func.o
 .riscv.attributes
                0x00000000000001ae       0x2b build/handlers.o
 .riscv.attributes
                0x00000000000001d9       0x2b build/init.o
 .riscv.attributes
                0x0000000000000204       0x2b build/adc.o
 .riscv.attributes
                0x000000000000022f       0x2b build/eclicw.o
 .riscv.attributes
                0x000000000000025a       0x2b build/lcd.o
 .riscv.attributes
                0x0000000000000285       0x2b build/main.o
 .riscv.attributes
                0x00000000000002b0       0x2b build/usart.o
 .riscv.attributes
                0x00000000000002db       0x29 build/start.o
 .riscv.attributes
                0x0000000000000304       0x29 build/entry.o
 .riscv.attributes
                0x000000000000032d       0x29 build/drivers.o
 .riscv.attributes
                0x0000000000000356       0x2b c:/users/sebastian/downloads/mikrodatorteknik/toolchain-gd32v-v201-win/compiler/bin/../lib/gcc/riscv64-unknown-elf/8.3.0/rv32imac/ilp32\libgcc.a(divdf3.o)
 .riscv.attributes
                0x0000000000000381       0x2b c:/users/sebastian/downloads/mikrodatorteknik/toolchain-gd32v-v201-win/compiler/bin/../lib/gcc/riscv64-unknown-elf/8.3.0/rv32imac/ilp32\libgcc.a(ledf2.o)
 .riscv.attributes
                0x00000000000003ac       0x2b c:/users/sebastian/downloads/mikrodatorteknik/toolchain-gd32v-v201-win/compiler/bin/../lib/gcc/riscv64-unknown-elf/8.3.0/rv32imac/ilp32\libgcc.a(muldf3.o)
 .riscv.attributes
                0x00000000000003d7       0x2b c:/users/sebastian/downloads/mikrodatorteknik/toolchain-gd32v-v201-win/compiler/bin/../lib/gcc/riscv64-unknown-elf/8.3.0/rv32imac/ilp32\libgcc.a(floatunsidf.o)
 .riscv.attributes
                0x0000000000000402       0x2b c:/users/sebastian/downloads/mikrodatorteknik/toolchain-gd32v-v201-win/compiler/bin/../lib/gcc/riscv64-unknown-elf/8.3.0/rv32imac/ilp32\libgcc.a(floatundidf.o)
 .riscv.attributes
                0x000000000000042d       0x2b c:/users/sebastian/downloads/mikrodatorteknik/toolchain-gd32v-v201-win/compiler/bin/../lib/gcc/riscv64-unknown-elf/8.3.0/rv32imac/ilp32\libgcc.a(_lshrdi3.o)
 .riscv.attributes
                0x0000000000000458       0x2b c:/users/sebastian/downloads/mikrodatorteknik/toolchain-gd32v-v201-win/compiler/bin/../lib/gcc/riscv64-unknown-elf/8.3.0/rv32imac/ilp32\libgcc.a(_ashldi3.o)
 .riscv.attributes
                0x0000000000000483       0x2b c:/users/sebastian/downloads/mikrodatorteknik/toolchain-gd32v-v201-win/compiler/bin/../lib/gcc/riscv64-unknown-elf/8.3.0/rv32imac/ilp32\libgcc.a(_clzsi2.o)
 .riscv.attributes
                0x00000000000004ae       0x2b c:/users/sebastian/downloads/mikrodatorteknik/toolchain-gd32v-v201-win/compiler/bin/../lib/gcc/riscv64-unknown-elf/8.3.0/rv32imac/ilp32\libgcc.a(_clz.o)
 .riscv.attributes
                0x00000000000004d9       0x2b c:/users/sebastian/downloads/mikrodatorteknik/toolchain-gd32v-v201-win/compiler/bin/../lib/gcc/riscv64-unknown-elf/8.3.0/../../../../riscv64-unknown-elf/lib/rv32imac/ilp32\libc_nano.a(lib_a-atexit.o)
 .riscv.attributes
                0x0000000000000504       0x2b c:/users/sebastian/downloads/mikrodatorteknik/toolchain-gd32v-v201-win/compiler/bin/../lib/gcc/riscv64-unknown-elf/8.3.0/../../../../riscv64-unknown-elf/lib/rv32imac/ilp32\libc_nano.a(lib_a-exit.o)
 .riscv.attributes
                0x000000000000052f       0x2b c:/users/sebastian/downloads/mikrodatorteknik/toolchain-gd32v-v201-win/compiler/bin/../lib/gcc/riscv64-unknown-elf/8.3.0/../../../../riscv64-unknown-elf/lib/rv32imac/ilp32\libc_nano.a(lib_a-fini.o)
 .riscv.attributes
                0x000000000000055a       0x2b c:/users/sebastian/downloads/mikrodatorteknik/toolchain-gd32v-v201-win/compiler/bin/../lib/gcc/riscv64-unknown-elf/8.3.0/../../../../riscv64-unknown-elf/lib/rv32imac/ilp32\libc_nano.a(lib_a-impure.o)
 .riscv.attributes
                0x0000000000000585       0x2b c:/users/sebastian/downloads/mikrodatorteknik/toolchain-gd32v-v201-win/compiler/bin/../lib/gcc/riscv64-unknown-elf/8.3.0/../../../../riscv64-unknown-elf/lib/rv32imac/ilp32\libc_nano.a(lib_a-init.o)
 .riscv.attributes
                0x00000000000005b0       0x29 c:/users/sebastian/downloads/mikrodatorteknik/toolchain-gd32v-v201-win/compiler/bin/../lib/gcc/riscv64-unknown-elf/8.3.0/../../../../riscv64-unknown-elf/lib/rv32imac/ilp32\libc_nano.a(lib_a-memcpy-asm.o)
 .riscv.attributes
                0x00000000000005d9       0x2b c:/users/sebastian/downloads/mikrodatorteknik/toolchain-gd32v-v201-win/compiler/bin/../lib/gcc/riscv64-unknown-elf/8.3.0/../../../../riscv64-unknown-elf/lib/rv32imac/ilp32\libc_nano.a(lib_a-syswrite.o)
 .riscv.attributes
                0x0000000000000604       0x2b c:/users/sebastian/downloads/mikrodatorteknik/toolchain-gd32v-v201-win/compiler/bin/../lib/gcc/riscv64-unknown-elf/8.3.0/../../../../riscv64-unknown-elf/lib/rv32imac/ilp32\libc_nano.a(lib_a-writer.o)
 .riscv.attributes
                0x000000000000062f       0x2b c:/users/sebastian/downloads/mikrodatorteknik/toolchain-gd32v-v201-win/compiler/bin/../lib/gcc/riscv64-unknown-elf/8.3.0/../../../../riscv64-unknown-elf/lib/rv32imac/ilp32\libc_nano.a(lib_a-__atexit.o)
 .riscv.attributes
                0x000000000000065a       0x2b c:/users/sebastian/downloads/mikrodatorteknik/toolchain-gd32v-v201-win/compiler/bin/../lib/gcc/riscv64-unknown-elf/8.3.0/../../../../riscv64-unknown-elf/lib/rv32imac/ilp32\libc_nano.a(lib_a-__call_atexit.o)
 .riscv.attributes
                0x0000000000000685       0x2b c:/users/sebastian/downloads/mikrodatorteknik/toolchain-gd32v-v201-win/compiler/bin/../lib/gcc/riscv64-unknown-elf/8.3.0/../../../../riscv64-unknown-elf/lib/rv32imac/ilp32\libc_nano.a(lib_a-reent.o)
 .riscv.attributes
                0x00000000000006b0       0x2b c:/users/sebastian/downloads/mikrodatorteknik/toolchain-gd32v-v201-win/compiler/bin/../lib/gcc/riscv64-unknown-elf/8.3.0/../../../../riscv64-unknown-elf/lib/rv32imac/ilp32\libgloss_nano.a(sys_write.o)
 .riscv.attributes
                0x00000000000006db       0x2b c:/users/sebastian/downloads/mikrodatorteknik/toolchain-gd32v-v201-win/compiler/bin/../lib/gcc/riscv64-unknown-elf/8.3.0/../../../../riscv64-unknown-elf/lib/rv32imac/ilp32\libc_nano.a(lib_a-errno.o)

.debug_frame    0x0000000000000000     0x1a4c
 .debug_frame   0x0000000000000000      0x288 build/gd32vf103_adc.o
 .debug_frame   0x0000000000000288       0x90 build/gd32vf103_eclic.o
 .debug_frame   0x0000000000000318      0x144 build/gd32vf103_gpio.o
 .debug_frame   0x000000000000045c      0x2e8 build/gd32vf103_rcu.o
 .debug_frame   0x0000000000000744      0x260 build/gd32vf103_spi.o
 .debug_frame   0x00000000000009a4      0x2f0 build/gd32vf103_usart.o
 .debug_frame   0x0000000000000c94       0x30 build/system_gd32vf103.o
 .debug_frame   0x0000000000000cc4       0x2c build/_exit.o
 .debug_frame   0x0000000000000cf0       0x50 build/write_hex.o
 .debug_frame   0x0000000000000d40      0x2dc build/n200_func.o
 .debug_frame   0x000000000000101c       0x44 build/handlers.o
 .debug_frame   0x0000000000001060       0x3c build/init.o
 .debug_frame   0x000000000000109c       0x38 build/adc.o
 .debug_frame   0x00000000000010d4      0x114 build/eclicw.o
 .debug_frame   0x00000000000011e8      0x560 build/lcd.o
 .debug_frame   0x0000000000001748       0x98 build/main.o
 .debug_frame   0x00000000000017e0       0xcc build/usart.o
 .debug_frame   0x00000000000018ac       0x54 c:/users/sebastian/downloads/mikrodatorteknik/toolchain-gd32v-v201-win/compiler/bin/../lib/gcc/riscv64-unknown-elf/8.3.0/rv32imac/ilp32\libgcc.a(divdf3.o)
 .debug_frame   0x0000000000001900       0x20 c:/users/sebastian/downloads/mikrodatorteknik/toolchain-gd32v-v201-win/compiler/bin/../lib/gcc/riscv64-unknown-elf/8.3.0/rv32imac/ilp32\libgcc.a(ledf2.o)
 .debug_frame   0x0000000000001920       0x54 c:/users/sebastian/downloads/mikrodatorteknik/toolchain-gd32v-v201-win/compiler/bin/../lib/gcc/riscv64-unknown-elf/8.3.0/rv32imac/ilp32\libgcc.a(muldf3.o)
 .debug_frame   0x0000000000001974       0x34 c:/users/sebastian/downloads/mikrodatorteknik/toolchain-gd32v-v201-win/compiler/bin/../lib/gcc/riscv64-unknown-elf/8.3.0/rv32imac/ilp32\libgcc.a(floatunsidf.o)
 .debug_frame   0x00000000000019a8       0x44 c:/users/sebastian/downloads/mikrodatorteknik/toolchain-gd32v-v201-win/compiler/bin/../lib/gcc/riscv64-unknown-elf/8.3.0/rv32imac/ilp32\libgcc.a(floatundidf.o)
 .debug_frame   0x00000000000019ec       0x20 c:/users/sebastian/downloads/mikrodatorteknik/toolchain-gd32v-v201-win/compiler/bin/../lib/gcc/riscv64-unknown-elf/8.3.0/rv32imac/ilp32\libgcc.a(_lshrdi3.o)
 .debug_frame   0x0000000000001a0c       0x20 c:/users/sebastian/downloads/mikrodatorteknik/toolchain-gd32v-v201-win/compiler/bin/../lib/gcc/riscv64-unknown-elf/8.3.0/rv32imac/ilp32\libgcc.a(_ashldi3.o)
 .debug_frame   0x0000000000001a2c       0x20 c:/users/sebastian/downloads/mikrodatorteknik/toolchain-gd32v-v201-win/compiler/bin/../lib/gcc/riscv64-unknown-elf/8.3.0/rv32imac/ilp32\libgcc.a(_clzsi2.o)

Cross Reference Table

Symbol                                            File
ADC0_1_IRQHandler                                 build/start.o
ADC3powerUpInit                                   build/adc.o
                                                  build/main.o
BACK_COLOR                                        build/lcd.o
CAN0_EWMC_IRQHandler                              build/start.o
CAN0_RX0_IRQHandler                               build/start.o
CAN0_RX1_IRQHandler                               build/start.o
CAN0_TX_IRQHandler                                build/start.o
CAN1_EWMC_IRQHandler                              build/start.o
CAN1_RX0_IRQHandler                               build/start.o
CAN1_RX1_IRQHandler                               build/start.o
CAN1_TX_IRQHandler                                build/start.o
DMA0_Channel0_IRQHandler                          build/start.o
DMA0_Channel1_IRQHandler                          build/start.o
DMA0_Channel2_IRQHandler                          build/start.o
DMA0_Channel3_IRQHandler                          build/start.o
DMA0_Channel4_IRQHandler                          build/start.o
DMA0_Channel5_IRQHandler                          build/start.o
DMA0_Channel6_IRQHandler                          build/start.o
DMA1_Channel0_IRQHandler                          build/start.o
DMA1_Channel1_IRQHandler                          build/start.o
DMA1_Channel2_IRQHandler                          build/start.o
DMA1_Channel3_IRQHandler                          build/start.o
DMA1_Channel4_IRQHandler                          build/start.o
Draw_Circle                                       build/lcd.o
EXMC_IRQHandler                                   build/start.o
EXTI0_IRQHandler                                  build/start.o
EXTI10_15_IRQHandler                              build/start.o
EXTI1_IRQHandler                                  build/start.o
EXTI2_IRQHandler                                  build/start.o
EXTI3_IRQHandler                                  build/start.o
EXTI4_IRQHandler                                  build/start.o
EXTI5_9_IRQHandler                                build/start.o
FMC_IRQHandler                                    build/start.o
Hzk16                                             build/lcd.o
Hzk32                                             build/lcd.o
I2C0_ER_IRQHandler                                build/start.o
I2C0_EV_IRQHandler                                build/start.o
I2C1_ER_IRQHandler                                build/start.o
I2C1_EV_IRQHandler                                build/start.o
LCD_Address_Set                                   build/lcd.o
LCD_Clear                                         build/lcd.o
                                                  build/main.o
LCD_DrawLine                                      build/lcd.o
LCD_DrawPoint                                     build/lcd.o
LCD_DrawPoint_big                                 build/lcd.o
LCD_DrawRectangle                                 build/lcd.o
LCD_Fill                                          build/lcd.o
LCD_ShowChar                                      build/lcd.o
                                                  build/main.o
LCD_ShowChinese                                   build/lcd.o
LCD_ShowNum                                       build/lcd.o
LCD_ShowNum1                                      build/lcd.o
LCD_ShowPicture                                   build/lcd.o
LCD_ShowStr                                       build/lcd.o
                                                  build/main.o
LCD_ShowString                                    build/lcd.o
LCD_WR_DATA                                       build/lcd.o
LCD_WR_DATA8                                      build/lcd.o
LCD_WR_Queue                                      build/lcd.o
                                                  build/main.o
LCD_WR_REG                                        build/lcd.o
LCD_Wait_On_Queue                                 build/lcd.o
LCD_Writ_Bus                                      build/lcd.o
LCD_Write_Bus                                     build/lcd.o
LVD_IRQHandler                                    build/start.o
Lcd_Init                                          build/lcd.o
                                                  build/main.o
Lcd_SetType                                       build/lcd.o
                                                  build/main.o
RCU_IRQHandler                                    build/start.o
RTC_Alarm_IRQHandler                              build/start.o
RTC_IRQHandler                                    build/start.o
SPI0_IRQHandler                                   build/start.o
SPI1_IRQHandler                                   build/start.o
SPI2_IRQHandler                                   build/start.o
SystemCoreClock                                   build/system_gd32vf103.o
                                                  build/lcd.o
                                                  build/n200_func.o
SystemCoreClockUpdate                             build/system_gd32vf103.o
SystemInit                                        build/system_gd32vf103.o
                                                  build/init.o
TAMPER_IRQHandler                                 build/start.o
TIMER0_BRK_IRQHandler                             build/start.o
TIMER0_Channel_IRQHandler                         build/start.o
TIMER0_TRG_CMT_IRQHandler                         build/start.o
TIMER0_UP_IRQHandler                              build/start.o
TIMER1_IRQHandler                                 build/start.o
TIMER2_IRQHandler                                 build/start.o
TIMER3_IRQHandler                                 build/start.o
TIMER4_IRQHandler                                 build/start.o
TIMER5_IRQHandler                                 build/start.o
TIMER6_IRQHandler                                 build/start.o
UART3_IRQHandler                                  build/start.o
UART4_IRQHandler                                  build/start.o
USART0_IRQHandler                                 build/eclicw.o
                                                  build/start.o
USART1_IRQHandler                                 build/start.o
USART2_IRQHandler                                 build/start.o
USBFS_IRQHandler                                  build/start.o
USBFS_WKUP_IRQHandler                             build/start.o
WWDGT_IRQHandler                                  build/start.o
__ashldi3                                         c:/users/sebastian/downloads/mikrodatorteknik/toolchain-gd32v-v201-win/compiler/bin/../lib/gcc/riscv64-unknown-elf/8.3.0/rv32imac/ilp32\libgcc.a(_ashldi3.o)
                                                  c:/users/sebastian/downloads/mikrodatorteknik/toolchain-gd32v-v201-win/compiler/bin/../lib/gcc/riscv64-unknown-elf/8.3.0/rv32imac/ilp32\libgcc.a(floatundidf.o)
__atexit_dummy                                    c:/users/sebastian/downloads/mikrodatorteknik/toolchain-gd32v-v201-win/compiler/bin/../lib/gcc/riscv64-unknown-elf/8.3.0/../../../../riscv64-unknown-elf/lib/rv32imac/ilp32\libc_nano.a(lib_a-__atexit.o)
__bss_start                                       build/start.o
__call_exitprocs                                  c:/users/sebastian/downloads/mikrodatorteknik/toolchain-gd32v-v201-win/compiler/bin/../lib/gcc/riscv64-unknown-elf/8.3.0/../../../../riscv64-unknown-elf/lib/rv32imac/ilp32\libc_nano.a(lib_a-__call_atexit.o)
                                                  c:/users/sebastian/downloads/mikrodatorteknik/toolchain-gd32v-v201-win/compiler/bin/../lib/gcc/riscv64-unknown-elf/8.3.0/../../../../riscv64-unknown-elf/lib/rv32imac/ilp32\libc_nano.a(lib_a-__atexit.o)
                                                  c:/users/sebastian/downloads/mikrodatorteknik/toolchain-gd32v-v201-win/compiler/bin/../lib/gcc/riscv64-unknown-elf/8.3.0/../../../../riscv64-unknown-elf/lib/rv32imac/ilp32\libc_nano.a(lib_a-exit.o)
__clz_tab                                         c:/users/sebastian/downloads/mikrodatorteknik/toolchain-gd32v-v201-win/compiler/bin/../lib/gcc/riscv64-unknown-elf/8.3.0/rv32imac/ilp32\libgcc.a(_clz.o)
                                                  c:/users/sebastian/downloads/mikrodatorteknik/toolchain-gd32v-v201-win/compiler/bin/../lib/gcc/riscv64-unknown-elf/8.3.0/rv32imac/ilp32\libgcc.a(_clzsi2.o)
__clzsi2                                          c:/users/sebastian/downloads/mikrodatorteknik/toolchain-gd32v-v201-win/compiler/bin/../lib/gcc/riscv64-unknown-elf/8.3.0/rv32imac/ilp32\libgcc.a(_clzsi2.o)
                                                  c:/users/sebastian/downloads/mikrodatorteknik/toolchain-gd32v-v201-win/compiler/bin/../lib/gcc/riscv64-unknown-elf/8.3.0/rv32imac/ilp32\libgcc.a(mulsf3.o)
                                                  c:/users/sebastian/downloads/mikrodatorteknik/toolchain-gd32v-v201-win/compiler/bin/../lib/gcc/riscv64-unknown-elf/8.3.0/rv32imac/ilp32\libgcc.a(floatundidf.o)
                                                  c:/users/sebastian/downloads/mikrodatorteknik/toolchain-gd32v-v201-win/compiler/bin/../lib/gcc/riscv64-unknown-elf/8.3.0/rv32imac/ilp32\libgcc.a(floatunsidf.o)
                                                  c:/users/sebastian/downloads/mikrodatorteknik/toolchain-gd32v-v201-win/compiler/bin/../lib/gcc/riscv64-unknown-elf/8.3.0/rv32imac/ilp32\libgcc.a(muldf3.o)
                                                  c:/users/sebastian/downloads/mikrodatorteknik/toolchain-gd32v-v201-win/compiler/bin/../lib/gcc/riscv64-unknown-elf/8.3.0/rv32imac/ilp32\libgcc.a(divdf3.o)
__divdf3                                          c:/users/sebastian/downloads/mikrodatorteknik/toolchain-gd32v-v201-win/compiler/bin/../lib/gcc/riscv64-unknown-elf/8.3.0/rv32imac/ilp32\libgcc.a(divdf3.o)
                                                  build/lcd.o
__errno                                           c:/users/sebastian/downloads/mikrodatorteknik/toolchain-gd32v-v201-win/compiler/bin/../lib/gcc/riscv64-unknown-elf/8.3.0/../../../../riscv64-unknown-elf/lib/rv32imac/ilp32\libc_nano.a(lib_a-errno.o)
                                                  c:/users/sebastian/downloads/mikrodatorteknik/toolchain-gd32v-v201-win/compiler/bin/../lib/gcc/riscv64-unknown-elf/8.3.0/../../../../riscv64-unknown-elf/lib/rv32imac/ilp32\libgloss_nano.a(sys_write.o)
__fini_array_end                                  c:/users/sebastian/downloads/mikrodatorteknik/toolchain-gd32v-v201-win/compiler/bin/../lib/gcc/riscv64-unknown-elf/8.3.0/../../../../riscv64-unknown-elf/lib/rv32imac/ilp32\libc_nano.a(lib_a-fini.o)
__fini_array_start                                c:/users/sebastian/downloads/mikrodatorteknik/toolchain-gd32v-v201-win/compiler/bin/../lib/gcc/riscv64-unknown-elf/8.3.0/../../../../riscv64-unknown-elf/lib/rv32imac/ilp32\libc_nano.a(lib_a-fini.o)
__fixunssfsi                                      c:/users/sebastian/downloads/mikrodatorteknik/toolchain-gd32v-v201-win/compiler/bin/../lib/gcc/riscv64-unknown-elf/8.3.0/rv32imac/ilp32\libgcc.a(fixunssfsi.o)
                                                  build/lcd.o
__floatundidf                                     c:/users/sebastian/downloads/mikrodatorteknik/toolchain-gd32v-v201-win/compiler/bin/../lib/gcc/riscv64-unknown-elf/8.3.0/rv32imac/ilp32\libgcc.a(floatundidf.o)
                                                  build/lcd.o
__floatunsidf                                     c:/users/sebastian/downloads/mikrodatorteknik/toolchain-gd32v-v201-win/compiler/bin/../lib/gcc/riscv64-unknown-elf/8.3.0/rv32imac/ilp32\libgcc.a(floatunsidf.o)
                                                  build/lcd.o
__global_pointer$                                 build/start.o
__init_array_end                                  c:/users/sebastian/downloads/mikrodatorteknik/toolchain-gd32v-v201-win/compiler/bin/../lib/gcc/riscv64-unknown-elf/8.3.0/../../../../riscv64-unknown-elf/lib/rv32imac/ilp32\libc_nano.a(lib_a-init.o)
__init_array_start                                c:/users/sebastian/downloads/mikrodatorteknik/toolchain-gd32v-v201-win/compiler/bin/../lib/gcc/riscv64-unknown-elf/8.3.0/../../../../riscv64-unknown-elf/lib/rv32imac/ilp32\libc_nano.a(lib_a-init.o)
__ledf2                                           c:/users/sebastian/downloads/mikrodatorteknik/toolchain-gd32v-v201-win/compiler/bin/../lib/gcc/riscv64-unknown-elf/8.3.0/rv32imac/ilp32\libgcc.a(ledf2.o)
__libc_fini_array                                 c:/users/sebastian/downloads/mikrodatorteknik/toolchain-gd32v-v201-win/compiler/bin/../lib/gcc/riscv64-unknown-elf/8.3.0/../../../../riscv64-unknown-elf/lib/rv32imac/ilp32\libc_nano.a(lib_a-fini.o)
                                                  build/start.o
__libc_init_array                                 c:/users/sebastian/downloads/mikrodatorteknik/toolchain-gd32v-v201-win/compiler/bin/../lib/gcc/riscv64-unknown-elf/8.3.0/../../../../riscv64-unknown-elf/lib/rv32imac/ilp32\libc_nano.a(lib_a-init.o)
                                                  build/start.o
__lshrdi3                                         c:/users/sebastian/downloads/mikrodatorteknik/toolchain-gd32v-v201-win/compiler/bin/../lib/gcc/riscv64-unknown-elf/8.3.0/rv32imac/ilp32\libgcc.a(_lshrdi3.o)
                                                  c:/users/sebastian/downloads/mikrodatorteknik/toolchain-gd32v-v201-win/compiler/bin/../lib/gcc/riscv64-unknown-elf/8.3.0/rv32imac/ilp32\libgcc.a(floatundidf.o)
__ltdf2                                           c:/users/sebastian/downloads/mikrodatorteknik/toolchain-gd32v-v201-win/compiler/bin/../lib/gcc/riscv64-unknown-elf/8.3.0/rv32imac/ilp32\libgcc.a(ledf2.o)
                                                  build/lcd.o
__malloc_free_list                                c:/users/sebastian/downloads/mikrodatorteknik/toolchain-gd32v-v201-win/compiler/bin/../lib/gcc/riscv64-unknown-elf/8.3.0/../../../../riscv64-unknown-elf/lib/rv32imac/ilp32\libc_nano.a(lib_a-nano-mallocr.o)
                                                  c:/users/sebastian/downloads/mikrodatorteknik/toolchain-gd32v-v201-win/compiler/bin/../lib/gcc/riscv64-unknown-elf/8.3.0/../../../../riscv64-unknown-elf/lib/rv32imac/ilp32\libc_nano.a(lib_a-nano-freer.o)
__malloc_lock                                     c:/users/sebastian/downloads/mikrodatorteknik/toolchain-gd32v-v201-win/compiler/bin/../lib/gcc/riscv64-unknown-elf/8.3.0/../../../../riscv64-unknown-elf/lib/rv32imac/ilp32\libc_nano.a(lib_a-mlock.o)
                                                  c:/users/sebastian/downloads/mikrodatorteknik/toolchain-gd32v-v201-win/compiler/bin/../lib/gcc/riscv64-unknown-elf/8.3.0/../../../../riscv64-unknown-elf/lib/rv32imac/ilp32\libc_nano.a(lib_a-nano-mallocr.o)
                                                  c:/users/sebastian/downloads/mikrodatorteknik/toolchain-gd32v-v201-win/compiler/bin/../lib/gcc/riscv64-unknown-elf/8.3.0/../../../../riscv64-unknown-elf/lib/rv32imac/ilp32\libc_nano.a(lib_a-nano-freer.o)
__malloc_sbrk_start                               c:/users/sebastian/downloads/mikrodatorteknik/toolchain-gd32v-v201-win/compiler/bin/../lib/gcc/riscv64-unknown-elf/8.3.0/../../../../riscv64-unknown-elf/lib/rv32imac/ilp32\libc_nano.a(lib_a-nano-mallocr.o)
__malloc_unlock                                   c:/users/sebastian/downloads/mikrodatorteknik/toolchain-gd32v-v201-win/compiler/bin/../lib/gcc/riscv64-unknown-elf/8.3.0/../../../../riscv64-unknown-elf/lib/rv32imac/ilp32\libc_nano.a(lib_a-mlock.o)
                                                  c:/users/sebastian/downloads/mikrodatorteknik/toolchain-gd32v-v201-win/compiler/bin/../lib/gcc/riscv64-unknown-elf/8.3.0/../../../../riscv64-unknown-elf/lib/rv32imac/ilp32\libc_nano.a(lib_a-nano-mallocr.o)
                                                  c:/users/sebastian/downloads/mikrodatorteknik/toolchain-gd32v-v201-win/compiler/bin/../lib/gcc/riscv64-unknown-elf/8.3.0/../../../../riscv64-unknown-elf/lib/rv32imac/ilp32\libc_nano.a(lib_a-nano-freer.o)
__muldf3                                          c:/users/sebastian/downloads/mikrodatorteknik/toolchain-gd32v-v201-win/compiler/bin/../lib/gcc/riscv64-unknown-elf/8.3.0/rv32imac/ilp32\libgcc.a(muldf3.o)
                                                  build/lcd.o
__mulsf3                                          c:/users/sebastian/downloads/mikrodatorteknik/toolchain-gd32v-v201-win/compiler/bin/../lib/gcc/riscv64-unknown-elf/8.3.0/rv32imac/ilp32\libgcc.a(mulsf3.o)
                                                  build/lcd.o
__on_exit_args                                    c:/users/sebastian/downloads/mikrodatorteknik/toolchain-gd32v-v201-win/compiler/bin/../lib/gcc/riscv64-unknown-elf/8.3.0/../../../../riscv64-unknown-elf/lib/rv32imac/ilp32\libc_nano.a(lib_a-__atexit.o)
__preinit_array_end                               c:/users/sebastian/downloads/mikrodatorteknik/toolchain-gd32v-v201-win/compiler/bin/../lib/gcc/riscv64-unknown-elf/8.3.0/../../../../riscv64-unknown-elf/lib/rv32imac/ilp32\libc_nano.a(lib_a-init.o)
__preinit_array_start                             c:/users/sebastian/downloads/mikrodatorteknik/toolchain-gd32v-v201-win/compiler/bin/../lib/gcc/riscv64-unknown-elf/8.3.0/../../../../riscv64-unknown-elf/lib/rv32imac/ilp32\libc_nano.a(lib_a-init.o)
__register_exitproc                               c:/users/sebastian/downloads/mikrodatorteknik/toolchain-gd32v-v201-win/compiler/bin/../lib/gcc/riscv64-unknown-elf/8.3.0/../../../../riscv64-unknown-elf/lib/rv32imac/ilp32\libc_nano.a(lib_a-__atexit.o)
                                                  c:/users/sebastian/downloads/mikrodatorteknik/toolchain-gd32v-v201-win/compiler/bin/../lib/gcc/riscv64-unknown-elf/8.3.0/../../../../riscv64-unknown-elf/lib/rv32imac/ilp32\libc_nano.a(lib_a-atexit.o)
__sf_fake_stderr                                  c:/users/sebastian/downloads/mikrodatorteknik/toolchain-gd32v-v201-win/compiler/bin/../lib/gcc/riscv64-unknown-elf/8.3.0/../../../../riscv64-unknown-elf/lib/rv32imac/ilp32\libc_nano.a(lib_a-impure.o)
__sf_fake_stdin                                   c:/users/sebastian/downloads/mikrodatorteknik/toolchain-gd32v-v201-win/compiler/bin/../lib/gcc/riscv64-unknown-elf/8.3.0/../../../../riscv64-unknown-elf/lib/rv32imac/ilp32\libc_nano.a(lib_a-impure.o)
__sf_fake_stdout                                  c:/users/sebastian/downloads/mikrodatorteknik/toolchain-gd32v-v201-win/compiler/bin/../lib/gcc/riscv64-unknown-elf/8.3.0/../../../../riscv64-unknown-elf/lib/rv32imac/ilp32\libc_nano.a(lib_a-impure.o)
_close                                            build/close.o
_data                                             build/start.o
_data_lma                                         build/start.o
_edata                                            build/start.o
_end                                              build/start.o
                                                  build/sbrk.o
_exit                                             build/_exit.o
                                                  c:/users/sebastian/downloads/mikrodatorteknik/toolchain-gd32v-v201-win/compiler/bin/../lib/gcc/riscv64-unknown-elf/8.3.0/../../../../riscv64-unknown-elf/lib/rv32imac/ilp32\libc_nano.a(lib_a-exit.o)
                                                  build/handlers.o
_fini                                             build/init.o
_free_r                                           c:/users/sebastian/downloads/mikrodatorteknik/toolchain-gd32v-v201-win/compiler/bin/../lib/gcc/riscv64-unknown-elf/8.3.0/../../../../riscv64-unknown-elf/lib/rv32imac/ilp32\libc_nano.a(lib_a-nano-freer.o)
                                                  c:/users/sebastian/downloads/mikrodatorteknik/toolchain-gd32v-v201-win/compiler/bin/../lib/gcc/riscv64-unknown-elf/8.3.0/../../../../riscv64-unknown-elf/lib/rv32imac/ilp32\libc_nano.a(lib_a-reent.o)
_fstat                                            build/fstat.o
_global_atexit                                    c:/users/sebastian/downloads/mikrodatorteknik/toolchain-gd32v-v201-win/compiler/bin/../lib/gcc/riscv64-unknown-elf/8.3.0/../../../../riscv64-unknown-elf/lib/rv32imac/ilp32\libc_nano.a(lib_a-__call_atexit.o)
                                                  c:/users/sebastian/downloads/mikrodatorteknik/toolchain-gd32v-v201-win/compiler/bin/../lib/gcc/riscv64-unknown-elf/8.3.0/../../../../riscv64-unknown-elf/lib/rv32imac/ilp32\libc_nano.a(lib_a-__atexit.o)
_global_impure_ptr                                c:/users/sebastian/downloads/mikrodatorteknik/toolchain-gd32v-v201-win/compiler/bin/../lib/gcc/riscv64-unknown-elf/8.3.0/../../../../riscv64-unknown-elf/lib/rv32imac/ilp32\libc_nano.a(lib_a-impure.o)
                                                  c:/users/sebastian/downloads/mikrodatorteknik/toolchain-gd32v-v201-win/compiler/bin/../lib/gcc/riscv64-unknown-elf/8.3.0/../../../../riscv64-unknown-elf/lib/rv32imac/ilp32\libc_nano.a(lib_a-exit.o)
_heap_end                                         build/sbrk.o
_impure_ptr                                       c:/users/sebastian/downloads/mikrodatorteknik/toolchain-gd32v-v201-win/compiler/bin/../lib/gcc/riscv64-unknown-elf/8.3.0/../../../../riscv64-unknown-elf/lib/rv32imac/ilp32\libc_nano.a(lib_a-impure.o)
                                                  c:/users/sebastian/downloads/mikrodatorteknik/toolchain-gd32v-v201-win/compiler/bin/../lib/gcc/riscv64-unknown-elf/8.3.0/../../../../riscv64-unknown-elf/lib/rv32imac/ilp32\libc_nano.a(lib_a-errno.o)
                                                  c:/users/sebastian/downloads/mikrodatorteknik/toolchain-gd32v-v201-win/compiler/bin/../lib/gcc/riscv64-unknown-elf/8.3.0/../../../../riscv64-unknown-elf/lib/rv32imac/ilp32\libc_nano.a(lib_a-reent.o)
                                                  c:/users/sebastian/downloads/mikrodatorteknik/toolchain-gd32v-v201-win/compiler/bin/../lib/gcc/riscv64-unknown-elf/8.3.0/../../../../riscv64-unknown-elf/lib/rv32imac/ilp32\libc_nano.a(lib_a-syswrite.o)
_init                                             build/init.o
                                                  build/start.o
_isatty                                           build/isatty.o
                                                  c:/users/sebastian/downloads/mikrodatorteknik/toolchain-gd32v-v201-win/compiler/bin/../lib/gcc/riscv64-unknown-elf/8.3.0/../../../../riscv64-unknown-elf/lib/rv32imac/ilp32\libc_nano.a(lib_a-sysisatty.o)
_lseek                                            build/lseek.o