GAS LISTING C:\Users\SEBAST~1\AppData\Local\Temp\ccMuGATj.s 			page 1


   1              		.file	"main.c"
   2              		.option nopic
   3              		.attribute arch, "rv32i2p0_m2p0_a2p0_c2p0"
   4              		.attribute unaligned_access, 0
   5              		.attribute stack_align, 16
   6              		.text
   7              	.Ltext0:
   8              		.cfi_sections	.debug_frame
   9              		.section	.text.rtcInit,"ax",@progbits
  10              		.align	1
  11              		.globl	rtcInit
  13              	rtcInit:
  14              	.LFB2:
  15              		.file 1 "main.c"
   1:main.c        **** #include "gd32vf103.h"
   2:main.c        **** #include "drivers.h"
   3:main.c        **** #include "adc.h"
   4:main.c        **** #include "lcd.h"
   5:main.c        **** #include "usart.h"
   6:main.c        **** #define EI 1
   7:main.c        **** #define DI 0
   8:main.c        **** 
   9:main.c        **** void rtcInit(void){
  16              		.loc 1 9 19
  17              		.cfi_startproc
  10:main.c        **** 	// enable power managemenet unit - perhaps enabled by default
  11:main.c        **** 	rcu_periph_clock_enable(RCU_PMU);
  18              		.loc 1 11 2
   9:main.c        **** 	// enable power managemenet unit - perhaps enabled by default
  19              		.loc 1 9 19 is_stmt 0
  20 0000 4111     		addi	sp,sp,-16
  21              	.LCFI0:
  22              		.cfi_def_cfa_offset 16
  23              		.loc 1 11 2
  24 0002 1305C071 		li	a0,1820
   9:main.c        **** 	// enable power managemenet unit - perhaps enabled by default
  25              		.loc 1 9 19
  26 0006 06C6     		sw	ra,12(sp)
  27              		.cfi_offset 1, -4
  28              		.loc 1 11 2
  29 0008 97000000 		call	rcu_periph_clock_enable
  29      E7800000 
  30              	.LVL0:
  12:main.c        **** 	// enable write access to the registers in the backup domain
  13:main.c        **** 	pmu_backup_write_enable();
  31              		.loc 1 13 2 is_stmt 1
  32 0010 97000000 		call	pmu_backup_write_enable
  32      E7800000 
  33              	.LVL1:
  14:main.c        **** 	// enable backup domain
  15:main.c        **** 	rcu_periph_clock_enable(RCU_BKPI);
  34              		.loc 1 15 2
  35 0018 1305B071 		li	a0,1819
  36 001c 97000000 		call	rcu_periph_clock_enable
  36      E7800000 
  37              	.LVL2:
  16:main.c        **** 	// reset backup domain registers
GAS LISTING C:\Users\SEBAST~1\AppData\Local\Temp\ccMuGATj.s 			page 2


  17:main.c        **** 	bkp_deinit();
  38              		.loc 1 17 2
  39 0024 97000000 		call	bkp_deinit
  39      E7800000 
  40              	.LVL3:
  18:main.c        **** 	// set the results of a previous calibration procedure
  19:main.c        **** 	// bkp_rtc_calibration_value_set(x);
  20:main.c        **** 
  21:main.c        **** 	// setup RTC
  22:main.c        **** 	// enable external low speed XO
  23:main.c        **** 	//rcu_osci_on(RCU_LXTAL);
  24:main.c        **** 	if (rcu_osci_stab_wait(RCU_HXTAL))
  41              		.loc 1 24 2
  42              		.loc 1 24 6 is_stmt 0
  43 002c 4145     		li	a0,16
  44 002e 97000000 		call	rcu_osci_stab_wait
  44      E7800000 
  45              	.LVL4:
  46              		.loc 1 24 5
  47 0036 21CD     		beq	a0,zero,.L1
  25:main.c        **** 	{
  26:main.c        **** 		// use external low speed oscillaotr, i.e. 32.768 kHz
  27:main.c        **** 		rcu_rtc_clock_config(RCU_RTCSRC_HXTAL_DIV_128);
  48              		.loc 1 27 3 is_stmt 1
  49 0038 13050030 		li	a0,768
  50 003c 97000000 		call	rcu_rtc_clock_config
  50      E7800000 
  51              	.LVL5:
  28:main.c        **** 		rcu_periph_clock_enable(RCU_RTC);
  52              		.loc 1 28 3
  53 0044 0565     		li	a0,4096
  54 0046 1305F580 		addi	a0,a0,-2033
  55 004a 97000000 		call	rcu_periph_clock_enable
  55      E7800000 
  56              	.LVL6:
  29:main.c        **** 		// wait until shadow registers are synced from the backup domain
  30:main.c        **** 		// over the APB bus
  31:main.c        **** 		rtc_register_sync_wait();
  57              		.loc 1 31 3
  58 0052 97000000 		call	rtc_register_sync_wait
  58      E7800000 
  59              	.LVL7:
  32:main.c        **** 		// wait until shadow register changes are synced over APB
  33:main.c        **** 		// to the backup doamin
  34:main.c        **** 		rtc_lwoff_wait();
  60              		.loc 1 34 3
  61 005a 97000000 		call	rtc_lwoff_wait
  61      E7800000 
  62              	.LVL8:
  35:main.c        **** 		// prescale to 1 second
  36:main.c        **** 		rtc_prescaler_set(62500 - 1);
  63              		.loc 1 36 3
  64 0062 3D65     		li	a0,61440
  65 0064 13053542 		addi	a0,a0,1059
  66 0068 97000000 		call	rtc_prescaler_set
  66      E7800000 
  67              	.LVL9:
GAS LISTING C:\Users\SEBAST~1\AppData\Local\Temp\ccMuGATj.s 			page 3


  37:main.c        **** 		rtc_lwoff_wait();
  68              		.loc 1 37 3
  69 0070 97000000 		call	rtc_lwoff_wait
  69      E7800000 
  70              	.LVL10:
  38:main.c        **** 		rtc_flag_clear(RTC_INT_FLAG_SECOND);
  71              		.loc 1 38 3
  72 0078 0545     		li	a0,1
  73 007a 97000000 		call	rtc_flag_clear
  73      E7800000 
  74              	.LVL11:
  39:main.c        **** 		//rtc_interrupt_enable(RTC_INT_SECOND);
  40:main.c        **** 		rtc_lwoff_wait();
  75              		.loc 1 40 3
  41:main.c        **** 	}
  42:main.c        **** }
  76              		.loc 1 42 1 is_stmt 0
  77 0082 B240     		lw	ra,12(sp)
  78              		.cfi_remember_state
  79              		.cfi_restore 1
  80 0084 4101     		addi	sp,sp,16
  81              	.LCFI1:
  82              		.cfi_def_cfa_offset 0
  40:main.c        **** 	}
  83              		.loc 1 40 3
  84 0086 17030000 		tail	rtc_lwoff_wait
  84      67000300 
  85              	.LVL12:
  86              	.L1:
  87              	.LCFI2:
  88              		.cfi_restore_state
  89              		.loc 1 42 1
  90 008e B240     		lw	ra,12(sp)
  91              		.cfi_restore 1
  92 0090 4101     		addi	sp,sp,16
  93              	.LCFI3:
  94              		.cfi_def_cfa_offset 0
  95 0092 8280     		jr	ra
  96              		.cfi_endproc
  97              	.LFE2:
  99              		.section	.text.stateMachine,"ax",@progbits
 100              		.align	1
 101              		.globl	stateMachine
 103              	stateMachine:
 104              	.LFB3:
  43:main.c        **** 
  44:main.c        **** int stateMachine(int *pMode, char bMessage[], char cMessage[], int sendCount)
  45:main.c        **** {
 105              		.loc 1 45 1 is_stmt 1
 106              		.cfi_startproc
 107              	.LVL13:
  46:main.c        **** 	switch (*pMode)
 108              		.loc 1 46 2
 109              		.loc 1 46 10 is_stmt 0
 110 0000 1C41     		lw	a5,0(a0)
  45:main.c        **** 	switch (*pMode)
 111              		.loc 1 45 1
GAS LISTING C:\Users\SEBAST~1\AppData\Local\Temp\ccMuGATj.s 			page 4


 112 0002 4111     		addi	sp,sp,-16
 113              	.LCFI4:
 114              		.cfi_def_cfa_offset 16
 115 0004 22C4     		sw	s0,8(sp)
 116 0006 26C2     		sw	s1,4(sp)
 117 0008 06C6     		sw	ra,12(sp)
 118              		.cfi_offset 8, -8
 119              		.cfi_offset 9, -12
 120              		.cfi_offset 1, -4
 121              		.loc 1 46 2
 122 000a 0547     		li	a4,1
  45:main.c        **** 	switch (*pMode)
 123              		.loc 1 45 1
 124 000c AA84     		mv	s1,a0
 125 000e 3684     		mv	s0,a3
 126              		.loc 1 46 2
 127 0010 6381E702 		beq	a5,a4,.L5
 128 0014 0947     		li	a4,2
 129 0016 6387E702 		beq	a5,a4,.L6
 130              	.LVL14:
 131              	.L7:
  47:main.c        **** 	{
  48:main.c        **** 	case 0:
  49:main.c        **** 		
  50:main.c        **** 		break;
  51:main.c        **** 	case 1:
  52:main.c        **** 			putch(bMessage[sendCount]);
  53:main.c        **** 			sendCount++;
  54:main.c        **** 		break;
  55:main.c        **** 	case 2:
  56:main.c        **** 			putch(cMessage[sendCount]);
  57:main.c        **** 			sendCount++;
  58:main.c        **** 		break;
  59:main.c        **** 	default:
  60:main.c        **** 		break;
  61:main.c        **** 	}
  62:main.c        **** 	
  63:main.c        **** 	if (sendCount > 6)
 132              		.loc 1 63 2 is_stmt 1
 133              		.loc 1 63 5 is_stmt 0
 134 001a 9947     		li	a5,6
 135 001c 63D58700 		ble	s0,a5,.L8
  64:main.c        **** 	{
  65:main.c        **** 		*pMode = -1;
 136              		.loc 1 65 3 is_stmt 1
 137              		.loc 1 65 10 is_stmt 0
 138 0020 FD57     		li	a5,-1
 139 0022 9CC0     		sw	a5,0(s1)
  66:main.c        **** 		sendCount = 0;
 140              		.loc 1 66 3 is_stmt 1
 141              	.LVL15:
 142              		.loc 1 66 13 is_stmt 0
 143 0024 0144     		li	s0,0
 144              	.LVL16:
 145              	.L8:
  67:main.c        **** 	}
  68:main.c        **** 
GAS LISTING C:\Users\SEBAST~1\AppData\Local\Temp\ccMuGATj.s 			page 5


  69:main.c        **** 	return sendCount;
 146              		.loc 1 69 2 is_stmt 1
  70:main.c        **** }
 147              		.loc 1 70 1 is_stmt 0
 148 0026 2285     		mv	a0,s0
 149 0028 B240     		lw	ra,12(sp)
 150              		.cfi_remember_state
 151              		.cfi_restore 1
 152 002a 2244     		lw	s0,8(sp)
 153              		.cfi_restore 8
 154              	.LVL17:
 155 002c 9244     		lw	s1,4(sp)
 156              		.cfi_restore 9
 157              	.LVL18:
 158 002e 4101     		addi	sp,sp,16
 159              	.LCFI5:
 160              		.cfi_def_cfa_offset 0
 161 0030 8280     		jr	ra
 162              	.LVL19:
 163              	.L5:
 164              	.LCFI6:
 165              		.cfi_restore_state
  52:main.c        **** 			sendCount++;
 166              		.loc 1 52 4 is_stmt 1
 167 0032 B695     		add	a1,a1,a3
 168              	.LVL20:
 169 0034 03C50500 		lbu	a0,0(a1)
 170              	.LVL21:
 171              	.L10:
  56:main.c        **** 			sendCount++;
 172              		.loc 1 56 4 is_stmt 0
 173 0038 97000000 		call	putch
 173      E7800000 
 174              	.LVL22:
  57:main.c        **** 		break;
 175              		.loc 1 57 4 is_stmt 1
  57:main.c        **** 		break;
 176              		.loc 1 57 13 is_stmt 0
 177 0040 0504     		addi	s0,s0,1
 178              	.LVL23:
  58:main.c        **** 	default:
 179              		.loc 1 58 3 is_stmt 1
 180 0042 E1BF     		j	.L7
 181              	.LVL24:
 182              	.L6:
  56:main.c        **** 			sendCount++;
 183              		.loc 1 56 4
 184 0044 3696     		add	a2,a2,a3
 185              	.LVL25:
 186 0046 03450600 		lbu	a0,0(a2)
 187 004a FDB7     		j	.L10
 188              		.cfi_endproc
 189              	.LFE3:
 191              		.section	.text.startup.main,"ax",@progbits
 192              		.align	1
 193              		.globl	main
 195              	main:
GAS LISTING C:\Users\SEBAST~1\AppData\Local\Temp\ccMuGATj.s 			page 6


 196              	.LFB4:
  71:main.c        **** 
  72:main.c        **** // send each character by every loop?, prevent blocking
  73:main.c        **** 
  74:main.c        **** int main(void)
  75:main.c        **** {
 197              		.loc 1 75 1
 198              		.cfi_startproc
  76:main.c        **** 	int ms=0, s=0, key, pKey=-1, c=0, idle=0, rtc, hh, mm, ss;
 199              		.loc 1 76 2
 200              	.LVL26:
  77:main.c        **** 	int lookUpTbl[16]={1,4,7,14,2,5,8,0,3,6,9,15,10,11,12,13};
 201              		.loc 1 77 2
  75:main.c        **** 	int ms=0, s=0, key, pKey=-1, c=0, idle=0, rtc, hh, mm, ss;
 202              		.loc 1 75 1 is_stmt 0
 203 0000 5571     		addi	sp,sp,-208
 204              	.LCFI7:
 205              		.cfi_def_cfa_offset 208
 206              		.loc 1 77 6
 207 0002 B7050000 		lui	a1,%hi(.LANCHOR0)
  75:main.c        **** 	int ms=0, s=0, key, pKey=-1, c=0, idle=0, rtc, hh, mm, ss;
 208              		.loc 1 75 1
 209 0006 A2C5     		sw	s0,200(sp)
 210              		.loc 1 77 6
 211 0008 13060004 		li	a2,64
 212              		.cfi_offset 8, -8
 213 000c 13840500 		addi	s0,a1,%lo(.LANCHOR0)
 214 0010 0810     		addi	a0,sp,32
 215 0012 93850500 		addi	a1,a1,%lo(.LANCHOR0)
  75:main.c        **** 	int ms=0, s=0, key, pKey=-1, c=0, idle=0, rtc, hh, mm, ss;
 216              		.loc 1 75 1
 217 0016 86C7     		sw	ra,204(sp)
 218 0018 A6C3     		sw	s1,196(sp)
 219 001a CAC1     		sw	s2,192(sp)
 220 001c 4EDF     		sw	s3,188(sp)
 221 001e 52DD     		sw	s4,184(sp)
 222 0020 56DB     		sw	s5,180(sp)
 223 0022 5AD9     		sw	s6,176(sp)
 224 0024 5ED7     		sw	s7,172(sp)
 225 0026 62D5     		sw	s8,168(sp)
 226              		.cfi_offset 1, -4
 227              		.cfi_offset 9, -12
 228              		.cfi_offset 18, -16
 229              		.cfi_offset 19, -20
 230              		.cfi_offset 20, -24
 231              		.cfi_offset 21, -28
 232              		.cfi_offset 22, -32
 233              		.cfi_offset 23, -36
 234              		.cfi_offset 24, -40
 235              		.loc 1 77 6
 236 0028 97000000 		call	memcpy
 236      E7800000 
 237              	.LVL27:
  78:main.c        **** 	int lookUpTblK[16]={13, 15, 0, 14, 12, 9, 8, 7, 11, 6, 5, 4, 10, 3, 2, 1};
 238              		.loc 1 78 2 is_stmt 1
 239              		.loc 1 78 6 is_stmt 0
 240 0030 93050404 		addi	a1,s0,64
GAS LISTING C:\Users\SEBAST~1\AppData\Local\Temp\ccMuGATj.s 			page 7


 241 0034 13060004 		li	a2,64
 242 0038 8810     		addi	a0,sp,96
 243 003a 97000000 		call	memcpy
 243      E7800000 
 244              	.LVL28:
  79:main.c        **** 	int dac=0, speed=-100, recvCount = 0, sendCount = 0, mode = -1, correct = 1, mComp = 0;
 245              		.loc 1 79 2 is_stmt 1
 246              		.loc 1 79 55 is_stmt 0
 247 0042 FD57     		li	a5,-1
 248 0044 3EC6     		sw	a5,12(sp)
 249              	.LVL29:
  80:main.c        **** 	int adcr, tmpr;
 250              		.loc 1 80 2 is_stmt 1
  81:main.c        **** 	char digits[10][10]={"Zero ","One  ","Two  ","Three","Four ","Five ","Six  ","Seven","Eight","Nine
 251              		.loc 1 81 2
  82:main.c        **** 	char bMessage[] = {"ID-000\n"};
 252              		.loc 1 82 2
 253              		.loc 1 82 7 is_stmt 0
 254 0046 B7472D30 		li	a5,808271872
 255 004a 93879744 		addi	a5,a5,1097
 256 004e 3EC8     		sw	a5,16(sp)
  83:main.c        **** 	char cMessage[] = {"ID*000\n"};
 257              		.loc 1 83 7
 258 0050 37472A30 		li	a4,808075264
  82:main.c        **** 	char bMessage[] = {"ID-000\n"};
 259              		.loc 1 82 7
 260 0054 B7370A00 		li	a5,667648
 261 0058 93870703 		addi	a5,a5,48
 262              		.loc 1 83 7
 263 005c 13079744 		addi	a4,a4,1097
  82:main.c        **** 	char bMessage[] = {"ID-000\n"};
 264              		.loc 1 82 7
 265 0060 3ECA     		sw	a5,20(sp)
 266              		.loc 1 83 2 is_stmt 1
 267              		.loc 1 83 7 is_stmt 0
 268 0062 3ACC     		sw	a4,24(sp)
 269 0064 3ECE     		sw	a5,28(sp)
  84:main.c        **** 	
  85:main.c        **** 
  86:main.c        **** 
  87:main.c        **** 	t5omsi();                               // Initialize timer5 1kHz
 270              		.loc 1 87 2 is_stmt 1
 271 0066 97000000 		call	t5omsi
 271      E7800000 
 272              	.LVL30:
  88:main.c        **** 	colinit();                              // Initialize column toolbox
 273              		.loc 1 88 2
 274 006e 97000000 		call	colinit
 274      E7800000 
 275              	.LVL31:
  89:main.c        **** 	l88init();                              // Initialize 8*8 led toolbox
 276              		.loc 1 89 2
 277 0076 97000000 		call	l88init
 277      E7800000 
 278              	.LVL32:
  90:main.c        **** 	keyinit();                              // Initialize keyboard toolbox
 279              		.loc 1 90 2
GAS LISTING C:\Users\SEBAST~1\AppData\Local\Temp\ccMuGATj.s 			page 8


 280 007e 97000000 		call	keyinit
 280      E7800000 
 281              	.LVL33:
  91:main.c        **** 	ADC3powerUpInit(1);                     // Initialize ADC0, Ch3
 282              		.loc 1 91 2
 283 0086 0545     		li	a0,1
 284 0088 97000000 		call	ADC3powerUpInit
 284      E7800000 
 285              	.LVL34:
  92:main.c        **** 	Lcd_SetType(LCD_INVERTED);//NORMAL);                // or use LCD_INVERTED!
 286              		.loc 1 92 2
 287 0090 0545     		li	a0,1
 288 0092 97000000 		call	Lcd_SetType
 288      E7800000 
 289              	.LVL35:
  93:main.c        **** 	Lcd_Init();
 290              		.loc 1 93 2
 291 009a 97000000 		call	Lcd_Init
 291      E7800000 
 292              	.LVL36:
  94:main.c        **** 	LCD_Clear(RED);
 293              		.loc 1 94 2
 294 00a2 4165     		li	a0,65536
 295 00a4 13050580 		addi	a0,a0,-2048
 296 00a8 97000000 		call	LCD_Clear
 296      E7800000 
 297              	.LVL37:
  95:main.c        **** 	//rtcInit();                              // Initialize RTC
  96:main.c        **** 	//rtc_counter_set(3600+60+1);
  97:main.c        **** 	u0init(EI);                             // Initialize USART0 toolbox
 298              		.loc 1 97 2
 299 00b0 0545     		li	a0,1
  98:main.c        **** 	eclic_global_interrupt_enable();        // !!! INTERRUPT ENABLED !!!
  99:main.c        **** 
 100:main.c        **** 	while (1)
 101:main.c        **** 	{
 102:main.c        **** 		idle++;                             // Manage Async events
 103:main.c        **** 		LCD_WR_Queue();                     // Manage LCD com queue!
 104:main.c        **** 		//u0_TX_Queue();                      // Manage U(S)ART TX Queue!
 105:main.c        **** 		sendCount = stateMachine(&mode, bMessage, cMessage, sendCount);
 106:main.c        **** 		if (adc_flag_get(ADC0,ADC_FLAG_EOC)==SET) // ...ADC done?
 300              		.loc 1 106 7 is_stmt 0
 301 00b2 37240140 		li	s0,1073815552
 107:main.c        **** 		{
 108:main.c        **** 			if (adc_flag_get(ADC0,ADC_FLAG_EOIC)==SET)  //...ch3 or ch16?
 109:main.c        **** 			{
 110:main.c        **** 				tmpr = adc_inserted_data_read(ADC0, ADC_INSERTED_CHANNEL_0);
 111:main.c        **** 				l88mem(6,((0x680-tmpr)/5)+25);
 112:main.c        **** 				//usart_data_transmit(USART0, ((0x680-tmpr)/5)+25); // USRAT0 TX!
 113:main.c        **** 				adc_flag_clear(ADC0, ADC_FLAG_EOC);
 114:main.c        **** 				adc_flag_clear(ADC0, ADC_FLAG_EOIC);
 115:main.c        **** 			}
 116:main.c        **** 			else
 117:main.c        **** 			{
 118:main.c        **** 				adcr = adc_regular_data_read(ADC0); // ......get data
 119:main.c        **** 				l88mem(4,adcr>>8);                  // ......move data
 120:main.c        **** 				l88mem(5,adcr);                     // ......(view each ms)
GAS LISTING C:\Users\SEBAST~1\AppData\Local\Temp\ccMuGATj.s 			page 9


 121:main.c        **** 				adc_flag_clear(ADC0, ADC_FLAG_EOC); // ......clear IF
 122:main.c        **** 			}
 123:main.c        **** 		}
 124:main.c        **** 		if (usart_flag_get(USART0,USART_FLAG_RBNE)) // USART0 RX?
 302              		.loc 1 124 7
 303 00b6 B7440140 		li	s1,1073823744
  97:main.c        **** 	eclic_global_interrupt_enable();        // !!! INTERRUPT ENABLED !!!
 304              		.loc 1 97 2
 305 00ba 97000000 		call	u0init
 305      E7800000 
 306              	.LVL38:
  98:main.c        **** 	eclic_global_interrupt_enable();        // !!! INTERRUPT ENABLED !!!
 307              		.loc 1 98 2 is_stmt 1
  79:main.c        **** 	int adcr, tmpr;
 308              		.loc 1 79 40 is_stmt 0
 309 00c2 014B     		li	s6,0
  98:main.c        **** 
 310              		.loc 1 98 2
 311 00c4 97000000 		call	eclic_global_interrupt_enable
 311      E7800000 
 312              	.LVL39:
  79:main.c        **** 	int adcr, tmpr;
 313              		.loc 1 79 25
 314 00cc 8149     		li	s3,0
  76:main.c        **** 	int lookUpTbl[16]={1,4,7,14,2,5,8,0,3,6,9,15,10,11,12,13};
 315              		.loc 1 76 36
 316 00ce 0149     		li	s2,0
  76:main.c        **** 	int lookUpTbl[16]={1,4,7,14,2,5,8,0,3,6,9,15,10,11,12,13};
 317              		.loc 1 76 12
 318 00d0 814A     		li	s5,0
  76:main.c        **** 	int lookUpTbl[16]={1,4,7,14,2,5,8,0,3,6,9,15,10,11,12,13};
 319              		.loc 1 76 6
 320 00d2 014A     		li	s4,0
 106:main.c        **** 		{
 321              		.loc 1 106 7
 322 00d4 13040440 		addi	s0,s0,1024
 323              		.loc 1 124 7
 324 00d8 93840480 		addi	s1,s1,-2048
 125:main.c        **** 		{
 126:main.c        **** 			if (mComp == 1)
 127:main.c        **** 				//LCD_Fill(10, 0, 80, 25, GREEN);
 128:main.c        **** 				//LCD_Clear(RED); // Why does LCD_CLEAR not work? !
 129:main.c        **** 			mComp = 0;
 130:main.c        **** 			
 131:main.c        **** 			l88mem(6,usart_data_receive(USART0)); // Yes: Retrive & display!
 132:main.c        **** 			//LCD_ShowChar(10,50,usart_data_receive(USART0), OPAQUE, WHITE);
 133:main.c        **** 			if (usart_data_receive(USART0) == 10)
 134:main.c        **** 			{
 135:main.c        **** 				if (correct) // check correctness during each character recieve
 136:main.c        **** 					LCD_ShowStr(80, 10, "ERR", WHITE, OPAQUE);
 325              		.loc 1 136 6
 326 00dc B70B0000 		lui	s7,%hi(.LC3)
 327              	.LVL40:
 328              	.L12:
 100:main.c        **** 	{
 329              		.loc 1 100 2 is_stmt 1
 102:main.c        **** 		LCD_WR_Queue();                     // Manage LCD com queue!
GAS LISTING C:\Users\SEBAST~1\AppData\Local\Temp\ccMuGATj.s 			page 10


 330              		.loc 1 102 3
 103:main.c        **** 		//u0_TX_Queue();                      // Manage U(S)ART TX Queue!
 331              		.loc 1 103 3 is_stmt 0
 332 00e0 97000000 		call	LCD_WR_Queue
 332      E7800000 
 333              	.LVL41:
 105:main.c        **** 		if (adc_flag_get(ADC0,ADC_FLAG_EOC)==SET) // ...ADC done?
 334              		.loc 1 105 15
 335 00e8 DA86     		mv	a3,s6
 336 00ea 3008     		addi	a2,sp,24
 337 00ec 0C08     		addi	a1,sp,16
 338 00ee 6800     		addi	a0,sp,12
 339 00f0 97000000 		call	stateMachine
 339      E7800000 
 340              	.LVL42:
 341 00f8 2A8B     		mv	s6,a0
 342              	.LVL43:
 106:main.c        **** 		{
 343              		.loc 1 106 7
 344 00fa 8945     		li	a1,2
 345 00fc 2285     		mv	a0,s0
 346 00fe 97000000 		call	adc_flag_get
 346      E7800000 
 347              	.LVL44:
 106:main.c        **** 		{
 348              		.loc 1 106 6
 349 0106 8547     		li	a5,1
 102:main.c        **** 		LCD_WR_Queue();                     // Manage LCD com queue!
 350              		.loc 1 102 7
 351 0108 0509     		addi	s2,s2,1
 352              	.LVL45:
 103:main.c        **** 		//u0_TX_Queue();                      // Manage U(S)ART TX Queue!
 353              		.loc 1 103 3 is_stmt 1
 105:main.c        **** 		if (adc_flag_get(ADC0,ADC_FLAG_EOC)==SET) // ...ADC done?
 354              		.loc 1 105 3
 106:main.c        **** 		{
 355              		.loc 1 106 3
 106:main.c        **** 		{
 356              		.loc 1 106 7 is_stmt 0
 357 010a 2A8C     		mv	s8,a0
 106:main.c        **** 		{
 358              		.loc 1 106 6
 359 010c 6318F504 		bne	a0,a5,.L13
 108:main.c        **** 			{
 360              		.loc 1 108 4 is_stmt 1
 108:main.c        **** 			{
 361              		.loc 1 108 8 is_stmt 0
 362 0110 9145     		li	a1,4
 363 0112 2285     		mv	a0,s0
 364 0114 97000000 		call	adc_flag_get
 364      E7800000 
 365              	.LVL46:
 108:main.c        **** 			{
 366              		.loc 1 108 7
 367 011c 63188509 		bne	a0,s8,.L14
 110:main.c        **** 				l88mem(6,((0x680-tmpr)/5)+25);
 368              		.loc 1 110 5 is_stmt 1
GAS LISTING C:\Users\SEBAST~1\AppData\Local\Temp\ccMuGATj.s 			page 11


 110:main.c        **** 				l88mem(6,((0x680-tmpr)/5)+25);
 369              		.loc 1 110 12 is_stmt 0
 370 0120 8145     		li	a1,0
 371 0122 2285     		mv	a0,s0
 372 0124 97000000 		call	adc_inserted_data_read
 372      E7800000 
 373              	.LVL47:
 111:main.c        **** 				//usart_data_transmit(USART0, ((0x680-tmpr)/5)+25); // USRAT0 TX!
 374              		.loc 1 111 5 is_stmt 1
 111:main.c        **** 				//usart_data_transmit(USART0, ((0x680-tmpr)/5)+25); // USRAT0 TX!
 375              		.loc 1 111 21 is_stmt 0
 376 012c 93050068 		li	a1,1664
 377 0130 898D     		sub	a1,a1,a0
 111:main.c        **** 				//usart_data_transmit(USART0, ((0x680-tmpr)/5)+25); // USRAT0 TX!
 378              		.loc 1 111 27
 379 0132 1545     		li	a0,5
 380              	.LVL48:
 381 0134 B3C5A502 		div	a1,a1,a0
 111:main.c        **** 				//usart_data_transmit(USART0, ((0x680-tmpr)/5)+25); // USRAT0 TX!
 382              		.loc 1 111 5
 383 0138 1945     		li	a0,6
 384 013a E505     		addi	a1,a1,25
 385 013c 97000000 		call	l88mem
 385      E7800000 
 386              	.LVL49:
 113:main.c        **** 				adc_flag_clear(ADC0, ADC_FLAG_EOIC);
 387              		.loc 1 113 5 is_stmt 1
 388 0144 8945     		li	a1,2
 389 0146 2285     		mv	a0,s0
 390 0148 97000000 		call	adc_flag_clear
 390      E7800000 
 391              	.LVL50:
 114:main.c        **** 			}
 392              		.loc 1 114 5
 393 0150 9145     		li	a1,4
 394              	.L30:
 121:main.c        **** 			}
 395              		.loc 1 121 5 is_stmt 0
 396 0152 2285     		mv	a0,s0
 397 0154 97000000 		call	adc_flag_clear
 397      E7800000 
 398              	.LVL51:
 399              	.L13:
 124:main.c        **** 		{
 400              		.loc 1 124 3 is_stmt 1
 124:main.c        **** 		{
 401              		.loc 1 124 7 is_stmt 0
 402 015c 9545     		li	a1,5
 403 015e 2685     		mv	a0,s1
 404 0160 97000000 		call	usart_flag_get
 404      E7800000 
 405              	.LVL52:
 124:main.c        **** 		{
 406              		.loc 1 124 6
 407 0168 49C9     		beq	a0,zero,.L15
 126:main.c        **** 				//LCD_Fill(10, 0, 80, 25, GREEN);
 408              		.loc 1 126 4 is_stmt 1
GAS LISTING C:\Users\SEBAST~1\AppData\Local\Temp\ccMuGATj.s 			page 12


 131:main.c        **** 			//LCD_ShowChar(10,50,usart_data_receive(USART0), OPAQUE, WHITE);
 409              		.loc 1 131 4
 131:main.c        **** 			//LCD_ShowChar(10,50,usart_data_receive(USART0), OPAQUE, WHITE);
 410              		.loc 1 131 13 is_stmt 0
 411 016a 2685     		mv	a0,s1
 412 016c 97000000 		call	usart_data_receive
 412      E7800000 
 413              	.LVL53:
 131:main.c        **** 			//LCD_ShowChar(10,50,usart_data_receive(USART0), OPAQUE, WHITE);
 414              		.loc 1 131 4
 415 0174 AA85     		mv	a1,a0
 416 0176 1945     		li	a0,6
 417 0178 97000000 		call	l88mem
 417      E7800000 
 418              	.LVL54:
 133:main.c        **** 			{
 419              		.loc 1 133 4 is_stmt 1
 133:main.c        **** 			{
 420              		.loc 1 133 8 is_stmt 0
 421 0180 2685     		mv	a0,s1
 422 0182 97000000 		call	usart_data_receive
 422      E7800000 
 423              	.LVL55:
 133:main.c        **** 			{
 424              		.loc 1 133 7
 425 018a 294C     		li	s8,10
 426 018c 63158505 		bne	a0,s8,.L16
 135:main.c        **** 					LCD_ShowStr(80, 10, "ERR", WHITE, OPAQUE);
 427              		.loc 1 135 5 is_stmt 1
 428              		.loc 1 136 6
 429 0190 C166     		li	a3,65536
 430 0192 0147     		li	a4,0
 431 0194 FD16     		addi	a3,a3,-1
 432 0196 13860B00 		addi	a2,s7,%lo(.LC3)
 433 019a A945     		li	a1,10
 434 019c 13050005 		li	a0,80
 435 01a0 97000000 		call	LCD_ShowStr
 435      E7800000 
 436              	.LVL56:
 137:main.c        **** 				else
 138:main.c        **** 					LCD_ShowStr(80, 10, "OK!", WHITE, OPAQUE);
 139:main.c        **** 				mComp = 1;
 437              		.loc 1 139 5
 140:main.c        **** 				recvCount = 0;
 438              		.loc 1 140 5
 141:main.c        **** 				continue;
 439              		.loc 1 141 5
 140:main.c        **** 				recvCount = 0;
 440              		.loc 1 140 15 is_stmt 0
 441 01a8 8149     		li	s3,0
 442              		.loc 1 141 5
 443 01aa 1DBF     		j	.L12
 444              	.LVL57:
 445              	.L14:
 118:main.c        **** 				l88mem(4,adcr>>8);                  // ......move data
 446              		.loc 1 118 5 is_stmt 1
 118:main.c        **** 				l88mem(4,adcr>>8);                  // ......move data
GAS LISTING C:\Users\SEBAST~1\AppData\Local\Temp\ccMuGATj.s 			page 13


 447              		.loc 1 118 12 is_stmt 0
 448 01ac 2285     		mv	a0,s0
 449 01ae 97000000 		call	adc_regular_data_read
 449      E7800000 
 450              	.LVL58:
 119:main.c        **** 				l88mem(5,adcr);                     // ......(view each ms)
 451              		.loc 1 119 5
 452 01b6 93558540 		srai	a1,a0,8
 118:main.c        **** 				l88mem(4,adcr>>8);                  // ......move data
 453              		.loc 1 118 12
 454 01ba 2A8C     		mv	s8,a0
 455              	.LVL59:
 119:main.c        **** 				l88mem(5,adcr);                     // ......(view each ms)
 456              		.loc 1 119 5 is_stmt 1
 457 01bc 1145     		li	a0,4
 458              	.LVL60:
 459 01be 97000000 		call	l88mem
 459      E7800000 
 460              	.LVL61:
 120:main.c        **** 				adc_flag_clear(ADC0, ADC_FLAG_EOC); // ......clear IF
 461              		.loc 1 120 5
 462 01c6 E285     		mv	a1,s8
 463 01c8 1545     		li	a0,5
 464 01ca 97000000 		call	l88mem
 464      E7800000 
 465              	.LVL62:
 121:main.c        **** 			}
 466              		.loc 1 121 5
 467 01d2 8945     		li	a1,2
 468 01d4 BDBF     		j	.L30
 469              	.LVL63:
 470              	.L16:
 142:main.c        **** 			}
 143:main.c        **** 			LCD_ShowChar(10*recvCount + 10,10,usart_data_receive(USART0), OPAQUE, WHITE);
 471              		.loc 1 143 4
 472              		.loc 1 143 38 is_stmt 0
 473 01d6 2685     		mv	a0,s1
 474 01d8 97000000 		call	usart_data_receive
 474      E7800000 
 475              	.LVL64:
 476              		.loc 1 143 30
 477 01e0 8509     		addi	s3,s3,1
 478              	.LVL65:
 479              		.loc 1 143 4
 480 01e2 1376F50F 		andi	a2,a0,0xff
 481 01e6 33858903 		mul	a0,s3,s8
 482 01ea 4167     		li	a4,65536
 483 01ec 7D17     		addi	a4,a4,-1
 484 01ee 8146     		li	a3,0
 485 01f0 A945     		li	a1,10
 486 01f2 97000000 		call	LCD_ShowChar
 486      E7800000 
 487              	.LVL66:
 144:main.c        **** 			recvCount++;
 488              		.loc 1 144 4 is_stmt 1
 489              	.L15:
 145:main.c        **** 		}
GAS LISTING C:\Users\SEBAST~1\AppData\Local\Temp\ccMuGATj.s 			page 14


 146:main.c        **** 
 147:main.c        **** 		if (t5expq()) // Manage periodic tasks
 490              		.loc 1 147 3
 491              		.loc 1 147 7 is_stmt 0
 492 01fa 97000000 		call	t5expq
 492      E7800000 
 493              	.LVL67:
 494              		.loc 1 147 6
 495 0202 E30F05EC 		beq	a0,zero,.L12
 148:main.c        **** 		{
 149:main.c        **** 			l88row(colset());               // ...8*8LED and Keyboard
 496              		.loc 1 149 4 is_stmt 1
 497 0206 97000000 		call	colset
 497      E7800000 
 498              	.LVL68:
 499 020e 97000000 		call	l88row
 499      E7800000 
 500              	.LVL69:
 150:main.c        **** 			ms++;                           // ...One second heart beat
 501              		.loc 1 150 4
 502              		.loc 1 150 6 is_stmt 0
 503 0216 050A     		addi	s4,s4,1
 504              	.LVL70:
 151:main.c        **** 			if (ms==1000)
 505              		.loc 1 151 4 is_stmt 1
 506              		.loc 1 151 7 is_stmt 0
 507 0218 9307803E 		li	a5,1000
 508 021c 631CFA00 		bne	s4,a5,.L18
 152:main.c        **** 			{
 153:main.c        **** 				ms=0;
 509              		.loc 1 153 5 is_stmt 1
 510              	.LVL71:
 154:main.c        **** 				l88mem(0,s++);
 511              		.loc 1 154 5
 512 0220 138A1A00 		addi	s4,s5,1
 513              	.LVL72:
 514 0224 D685     		mv	a1,s5
 515 0226 0145     		li	a0,0
 516 0228 D28A     		mv	s5,s4
 517 022a 97000000 		call	l88mem
 517      E7800000 
 518              	.LVL73:
 153:main.c        **** 				l88mem(0,s++);
 519              		.loc 1 153 7 is_stmt 0
 520 0232 014A     		li	s4,0
 521              	.LVL74:
 522              	.L18:
 155:main.c        **** 			}
 156:main.c        **** 			if ((key = keyscan()) >= 0 ) // ...Any key pressed?
 523              		.loc 1 156 4 is_stmt 1
 524              		.loc 1 156 15 is_stmt 0
 525 0234 97000000 		call	keyscan
 525      E7800000 
 526              	.LVL75:
 527              		.loc 1 156 7
 528 023c 63450502 		blt	a0,zero,.L19
 157:main.c        **** 			{
GAS LISTING C:\Users\SEBAST~1\AppData\Local\Temp\ccMuGATj.s 			page 15


 158:main.c        **** 				recvCount = 0;
 529              		.loc 1 158 5 is_stmt 1
 530              	.LVL76:
 159:main.c        **** 				if (lookUpTblK[key] == 10)
 531              		.loc 1 159 5
 532              		.loc 1 159 19 is_stmt 0
 533 0240 0A05     		slli	a0,a0,2
 534              	.LVL77:
 535 0242 1C11     		addi	a5,sp,160
 536 0244 AA97     		add	a5,a5,a0
 537 0246 83A707FC 		lw	a5,-64(a5)
 538              		.loc 1 159 8
 539 024a 2947     		li	a4,10
 540 024c 6392E704 		bne	a5,a4,.L20
 160:main.c        **** 					mode = 0;
 541              		.loc 1 160 6 is_stmt 1
 542              		.loc 1 160 11 is_stmt 0
 543 0250 02C6     		sw	zero,12(sp)
 544              	.L21:
 161:main.c        **** 				else if (lookUpTblK[key] == 11)
 162:main.c        **** 					mode = 1;
 163:main.c        **** 
 164:main.c        **** 				else if (lookUpTblK[key] == 12)
 165:main.c        **** 					mode = 2;
 166:main.c        **** 				
 167:main.c        **** 				
 168:main.c        **** 
 169:main.c        **** 
 170:main.c        **** 
 171:main.c        **** 				l88mem(1,lookUpTbl[key]+(c<<4));
 545              		.loc 1 171 5 is_stmt 1
 546              		.loc 1 171 23 is_stmt 0
 547 0252 1C11     		addi	a5,sp,160
 548 0254 3E95     		add	a0,a5,a0
 549              		.loc 1 171 5
 550 0256 832505F8 		lw	a1,-128(a0)
 551 025a 0545     		li	a0,1
 158:main.c        **** 				if (lookUpTblK[key] == 10)
 552              		.loc 1 158 15
 553 025c 8149     		li	s3,0
 554              		.loc 1 171 5
 555 025e 97000000 		call	l88mem
 555      E7800000 
 556              	.LVL78:
 557              	.L19:
 172:main.c        **** 			}
 173:main.c        **** 			l88mem(2,idle>>8);              // ...Performance monitor
 558              		.loc 1 173 4 is_stmt 1
 559 0266 93558940 		srai	a1,s2,8
 560 026a 0945     		li	a0,2
 561 026c 97000000 		call	l88mem
 561      E7800000 
 562              	.LVL79:
 174:main.c        **** 			l88mem(3,idle);
 563              		.loc 1 174 4
 564 0274 CA85     		mv	a1,s2
 565 0276 0D45     		li	a0,3
GAS LISTING C:\Users\SEBAST~1\AppData\Local\Temp\ccMuGATj.s 			page 16


 566 0278 97000000 		call	l88mem
 566      E7800000 
 567              	.LVL80:
 175:main.c        **** 			idle=0;
 568              		.loc 1 175 4
 176:main.c        **** 			adc_software_trigger_enable(ADC0, //Trigger another ADC conversion!
 569              		.loc 1 176 4
 570 0280 8545     		li	a1,1
 571 0282 2285     		mv	a0,s0
 572 0284 97000000 		call	adc_software_trigger_enable
 572      E7800000 
 573              	.LVL81:
 175:main.c        **** 			idle=0;
 574              		.loc 1 175 8 is_stmt 0
 575 028c 0149     		li	s2,0
 576 028e 89BD     		j	.L12
 577              	.LVL82:
 578              	.L20:
 161:main.c        **** 					mode = 1;
 579              		.loc 1 161 10 is_stmt 1
 161:main.c        **** 					mode = 1;
 580              		.loc 1 161 13 is_stmt 0
 581 0290 2D47     		li	a4,11
 582 0292 6395E700 		bne	a5,a4,.L22
 162:main.c        **** 
 583              		.loc 1 162 6 is_stmt 1
 162:main.c        **** 
 584              		.loc 1 162 11 is_stmt 0
 585 0296 8547     		li	a5,1
 586              	.L31:
 165:main.c        **** 				
 587              		.loc 1 165 11
 588 0298 3EC6     		sw	a5,12(sp)
 589 029a 65BF     		j	.L21
 590              	.L22:
 164:main.c        **** 					mode = 2;
 591              		.loc 1 164 10 is_stmt 1
 164:main.c        **** 					mode = 2;
 592              		.loc 1 164 13 is_stmt 0
 593 029c 3147     		li	a4,12
 594 029e E39AE7FA 		bne	a5,a4,.L21
 165:main.c        **** 				
 595              		.loc 1 165 6 is_stmt 1
 165:main.c        **** 				
 596              		.loc 1 165 11 is_stmt 0
 597 02a2 8947     		li	a5,2
 598 02a4 D5BF     		j	.L31
 599              		.cfi_endproc
 600              	.LFE4:
 602              		.section	.rodata
 603              		.align	2
 604              		.set	.LANCHOR0,. + 0
 605              	.LC0:
 606 0000 01000000 		.word	1
 607 0004 04000000 		.word	4
 608 0008 07000000 		.word	7
 609 000c 0E000000 		.word	14
GAS LISTING C:\Users\SEBAST~1\AppData\Local\Temp\ccMuGATj.s 			page 17


 610 0010 02000000 		.word	2
 611 0014 05000000 		.word	5
 612 0018 08000000 		.word	8
 613 001c 00000000 		.word	0
 614 0020 03000000 		.word	3
 615 0024 06000000 		.word	6
 616 0028 09000000 		.word	9
 617 002c 0F000000 		.word	15
 618 0030 0A000000 		.word	10
 619 0034 0B000000 		.word	11
 620 0038 0C000000 		.word	12
 621 003c 0D000000 		.word	13
 622              	.LC1:
 623 0040 0D000000 		.word	13
 624 0044 0F000000 		.word	15
 625 0048 00000000 		.word	0
 626 004c 0E000000 		.word	14
 627 0050 0C000000 		.word	12
 628 0054 09000000 		.word	9
 629 0058 08000000 		.word	8
 630 005c 07000000 		.word	7
 631 0060 0B000000 		.word	11
 632 0064 06000000 		.word	6
 633 0068 05000000 		.word	5
 634 006c 04000000 		.word	4
 635 0070 0A000000 		.word	10
 636 0074 03000000 		.word	3
 637 0078 02000000 		.word	2
 638 007c 01000000 		.word	1
 639              		.section	.rodata.main.str1.4,"aMS",@progbits,1
 640              		.align	2
 641              	.LC3:
 642 0000 45525200 		.string	"ERR"
 643              		.text
 644              	.Letext0:
 645              		.file 2 "c:\\users\\sebastian\\downloads\\mikrodatorteknik\\toolchain-gd32v-v201-win\\compiler\\ri
 646              		.file 3 "c:\\users\\sebastian\\downloads\\mikrodatorteknik\\toolchain-gd32v-v201-win\\compiler\\ri
 647              		.file 4 "./../../firmware/GD32VF103_standard_peripheral/gd32vf103.h"
 648              		.file 5 "./../../firmware/GD32VF103_standard_peripheral/Include/gd32vf103_rcu.h"
 649              		.file 6 "./../../firmware/GD32VF103_standard_peripheral/Include/gd32vf103_usart.h"
 650              		.file 7 "c:\\users\\sebastian\\downloads\\mikrodatorteknik\\toolchain-gd32v-v201-win\\compiler\\li
 651              		.file 8 "c:\\users\\sebastian\\downloads\\mikrodatorteknik\\toolchain-gd32v-v201-win\\compiler\\ri
 652              		.file 9 "c:\\users\\sebastian\\downloads\\mikrodatorteknik\\toolchain-gd32v-v201-win\\compiler\\ri
 653              		.file 10 "c:\\users\\sebastian\\downloads\\mikrodatorteknik\\toolchain-gd32v-v201-win\\compiler\\r
 654              		.file 11 "./../../firmware/GD32VF103_standard_peripheral/system_gd32vf103.h"
 655              		.file 12 "c:\\users\\sebastian\\downloads\\mikrodatorteknik\\toolchain-gd32v-v201-win\\compiler\\r
 656              		.file 13 "lcd.h"
 657              		.file 14 "drivers.h"
 658              		.file 15 "adc.h"
 659              		.file 16 "usart.h"
 660              		.file 17 "./../../firmware/GD32VF103_standard_peripheral/Include/gd32vf103_eclic.h"
 661              		.file 18 "./../../firmware/GD32VF103_standard_peripheral/Include/gd32vf103_adc.h"
 662              		.file 19 "./../../firmware/GD32VF103_standard_peripheral/Include/gd32vf103_pmu.h"
 663              		.file 20 "./../../firmware/GD32VF103_standard_peripheral/Include/gd32vf103_bkp.h"
 664              		.file 21 "./../../firmware/GD32VF103_standard_peripheral/Include/gd32vf103_rtc.h"
 665              		.file 22 "<built-in>"
GAS LISTING C:\Users\SEBAST~1\AppData\Local\Temp\ccMuGATj.s 			page 18


DEFINED SYMBOLS
                            *ABS*:0000000000000000 main.c
C:\Users\SEBAST~1\AppData\Local\Temp\ccMuGATj.s:13     .text.rtcInit:0000000000000000 rtcInit
C:\Users\SEBAST~1\AppData\Local\Temp\ccMuGATj.s:17     .text.rtcInit:0000000000000000 .L0 
C:\Users\SEBAST~1\AppData\Local\Temp\ccMuGATj.s:18     .text.rtcInit:0000000000000000 .L0 
C:\Users\SEBAST~1\AppData\Local\Temp\ccMuGATj.s:19     .text.rtcInit:0000000000000000 .L0 
C:\Users\SEBAST~1\AppData\Local\Temp\ccMuGATj.s:20     .text.rtcInit:0000000000000000 .L0 
C:\Users\SEBAST~1\AppData\Local\Temp\ccMuGATj.s:22     .text.rtcInit:0000000000000002 .L0 
C:\Users\SEBAST~1\AppData\Local\Temp\ccMuGATj.s:24     .text.rtcInit:0000000000000002 .L0 
C:\Users\SEBAST~1\AppData\Local\Temp\ccMuGATj.s:26     .text.rtcInit:0000000000000006 .L0 
C:\Users\SEBAST~1\AppData\Local\Temp\ccMuGATj.s:27     .text.rtcInit:0000000000000008 .L0 
C:\Users\SEBAST~1\AppData\Local\Temp\ccMuGATj.s:29     .text.rtcInit:0000000000000008 .L0 
C:\Users\SEBAST~1\AppData\Local\Temp\ccMuGATj.s:32     .text.rtcInit:0000000000000010 .L0 
C:\Users\SEBAST~1\AppData\Local\Temp\ccMuGATj.s:35     .text.rtcInit:0000000000000018 .L0 
C:\Users\SEBAST~1\AppData\Local\Temp\ccMuGATj.s:39     .text.rtcInit:0000000000000024 .L0 
C:\Users\SEBAST~1\AppData\Local\Temp\ccMuGATj.s:42     .text.rtcInit:000000000000002c .L0 
C:\Users\SEBAST~1\AppData\Local\Temp\ccMuGATj.s:43     .text.rtcInit:000000000000002c .L0 
C:\Users\SEBAST~1\AppData\Local\Temp\ccMuGATj.s:47     .text.rtcInit:0000000000000036 .L0 
C:\Users\SEBAST~1\AppData\Local\Temp\ccMuGATj.s:49     .text.rtcInit:0000000000000038 .L0 
C:\Users\SEBAST~1\AppData\Local\Temp\ccMuGATj.s:53     .text.rtcInit:0000000000000044 .L0 
C:\Users\SEBAST~1\AppData\Local\Temp\ccMuGATj.s:58     .text.rtcInit:0000000000000052 .L0 
C:\Users\SEBAST~1\AppData\Local\Temp\ccMuGATj.s:61     .text.rtcInit:000000000000005a .L0 
C:\Users\SEBAST~1\AppData\Local\Temp\ccMuGATj.s:64     .text.rtcInit:0000000000000062 .L0 
C:\Users\SEBAST~1\AppData\Local\Temp\ccMuGATj.s:69     .text.rtcInit:0000000000000070 .L0 
C:\Users\SEBAST~1\AppData\Local\Temp\ccMuGATj.s:72     .text.rtcInit:0000000000000078 .L0 
C:\Users\SEBAST~1\AppData\Local\Temp\ccMuGATj.s:76     .text.rtcInit:0000000000000082 .L0 
C:\Users\SEBAST~1\AppData\Local\Temp\ccMuGATj.s:77     .text.rtcInit:0000000000000082 .L0 
C:\Users\SEBAST~1\AppData\Local\Temp\ccMuGATj.s:78     .text.rtcInit:0000000000000084 .L0 
C:\Users\SEBAST~1\AppData\Local\Temp\ccMuGATj.s:79     .text.rtcInit:0000000000000084 .L0 
C:\Users\SEBAST~1\AppData\Local\Temp\ccMuGATj.s:82     .text.rtcInit:0000000000000086 .L0 
C:\Users\SEBAST~1\AppData\Local\Temp\ccMuGATj.s:84     .text.rtcInit:0000000000000086 .L0 
C:\Users\SEBAST~1\AppData\Local\Temp\ccMuGATj.s:88     .text.rtcInit:000000000000008e .L0 
C:\Users\SEBAST~1\AppData\Local\Temp\ccMuGATj.s:90     .text.rtcInit:000000000000008e .L0 
C:\Users\SEBAST~1\AppData\Local\Temp\ccMuGATj.s:91     .text.rtcInit:0000000000000090 .L0 
C:\Users\SEBAST~1\AppData\Local\Temp\ccMuGATj.s:94     .text.rtcInit:0000000000000092 .L0 
C:\Users\SEBAST~1\AppData\Local\Temp\ccMuGATj.s:96     .text.rtcInit:0000000000000094 .L0 
C:\Users\SEBAST~1\AppData\Local\Temp\ccMuGATj.s:103    .text.stateMachine:0000000000000000 stateMachine
C:\Users\SEBAST~1\AppData\Local\Temp\ccMuGATj.s:106    .text.stateMachine:0000000000000000 .L0 
C:\Users\SEBAST~1\AppData\Local\Temp\ccMuGATj.s:108    .text.stateMachine:0000000000000000 .L0 
C:\Users\SEBAST~1\AppData\Local\Temp\ccMuGATj.s:109    .text.stateMachine:0000000000000000 .L0 
C:\Users\SEBAST~1\AppData\Local\Temp\ccMuGATj.s:110    .text.stateMachine:0000000000000000 .L0 
C:\Users\SEBAST~1\AppData\Local\Temp\ccMuGATj.s:112    .text.stateMachine:0000000000000002 .L0 
C:\Users\SEBAST~1\AppData\Local\Temp\ccMuGATj.s:114    .text.stateMachine:0000000000000004 .L0 
C:\Users\SEBAST~1\AppData\Local\Temp\ccMuGATj.s:118    .text.stateMachine:000000000000000a .L0 
C:\Users\SEBAST~1\AppData\Local\Temp\ccMuGATj.s:119    .text.stateMachine:000000000000000a .L0 
C:\Users\SEBAST~1\AppData\Local\Temp\ccMuGATj.s:120    .text.stateMachine:000000000000000a .L0 
C:\Users\SEBAST~1\AppData\Local\Temp\ccMuGATj.s:122    .text.stateMachine:000000000000000a .L0 
C:\Users\SEBAST~1\AppData\Local\Temp\ccMuGATj.s:124    .text.stateMachine:000000000000000c .L0 
C:\Users\SEBAST~1\AppData\Local\Temp\ccMuGATj.s:127    .text.stateMachine:0000000000000010 .L0 
C:\Users\SEBAST~1\AppData\Local\Temp\ccMuGATj.s:133    .text.stateMachine:000000000000001a .L0 
C:\Users\SEBAST~1\AppData\Local\Temp\ccMuGATj.s:134    .text.stateMachine:000000000000001a .L0 
C:\Users\SEBAST~1\AppData\Local\Temp\ccMuGATj.s:137    .text.stateMachine:0000000000000020 .L0 
C:\Users\SEBAST~1\AppData\Local\Temp\ccMuGATj.s:138    .text.stateMachine:0000000000000020 .L0 
C:\Users\SEBAST~1\AppData\Local\Temp\ccMuGATj.s:142    .text.stateMachine:0000000000000024 .L0 
C:\Users\SEBAST~1\AppData\Local\Temp\ccMuGATj.s:143    .text.stateMachine:0000000000000024 .L0 
C:\Users\SEBAST~1\AppData\Local\Temp\ccMuGATj.s:147    .text.stateMachine:0000000000000026 .L0 
C:\Users\SEBAST~1\AppData\Local\Temp\ccMuGATj.s:148    .text.stateMachine:0000000000000026 .L0 
GAS LISTING C:\Users\SEBAST~1\AppData\Local\Temp\ccMuGATj.s 			page 19


C:\Users\SEBAST~1\AppData\Local\Temp\ccMuGATj.s:150    .text.stateMachine:000000000000002a .L0 
C:\Users\SEBAST~1\AppData\Local\Temp\ccMuGATj.s:151    .text.stateMachine:000000000000002a .L0 
C:\Users\SEBAST~1\AppData\Local\Temp\ccMuGATj.s:153    .text.stateMachine:000000000000002c .L0 
C:\Users\SEBAST~1\AppData\Local\Temp\ccMuGATj.s:156    .text.stateMachine:000000000000002e .L0 
C:\Users\SEBAST~1\AppData\Local\Temp\ccMuGATj.s:160    .text.stateMachine:0000000000000030 .L0 
C:\Users\SEBAST~1\AppData\Local\Temp\ccMuGATj.s:165    .text.stateMachine:0000000000000032 .L0 
C:\Users\SEBAST~1\AppData\Local\Temp\ccMuGATj.s:167    .text.stateMachine:0000000000000032 .L0 
C:\Users\SEBAST~1\AppData\Local\Temp\ccMuGATj.s:173    .text.stateMachine:0000000000000038 .L0 
C:\Users\SEBAST~1\AppData\Local\Temp\ccMuGATj.s:176    .text.stateMachine:0000000000000040 .L0 
C:\Users\SEBAST~1\AppData\Local\Temp\ccMuGATj.s:177    .text.stateMachine:0000000000000040 .L0 
C:\Users\SEBAST~1\AppData\Local\Temp\ccMuGATj.s:180    .text.stateMachine:0000000000000042 .L0 
C:\Users\SEBAST~1\AppData\Local\Temp\ccMuGATj.s:184    .text.stateMachine:0000000000000044 .L0 
C:\Users\SEBAST~1\AppData\Local\Temp\ccMuGATj.s:188    .text.stateMachine:000000000000004c .L0 
C:\Users\SEBAST~1\AppData\Local\Temp\ccMuGATj.s:195    .text.startup.main:0000000000000000 main
C:\Users\SEBAST~1\AppData\Local\Temp\ccMuGATj.s:198    .text.startup.main:0000000000000000 .L0 
C:\Users\SEBAST~1\AppData\Local\Temp\ccMuGATj.s:199    .text.startup.main:0000000000000000 .L0 
C:\Users\SEBAST~1\AppData\Local\Temp\ccMuGATj.s:201    .text.startup.main:0000000000000000 .L0 
C:\Users\SEBAST~1\AppData\Local\Temp\ccMuGATj.s:202    .text.startup.main:0000000000000000 .L0 
C:\Users\SEBAST~1\AppData\Local\Temp\ccMuGATj.s:203    .text.startup.main:0000000000000000 .L0 
C:\Users\SEBAST~1\AppData\Local\Temp\ccMuGATj.s:205    .text.startup.main:0000000000000002 .L0 
C:\Users\SEBAST~1\AppData\Local\Temp\ccMuGATj.s:207    .text.startup.main:0000000000000002 .L0 
C:\Users\SEBAST~1\AppData\Local\Temp\ccMuGATj.s:209    .text.startup.main:0000000000000006 .L0 
C:\Users\SEBAST~1\AppData\Local\Temp\ccMuGATj.s:211    .text.startup.main:0000000000000008 .L0 
C:\Users\SEBAST~1\AppData\Local\Temp\ccMuGATj.s:212    .text.startup.main:000000000000000c .L0 
C:\Users\SEBAST~1\AppData\Local\Temp\ccMuGATj.s:217    .text.startup.main:0000000000000016 .L0 
C:\Users\SEBAST~1\AppData\Local\Temp\ccMuGATj.s:226    .text.startup.main:0000000000000028 .L0 
C:\Users\SEBAST~1\AppData\Local\Temp\ccMuGATj.s:227    .text.startup.main:0000000000000028 .L0 
C:\Users\SEBAST~1\AppData\Local\Temp\ccMuGATj.s:228    .text.startup.main:0000000000000028 .L0 
C:\Users\SEBAST~1\AppData\Local\Temp\ccMuGATj.s:229    .text.startup.main:0000000000000028 .L0 
C:\Users\SEBAST~1\AppData\Local\Temp\ccMuGATj.s:230    .text.startup.main:0000000000000028 .L0 
C:\Users\SEBAST~1\AppData\Local\Temp\ccMuGATj.s:231    .text.startup.main:0000000000000028 .L0 
C:\Users\SEBAST~1\AppData\Local\Temp\ccMuGATj.s:232    .text.startup.main:0000000000000028 .L0 
C:\Users\SEBAST~1\AppData\Local\Temp\ccMuGATj.s:233    .text.startup.main:0000000000000028 .L0 
C:\Users\SEBAST~1\AppData\Local\Temp\ccMuGATj.s:234    .text.startup.main:0000000000000028 .L0 
C:\Users\SEBAST~1\AppData\Local\Temp\ccMuGATj.s:236    .text.startup.main:0000000000000028 .L0 
C:\Users\SEBAST~1\AppData\Local\Temp\ccMuGATj.s:239    .text.startup.main:0000000000000030 .L0 
C:\Users\SEBAST~1\AppData\Local\Temp\ccMuGATj.s:240    .text.startup.main:0000000000000030 .L0 
C:\Users\SEBAST~1\AppData\Local\Temp\ccMuGATj.s:246    .text.startup.main:0000000000000042 .L0 
C:\Users\SEBAST~1\AppData\Local\Temp\ccMuGATj.s:247    .text.startup.main:0000000000000042 .L0 
C:\Users\SEBAST~1\AppData\Local\Temp\ccMuGATj.s:251    .text.startup.main:0000000000000046 .L0 
C:\Users\SEBAST~1\AppData\Local\Temp\ccMuGATj.s:252    .text.startup.main:0000000000000046 .L0 
C:\Users\SEBAST~1\AppData\Local\Temp\ccMuGATj.s:253    .text.startup.main:0000000000000046 .L0 
C:\Users\SEBAST~1\AppData\Local\Temp\ccMuGATj.s:254    .text.startup.main:0000000000000046 .L0 
C:\Users\SEBAST~1\AppData\Local\Temp\ccMuGATj.s:258    .text.startup.main:0000000000000050 .L0 
C:\Users\SEBAST~1\AppData\Local\Temp\ccMuGATj.s:260    .text.startup.main:0000000000000054 .L0 
C:\Users\SEBAST~1\AppData\Local\Temp\ccMuGATj.s:263    .text.startup.main:000000000000005c .L0 
C:\Users\SEBAST~1\AppData\Local\Temp\ccMuGATj.s:265    .text.startup.main:0000000000000060 .L0 
C:\Users\SEBAST~1\AppData\Local\Temp\ccMuGATj.s:267    .text.startup.main:0000000000000062 .L0 
C:\Users\SEBAST~1\AppData\Local\Temp\ccMuGATj.s:268    .text.startup.main:0000000000000062 .L0 
C:\Users\SEBAST~1\AppData\Local\Temp\ccMuGATj.s:271    .text.startup.main:0000000000000066 .L0 
C:\Users\SEBAST~1\AppData\Local\Temp\ccMuGATj.s:274    .text.startup.main:000000000000006e .L0 
C:\Users\SEBAST~1\AppData\Local\Temp\ccMuGATj.s:277    .text.startup.main:0000000000000076 .L0 
C:\Users\SEBAST~1\AppData\Local\Temp\ccMuGATj.s:280    .text.startup.main:000000000000007e .L0 
C:\Users\SEBAST~1\AppData\Local\Temp\ccMuGATj.s:283    .text.startup.main:0000000000000086 .L0 
C:\Users\SEBAST~1\AppData\Local\Temp\ccMuGATj.s:287    .text.startup.main:0000000000000090 .L0 
C:\Users\SEBAST~1\AppData\Local\Temp\ccMuGATj.s:291    .text.startup.main:000000000000009a .L0 
C:\Users\SEBAST~1\AppData\Local\Temp\ccMuGATj.s:294    .text.startup.main:00000000000000a2 .L0 
GAS LISTING C:\Users\SEBAST~1\AppData\Local\Temp\ccMuGATj.s 			page 20


C:\Users\SEBAST~1\AppData\Local\Temp\ccMuGATj.s:299    .text.startup.main:00000000000000b0 .L0 
C:\Users\SEBAST~1\AppData\Local\Temp\ccMuGATj.s:301    .text.startup.main:00000000000000b2 .L0 
C:\Users\SEBAST~1\AppData\Local\Temp\ccMuGATj.s:303    .text.startup.main:00000000000000b6 .L0 
C:\Users\SEBAST~1\AppData\Local\Temp\ccMuGATj.s:305    .text.startup.main:00000000000000ba .L0 
C:\Users\SEBAST~1\AppData\Local\Temp\ccMuGATj.s:308    .text.startup.main:00000000000000c2 .L0 
C:\Users\SEBAST~1\AppData\Local\Temp\ccMuGATj.s:309    .text.startup.main:00000000000000c2 .L0 
C:\Users\SEBAST~1\AppData\Local\Temp\ccMuGATj.s:311    .text.startup.main:00000000000000c4 .L0 
C:\Users\SEBAST~1\AppData\Local\Temp\ccMuGATj.s:314    .text.startup.main:00000000000000cc .L0 
C:\Users\SEBAST~1\AppData\Local\Temp\ccMuGATj.s:316    .text.startup.main:00000000000000ce .L0 
C:\Users\SEBAST~1\AppData\Local\Temp\ccMuGATj.s:318    .text.startup.main:00000000000000d0 .L0 
C:\Users\SEBAST~1\AppData\Local\Temp\ccMuGATj.s:320    .text.startup.main:00000000000000d2 .L0 
C:\Users\SEBAST~1\AppData\Local\Temp\ccMuGATj.s:322    .text.startup.main:00000000000000d4 .L0 
C:\Users\SEBAST~1\AppData\Local\Temp\ccMuGATj.s:324    .text.startup.main:00000000000000d8 .L0 
C:\Users\SEBAST~1\AppData\Local\Temp\ccMuGATj.s:326    .text.startup.main:00000000000000dc .L0 
C:\Users\SEBAST~1\AppData\Local\Temp\ccMuGATj.s:330    .text.startup.main:00000000000000e0 .L0 
C:\Users\SEBAST~1\AppData\Local\Temp\ccMuGATj.s:331    .text.startup.main:00000000000000e0 .L0 
C:\Users\SEBAST~1\AppData\Local\Temp\ccMuGATj.s:332    .text.startup.main:00000000000000e0 .L0 
C:\Users\SEBAST~1\AppData\Local\Temp\ccMuGATj.s:335    .text.startup.main:00000000000000e8 .L0 
C:\Users\SEBAST~1\AppData\Local\Temp\ccMuGATj.s:344    .text.startup.main:00000000000000fa .L0 
C:\Users\SEBAST~1\AppData\Local\Temp\ccMuGATj.s:349    .text.startup.main:0000000000000106 .L0 
C:\Users\SEBAST~1\AppData\Local\Temp\ccMuGATj.s:351    .text.startup.main:0000000000000108 .L0 
C:\Users\SEBAST~1\AppData\Local\Temp\ccMuGATj.s:354    .text.startup.main:000000000000010a .L0 
C:\Users\SEBAST~1\AppData\Local\Temp\ccMuGATj.s:355    .text.startup.main:000000000000010a .L0 
C:\Users\SEBAST~1\AppData\Local\Temp\ccMuGATj.s:356    .text.startup.main:000000000000010a .L0 
C:\Users\SEBAST~1\AppData\Local\Temp\ccMuGATj.s:357    .text.startup.main:000000000000010a .L0 
C:\Users\SEBAST~1\AppData\Local\Temp\ccMuGATj.s:359    .text.startup.main:000000000000010c .L0 
C:\Users\SEBAST~1\AppData\Local\Temp\ccMuGATj.s:361    .text.startup.main:0000000000000110 .L0 
C:\Users\SEBAST~1\AppData\Local\Temp\ccMuGATj.s:362    .text.startup.main:0000000000000110 .L0 
C:\Users\SEBAST~1\AppData\Local\Temp\ccMuGATj.s:367    .text.startup.main:000000000000011c .L0 
C:\Users\SEBAST~1\AppData\Local\Temp\ccMuGATj.s:369    .text.startup.main:0000000000000120 .L0 
C:\Users\SEBAST~1\AppData\Local\Temp\ccMuGATj.s:370    .text.startup.main:0000000000000120 .L0 
C:\Users\SEBAST~1\AppData\Local\Temp\ccMuGATj.s:375    .text.startup.main:000000000000012c .L0 
C:\Users\SEBAST~1\AppData\Local\Temp\ccMuGATj.s:376    .text.startup.main:000000000000012c .L0 
C:\Users\SEBAST~1\AppData\Local\Temp\ccMuGATj.s:379    .text.startup.main:0000000000000132 .L0 
C:\Users\SEBAST~1\AppData\Local\Temp\ccMuGATj.s:383    .text.startup.main:0000000000000138 .L0 
C:\Users\SEBAST~1\AppData\Local\Temp\ccMuGATj.s:388    .text.startup.main:0000000000000144 .L0 
C:\Users\SEBAST~1\AppData\Local\Temp\ccMuGATj.s:393    .text.startup.main:0000000000000150 .L0 
C:\Users\SEBAST~1\AppData\Local\Temp\ccMuGATj.s:396    .text.startup.main:0000000000000152 .L0 
C:\Users\SEBAST~1\AppData\Local\Temp\ccMuGATj.s:401    .text.startup.main:000000000000015c .L0 
C:\Users\SEBAST~1\AppData\Local\Temp\ccMuGATj.s:402    .text.startup.main:000000000000015c .L0 
C:\Users\SEBAST~1\AppData\Local\Temp\ccMuGATj.s:407    .text.startup.main:0000000000000168 .L0 
C:\Users\SEBAST~1\AppData\Local\Temp\ccMuGATj.s:409    .text.startup.main:000000000000016a .L0 
C:\Users\SEBAST~1\AppData\Local\Temp\ccMuGATj.s:410    .text.startup.main:000000000000016a .L0 
C:\Users\SEBAST~1\AppData\Local\Temp\ccMuGATj.s:411    .text.startup.main:000000000000016a .L0 
C:\Users\SEBAST~1\AppData\Local\Temp\ccMuGATj.s:415    .text.startup.main:0000000000000174 .L0 
C:\Users\SEBAST~1\AppData\Local\Temp\ccMuGATj.s:420    .text.startup.main:0000000000000180 .L0 
C:\Users\SEBAST~1\AppData\Local\Temp\ccMuGATj.s:421    .text.startup.main:0000000000000180 .L0 
C:\Users\SEBAST~1\AppData\Local\Temp\ccMuGATj.s:425    .text.startup.main:000000000000018a .L0 
C:\Users\SEBAST~1\AppData\Local\Temp\ccMuGATj.s:428    .text.startup.main:0000000000000190 .L0 
C:\Users\SEBAST~1\AppData\Local\Temp\ccMuGATj.s:429    .text.startup.main:0000000000000190 .L0 
C:\Users\SEBAST~1\AppData\Local\Temp\ccMuGATj.s:438    .text.startup.main:00000000000001a8 .L0 
C:\Users\SEBAST~1\AppData\Local\Temp\ccMuGATj.s:439    .text.startup.main:00000000000001a8 .L0 
C:\Users\SEBAST~1\AppData\Local\Temp\ccMuGATj.s:440    .text.startup.main:00000000000001a8 .L0 
C:\Users\SEBAST~1\AppData\Local\Temp\ccMuGATj.s:441    .text.startup.main:00000000000001a8 .L0 
C:\Users\SEBAST~1\AppData\Local\Temp\ccMuGATj.s:443    .text.startup.main:00000000000001aa .L0 
C:\Users\SEBAST~1\AppData\Local\Temp\ccMuGATj.s:447    .text.startup.main:00000000000001ac .L0 
C:\Users\SEBAST~1\AppData\Local\Temp\ccMuGATj.s:448    .text.startup.main:00000000000001ac .L0 
GAS LISTING C:\Users\SEBAST~1\AppData\Local\Temp\ccMuGATj.s 			page 21


C:\Users\SEBAST~1\AppData\Local\Temp\ccMuGATj.s:452    .text.startup.main:00000000000001b6 .L0 
C:\Users\SEBAST~1\AppData\Local\Temp\ccMuGATj.s:454    .text.startup.main:00000000000001ba .L0 
C:\Users\SEBAST~1\AppData\Local\Temp\ccMuGATj.s:457    .text.startup.main:00000000000001bc .L0 
C:\Users\SEBAST~1\AppData\Local\Temp\ccMuGATj.s:462    .text.startup.main:00000000000001c6 .L0 
C:\Users\SEBAST~1\AppData\Local\Temp\ccMuGATj.s:467    .text.startup.main:00000000000001d2 .L0 
C:\Users\SEBAST~1\AppData\Local\Temp\ccMuGATj.s:472    .text.startup.main:00000000000001d6 .L0 
C:\Users\SEBAST~1\AppData\Local\Temp\ccMuGATj.s:473    .text.startup.main:00000000000001d6 .L0 
C:\Users\SEBAST~1\AppData\Local\Temp\ccMuGATj.s:477    .text.startup.main:00000000000001e0 .L0 
C:\Users\SEBAST~1\AppData\Local\Temp\ccMuGATj.s:480    .text.startup.main:00000000000001e2 .L0 
C:\Users\SEBAST~1\AppData\Local\Temp\ccMuGATj.s:490    .text.startup.main:00000000000001fa .L0 
C:\Users\SEBAST~1\AppData\Local\Temp\ccMuGATj.s:491    .text.startup.main:00000000000001fa .L0 
C:\Users\SEBAST~1\AppData\Local\Temp\ccMuGATj.s:492    .text.startup.main:00000000000001fa .L0 
C:\Users\SEBAST~1\AppData\Local\Temp\ccMuGATj.s:495    .text.startup.main:0000000000000202 .L0 
C:\Users\SEBAST~1\AppData\Local\Temp\ccMuGATj.s:497    .text.startup.main:0000000000000206 .L0 
C:\Users\SEBAST~1\AppData\Local\Temp\ccMuGATj.s:502    .text.startup.main:0000000000000216 .L0 
C:\Users\SEBAST~1\AppData\Local\Temp\ccMuGATj.s:503    .text.startup.main:0000000000000216 .L0 
C:\Users\SEBAST~1\AppData\Local\Temp\ccMuGATj.s:506    .text.startup.main:0000000000000218 .L0 
C:\Users\SEBAST~1\AppData\Local\Temp\ccMuGATj.s:507    .text.startup.main:0000000000000218 .L0 
C:\Users\SEBAST~1\AppData\Local\Temp\ccMuGATj.s:511    .text.startup.main:0000000000000220 .L0 
C:\Users\SEBAST~1\AppData\Local\Temp\ccMuGATj.s:512    .text.startup.main:0000000000000220 .L0 
C:\Users\SEBAST~1\AppData\Local\Temp\ccMuGATj.s:520    .text.startup.main:0000000000000232 .L0 
C:\Users\SEBAST~1\AppData\Local\Temp\ccMuGATj.s:524    .text.startup.main:0000000000000234 .L0 
C:\Users\SEBAST~1\AppData\Local\Temp\ccMuGATj.s:525    .text.startup.main:0000000000000234 .L0 
C:\Users\SEBAST~1\AppData\Local\Temp\ccMuGATj.s:528    .text.startup.main:000000000000023c .L0 
C:\Users\SEBAST~1\AppData\Local\Temp\ccMuGATj.s:531    .text.startup.main:0000000000000240 .L0 
C:\Users\SEBAST~1\AppData\Local\Temp\ccMuGATj.s:532    .text.startup.main:0000000000000240 .L0 
C:\Users\SEBAST~1\AppData\Local\Temp\ccMuGATj.s:533    .text.startup.main:0000000000000240 .L0 
C:\Users\SEBAST~1\AppData\Local\Temp\ccMuGATj.s:539    .text.startup.main:000000000000024a .L0 
C:\Users\SEBAST~1\AppData\Local\Temp\ccMuGATj.s:542    .text.startup.main:0000000000000250 .L0 
C:\Users\SEBAST~1\AppData\Local\Temp\ccMuGATj.s:543    .text.startup.main:0000000000000250 .L0 
C:\Users\SEBAST~1\AppData\Local\Temp\ccMuGATj.s:546    .text.startup.main:0000000000000252 .L0 
C:\Users\SEBAST~1\AppData\Local\Temp\ccMuGATj.s:547    .text.startup.main:0000000000000252 .L0 
C:\Users\SEBAST~1\AppData\Local\Temp\ccMuGATj.s:550    .text.startup.main:0000000000000256 .L0 
C:\Users\SEBAST~1\AppData\Local\Temp\ccMuGATj.s:553    .text.startup.main:000000000000025c .L0 
C:\Users\SEBAST~1\AppData\Local\Temp\ccMuGATj.s:555    .text.startup.main:000000000000025e .L0 
C:\Users\SEBAST~1\AppData\Local\Temp\ccMuGATj.s:559    .text.startup.main:0000000000000266 .L0 
C:\Users\SEBAST~1\AppData\Local\Temp\ccMuGATj.s:564    .text.startup.main:0000000000000274 .L0 
C:\Users\SEBAST~1\AppData\Local\Temp\ccMuGATj.s:569    .text.startup.main:0000000000000280 .L0 
C:\Users\SEBAST~1\AppData\Local\Temp\ccMuGATj.s:570    .text.startup.main:0000000000000280 .L0 
C:\Users\SEBAST~1\AppData\Local\Temp\ccMuGATj.s:575    .text.startup.main:000000000000028c .L0 
C:\Users\SEBAST~1\AppData\Local\Temp\ccMuGATj.s:580    .text.startup.main:0000000000000290 .L0 
C:\Users\SEBAST~1\AppData\Local\Temp\ccMuGATj.s:581    .text.startup.main:0000000000000290 .L0 
C:\Users\SEBAST~1\AppData\Local\Temp\ccMuGATj.s:584    .text.startup.main:0000000000000296 .L0 
C:\Users\SEBAST~1\AppData\Local\Temp\ccMuGATj.s:585    .text.startup.main:0000000000000296 .L0 
C:\Users\SEBAST~1\AppData\Local\Temp\ccMuGATj.s:588    .text.startup.main:0000000000000298 .L0 
C:\Users\SEBAST~1\AppData\Local\Temp\ccMuGATj.s:592    .text.startup.main:000000000000029c .L0 
C:\Users\SEBAST~1\AppData\Local\Temp\ccMuGATj.s:593    .text.startup.main:000000000000029c .L0 
C:\Users\SEBAST~1\AppData\Local\Temp\ccMuGATj.s:596    .text.startup.main:00000000000002a2 .L0 
C:\Users\SEBAST~1\AppData\Local\Temp\ccMuGATj.s:597    .text.startup.main:00000000000002a2 .L0 
C:\Users\SEBAST~1\AppData\Local\Temp\ccMuGATj.s:599    .text.startup.main:00000000000002a6 .L0 
C:\Users\SEBAST~1\AppData\Local\Temp\ccMuGATj.s:604    .rodata:0000000000000000 .LANCHOR0
C:\Users\SEBAST~1\AppData\Local\Temp\ccMuGATj.s:99     .text.rtcInit:0000000000000094 .L0 
C:\Users\SEBAST~1\AppData\Local\Temp\ccMuGATj.s:191    .text.stateMachine:000000000000004c .L0 
C:\Users\SEBAST~1\AppData\Local\Temp\ccMuGATj.s:602    .text.startup.main:00000000000002a6 .L0 
                     .debug_frame:0000000000000000 .L0 
C:\Users\SEBAST~1\AppData\Local\Temp\ccMuGATj.s:86     .text.rtcInit:000000000000008e .L1
C:\Users\SEBAST~1\AppData\Local\Temp\ccMuGATj.s:163    .text.stateMachine:0000000000000032 .L5
GAS LISTING C:\Users\SEBAST~1\AppData\Local\Temp\ccMuGATj.s 			page 22


C:\Users\SEBAST~1\AppData\Local\Temp\ccMuGATj.s:182    .text.stateMachine:0000000000000044 .L6
C:\Users\SEBAST~1\AppData\Local\Temp\ccMuGATj.s:145    .text.stateMachine:0000000000000026 .L8
C:\Users\SEBAST~1\AppData\Local\Temp\ccMuGATj.s:131    .text.stateMachine:000000000000001a .L7
C:\Users\SEBAST~1\AppData\Local\Temp\ccMuGATj.s:171    .text.stateMachine:0000000000000038 .L10
C:\Users\SEBAST~1\AppData\Local\Temp\ccMuGATj.s:641    .rodata.main.str1.4:0000000000000000 .LC3
C:\Users\SEBAST~1\AppData\Local\Temp\ccMuGATj.s:399    .text.startup.main:000000000000015c .L13
C:\Users\SEBAST~1\AppData\Local\Temp\ccMuGATj.s:445    .text.startup.main:00000000000001ac .L14
C:\Users\SEBAST~1\AppData\Local\Temp\ccMuGATj.s:489    .text.startup.main:00000000000001fa .L15
C:\Users\SEBAST~1\AppData\Local\Temp\ccMuGATj.s:470    .text.startup.main:00000000000001d6 .L16
C:\Users\SEBAST~1\AppData\Local\Temp\ccMuGATj.s:328    .text.startup.main:00000000000000e0 .L12
C:\Users\SEBAST~1\AppData\Local\Temp\ccMuGATj.s:394    .text.startup.main:0000000000000152 .L30
C:\Users\SEBAST~1\AppData\Local\Temp\ccMuGATj.s:522    .text.startup.main:0000000000000234 .L18
C:\Users\SEBAST~1\AppData\Local\Temp\ccMuGATj.s:557    .text.startup.main:0000000000000266 .L19
C:\Users\SEBAST~1\AppData\Local\Temp\ccMuGATj.s:578    .text.startup.main:0000000000000290 .L20
C:\Users\SEBAST~1\AppData\Local\Temp\ccMuGATj.s:590    .text.startup.main:000000000000029c .L22
C:\Users\SEBAST~1\AppData\Local\Temp\ccMuGATj.s:544    .text.startup.main:0000000000000252 .L21
C:\Users\SEBAST~1\AppData\Local\Temp\ccMuGATj.s:586    .text.startup.main:0000000000000298 .L31
C:\Users\SEBAST~1\AppData\Local\Temp\ccMuGATj.s:3437   .debug_abbrev:0000000000000000 .Ldebug_abbrev0
C:\Users\SEBAST~1\AppData\Local\Temp\ccMuGATj.s:4674   .debug_str:000000000000014b .LASF235
C:\Users\SEBAST~1\AppData\Local\Temp\ccMuGATj.s:4882   .debug_str:000000000000069d .LASF236
C:\Users\SEBAST~1\AppData\Local\Temp\ccMuGATj.s:4818   .debug_str:0000000000000506 .LASF237
C:\Users\SEBAST~1\AppData\Local\Temp\ccMuGATj.s:4596   .debug_ranges:0000000000000000 .Ldebug_ranges0
C:\Users\SEBAST~1\AppData\Local\Temp\ccMuGATj.s:4606   .debug_line:0000000000000000 .Ldebug_line0
C:\Users\SEBAST~1\AppData\Local\Temp\ccMuGATj.s:4906   .debug_str:0000000000000708 .LASF0
C:\Users\SEBAST~1\AppData\Local\Temp\ccMuGATj.s:4734   .debug_str:000000000000031a .LASF1
C:\Users\SEBAST~1\AppData\Local\Temp\ccMuGATj.s:4690   .debug_str:0000000000000231 .LASF6
C:\Users\SEBAST~1\AppData\Local\Temp\ccMuGATj.s:4744   .debug_str:0000000000000353 .LASF2
C:\Users\SEBAST~1\AppData\Local\Temp\ccMuGATj.s:5008   .debug_str:00000000000008f0 .LASF3
C:\Users\SEBAST~1\AppData\Local\Temp\ccMuGATj.s:5068   .debug_str:0000000000000a03 .LASF4
C:\Users\SEBAST~1\AppData\Local\Temp\ccMuGATj.s:4704   .debug_str:0000000000000285 .LASF5
C:\Users\SEBAST~1\AppData\Local\Temp\ccMuGATj.s:4854   .debug_str:0000000000000618 .LASF7
C:\Users\SEBAST~1\AppData\Local\Temp\ccMuGATj.s:4808   .debug_str:00000000000004c9 .LASF8
C:\Users\SEBAST~1\AppData\Local\Temp\ccMuGATj.s:4862   .debug_str:0000000000000640 .LASF9
C:\Users\SEBAST~1\AppData\Local\Temp\ccMuGATj.s:4964   .debug_str:000000000000081c .LASF10
C:\Users\SEBAST~1\AppData\Local\Temp\ccMuGATj.s:4736   .debug_str:0000000000000326 .LASF11
C:\Users\SEBAST~1\AppData\Local\Temp\ccMuGATj.s:5052   .debug_str:00000000000009b4 .LASF12
C:\Users\SEBAST~1\AppData\Local\Temp\ccMuGATj.s:4816   .debug_str:00000000000004f6 .LASF177
C:\Users\SEBAST~1\AppData\Local\Temp\ccMuGATj.s:4988   .debug_str:00000000000008a2 .LASF13
C:\Users\SEBAST~1\AppData\Local\Temp\ccMuGATj.s:4994   .debug_str:00000000000008b8 .LASF14
C:\Users\SEBAST~1\AppData\Local\Temp\ccMuGATj.s:4996   .debug_str:00000000000008c1 .LASF15
C:\Users\SEBAST~1\AppData\Local\Temp\ccMuGATj.s:4908   .debug_str:0000000000000715 .LASF16
C:\Users\SEBAST~1\AppData\Local\Temp\ccMuGATj.s:5042   .debug_str:000000000000098c .LASF17
C:\Users\SEBAST~1\AppData\Local\Temp\ccMuGATj.s:4842   .debug_str:00000000000005c7 .LASF18
C:\Users\SEBAST~1\AppData\Local\Temp\ccMuGATj.s:4650   .debug_str:00000000000000ca .LASF19
C:\Users\SEBAST~1\AppData\Local\Temp\ccMuGATj.s:4652   .debug_str:00000000000000d5 .LASF20
C:\Users\SEBAST~1\AppData\Local\Temp\ccMuGATj.s:4654   .debug_str:00000000000000e0 .LASF21
C:\Users\SEBAST~1\AppData\Local\Temp\ccMuGATj.s:4656   .debug_str:00000000000000eb .LASF22
C:\Users\SEBAST~1\AppData\Local\Temp\ccMuGATj.s:4658   .debug_str:00000000000000f6 .LASF23
C:\Users\SEBAST~1\AppData\Local\Temp\ccMuGATj.s:4660   .debug_str:0000000000000101 .LASF24
C:\Users\SEBAST~1\AppData\Local\Temp\ccMuGATj.s:4936   .debug_str:00000000000007a3 .LASF25
C:\Users\SEBAST~1\AppData\Local\Temp\ccMuGATj.s:4726   .debug_str:00000000000002ec .LASF26
C:\Users\SEBAST~1\AppData\Local\Temp\ccMuGATj.s:4728   .debug_str:00000000000002f5 .LASF27
C:\Users\SEBAST~1\AppData\Local\Temp\ccMuGATj.s:4668   .debug_str:000000000000012f .LASF28
C:\Users\SEBAST~1\AppData\Local\Temp\ccMuGATj.s:4670   .debug_str:000000000000013a .LASF29
C:\Users\SEBAST~1\AppData\Local\Temp\ccMuGATj.s:4634   .debug_str:000000000000007e .LASF30
C:\Users\SEBAST~1\AppData\Local\Temp\ccMuGATj.s:4636   .debug_str:0000000000000088 .LASF31
C:\Users\SEBAST~1\AppData\Local\Temp\ccMuGATj.s:5054   .debug_str:00000000000009bd .LASF32
GAS LISTING C:\Users\SEBAST~1\AppData\Local\Temp\ccMuGATj.s 			page 23


C:\Users\SEBAST~1\AppData\Local\Temp\ccMuGATj.s:5056   .debug_str:00000000000009c6 .LASF33
C:\Users\SEBAST~1\AppData\Local\Temp\ccMuGATj.s:4760   .debug_str:00000000000003ca .LASF34
C:\Users\SEBAST~1\AppData\Local\Temp\ccMuGATj.s:4762   .debug_str:00000000000003d3 .LASF35
C:\Users\SEBAST~1\AppData\Local\Temp\ccMuGATj.s:5026   .debug_str:0000000000000948 .LASF36
C:\Users\SEBAST~1\AppData\Local\Temp\ccMuGATj.s:4620   .debug_str:0000000000000031 .LASF37
C:\Users\SEBAST~1\AppData\Local\Temp\ccMuGATj.s:4738   .debug_str:000000000000032e .LASF38
C:\Users\SEBAST~1\AppData\Local\Temp\ccMuGATj.s:4948   .debug_str:00000000000007dc .LASF39
C:\Users\SEBAST~1\AppData\Local\Temp\ccMuGATj.s:4822   .debug_str:0000000000000565 .LASF40
C:\Users\SEBAST~1\AppData\Local\Temp\ccMuGATj.s:4864   .debug_str:000000000000064e .LASF41
C:\Users\SEBAST~1\AppData\Local\Temp\ccMuGATj.s:4866   .debug_str:0000000000000658 .LASF42
C:\Users\SEBAST~1\AppData\Local\Temp\ccMuGATj.s:4868   .debug_str:0000000000000662 .LASF43
C:\Users\SEBAST~1\AppData\Local\Temp\ccMuGATj.s:4870   .debug_str:000000000000066c .LASF44
C:\Users\SEBAST~1\AppData\Local\Temp\ccMuGATj.s:4872   .debug_str:0000000000000676 .LASF45
C:\Users\SEBAST~1\AppData\Local\Temp\ccMuGATj.s:4858   .debug_str:000000000000062e .LASF46
C:\Users\SEBAST~1\AppData\Local\Temp\ccMuGATj.s:4860   .debug_str:0000000000000637 .LASF47
C:\Users\SEBAST~1\AppData\Local\Temp\ccMuGATj.s:4648   .debug_str:00000000000000bf .LASF48
C:\Users\SEBAST~1\AppData\Local\Temp\ccMuGATj.s:4724   .debug_str:00000000000002e3 .LASF49
C:\Users\SEBAST~1\AppData\Local\Temp\ccMuGATj.s:4666   .debug_str:0000000000000124 .LASF50
C:\Users\SEBAST~1\AppData\Local\Temp\ccMuGATj.s:4706   .debug_str:000000000000028e .LASF51
C:\Users\SEBAST~1\AppData\Local\Temp\ccMuGATj.s:4890   .debug_str:00000000000006c3 .LASF52
C:\Users\SEBAST~1\AppData\Local\Temp\ccMuGATj.s:4750   .debug_str:0000000000000383 .LASF53
C:\Users\SEBAST~1\AppData\Local\Temp\ccMuGATj.s:4782   .debug_str:0000000000000449 .LASF54
C:\Users\SEBAST~1\AppData\Local\Temp\ccMuGATj.s:4662   .debug_str:000000000000010c .LASF55
C:\Users\SEBAST~1\AppData\Local\Temp\ccMuGATj.s:5080   .debug_str:0000000000000a5c .LASF56
C:\Users\SEBAST~1\AppData\Local\Temp\ccMuGATj.s:4852   .debug_str:000000000000060c .LASF57
C:\Users\SEBAST~1\AppData\Local\Temp\ccMuGATj.s:5086   .debug_str:0000000000000a7e .LASF58
C:\Users\SEBAST~1\AppData\Local\Temp\ccMuGATj.s:4732   .debug_str:000000000000030b .LASF59
C:\Users\SEBAST~1\AppData\Local\Temp\ccMuGATj.s:5020   .debug_str:000000000000092a .LASF60
C:\Users\SEBAST~1\AppData\Local\Temp\ccMuGATj.s:4632   .debug_str:0000000000000070 .LASF61
C:\Users\SEBAST~1\AppData\Local\Temp\ccMuGATj.s:4894   .debug_str:00000000000006d3 .LASF62
C:\Users\SEBAST~1\AppData\Local\Temp\ccMuGATj.s:4780   .debug_str:0000000000000439 .LASF63
C:\Users\SEBAST~1\AppData\Local\Temp\ccMuGATj.s:5060   .debug_str:00000000000009d7 .LASF64
C:\Users\SEBAST~1\AppData\Local\Temp\ccMuGATj.s:4758   .debug_str:00000000000003ba .LASF65
C:\Users\SEBAST~1\AppData\Local\Temp\ccMuGATj.s:4740   .debug_str:0000000000000336 .LASF66
C:\Users\SEBAST~1\AppData\Local\Temp\ccMuGATj.s:4764   .debug_str:00000000000003dc .LASF67
C:\Users\SEBAST~1\AppData\Local\Temp\ccMuGATj.s:4944   .debug_str:00000000000007c6 .LASF68
C:\Users\SEBAST~1\AppData\Local\Temp\ccMuGATj.s:4998   .debug_str:00000000000008ca .LASF69
C:\Users\SEBAST~1\AppData\Local\Temp\ccMuGATj.s:5062   .debug_str:00000000000009e8 .LASF70
C:\Users\SEBAST~1\AppData\Local\Temp\ccMuGATj.s:4954   .debug_str:00000000000007f0 .LASF71
C:\Users\SEBAST~1\AppData\Local\Temp\ccMuGATj.s:4608   .debug_str:0000000000000000 .LASF72
C:\Users\SEBAST~1\AppData\Local\Temp\ccMuGATj.s:4688   .debug_str:000000000000022b .LASF73
C:\Users\SEBAST~1\AppData\Local\Temp\ccMuGATj.s:4956   .debug_str:00000000000007f8 .LASF74
C:\Users\SEBAST~1\AppData\Local\Temp\ccMuGATj.s:4938   .debug_str:00000000000007ad .LASF75
C:\Users\SEBAST~1\AppData\Local\Temp\ccMuGATj.s:4612   .debug_str:0000000000000014 .LASF76
C:\Users\SEBAST~1\AppData\Local\Temp\ccMuGATj.s:4990   .debug_str:00000000000008a8 .LASF77
C:\Users\SEBAST~1\AppData\Local\Temp\ccMuGATj.s:5048   .debug_str:00000000000009a4 .LASF78
C:\Users\SEBAST~1\AppData\Local\Temp\ccMuGATj.s:4824   .debug_str:000000000000056c .LASF79
C:\Users\SEBAST~1\AppData\Local\Temp\ccMuGATj.s:4984   .debug_str:0000000000000892 .LASF80
C:\Users\SEBAST~1\AppData\Local\Temp\ccMuGATj.s:4834   .debug_str:00000000000005a1 .LASF85
C:\Users\SEBAST~1\AppData\Local\Temp\ccMuGATj.s:5000   .debug_str:00000000000008d1 .LASF81
C:\Users\SEBAST~1\AppData\Local\Temp\ccMuGATj.s:4840   .debug_str:00000000000005bf .LASF82
C:\Users\SEBAST~1\AppData\Local\Temp\ccMuGATj.s:4898   .debug_str:00000000000006e9 .LASF83
C:\Users\SEBAST~1\AppData\Local\Temp\ccMuGATj.s:4792   .debug_str:0000000000000483 .LASF84
C:\Users\SEBAST~1\AppData\Local\Temp\ccMuGATj.s:4640   .debug_str:000000000000009a .LASF86
C:\Users\SEBAST~1\AppData\Local\Temp\ccMuGATj.s:4646   .debug_str:00000000000000b6 .LASF87
C:\Users\SEBAST~1\AppData\Local\Temp\ccMuGATj.s:5082   .debug_str:0000000000000a68 .LASF88
C:\Users\SEBAST~1\AppData\Local\Temp\ccMuGATj.s:5070   .debug_str:0000000000000a16 .LASF89
GAS LISTING C:\Users\SEBAST~1\AppData\Local\Temp\ccMuGATj.s 			page 24


C:\Users\SEBAST~1\AppData\Local\Temp\ccMuGATj.s:4916   .debug_str:0000000000000742 .LASF90
C:\Users\SEBAST~1\AppData\Local\Temp\ccMuGATj.s:4722   .debug_str:00000000000002da .LASF91
C:\Users\SEBAST~1\AppData\Local\Temp\ccMuGATj.s:5022   .debug_str:0000000000000939 .LASF92
C:\Users\SEBAST~1\AppData\Local\Temp\ccMuGATj.s:4942   .debug_str:00000000000007bc .LASF93
C:\Users\SEBAST~1\AppData\Local\Temp\ccMuGATj.s:4946   .debug_str:00000000000007d2 .LASF94
C:\Users\SEBAST~1\AppData\Local\Temp\ccMuGATj.s:5078   .debug_str:0000000000000a51 .LASF95
C:\Users\SEBAST~1\AppData\Local\Temp\ccMuGATj.s:4696   .debug_str:0000000000000246 .LASF96
C:\Users\SEBAST~1\AppData\Local\Temp\ccMuGATj.s:5076   .debug_str:0000000000000a49 .LASF97
C:\Users\SEBAST~1\AppData\Local\Temp\ccMuGATj.s:4966   .debug_str:0000000000000833 .LASF98
C:\Users\SEBAST~1\AppData\Local\Temp\ccMuGATj.s:5016   .debug_str:0000000000000912 .LASF99
C:\Users\SEBAST~1\AppData\Local\Temp\ccMuGATj.s:5040   .debug_str:0000000000000984 .LASF100
C:\Users\SEBAST~1\AppData\Local\Temp\ccMuGATj.s:4934   .debug_str:000000000000079b .LASF101
C:\Users\SEBAST~1\AppData\Local\Temp\ccMuGATj.s:5034   .debug_str:0000000000000971 .LASF102
C:\Users\SEBAST~1\AppData\Local\Temp\ccMuGATj.s:4768   .debug_str:00000000000003f1 .LASF103
C:\Users\SEBAST~1\AppData\Local\Temp\ccMuGATj.s:5036   .debug_str:0000000000000976 .LASF104
C:\Users\SEBAST~1\AppData\Local\Temp\ccMuGATj.s:4976   .debug_str:0000000000000865 .LASF105
C:\Users\SEBAST~1\AppData\Local\Temp\ccMuGATj.s:4714   .debug_str:00000000000002b5 .LASF106
C:\Users\SEBAST~1\AppData\Local\Temp\ccMuGATj.s:4810   .debug_str:00000000000004db .LASF107
C:\Users\SEBAST~1\AppData\Local\Temp\ccMuGATj.s:4932   .debug_str:0000000000000794 .LASF108
C:\Users\SEBAST~1\AppData\Local\Temp\ccMuGATj.s:4694   .debug_str:0000000000000240 .LASF109
C:\Users\SEBAST~1\AppData\Local\Temp\ccMuGATj.s:5030   .debug_str:0000000000000963 .LASF110
C:\Users\SEBAST~1\AppData\Local\Temp\ccMuGATj.s:4788   .debug_str:0000000000000475 .LASF111
C:\Users\SEBAST~1\AppData\Local\Temp\ccMuGATj.s:4616   .debug_str:0000000000000021 .LASF112
C:\Users\SEBAST~1\AppData\Local\Temp\ccMuGATj.s:4622   .debug_str:0000000000000039 .LASF113
C:\Users\SEBAST~1\AppData\Local\Temp\ccMuGATj.s:4952   .debug_str:00000000000007ea .LASF114
C:\Users\SEBAST~1\AppData\Local\Temp\ccMuGATj.s:4770   .debug_str:00000000000003f6 .LASF115
C:\Users\SEBAST~1\AppData\Local\Temp\ccMuGATj.s:4920   .debug_str:0000000000000751 .LASF116
C:\Users\SEBAST~1\AppData\Local\Temp\ccMuGATj.s:4644   .debug_str:00000000000000b0 .LASF117
C:\Users\SEBAST~1\AppData\Local\Temp\ccMuGATj.s:4974   .debug_str:000000000000085c .LASF118
C:\Users\SEBAST~1\AppData\Local\Temp\ccMuGATj.s:4800   .debug_str:00000000000004ad .LASF119
C:\Users\SEBAST~1\AppData\Local\Temp\ccMuGATj.s:5002   .debug_str:00000000000008d7 .LASF120
C:\Users\SEBAST~1\AppData\Local\Temp\ccMuGATj.s:4672   .debug_str:0000000000000145 .LASF121
C:\Users\SEBAST~1\AppData\Local\Temp\ccMuGATj.s:4926   .debug_str:000000000000076d .LASF122
C:\Users\SEBAST~1\AppData\Local\Temp\ccMuGATj.s:4814   .debug_str:00000000000004ee .LASF123
C:\Users\SEBAST~1\AppData\Local\Temp\ccMuGATj.s:4752   .debug_str:000000000000038d .LASF124
C:\Users\SEBAST~1\AppData\Local\Temp\ccMuGATj.s:4826   .debug_str:000000000000057e .LASF125
C:\Users\SEBAST~1\AppData\Local\Temp\ccMuGATj.s:4778   .debug_str:0000000000000432 .LASF126
C:\Users\SEBAST~1\AppData\Local\Temp\ccMuGATj.s:4970   .debug_str:0000000000000847 .LASF127
C:\Users\SEBAST~1\AppData\Local\Temp\ccMuGATj.s:4922   .debug_str:0000000000000757 .LASF128
C:\Users\SEBAST~1\AppData\Local\Temp\ccMuGATj.s:5032   .debug_str:000000000000096c .LASF129
C:\Users\SEBAST~1\AppData\Local\Temp\ccMuGATj.s:4856   .debug_str:0000000000000623 .LASF130
C:\Users\SEBAST~1\AppData\Local\Temp\ccMuGATj.s:4748   .debug_str:000000000000036a .LASF131
C:\Users\SEBAST~1\AppData\Local\Temp\ccMuGATj.s:5046   .debug_str:000000000000099c .LASF132
C:\Users\SEBAST~1\AppData\Local\Temp\ccMuGATj.s:4812   .debug_str:00000000000004e3 .LASF133
C:\Users\SEBAST~1\AppData\Local\Temp\ccMuGATj.s:4846   .debug_str:00000000000005db .LASF134
C:\Users\SEBAST~1\AppData\Local\Temp\ccMuGATj.s:5058   .debug_str:00000000000009cf .LASF135
C:\Users\SEBAST~1\AppData\Local\Temp\ccMuGATj.s:4710   .debug_str:00000000000002a4 .LASF136
C:\Users\SEBAST~1\AppData\Local\Temp\ccMuGATj.s:4806   .debug_str:00000000000004c4 .LASF137
C:\Users\SEBAST~1\AppData\Local\Temp\ccMuGATj.s:4888   .debug_str:00000000000006b9 .LASF138
C:\Users\SEBAST~1\AppData\Local\Temp\ccMuGATj.s:4630   .debug_str:0000000000000068 .LASF139
C:\Users\SEBAST~1\AppData\Local\Temp\ccMuGATj.s:4802   .debug_str:00000000000004b5 .LASF140
C:\Users\SEBAST~1\AppData\Local\Temp\ccMuGATj.s:4918   .debug_str:000000000000074c .LASF141
C:\Users\SEBAST~1\AppData\Local\Temp\ccMuGATj.s:4848   .debug_str:00000000000005e5 .LASF142
C:\Users\SEBAST~1\AppData\Local\Temp\ccMuGATj.s:4796   .debug_str:0000000000000497 .LASF143
C:\Users\SEBAST~1\AppData\Local\Temp\ccMuGATj.s:4876   .debug_str:0000000000000687 .LASF144
C:\Users\SEBAST~1\AppData\Local\Temp\ccMuGATj.s:4614   .debug_str:000000000000001c .LASF145
C:\Users\SEBAST~1\AppData\Local\Temp\ccMuGATj.s:4766   .debug_str:00000000000003ec .LASF146
GAS LISTING C:\Users\SEBAST~1\AppData\Local\Temp\ccMuGATj.s 			page 25


C:\Users\SEBAST~1\AppData\Local\Temp\ccMuGATj.s:4986   .debug_str:000000000000089b .LASF147
C:\Users\SEBAST~1\AppData\Local\Temp\ccMuGATj.s:4896   .debug_str:00000000000006e3 .LASF148
C:\Users\SEBAST~1\AppData\Local\Temp\ccMuGATj.s:4874   .debug_str:0000000000000680 .LASF149
C:\Users\SEBAST~1\AppData\Local\Temp\ccMuGATj.s:4892   .debug_str:00000000000006cd .LASF150
C:\Users\SEBAST~1\AppData\Local\Temp\ccMuGATj.s:4968   .debug_str:000000000000083f .LASF151
C:\Users\SEBAST~1\AppData\Local\Temp\ccMuGATj.s:4950   .debug_str:00000000000007e4 .LASF152
C:\Users\SEBAST~1\AppData\Local\Temp\ccMuGATj.s:4676   .debug_str:00000000000001d3 .LASF153
C:\Users\SEBAST~1\AppData\Local\Temp\ccMuGATj.s:5066   .debug_str:00000000000009fe .LASF154
C:\Users\SEBAST~1\AppData\Local\Temp\ccMuGATj.s:4730   .debug_str:00000000000002fe .LASF155
C:\Users\SEBAST~1\AppData\Local\Temp\ccMuGATj.s:4978   .debug_str:000000000000086b .LASF156
C:\Users\SEBAST~1\AppData\Local\Temp\ccMuGATj.s:4628   .debug_str:000000000000005b .LASF157
C:\Users\SEBAST~1\AppData\Local\Temp\ccMuGATj.s:4716   .debug_str:00000000000002bb .LASF158
C:\Users\SEBAST~1\AppData\Local\Temp\ccMuGATj.s:4884   .debug_str:00000000000006a4 .LASF159
C:\Users\SEBAST~1\AppData\Local\Temp\ccMuGATj.s:4928   .debug_str:0000000000000776 .LASF160
C:\Users\SEBAST~1\AppData\Local\Temp\ccMuGATj.s:4992   .debug_str:00000000000008b3 .LASF161
C:\Users\SEBAST~1\AppData\Local\Temp\ccMuGATj.s:5006   .debug_str:00000000000008e3 .LASF162
C:\Users\SEBAST~1\AppData\Local\Temp\ccMuGATj.s:4962   .debug_str:000000000000080e .LASF163
C:\Users\SEBAST~1\AppData\Local\Temp\ccMuGATj.s:4924   .debug_str:000000000000075f .LASF164
C:\Users\SEBAST~1\AppData\Local\Temp\ccMuGATj.s:4958   .debug_str:00000000000007ff .LASF165
C:\Users\SEBAST~1\AppData\Local\Temp\ccMuGATj.s:4828   .debug_str:0000000000000585 .LASF166
C:\Users\SEBAST~1\AppData\Local\Temp\ccMuGATj.s:5084   .debug_str:0000000000000a71 .LASF167
C:\Users\SEBAST~1\AppData\Local\Temp\ccMuGATj.s:4702   .debug_str:0000000000000277 .LASF168
C:\Users\SEBAST~1\AppData\Local\Temp\ccMuGATj.s:4980   .debug_str:0000000000000878 .LASF169
C:\Users\SEBAST~1\AppData\Local\Temp\ccMuGATj.s:5072   .debug_str:0000000000000a20 .LASF170
C:\Users\SEBAST~1\AppData\Local\Temp\ccMuGATj.s:4914   .debug_str:0000000000000733 .LASF171
C:\Users\SEBAST~1\AppData\Local\Temp\ccMuGATj.s:4642   .debug_str:000000000000009f .LASF172
C:\Users\SEBAST~1\AppData\Local\Temp\ccMuGATj.s:4910   .debug_str:000000000000071d .LASF173
C:\Users\SEBAST~1\AppData\Local\Temp\ccMuGATj.s:5044   .debug_str:0000000000000995 .LASF174
C:\Users\SEBAST~1\AppData\Local\Temp\ccMuGATj.s:4878   .debug_str:000000000000068f .LASF175
C:\Users\SEBAST~1\AppData\Local\Temp\ccMuGATj.s:4638   .debug_str:0000000000000092 .LASF176
C:\Users\SEBAST~1\AppData\Local\Temp\ccMuGATj.s:4610   .debug_str:0000000000000009 .LASF238
C:\Users\SEBAST~1\AppData\Local\Temp\ccMuGATj.s:4708   .debug_str:0000000000000298 .LASF178
C:\Users\SEBAST~1\AppData\Local\Temp\ccMuGATj.s:4756   .debug_str:00000000000003a7 .LASF179
C:\Users\SEBAST~1\AppData\Local\Temp\ccMuGATj.s:5014   .debug_str:0000000000000908 .LASF180
C:\Users\SEBAST~1\AppData\Local\Temp\ccMuGATj.s:4982   .debug_str:0000000000000887 .LASF181
C:\Users\SEBAST~1\AppData\Local\Temp\ccMuGATj.s:4718   .debug_str:00000000000002ca .LASF197
C:\Users\SEBAST~1\AppData\Local\Temp\ccMuGATj.s:196    .text.startup.main:0000000000000000 .LFB4
C:\Users\SEBAST~1\AppData\Local\Temp\ccMuGATj.s:600    .text.startup.main:00000000000002a6 .LFE4
C:\Users\SEBAST~1\AppData\Local\Temp\ccMuGATj.s:4234   .debug_loc:0000000000000000 .LLST6
C:\Users\SEBAST~1\AppData\Local\Temp\ccMuGATj.s:4247   .debug_loc:0000000000000021 .LLST7
C:\Users\SEBAST~1\AppData\Local\Temp\ccMuGATj.s:4268   .debug_loc:0000000000000057 .LLST8
C:\Users\SEBAST~1\AppData\Local\Temp\ccMuGATj.s:4288   .debug_loc:000000000000008c .LLST9
C:\Users\SEBAST~1\AppData\Local\Temp\ccMuGATj.s:4692   .debug_str:000000000000023b .LASF182
C:\Users\SEBAST~1\AppData\Local\Temp\ccMuGATj.s:5024   .debug_str:0000000000000943 .LASF183
C:\Users\SEBAST~1\AppData\Local\Temp\ccMuGATj.s:4295   .debug_loc:000000000000009f .LLST10
C:\Users\SEBAST~1\AppData\Local\Temp\ccMuGATj.s:4784   .debug_str:0000000000000454 .LASF184
C:\Users\SEBAST~1\AppData\Local\Temp\ccMuGATj.s:4624   .debug_str:0000000000000040 .LASF185
C:\Users\SEBAST~1\AppData\Local\Temp\ccMuGATj.s:4790   .debug_str:000000000000047d .LASF186
C:\Users\SEBAST~1\AppData\Local\Temp\ccMuGATj.s:4844   .debug_str:00000000000005d1 .LASF187
C:\Users\SEBAST~1\AppData\Local\Temp\ccMuGATj.s:4316   .debug_loc:00000000000000d5 .LLST11
C:\Users\SEBAST~1\AppData\Local\Temp\ccMuGATj.s:4900   .debug_str:00000000000006ef .LASF188
C:\Users\SEBAST~1\AppData\Local\Temp\ccMuGATj.s:4361   .debug_loc:0000000000000146 .LLST12
C:\Users\SEBAST~1\AppData\Local\Temp\ccMuGATj.s:5010   .debug_str:00000000000008fa .LASF189
C:\Users\SEBAST~1\AppData\Local\Temp\ccMuGATj.s:5050   .debug_str:00000000000009ac .LASF190
C:\Users\SEBAST~1\AppData\Local\Temp\ccMuGATj.s:4886   .debug_str:00000000000006b3 .LASF191
C:\Users\SEBAST~1\AppData\Local\Temp\ccMuGATj.s:4377   .debug_loc:0000000000000170 .LLST13
C:\Users\SEBAST~1\AppData\Local\Temp\ccMuGATj.s:4880   .debug_str:0000000000000698 .LASF192
GAS LISTING C:\Users\SEBAST~1\AppData\Local\Temp\ccMuGATj.s 			page 26


C:\Users\SEBAST~1\AppData\Local\Temp\ccMuGATj.s:4390   .debug_loc:0000000000000190 .LLST14
C:\Users\SEBAST~1\AppData\Local\Temp\ccMuGATj.s:4960   .debug_str:0000000000000809 .LASF193
C:\Users\SEBAST~1\AppData\Local\Temp\ccMuGATj.s:4401   .debug_loc:00000000000001ae .LLST15
C:\Users\SEBAST~1\AppData\Local\Temp\ccMuGATj.s:4712   .debug_str:00000000000002ae .LASF194
C:\Users\SEBAST~1\AppData\Local\Temp\ccMuGATj.s:5012   .debug_str:00000000000008ff .LASF195
C:\Users\SEBAST~1\AppData\Local\Temp\ccMuGATj.s:4832   .debug_str:0000000000000598 .LASF196
C:\Users\SEBAST~1\AppData\Local\Temp\ccMuGATj.s:237    .text.startup.main:0000000000000030 .LVL27
C:\Users\SEBAST~1\AppData\Local\Temp\ccMuGATj.s:244    .text.startup.main:0000000000000042 .LVL28
C:\Users\SEBAST~1\AppData\Local\Temp\ccMuGATj.s:272    .text.startup.main:000000000000006e .LVL30
C:\Users\SEBAST~1\AppData\Local\Temp\ccMuGATj.s:275    .text.startup.main:0000000000000076 .LVL31
C:\Users\SEBAST~1\AppData\Local\Temp\ccMuGATj.s:278    .text.startup.main:000000000000007e .LVL32
C:\Users\SEBAST~1\AppData\Local\Temp\ccMuGATj.s:281    .text.startup.main:0000000000000086 .LVL33
C:\Users\SEBAST~1\AppData\Local\Temp\ccMuGATj.s:285    .text.startup.main:0000000000000090 .LVL34
C:\Users\SEBAST~1\AppData\Local\Temp\ccMuGATj.s:289    .text.startup.main:000000000000009a .LVL35
C:\Users\SEBAST~1\AppData\Local\Temp\ccMuGATj.s:292    .text.startup.main:00000000000000a2 .LVL36
C:\Users\SEBAST~1\AppData\Local\Temp\ccMuGATj.s:297    .text.startup.main:00000000000000b0 .LVL37
C:\Users\SEBAST~1\AppData\Local\Temp\ccMuGATj.s:306    .text.startup.main:00000000000000c2 .LVL38
C:\Users\SEBAST~1\AppData\Local\Temp\ccMuGATj.s:312    .text.startup.main:00000000000000cc .LVL39
C:\Users\SEBAST~1\AppData\Local\Temp\ccMuGATj.s:333    .text.startup.main:00000000000000e8 .LVL41
C:\Users\SEBAST~1\AppData\Local\Temp\ccMuGATj.s:340    .text.startup.main:00000000000000f8 .LVL42
C:\Users\SEBAST~1\AppData\Local\Temp\ccMuGATj.s:347    .text.startup.main:0000000000000106 .LVL44
C:\Users\SEBAST~1\AppData\Local\Temp\ccMuGATj.s:365    .text.startup.main:000000000000011c .LVL46
C:\Users\SEBAST~1\AppData\Local\Temp\ccMuGATj.s:373    .text.startup.main:000000000000012c .LVL47
C:\Users\SEBAST~1\AppData\Local\Temp\ccMuGATj.s:386    .text.startup.main:0000000000000144 .LVL49
C:\Users\SEBAST~1\AppData\Local\Temp\ccMuGATj.s:391    .text.startup.main:0000000000000150 .LVL50
C:\Users\SEBAST~1\AppData\Local\Temp\ccMuGATj.s:398    .text.startup.main:000000000000015c .LVL51
C:\Users\SEBAST~1\AppData\Local\Temp\ccMuGATj.s:405    .text.startup.main:0000000000000168 .LVL52
C:\Users\SEBAST~1\AppData\Local\Temp\ccMuGATj.s:413    .text.startup.main:0000000000000174 .LVL53
C:\Users\SEBAST~1\AppData\Local\Temp\ccMuGATj.s:418    .text.startup.main:0000000000000180 .LVL54
C:\Users\SEBAST~1\AppData\Local\Temp\ccMuGATj.s:423    .text.startup.main:000000000000018a .LVL55
C:\Users\SEBAST~1\AppData\Local\Temp\ccMuGATj.s:436    .text.startup.main:00000000000001a8 .LVL56
C:\Users\SEBAST~1\AppData\Local\Temp\ccMuGATj.s:450    .text.startup.main:00000000000001b6 .LVL58
C:\Users\SEBAST~1\AppData\Local\Temp\ccMuGATj.s:460    .text.startup.main:00000000000001c6 .LVL61
C:\Users\SEBAST~1\AppData\Local\Temp\ccMuGATj.s:465    .text.startup.main:00000000000001d2 .LVL62
C:\Users\SEBAST~1\AppData\Local\Temp\ccMuGATj.s:475    .text.startup.main:00000000000001e0 .LVL64
C:\Users\SEBAST~1\AppData\Local\Temp\ccMuGATj.s:487    .text.startup.main:00000000000001fa .LVL66
C:\Users\SEBAST~1\AppData\Local\Temp\ccMuGATj.s:493    .text.startup.main:0000000000000202 .LVL67
C:\Users\SEBAST~1\AppData\Local\Temp\ccMuGATj.s:498    .text.startup.main:000000000000020e .LVL68
C:\Users\SEBAST~1\AppData\Local\Temp\ccMuGATj.s:500    .text.startup.main:0000000000000216 .LVL69
C:\Users\SEBAST~1\AppData\Local\Temp\ccMuGATj.s:518    .text.startup.main:0000000000000232 .LVL73
C:\Users\SEBAST~1\AppData\Local\Temp\ccMuGATj.s:526    .text.startup.main:000000000000023c .LVL75
C:\Users\SEBAST~1\AppData\Local\Temp\ccMuGATj.s:556    .text.startup.main:0000000000000266 .LVL78
C:\Users\SEBAST~1\AppData\Local\Temp\ccMuGATj.s:562    .text.startup.main:0000000000000274 .LVL79
C:\Users\SEBAST~1\AppData\Local\Temp\ccMuGATj.s:567    .text.startup.main:0000000000000280 .LVL80
C:\Users\SEBAST~1\AppData\Local\Temp\ccMuGATj.s:573    .text.startup.main:000000000000028c .LVL81
C:\Users\SEBAST~1\AppData\Local\Temp\ccMuGATj.s:4972   .debug_str:000000000000084f .LASF198
C:\Users\SEBAST~1\AppData\Local\Temp\ccMuGATj.s:104    .text.stateMachine:0000000000000000 .LFB3
C:\Users\SEBAST~1\AppData\Local\Temp\ccMuGATj.s:189    .text.stateMachine:000000000000004c .LFE3
C:\Users\SEBAST~1\AppData\Local\Temp\ccMuGATj.s:4413   .debug_loc:00000000000001c7 .LLST1
C:\Users\SEBAST~1\AppData\Local\Temp\ccMuGATj.s:5004   .debug_str:00000000000008dd .LASF199
C:\Users\SEBAST~1\AppData\Local\Temp\ccMuGATj.s:4436   .debug_loc:00000000000001ff .LLST2
C:\Users\SEBAST~1\AppData\Local\Temp\ccMuGATj.s:4458   .debug_loc:0000000000000236 .LLST3
C:\Users\SEBAST~1\AppData\Local\Temp\ccMuGATj.s:4487   .debug_loc:000000000000027b .LLST4
C:\Users\SEBAST~1\AppData\Local\Temp\ccMuGATj.s:4523   .debug_loc:00000000000002ce .LLST5
C:\Users\SEBAST~1\AppData\Local\Temp\ccMuGATj.s:174    .text.stateMachine:0000000000000040 .LVL22
C:\Users\SEBAST~1\AppData\Local\Temp\ccMuGATj.s:5090   .debug_str:0000000000000a93 .LASF239
C:\Users\SEBAST~1\AppData\Local\Temp\ccMuGATj.s:14     .text.rtcInit:0000000000000000 .LFB2
GAS LISTING C:\Users\SEBAST~1\AppData\Local\Temp\ccMuGATj.s 			page 27


C:\Users\SEBAST~1\AppData\Local\Temp\ccMuGATj.s:97     .text.rtcInit:0000000000000094 .LFE2
C:\Users\SEBAST~1\AppData\Local\Temp\ccMuGATj.s:4551   .debug_loc:0000000000000319 .LLST0
C:\Users\SEBAST~1\AppData\Local\Temp\ccMuGATj.s:30     .text.rtcInit:0000000000000010 .LVL0
C:\Users\SEBAST~1\AppData\Local\Temp\ccMuGATj.s:33     .text.rtcInit:0000000000000018 .LVL1
C:\Users\SEBAST~1\AppData\Local\Temp\ccMuGATj.s:37     .text.rtcInit:0000000000000024 .LVL2
C:\Users\SEBAST~1\AppData\Local\Temp\ccMuGATj.s:40     .text.rtcInit:000000000000002c .LVL3
C:\Users\SEBAST~1\AppData\Local\Temp\ccMuGATj.s:45     .text.rtcInit:0000000000000036 .LVL4
C:\Users\SEBAST~1\AppData\Local\Temp\ccMuGATj.s:51     .text.rtcInit:0000000000000044 .LVL5
C:\Users\SEBAST~1\AppData\Local\Temp\ccMuGATj.s:56     .text.rtcInit:0000000000000052 .LVL6
C:\Users\SEBAST~1\AppData\Local\Temp\ccMuGATj.s:59     .text.rtcInit:000000000000005a .LVL7
C:\Users\SEBAST~1\AppData\Local\Temp\ccMuGATj.s:62     .text.rtcInit:0000000000000062 .LVL8
C:\Users\SEBAST~1\AppData\Local\Temp\ccMuGATj.s:67     .text.rtcInit:0000000000000070 .LVL9
C:\Users\SEBAST~1\AppData\Local\Temp\ccMuGATj.s:70     .text.rtcInit:0000000000000078 .LVL10
C:\Users\SEBAST~1\AppData\Local\Temp\ccMuGATj.s:74     .text.rtcInit:0000000000000082 .LVL11
C:\Users\SEBAST~1\AppData\Local\Temp\ccMuGATj.s:85     .text.rtcInit:000000000000008e .LVL12
C:\Users\SEBAST~1\AppData\Local\Temp\ccMuGATj.s:5038   .debug_str:000000000000097d .LASF240
C:\Users\SEBAST~1\AppData\Local\Temp\ccMuGATj.s:4682   .debug_str:00000000000001fc .LASF241
C:\Users\SEBAST~1\AppData\Local\Temp\ccMuGATj.s:4804   .debug_str:00000000000004bd .LASF200
C:\Users\SEBAST~1\AppData\Local\Temp\ccMuGATj.s:4776   .debug_str:000000000000042a .LASF201
C:\Users\SEBAST~1\AppData\Local\Temp\ccMuGATj.s:4820   .debug_str:000000000000055d .LASF202
C:\Users\SEBAST~1\AppData\Local\Temp\ccMuGATj.s:4902   .debug_str:00000000000006f9 .LASF203
C:\Users\SEBAST~1\AppData\Local\Temp\ccMuGATj.s:4626   .debug_str:000000000000004b .LASF204
C:\Users\SEBAST~1\AppData\Local\Temp\ccMuGATj.s:4798   .debug_str:00000000000004a1 .LASF205
C:\Users\SEBAST~1\AppData\Local\Temp\ccMuGATj.s:4746   .debug_str:0000000000000361 .LASF206
C:\Users\SEBAST~1\AppData\Local\Temp\ccMuGATj.s:4618   .debug_str:0000000000000027 .LASF207
C:\Users\SEBAST~1\AppData\Local\Temp\ccMuGATj.s:4940   .debug_str:00000000000007b5 .LASF208
C:\Users\SEBAST~1\AppData\Local\Temp\ccMuGATj.s:4850   .debug_str:00000000000005ee .LASF209
C:\Users\SEBAST~1\AppData\Local\Temp\ccMuGATj.s:4664   .debug_str:0000000000000117 .LASF210
C:\Users\SEBAST~1\AppData\Local\Temp\ccMuGATj.s:4912   .debug_str:0000000000000726 .LASF211
C:\Users\SEBAST~1\AppData\Local\Temp\ccMuGATj.s:4786   .debug_str:000000000000045e .LASF212
C:\Users\SEBAST~1\AppData\Local\Temp\ccMuGATj.s:4678   .debug_str:00000000000001d9 .LASF213
C:\Users\SEBAST~1\AppData\Local\Temp\ccMuGATj.s:4838   .debug_str:00000000000005b0 .LASF214
C:\Users\SEBAST~1\AppData\Local\Temp\ccMuGATj.s:5018   .debug_str:000000000000091b .LASF215
C:\Users\SEBAST~1\AppData\Local\Temp\ccMuGATj.s:4930   .debug_str:0000000000000781 .LASF216
C:\Users\SEBAST~1\AppData\Local\Temp\ccMuGATj.s:4700   .debug_str:000000000000026b .LASF217
C:\Users\SEBAST~1\AppData\Local\Temp\ccMuGATj.s:4684   .debug_str:000000000000020d .LASF218
C:\Users\SEBAST~1\AppData\Local\Temp\ccMuGATj.s:4742   .debug_str:0000000000000346 .LASF219
C:\Users\SEBAST~1\AppData\Local\Temp\ccMuGATj.s:4836   .debug_str:00000000000005a9 .LASF220
C:\Users\SEBAST~1\AppData\Local\Temp\ccMuGATj.s:4904   .debug_str:0000000000000701 .LASF221
C:\Users\SEBAST~1\AppData\Local\Temp\ccMuGATj.s:4830   .debug_str:0000000000000591 .LASF222
C:\Users\SEBAST~1\AppData\Local\Temp\ccMuGATj.s:4686   .debug_str:0000000000000223 .LASF223
C:\Users\SEBAST~1\AppData\Local\Temp\ccMuGATj.s:4680   .debug_str:00000000000001e0 .LASF224
C:\Users\SEBAST~1\AppData\Local\Temp\ccMuGATj.s:5088   .debug_str:0000000000000a8d .LASF225
C:\Users\SEBAST~1\AppData\Local\Temp\ccMuGATj.s:5074   .debug_str:0000000000000a31 .LASF226
C:\Users\SEBAST~1\AppData\Local\Temp\ccMuGATj.s:4774   .debug_str:0000000000000412 .LASF227
C:\Users\SEBAST~1\AppData\Local\Temp\ccMuGATj.s:4720   .debug_str:00000000000002cf .LASF228
C:\Users\SEBAST~1\AppData\Local\Temp\ccMuGATj.s:4754   .debug_str:0000000000000394 .LASF229
C:\Users\SEBAST~1\AppData\Local\Temp\ccMuGATj.s:4772   .debug_str:00000000000003fd .LASF230
C:\Users\SEBAST~1\AppData\Local\Temp\ccMuGATj.s:4698   .debug_str:0000000000000254 .LASF231
C:\Users\SEBAST~1\AppData\Local\Temp\ccMuGATj.s:4794   .debug_str:0000000000000488 .LASF232
C:\Users\SEBAST~1\AppData\Local\Temp\ccMuGATj.s:5028   .debug_str:0000000000000951 .LASF233
C:\Users\SEBAST~1\AppData\Local\Temp\ccMuGATj.s:5064   .debug_str:00000000000009ef .LASF234
C:\Users\SEBAST~1\AppData\Local\Temp\ccMuGATj.s:204    .text.startup.main:0000000000000002 .LCFI7
C:\Users\SEBAST~1\AppData\Local\Temp\ccMuGATj.s:200    .text.startup.main:0000000000000000 .LVL26
C:\Users\SEBAST~1\AppData\Local\Temp\ccMuGATj.s:327    .text.startup.main:00000000000000e0 .LVL40
C:\Users\SEBAST~1\AppData\Local\Temp\ccMuGATj.s:510    .text.startup.main:0000000000000220 .LVL71
C:\Users\SEBAST~1\AppData\Local\Temp\ccMuGATj.s:521    .text.startup.main:0000000000000234 .LVL74
GAS LISTING C:\Users\SEBAST~1\AppData\Local\Temp\ccMuGATj.s 			page 28


C:\Users\SEBAST~1\AppData\Local\Temp\ccMuGATj.s:513    .text.startup.main:0000000000000224 .LVL72
C:\Users\SEBAST~1\AppData\Local\Temp\ccMuGATj.s:534    .text.startup.main:0000000000000242 .LVL77
C:\Users\SEBAST~1\AppData\Local\Temp\ccMuGATj.s:577    .text.startup.main:0000000000000290 .LVL82
C:\Users\SEBAST~1\AppData\Local\Temp\ccMuGATj.s:444    .text.startup.main:00000000000001ac .LVL57
C:\Users\SEBAST~1\AppData\Local\Temp\ccMuGATj.s:478    .text.startup.main:00000000000001e2 .LVL65
C:\Users\SEBAST~1\AppData\Local\Temp\ccMuGATj.s:530    .text.startup.main:0000000000000240 .LVL76
C:\Users\SEBAST~1\AppData\Local\Temp\ccMuGATj.s:342    .text.startup.main:00000000000000fa .LVL43
C:\Users\SEBAST~1\AppData\Local\Temp\ccMuGATj.s:352    .text.startup.main:000000000000010a .LVL45
C:\Users\SEBAST~1\AppData\Local\Temp\ccMuGATj.s:249    .text.startup.main:0000000000000046 .LVL29
C:\Users\SEBAST~1\AppData\Local\Temp\ccMuGATj.s:455    .text.startup.main:00000000000001bc .LVL59
C:\Users\SEBAST~1\AppData\Local\Temp\ccMuGATj.s:458    .text.startup.main:00000000000001be .LVL60
C:\Users\SEBAST~1\AppData\Local\Temp\ccMuGATj.s:469    .text.startup.main:00000000000001d6 .LVL63
C:\Users\SEBAST~1\AppData\Local\Temp\ccMuGATj.s:380    .text.startup.main:0000000000000134 .LVL48
C:\Users\SEBAST~1\AppData\Local\Temp\ccMuGATj.s:113    .text.stateMachine:0000000000000004 .LCFI4
C:\Users\SEBAST~1\AppData\Local\Temp\ccMuGATj.s:159    .text.stateMachine:0000000000000030 .LCFI5
C:\Users\SEBAST~1\AppData\Local\Temp\ccMuGATj.s:164    .text.stateMachine:0000000000000032 .LCFI6
C:\Users\SEBAST~1\AppData\Local\Temp\ccMuGATj.s:107    .text.stateMachine:0000000000000000 .LVL13
C:\Users\SEBAST~1\AppData\Local\Temp\ccMuGATj.s:130    .text.stateMachine:000000000000001a .LVL14
C:\Users\SEBAST~1\AppData\Local\Temp\ccMuGATj.s:157    .text.stateMachine:000000000000002e .LVL18
C:\Users\SEBAST~1\AppData\Local\Temp\ccMuGATj.s:162    .text.stateMachine:0000000000000032 .LVL19
C:\Users\SEBAST~1\AppData\Local\Temp\ccMuGATj.s:168    .text.stateMachine:0000000000000034 .LVL20
C:\Users\SEBAST~1\AppData\Local\Temp\ccMuGATj.s:181    .text.stateMachine:0000000000000044 .LVL24
C:\Users\SEBAST~1\AppData\Local\Temp\ccMuGATj.s:170    .text.stateMachine:0000000000000038 .LVL21
C:\Users\SEBAST~1\AppData\Local\Temp\ccMuGATj.s:185    .text.stateMachine:0000000000000046 .LVL25
C:\Users\SEBAST~1\AppData\Local\Temp\ccMuGATj.s:141    .text.stateMachine:0000000000000024 .LVL15
C:\Users\SEBAST~1\AppData\Local\Temp\ccMuGATj.s:144    .text.stateMachine:0000000000000026 .LVL16
C:\Users\SEBAST~1\AppData\Local\Temp\ccMuGATj.s:154    .text.stateMachine:000000000000002c .LVL17
C:\Users\SEBAST~1\AppData\Local\Temp\ccMuGATj.s:21     .text.rtcInit:0000000000000002 .LCFI0
C:\Users\SEBAST~1\AppData\Local\Temp\ccMuGATj.s:81     .text.rtcInit:0000000000000086 .LCFI1
C:\Users\SEBAST~1\AppData\Local\Temp\ccMuGATj.s:87     .text.rtcInit:000000000000008e .LCFI2
C:\Users\SEBAST~1\AppData\Local\Temp\ccMuGATj.s:93     .text.rtcInit:0000000000000092 .LCFI3
C:\Users\SEBAST~1\AppData\Local\Temp\ccMuGATj.s:667    .debug_info:0000000000000000 .Ldebug_info0

UNDEFINED SYMBOLS
rcu_periph_clock_enable
pmu_backup_write_enable
bkp_deinit
rcu_osci_stab_wait
rcu_rtc_clock_config
rtc_register_sync_wait
rtc_lwoff_wait
rtc_prescaler_set
rtc_flag_clear
putch
memcpy
t5omsi
colinit
l88init
keyinit
ADC3powerUpInit
Lcd_SetType
Lcd_Init
LCD_Clear
u0init
eclic_global_interrupt_enable
LCD_WR_Queue
adc_flag_get
GAS LISTING C:\Users\SEBAST~1\AppData\Local\Temp\ccMuGATj.s 			page 29


adc_inserted_data_read
l88mem
adc_flag_clear
usart_flag_get
usart_data_receive
LCD_ShowStr
adc_regular_data_read
LCD_ShowChar
t5expq
colset
l88row
keyscan
adc_software_trigger_enable
