GAS LISTING C:\WINDOWS\ccwYPpEm.s 			page 1


   1              		.file	"close.c"
   2              		.option nopic
   3              		.attribute arch, "rv32i2p0_m2p0_a2p0_c2p0"
   4              		.attribute unaligned_access, 0
   5              		.attribute stack_align, 16
   6              		.text
   7              	.Ltext0:
   8              		.cfi_sections	.debug_frame
   9              		.section	.text._close,"ax",@progbits
  10              		.align	1
  11              		.globl	_close
  13              	_close:
  14              	.LFB1:
  15              		.file 1 "./../../firmware/RISCV/stubs/close.c"
   1:./../../firmware/RISCV/stubs/close.c **** /* See LICENSE of license details. */
   2:./../../firmware/RISCV/stubs/close.c **** 
   3:./../../firmware/RISCV/stubs/close.c **** #include <errno.h>
   4:./../../firmware/RISCV/stubs/close.c **** #include "stub.h"
   5:./../../firmware/RISCV/stubs/close.c **** 
   6:./../../firmware/RISCV/stubs/close.c **** int _close(int fd)
   7:./../../firmware/RISCV/stubs/close.c **** {
  16              		.loc 1 7 1
  17              		.cfi_startproc
  18              	.LVL0:
   8:./../../firmware/RISCV/stubs/close.c ****   return _stub(EBADF);
  19              		.loc 1 8 3
  20              		.file 2 "./../../firmware/RISCV/stubs/stub.h"
   1:./../../firmware/RISCV/stubs/stub.h **** /* See LICENSE of license details. */
   2:./../../firmware/RISCV/stubs/stub.h **** #ifndef _NUCLEI_SYS_STUB_H
   3:./../../firmware/RISCV/stubs/stub.h **** #define _NUCLEI_SYS_STUB_H
   4:./../../firmware/RISCV/stubs/stub.h **** 
   5:./../../firmware/RISCV/stubs/stub.h **** #include <stdint.h>
   6:./../../firmware/RISCV/stubs/stub.h **** #if   defined (__GNUC__)
   7:./../../firmware/RISCV/stubs/stub.h **** #include <unistd.h>
   8:./../../firmware/RISCV/stubs/stub.h **** #endif
   9:./../../firmware/RISCV/stubs/stub.h **** 
  10:./../../firmware/RISCV/stubs/stub.h **** void write_hex(int fd, unsigned long int hex);
  11:./../../firmware/RISCV/stubs/stub.h **** 
  12:./../../firmware/RISCV/stubs/stub.h **** static inline int _stub(int err)
  13:./../../firmware/RISCV/stubs/stub.h **** {
  14:./../../firmware/RISCV/stubs/stub.h ****   return -1;
  21              		.loc 2 14 3
   9:./../../firmware/RISCV/stubs/close.c **** }
  22              		.loc 1 9 1 is_stmt 0
  23 0000 7D55     		li	a0,-1
  24              	.LVL1:
  25 0002 8280     		ret
  26              		.cfi_endproc
  27              	.LFE1:
  29              		.text
  30              	.Letext0:
  31              		.file 3 "c:\\users\\sebastian\\documents\\mikrodatorteknik\\compiler\\lib\\gcc\\riscv64-unknown-el
  32              		.file 4 "c:\\users\\sebastian\\documents\\mikrodatorteknik\\compiler\\riscv64-unknown-elf\\include
  33              		.file 5 "c:\\users\\sebastian\\documents\\mikrodatorteknik\\compiler\\riscv64-unknown-elf\\include
  34              		.file 6 "c:\\users\\sebastian\\documents\\mikrodatorteknik\\compiler\\riscv64-unknown-elf\\include
  35              		.file 7 "c:\\users\\sebastian\\documents\\mikrodatorteknik\\compiler\\riscv64-unknown-elf\\include
  36              		.file 8 "c:\\users\\sebastian\\documents\\mikrodatorteknik\\compiler\\riscv64-unknown-elf\\include
GAS LISTING C:\WINDOWS\ccwYPpEm.s 			page 2


GAS LISTING C:\WINDOWS\ccwYPpEm.s 			page 3


DEFINED SYMBOLS
                            *ABS*:0000000000000000 close.c
C:\WINDOWS\ccwYPpEm.s:13     .text._close:0000000000000000 _close
C:\WINDOWS\ccwYPpEm.s:17     .text._close:0000000000000000 .L0 
C:\WINDOWS\ccwYPpEm.s:19     .text._close:0000000000000000 .L0 
C:\WINDOWS\ccwYPpEm.s:21     .text._close:0000000000000000 .L0 
C:\WINDOWS\ccwYPpEm.s:22     .text._close:0000000000000000 .L0 
C:\WINDOWS\ccwYPpEm.s:23     .text._close:0000000000000000 .L0 
C:\WINDOWS\ccwYPpEm.s:26     .text._close:0000000000000004 .L0 
C:\WINDOWS\ccwYPpEm.s:29     .text._close:0000000000000004 .L0 
                     .debug_frame:0000000000000000 .L0 
C:\WINDOWS\ccwYPpEm.s:1540   .debug_abbrev:0000000000000000 .Ldebug_abbrev0
C:\WINDOWS\ccwYPpEm.s:2288   .debug_str:000000000000045f .LASF128
C:\WINDOWS\ccwYPpEm.s:2092   .debug_str:000000000000008b .LASF129
C:\WINDOWS\ccwYPpEm.s:2190   .debug_str:0000000000000271 .LASF130
C:\WINDOWS\ccwYPpEm.s:2060   .debug_ranges:0000000000000000 .Ldebug_ranges0
C:\WINDOWS\ccwYPpEm.s:2066   .debug_line:0000000000000000 .Ldebug_line0
C:\WINDOWS\ccwYPpEm.s:2156   .debug_str:00000000000001ce .LASF0
C:\WINDOWS\ccwYPpEm.s:2170   .debug_str:0000000000000211 .LASF1
C:\WINDOWS\ccwYPpEm.s:2098   .debug_str:00000000000000c7 .LASF2
C:\WINDOWS\ccwYPpEm.s:2202   .debug_str:00000000000002db .LASF3
C:\WINDOWS\ccwYPpEm.s:2184   .debug_str:000000000000025c .LASF10
C:\WINDOWS\ccwYPpEm.s:2100   .debug_str:00000000000000d5 .LASF4
C:\WINDOWS\ccwYPpEm.s:2220   .debug_str:0000000000000334 .LASF5
C:\WINDOWS\ccwYPpEm.s:2226   .debug_str:0000000000000350 .LASF6
C:\WINDOWS\ccwYPpEm.s:2116   .debug_str:000000000000011a .LASF7
C:\WINDOWS\ccwYPpEm.s:2164   .debug_str:00000000000001f2 .LASF8
C:\WINDOWS\ccwYPpEm.s:2082   .debug_str:000000000000004b .LASF9
C:\WINDOWS\ccwYPpEm.s:2214   .debug_str:0000000000000311 .LASF11
C:\WINDOWS\ccwYPpEm.s:2272   .debug_str:0000000000000422 .LASF12
C:\WINDOWS\ccwYPpEm.s:2308   .debug_str:000000000000053f .LASF13
C:\WINDOWS\ccwYPpEm.s:2180   .debug_str:000000000000024e .LASF14
C:\WINDOWS\ccwYPpEm.s:2158   .debug_str:00000000000001db .LASF15
C:\WINDOWS\ccwYPpEm.s:2264   .debug_str:0000000000000400 .LASF16
C:\WINDOWS\ccwYPpEm.s:2266   .debug_str:0000000000000408 .LASF17
C:\WINDOWS\ccwYPpEm.s:2236   .debug_str:0000000000000378 .LASF18
C:\WINDOWS\ccwYPpEm.s:2294   .debug_str:00000000000004f5 .LASF19
C:\WINDOWS\ccwYPpEm.s:2218   .debug_str:0000000000000322 .LASF20
C:\WINDOWS\ccwYPpEm.s:2142   .debug_str:0000000000000191 .LASF21
C:\WINDOWS\ccwYPpEm.s:2146   .debug_str:00000000000001a2 .LASF26
C:\WINDOWS\ccwYPpEm.s:2284   .debug_str:000000000000044c .LASF22
C:\WINDOWS\ccwYPpEm.s:2258   .debug_str:00000000000003eb .LASF23
C:\WINDOWS\ccwYPpEm.s:2140   .debug_str:000000000000018b .LASF24
C:\WINDOWS\ccwYPpEm.s:2302   .debug_str:000000000000052a .LASF25
C:\WINDOWS\ccwYPpEm.s:2154   .debug_str:00000000000001c9 .LASF27
C:\WINDOWS\ccwYPpEm.s:2096   .debug_str:00000000000000be .LASF28
C:\WINDOWS\ccwYPpEm.s:2278   .debug_str:0000000000000436 .LASF29
C:\WINDOWS\ccwYPpEm.s:2106   .debug_str:00000000000000ed .LASF30
C:\WINDOWS\ccwYPpEm.s:2332   .debug_str:00000000000005aa .LASF31
C:\WINDOWS\ccwYPpEm.s:2208   .debug_str:00000000000002f5 .LASF32
C:\WINDOWS\ccwYPpEm.s:2196   .debug_str:00000000000002c1 .LASF33
C:\WINDOWS\ccwYPpEm.s:2304   .debug_str:000000000000052f .LASF34
C:\WINDOWS\ccwYPpEm.s:2228   .debug_str:000000000000035a .LASF35
C:\WINDOWS\ccwYPpEm.s:2318   .debug_str:000000000000056a .LASF36
C:\WINDOWS\ccwYPpEm.s:2110   .debug_str:00000000000000fc .LASF37
C:\WINDOWS\ccwYPpEm.s:2136   .debug_str:000000000000017e .LASF38
C:\WINDOWS\ccwYPpEm.s:2068   .debug_str:0000000000000000 .LASF39
GAS LISTING C:\WINDOWS\ccwYPpEm.s 			page 4


C:\WINDOWS\ccwYPpEm.s:2290   .debug_str:00000000000004e7 .LASF40
C:\WINDOWS\ccwYPpEm.s:2120   .debug_str:000000000000012a .LASF41
C:\WINDOWS\ccwYPpEm.s:2210   .debug_str:00000000000002fe .LASF42
C:\WINDOWS\ccwYPpEm.s:2250   .debug_str:00000000000003bb .LASF43
C:\WINDOWS\ccwYPpEm.s:2138   .debug_str:0000000000000186 .LASF44
C:\WINDOWS\ccwYPpEm.s:2230   .debug_str:0000000000000364 .LASF45
C:\WINDOWS\ccwYPpEm.s:2104   .debug_str:00000000000000e7 .LASF46
C:\WINDOWS\ccwYPpEm.s:2070   .debug_str:000000000000000c .LASF47
C:\WINDOWS\ccwYPpEm.s:2238   .debug_str:0000000000000383 .LASF48
C:\WINDOWS\ccwYPpEm.s:2118   .debug_str:0000000000000123 .LASF49
C:\WINDOWS\ccwYPpEm.s:2166   .debug_str:0000000000000204 .LASF50
C:\WINDOWS\ccwYPpEm.s:2084   .debug_str:0000000000000062 .LASF51
C:\WINDOWS\ccwYPpEm.s:2112   .debug_str:000000000000010a .LASF52
C:\WINDOWS\ccwYPpEm.s:2150   .debug_str:00000000000001b9 .LASF53
C:\WINDOWS\ccwYPpEm.s:2194   .debug_str:00000000000002ba .LASF54
C:\WINDOWS\ccwYPpEm.s:2268   .debug_str:0000000000000410 .LASF55
C:\WINDOWS\ccwYPpEm.s:2322   .debug_str:0000000000000584 .LASF56
C:\WINDOWS\ccwYPpEm.s:2102   .debug_str:00000000000000e1 .LASF57
C:\WINDOWS\ccwYPpEm.s:2314   .debug_str:000000000000055c .LASF58
C:\WINDOWS\ccwYPpEm.s:2124   .debug_str:0000000000000139 .LASF59
C:\WINDOWS\ccwYPpEm.s:2130   .debug_str:0000000000000157 .LASF60
C:\WINDOWS\ccwYPpEm.s:2076   .debug_str:0000000000000025 .LASF61
C:\WINDOWS\ccwYPpEm.s:2186   .debug_str:0000000000000263 .LASF62
C:\WINDOWS\ccwYPpEm.s:2242   .debug_str:0000000000000395 .LASF63
C:\WINDOWS\ccwYPpEm.s:2188   .debug_str:0000000000000269 .LASF64
C:\WINDOWS\ccwYPpEm.s:2260   .debug_str:00000000000003f3 .LASF65
C:\WINDOWS\ccwYPpEm.s:2274   .debug_str:000000000000042a .LASF66
C:\WINDOWS\ccwYPpEm.s:2122   .debug_str:0000000000000132 .LASF67
C:\WINDOWS\ccwYPpEm.s:2160   .debug_str:00000000000001e2 .LASF68
C:\WINDOWS\ccwYPpEm.s:2144   .debug_str:000000000000019a .LASF69
C:\WINDOWS\ccwYPpEm.s:2248   .debug_str:00000000000003b6 .LASF70
C:\WINDOWS\ccwYPpEm.s:2074   .debug_str:000000000000001a .LASF71
C:\WINDOWS\ccwYPpEm.s:2256   .debug_str:00000000000003d2 .LASF72
C:\WINDOWS\ccwYPpEm.s:2252   .debug_str:00000000000003c0 .LASF73
C:\WINDOWS\ccwYPpEm.s:2212   .debug_str:0000000000000306 .LASF74
C:\WINDOWS\ccwYPpEm.s:2254   .debug_str:00000000000003c8 .LASF75
C:\WINDOWS\ccwYPpEm.s:2178   .debug_str:0000000000000246 .LASF76
C:\WINDOWS\ccwYPpEm.s:2152   .debug_str:00000000000001bf .LASF77
C:\WINDOWS\ccwYPpEm.s:2330   .debug_str:00000000000005a5 .LASF78
C:\WINDOWS\ccwYPpEm.s:2216   .debug_str:0000000000000318 .LASF79
C:\WINDOWS\ccwYPpEm.s:2162   .debug_str:00000000000001ea .LASF80
C:\WINDOWS\ccwYPpEm.s:2128   .debug_str:000000000000014f .LASF81
C:\WINDOWS\ccwYPpEm.s:2222   .debug_str:0000000000000342 .LASF82
C:\WINDOWS\ccwYPpEm.s:2172   .debug_str:0000000000000224 .LASF83
C:\WINDOWS\ccwYPpEm.s:2312   .debug_str:0000000000000552 .LASF84
C:\WINDOWS\ccwYPpEm.s:2114   .debug_str:0000000000000112 .LASF85
C:\WINDOWS\ccwYPpEm.s:2108   .debug_str:00000000000000f7 .LASF86
C:\WINDOWS\ccwYPpEm.s:2276   .debug_str:0000000000000431 .LASF87
C:\WINDOWS\ccwYPpEm.s:2234   .debug_str:0000000000000371 .LASF88
C:\WINDOWS\ccwYPpEm.s:2306   .debug_str:0000000000000539 .LASF89
C:\WINDOWS\ccwYPpEm.s:2168   .debug_str:000000000000020a .LASF90
C:\WINDOWS\ccwYPpEm.s:2232   .debug_str:000000000000036b .LASF91
C:\WINDOWS\ccwYPpEm.s:2072   .debug_str:0000000000000012 .LASF92
C:\WINDOWS\ccwYPpEm.s:2262   .debug_str:00000000000003fa .LASF93
C:\WINDOWS\ccwYPpEm.s:2282   .debug_str:0000000000000446 .LASF94
C:\WINDOWS\ccwYPpEm.s:2292   .debug_str:00000000000004f0 .LASF95
C:\WINDOWS\ccwYPpEm.s:2300   .debug_str:000000000000051d .LASF96
GAS LISTING C:\WINDOWS\ccwYPpEm.s 			page 5


C:\WINDOWS\ccwYPpEm.s:2286   .debug_str:0000000000000452 .LASF97
C:\WINDOWS\ccwYPpEm.s:2176   .debug_str:0000000000000239 .LASF98
C:\WINDOWS\ccwYPpEm.s:2320   .debug_str:0000000000000575 .LASF99
C:\WINDOWS\ccwYPpEm.s:2148   .debug_str:00000000000001aa .LASF100
C:\WINDOWS\ccwYPpEm.s:2244   .debug_str:000000000000039e .LASF101
C:\WINDOWS\ccwYPpEm.s:2324   .debug_str:000000000000058b .LASF102
C:\WINDOWS\ccwYPpEm.s:2246   .debug_str:00000000000003a9 .LASF103
C:\WINDOWS\ccwYPpEm.s:2328   .debug_str:0000000000000597 .LASF104
C:\WINDOWS\ccwYPpEm.s:2094   .debug_str:00000000000000b0 .LASF105
C:\WINDOWS\ccwYPpEm.s:2310   .debug_str:0000000000000548 .LASF106
C:\WINDOWS\ccwYPpEm.s:2174   .debug_str:000000000000022d .LASF107
C:\WINDOWS\ccwYPpEm.s:2296   .debug_str:00000000000004fd .LASF108
C:\WINDOWS\ccwYPpEm.s:2134   .debug_str:0000000000000170 .LASF109
C:\WINDOWS\ccwYPpEm.s:2090   .debug_str:000000000000007c .LASF110
C:\WINDOWS\ccwYPpEm.s:2132   .debug_str:000000000000015f .LASF111
C:\WINDOWS\ccwYPpEm.s:2078   .debug_str:000000000000002b .LASF112
C:\WINDOWS\ccwYPpEm.s:2080   .debug_str:000000000000003a .LASF113
C:\WINDOWS\ccwYPpEm.s:2224   .debug_str:0000000000000347 .LASF114
C:\WINDOWS\ccwYPpEm.s:2206   .debug_str:00000000000002ee .LASF115
C:\WINDOWS\ccwYPpEm.s:2198   .debug_str:00000000000002cb .LASF116
C:\WINDOWS\ccwYPpEm.s:2316   .debug_str:0000000000000562 .LASF117
C:\WINDOWS\ccwYPpEm.s:2086   .debug_str:000000000000006b .LASF131
C:\WINDOWS\ccwYPpEm.s:2270   .debug_str:0000000000000416 .LASF118
C:\WINDOWS\ccwYPpEm.s:2298   .debug_str:000000000000050a .LASF119
C:\WINDOWS\ccwYPpEm.s:2126   .debug_str:0000000000000142 .LASF120
C:\WINDOWS\ccwYPpEm.s:2240   .debug_str:000000000000038b .LASF121
C:\WINDOWS\ccwYPpEm.s:2182   .debug_str:0000000000000254 .LASF122
C:\WINDOWS\ccwYPpEm.s:2200   .debug_str:00000000000002d4 .LASF123
C:\WINDOWS\ccwYPpEm.s:2204   .debug_str:00000000000002e7 .LASF124
C:\WINDOWS\ccwYPpEm.s:2280   .debug_str:000000000000043f .LASF125
C:\WINDOWS\ccwYPpEm.s:2326   .debug_str:0000000000000590 .LASF126
C:\WINDOWS\ccwYPpEm.s:2192   .debug_str:00000000000002b1 .LASF127
C:\WINDOWS\ccwYPpEm.s:14     .text._close:0000000000000000 .LFB1
C:\WINDOWS\ccwYPpEm.s:27     .text._close:0000000000000004 .LFE1
C:\WINDOWS\ccwYPpEm.s:2033   .debug_loc:0000000000000000 .LLST0
C:\WINDOWS\ccwYPpEm.s:2088   .debug_str:0000000000000076 .LASF132
C:\WINDOWS\ccwYPpEm.s:18     .text._close:0000000000000000 .LVL0
C:\WINDOWS\ccwYPpEm.s:24     .text._close:0000000000000002 .LVL1
C:\WINDOWS\ccwYPpEm.s:38     .debug_info:0000000000000000 .Ldebug_info0

NO UNDEFINED SYMBOLS
