GAS LISTING C:\WINDOWS\ccAOSsyB.s 			page 1


   1              		.file	"fstat.c"
   2              		.option nopic
   3              		.attribute arch, "rv32i2p0_m2p0_a2p0_c2p0"
   4              		.attribute unaligned_access, 0
   5              		.attribute stack_align, 16
   6              		.text
   7              	.Ltext0:
   8              		.cfi_sections	.debug_frame
   9              		.section	.text._fstat,"ax",@progbits
  10              		.align	1
  11              		.globl	_fstat
  13              	_fstat:
  14              	.LFB1:
  15              		.file 1 "./../../firmware/RISCV/stubs/fstat.c"
   1:./../../firmware/RISCV/stubs/fstat.c **** /* See LICENSE of license details. */
   2:./../../firmware/RISCV/stubs/fstat.c **** 
   3:./../../firmware/RISCV/stubs/fstat.c **** #include <errno.h>
   4:./../../firmware/RISCV/stubs/fstat.c **** #include <unistd.h>
   5:./../../firmware/RISCV/stubs/fstat.c **** #include <sys/stat.h>
   6:./../../firmware/RISCV/stubs/fstat.c **** #include "stub.h"
   7:./../../firmware/RISCV/stubs/fstat.c **** 
   8:./../../firmware/RISCV/stubs/fstat.c **** int _fstat(int fd, struct stat* st)
   9:./../../firmware/RISCV/stubs/fstat.c **** {
  16              		.loc 1 9 1
  17              		.cfi_startproc
  18              	.LVL0:
  10:./../../firmware/RISCV/stubs/fstat.c ****   if (isatty(fd)) {
  19              		.loc 1 10 3
   9:./../../firmware/RISCV/stubs/fstat.c ****   if (isatty(fd)) {
  20              		.loc 1 9 1 is_stmt 0
  21 0000 0111     		addi	sp,sp,-32
  22              	.LCFI0:
  23              		.cfi_def_cfa_offset 32
  24 0002 06CE     		sw	ra,28(sp)
  25              		.cfi_offset 1, -4
   9:./../../firmware/RISCV/stubs/fstat.c ****   if (isatty(fd)) {
  26              		.loc 1 9 1
  27 0004 2EC6     		sw	a1,12(sp)
  28              		.loc 1 10 7
  29 0006 97000000 		call	isatty
  29      E7800000 
  30              	.LVL1:
  31              		.loc 1 10 6
  32 000e 01C9     		beq	a0,zero,.L3
  11:./../../firmware/RISCV/stubs/fstat.c ****     st->st_mode = S_IFCHR;
  33              		.loc 1 11 5 is_stmt 1
  34              		.loc 1 11 17 is_stmt 0
  35 0010 B245     		lw	a1,12(sp)
  36 0012 8967     		li	a5,8192
  12:./../../firmware/RISCV/stubs/fstat.c ****     return 0;
  37              		.loc 1 12 12
  38 0014 0145     		li	a0,0
  11:./../../firmware/RISCV/stubs/fstat.c ****     st->st_mode = S_IFCHR;
  39              		.loc 1 11 17
  40 0016 DCC1     		sw	a5,4(a1)
  41              		.loc 1 12 5 is_stmt 1
  42              	.L1:
GAS LISTING C:\WINDOWS\ccAOSsyB.s 			page 2


  13:./../../firmware/RISCV/stubs/fstat.c ****   }
  14:./../../firmware/RISCV/stubs/fstat.c **** 
  15:./../../firmware/RISCV/stubs/fstat.c ****   return _stub(EBADF);
  16:./../../firmware/RISCV/stubs/fstat.c **** }
  43              		.loc 1 16 1 is_stmt 0
  44 0018 F240     		lw	ra,28(sp)
  45              		.cfi_remember_state
  46              		.cfi_restore 1
  47 001a 0561     		addi	sp,sp,32
  48              	.LCFI1:
  49              		.cfi_def_cfa_offset 0
  50              	.LVL2:
  51 001c 8280     		jr	ra
  52              	.LVL3:
  53              	.L3:
  54              	.LCFI2:
  55              		.cfi_restore_state
  15:./../../firmware/RISCV/stubs/fstat.c **** }
  56              		.loc 1 15 10
  57 001e 7D55     		li	a0,-1
  58 0020 E5BF     		j	.L1
  59              		.cfi_endproc
  60              	.LFE1:
  62              		.text
  63              	.Letext0:
  64              		.file 2 "c:\\users\\sebastian\\documents\\mikrodatorteknik\\compiler\\lib\\gcc\\riscv64-unknown-el
  65              		.file 3 "c:\\users\\sebastian\\documents\\mikrodatorteknik\\compiler\\riscv64-unknown-elf\\include
  66              		.file 4 "c:\\users\\sebastian\\documents\\mikrodatorteknik\\compiler\\riscv64-unknown-elf\\include
  67              		.file 5 "c:\\users\\sebastian\\documents\\mikrodatorteknik\\compiler\\riscv64-unknown-elf\\include
  68              		.file 6 "c:\\users\\sebastian\\documents\\mikrodatorteknik\\compiler\\riscv64-unknown-elf\\include
  69              		.file 7 "c:\\users\\sebastian\\documents\\mikrodatorteknik\\compiler\\riscv64-unknown-elf\\include
  70              		.file 8 "c:\\users\\sebastian\\documents\\mikrodatorteknik\\compiler\\riscv64-unknown-elf\\include
  71              		.file 9 "c:\\users\\sebastian\\documents\\mikrodatorteknik\\compiler\\riscv64-unknown-elf\\include
  72              		.file 10 "c:\\users\\sebastian\\documents\\mikrodatorteknik\\compiler\\riscv64-unknown-elf\\includ
  73              		.file 11 "c:\\users\\sebastian\\documents\\mikrodatorteknik\\compiler\\riscv64-unknown-elf\\includ
  74              		.file 12 "c:\\users\\sebastian\\documents\\mikrodatorteknik\\compiler\\riscv64-unknown-elf\\includ
  75              		.file 13 "./../../firmware/RISCV/stubs/stub.h"
GAS LISTING C:\WINDOWS\ccAOSsyB.s 			page 3


DEFINED SYMBOLS
                            *ABS*:0000000000000000 fstat.c
C:\WINDOWS\ccAOSsyB.s:13     .text._fstat:0000000000000000 _fstat
C:\WINDOWS\ccAOSsyB.s:17     .text._fstat:0000000000000000 .L0 
C:\WINDOWS\ccAOSsyB.s:19     .text._fstat:0000000000000000 .L0 
C:\WINDOWS\ccAOSsyB.s:20     .text._fstat:0000000000000000 .L0 
C:\WINDOWS\ccAOSsyB.s:21     .text._fstat:0000000000000000 .L0 
C:\WINDOWS\ccAOSsyB.s:23     .text._fstat:0000000000000002 .L0 
C:\WINDOWS\ccAOSsyB.s:25     .text._fstat:0000000000000004 .L0 
C:\WINDOWS\ccAOSsyB.s:27     .text._fstat:0000000000000004 .L0 
C:\WINDOWS\ccAOSsyB.s:29     .text._fstat:0000000000000006 .L0 
C:\WINDOWS\ccAOSsyB.s:32     .text._fstat:000000000000000e .L0 
C:\WINDOWS\ccAOSsyB.s:34     .text._fstat:0000000000000010 .L0 
C:\WINDOWS\ccAOSsyB.s:35     .text._fstat:0000000000000010 .L0 
C:\WINDOWS\ccAOSsyB.s:38     .text._fstat:0000000000000014 .L0 
C:\WINDOWS\ccAOSsyB.s:40     .text._fstat:0000000000000016 .L0 
C:\WINDOWS\ccAOSsyB.s:43     .text._fstat:0000000000000018 .L0 
C:\WINDOWS\ccAOSsyB.s:44     .text._fstat:0000000000000018 .L0 
C:\WINDOWS\ccAOSsyB.s:45     .text._fstat:000000000000001a .L0 
C:\WINDOWS\ccAOSsyB.s:46     .text._fstat:000000000000001a .L0 
C:\WINDOWS\ccAOSsyB.s:49     .text._fstat:000000000000001c .L0 
C:\WINDOWS\ccAOSsyB.s:55     .text._fstat:000000000000001e .L0 
C:\WINDOWS\ccAOSsyB.s:57     .text._fstat:000000000000001e .L0 
C:\WINDOWS\ccAOSsyB.s:59     .text._fstat:0000000000000022 .L0 
C:\WINDOWS\ccAOSsyB.s:62     .text._fstat:0000000000000022 .L0 
                     .debug_frame:0000000000000000 .L0 
C:\WINDOWS\ccAOSsyB.s:53     .text._fstat:000000000000001e .L3
C:\WINDOWS\ccAOSsyB.s:42     .text._fstat:0000000000000018 .L1
C:\WINDOWS\ccAOSsyB.s:1932   .debug_abbrev:0000000000000000 .Ldebug_abbrev0
C:\WINDOWS\ccAOSsyB.s:2842   .debug_str:00000000000005ac .LASF170
C:\WINDOWS\ccAOSsyB.s:2736   .debug_str:00000000000003b6 .LASF171
C:\WINDOWS\ccAOSsyB.s:2716   .debug_str:000000000000032a .LASF172
C:\WINDOWS\ccAOSsyB.s:2536   .debug_ranges:0000000000000000 .Ldebug_ranges0
C:\WINDOWS\ccAOSsyB.s:2542   .debug_line:0000000000000000 .Ldebug_line0
C:\WINDOWS\ccAOSsyB.s:2672   .debug_str:0000000000000264 .LASF0
C:\WINDOWS\ccAOSsyB.s:2694   .debug_str:00000000000002c3 .LASF1
C:\WINDOWS\ccAOSsyB.s:2594   .debug_str:0000000000000100 .LASF2
C:\WINDOWS\ccAOSsyB.s:2730   .debug_str:000000000000039c .LASF3
C:\WINDOWS\ccAOSsyB.s:2708   .debug_str:000000000000030e .LASF8
C:\WINDOWS\ccAOSsyB.s:2596   .debug_str:000000000000010e .LASF4
C:\WINDOWS\ccAOSsyB.s:2758   .debug_str:000000000000043b .LASF5
C:\WINDOWS\ccAOSsyB.s:2766   .debug_str:000000000000045e .LASF6
C:\WINDOWS\ccAOSsyB.s:2616   .debug_str:0000000000000167 .LASF7
C:\WINDOWS\ccAOSsyB.s:2648   .debug_str:00000000000001fa .LASF9
C:\WINDOWS\ccAOSsyB.s:2682   .debug_str:0000000000000291 .LASF10
C:\WINDOWS\ccAOSsyB.s:2572   .debug_str:0000000000000082 .LASF11
C:\WINDOWS\ccAOSsyB.s:2584   .debug_str:00000000000000cc .LASF12
C:\WINDOWS\ccAOSsyB.s:2614   .debug_str:000000000000015c .LASF13
C:\WINDOWS\ccAOSsyB.s:2742   .debug_str:00000000000003ec .LASF14
C:\WINDOWS\ccAOSsyB.s:2744   .debug_str:00000000000003f8 .LASF15
C:\WINDOWS\ccAOSsyB.s:2660   .debug_str:0000000000000233 .LASF16
C:\WINDOWS\ccAOSsyB.s:2834   .debug_str:0000000000000589 .LASF17
C:\WINDOWS\ccAOSsyB.s:2548   .debug_str:0000000000000014 .LASF18
C:\WINDOWS\ccAOSsyB.s:2806   .debug_str:000000000000051c .LASF19
C:\WINDOWS\ccAOSsyB.s:2600   .debug_str:0000000000000120 .LASF20
C:\WINDOWS\ccAOSsyB.s:2546   .debug_str:000000000000000c .LASF21
C:\WINDOWS\ccAOSsyB.s:2818   .debug_str:000000000000054c .LASF22
GAS LISTING C:\WINDOWS\ccAOSsyB.s 			page 4


C:\WINDOWS\ccAOSsyB.s:2862   .debug_str:000000000000068c .LASF23
C:\WINDOWS\ccAOSsyB.s:2704   .debug_str:0000000000000300 .LASF24
C:\WINDOWS\ccAOSsyB.s:2674   .debug_str:0000000000000271 .LASF25
C:\WINDOWS\ccAOSsyB.s:2810   .debug_str:000000000000052a .LASF26
C:\WINDOWS\ccAOSsyB.s:2812   .debug_str:0000000000000532 .LASF27
C:\WINDOWS\ccAOSsyB.s:2778   .debug_str:0000000000000491 .LASF28
C:\WINDOWS\ccAOSsyB.s:2890   .debug_str:0000000000000709 .LASF29
C:\WINDOWS\ccAOSsyB.s:2848   .debug_str:0000000000000642 .LASF30
C:\WINDOWS\ccAOSsyB.s:2754   .debug_str:0000000000000420 .LASF31
C:\WINDOWS\ccAOSsyB.s:2652   .debug_str:000000000000020b .LASF32
C:\WINDOWS\ccAOSsyB.s:2656   .debug_str:000000000000021c .LASF37
C:\WINDOWS\ccAOSsyB.s:2836   .debug_str:0000000000000591 .LASF33
C:\WINDOWS\ccAOSsyB.s:2802   .debug_str:000000000000050d .LASF34
C:\WINDOWS\ccAOSsyB.s:2650   .debug_str:0000000000000205 .LASF35
C:\WINDOWS\ccAOSsyB.s:2856   .debug_str:0000000000000677 .LASF36
C:\WINDOWS\ccAOSsyB.s:2670   .debug_str:000000000000025f .LASF38
C:\WINDOWS\ccAOSsyB.s:2590   .debug_str:00000000000000f2 .LASF39
C:\WINDOWS\ccAOSsyB.s:2828   .debug_str:0000000000000573 .LASF40
C:\WINDOWS\ccAOSsyB.s:2604   .debug_str:000000000000012f .LASF41
C:\WINDOWS\ccAOSsyB.s:2894   .debug_str:000000000000071c .LASF42
C:\WINDOWS\ccAOSsyB.s:2738   .debug_str:00000000000003db .LASF43
C:\WINDOWS\ccAOSsyB.s:2724   .debug_str:0000000000000382 .LASF44
C:\WINDOWS\ccAOSsyB.s:2858   .debug_str:000000000000067c .LASF45
C:\WINDOWS\ccAOSsyB.s:2768   .debug_str:0000000000000468 .LASF46
C:\WINDOWS\ccAOSsyB.s:2874   .debug_str:00000000000006c1 .LASF47
C:\WINDOWS\ccAOSsyB.s:2608   .debug_str:000000000000013e .LASF48
C:\WINDOWS\ccAOSsyB.s:2642   .debug_str:00000000000001e7 .LASF49
C:\WINDOWS\ccAOSsyB.s:2544   .debug_str:0000000000000000 .LASF50
C:\WINDOWS\ccAOSsyB.s:2844   .debug_str:0000000000000634 .LASF51
C:\WINDOWS\ccAOSsyB.s:2622   .debug_str:0000000000000181 .LASF52
C:\WINDOWS\ccAOSsyB.s:2740   .debug_str:00000000000003e4 .LASF53
C:\WINDOWS\ccAOSsyB.s:2794   .debug_str:00000000000004dd .LASF54
C:\WINDOWS\ccAOSsyB.s:2644   .debug_str:00000000000001ef .LASF55
C:\WINDOWS\ccAOSsyB.s:2770   .debug_str:0000000000000472 .LASF56
C:\WINDOWS\ccAOSsyB.s:2602   .debug_str:0000000000000129 .LASF57
C:\WINDOWS\ccAOSsyB.s:2550   .debug_str:000000000000001c .LASF58
C:\WINDOWS\ccAOSsyB.s:2780   .debug_str:000000000000049c .LASF59
C:\WINDOWS\ccAOSsyB.s:2620   .debug_str:000000000000017a .LASF60
C:\WINDOWS\ccAOSsyB.s:2684   .debug_str:00000000000002a3 .LASF61
C:\WINDOWS\ccAOSsyB.s:2576   .debug_str:00000000000000a3 .LASF62
C:\WINDOWS\ccAOSsyB.s:2610   .debug_str:000000000000014c .LASF63
C:\WINDOWS\ccAOSsyB.s:2662   .debug_str:000000000000023b .LASF64
C:\WINDOWS\ccAOSsyB.s:2722   .debug_str:000000000000037b .LASF65
C:\WINDOWS\ccAOSsyB.s:2814   .debug_str:000000000000053a .LASF66
C:\WINDOWS\ccAOSsyB.s:2878   .debug_str:00000000000006db .LASF67
C:\WINDOWS\ccAOSsyB.s:2598   .debug_str:000000000000011a .LASF68
C:\WINDOWS\ccAOSsyB.s:2870   .debug_str:00000000000006b3 .LASF69
C:\WINDOWS\ccAOSsyB.s:2628   .debug_str:0000000000000197 .LASF70
C:\WINDOWS\ccAOSsyB.s:2636   .debug_str:00000000000001c0 .LASF71
C:\WINDOWS\ccAOSsyB.s:2566   .debug_str:000000000000005c .LASF72
C:\WINDOWS\ccAOSsyB.s:2710   .debug_str:0000000000000315 .LASF73
C:\WINDOWS\ccAOSsyB.s:2784   .debug_str:00000000000004ae .LASF74
C:\WINDOWS\ccAOSsyB.s:2714   .debug_str:0000000000000322 .LASF75
C:\WINDOWS\ccAOSsyB.s:2804   .debug_str:0000000000000515 .LASF76
C:\WINDOWS\ccAOSsyB.s:2822   .debug_str:000000000000055d .LASF77
C:\WINDOWS\ccAOSsyB.s:2624   .debug_str:0000000000000189 .LASF78
C:\WINDOWS\ccAOSsyB.s:2676   .debug_str:0000000000000278 .LASF79
GAS LISTING C:\WINDOWS\ccAOSsyB.s 			page 5


C:\WINDOWS\ccAOSsyB.s:2654   .debug_str:0000000000000214 .LASF80
C:\WINDOWS\ccAOSsyB.s:2792   .debug_str:00000000000004d8 .LASF81
C:\WINDOWS\ccAOSsyB.s:2558   .debug_str:0000000000000039 .LASF82
C:\WINDOWS\ccAOSsyB.s:2800   .debug_str:00000000000004f4 .LASF83
C:\WINDOWS\ccAOSsyB.s:2796   .debug_str:00000000000004e2 .LASF84
C:\WINDOWS\ccAOSsyB.s:2630   .debug_str:00000000000001a0 .LASF85
C:\WINDOWS\ccAOSsyB.s:2798   .debug_str:00000000000004ea .LASF86
C:\WINDOWS\ccAOSsyB.s:2702   .debug_str:00000000000002f8 .LASF87
C:\WINDOWS\ccAOSsyB.s:2664   .debug_str:0000000000000241 .LASF88
C:\WINDOWS\ccAOSsyB.s:2888   .debug_str:0000000000000704 .LASF89
C:\WINDOWS\ccAOSsyB.s:2750   .debug_str:000000000000040c .LASF90
C:\WINDOWS\ccAOSsyB.s:2680   .debug_str:0000000000000289 .LASF91
C:\WINDOWS\ccAOSsyB.s:2634   .debug_str:00000000000001b8 .LASF92
C:\WINDOWS\ccAOSsyB.s:2760   .debug_str:0000000000000449 .LASF93
C:\WINDOWS\ccAOSsyB.s:2696   .debug_str:00000000000002d6 .LASF94
C:\WINDOWS\ccAOSsyB.s:2866   .debug_str:000000000000069f .LASF95
C:\WINDOWS\ccAOSsyB.s:2612   .debug_str:0000000000000154 .LASF96
C:\WINDOWS\ccAOSsyB.s:2606   .debug_str:0000000000000139 .LASF97
C:\WINDOWS\ccAOSsyB.s:2824   .debug_str:0000000000000564 .LASF98
C:\WINDOWS\ccAOSsyB.s:2776   .debug_str:000000000000048a .LASF99
C:\WINDOWS\ccAOSsyB.s:2860   .debug_str:0000000000000686 .LASF100
C:\WINDOWS\ccAOSsyB.s:2690   .debug_str:00000000000002b6 .LASF101
C:\WINDOWS\ccAOSsyB.s:2774   .debug_str:0000000000000484 .LASF102
C:\WINDOWS\ccAOSsyB.s:2554   .debug_str:000000000000002a .LASF103
C:\WINDOWS\ccAOSsyB.s:2808   .debug_str:0000000000000524 .LASF104
C:\WINDOWS\ccAOSsyB.s:2832   .debug_str:0000000000000583 .LASF105
C:\WINDOWS\ccAOSsyB.s:2846   .debug_str:000000000000063d .LASF106
C:\WINDOWS\ccAOSsyB.s:2854   .debug_str:000000000000066a .LASF107
C:\WINDOWS\ccAOSsyB.s:2838   .debug_str:0000000000000597 .LASF108
C:\WINDOWS\ccAOSsyB.s:2700   .debug_str:00000000000002eb .LASF109
C:\WINDOWS\ccAOSsyB.s:2876   .debug_str:00000000000006cc .LASF110
C:\WINDOWS\ccAOSsyB.s:2658   .debug_str:0000000000000224 .LASF111
C:\WINDOWS\ccAOSsyB.s:2786   .debug_str:00000000000004b7 .LASF112
C:\WINDOWS\ccAOSsyB.s:2880   .debug_str:00000000000006e2 .LASF113
C:\WINDOWS\ccAOSsyB.s:2790   .debug_str:00000000000004cb .LASF114
C:\WINDOWS\ccAOSsyB.s:2886   .debug_str:00000000000006f6 .LASF115
C:\WINDOWS\ccAOSsyB.s:2588   .debug_str:00000000000000e4 .LASF116
C:\WINDOWS\ccAOSsyB.s:2864   .debug_str:0000000000000695 .LASF117
C:\WINDOWS\ccAOSsyB.s:2698   .debug_str:00000000000002df .LASF118
C:\WINDOWS\ccAOSsyB.s:2850   .debug_str:000000000000064a .LASF119
C:\WINDOWS\ccAOSsyB.s:2640   .debug_str:00000000000001d9 .LASF120
C:\WINDOWS\ccAOSsyB.s:2582   .debug_str:00000000000000bd .LASF121
C:\WINDOWS\ccAOSsyB.s:2638   .debug_str:00000000000001c8 .LASF122
C:\WINDOWS\ccAOSsyB.s:2568   .debug_str:0000000000000062 .LASF123
C:\WINDOWS\ccAOSsyB.s:2570   .debug_str:0000000000000071 .LASF124
C:\WINDOWS\ccAOSsyB.s:2764   .debug_str:0000000000000455 .LASF125
C:\WINDOWS\ccAOSsyB.s:2734   .debug_str:00000000000003af .LASF126
C:\WINDOWS\ccAOSsyB.s:2726   .debug_str:000000000000038c .LASF127
C:\WINDOWS\ccAOSsyB.s:2872   .debug_str:00000000000006b9 .LASF128
C:\WINDOWS\ccAOSsyB.s:2578   .debug_str:00000000000000ac .LASF173
C:\WINDOWS\ccAOSsyB.s:2816   .debug_str:0000000000000540 .LASF129
C:\WINDOWS\ccAOSsyB.s:2852   .debug_str:0000000000000657 .LASF130
C:\WINDOWS\ccAOSsyB.s:2632   .debug_str:00000000000001ab .LASF131
C:\WINDOWS\ccAOSsyB.s:2782   .debug_str:00000000000004a4 .LASF132
C:\WINDOWS\ccAOSsyB.s:2748   .debug_str:0000000000000405 .LASF133
C:\WINDOWS\ccAOSsyB.s:2678   .debug_str:0000000000000280 .LASF134
C:\WINDOWS\ccAOSsyB.s:2868   .debug_str:00000000000006a9 .LASF135
GAS LISTING C:\WINDOWS\ccAOSsyB.s 			page 6


C:\WINDOWS\ccAOSsyB.s:2896   .debug_str:0000000000000726 .LASF136
C:\WINDOWS\ccAOSsyB.s:2686   .debug_str:00000000000002a9 .LASF137
C:\WINDOWS\ccAOSsyB.s:2746   .debug_str:00000000000003ff .LASF138
C:\WINDOWS\ccAOSsyB.s:2692   .debug_str:00000000000002bd .LASF139
C:\WINDOWS\ccAOSsyB.s:2646   .debug_str:00000000000001f4 .LASF140
C:\WINDOWS\ccAOSsyB.s:2556   .debug_str:0000000000000032 .LASF141
C:\WINDOWS\ccAOSsyB.s:2552   .debug_str:0000000000000022 .LASF142
C:\WINDOWS\ccAOSsyB.s:2706   .debug_str:0000000000000306 .LASF143
C:\WINDOWS\ccAOSsyB.s:2728   .debug_str:0000000000000395 .LASF144
C:\WINDOWS\ccAOSsyB.s:2732   .debug_str:00000000000003a8 .LASF145
C:\WINDOWS\ccAOSsyB.s:2830   .debug_str:000000000000057c .LASF146
C:\WINDOWS\ccAOSsyB.s:2882   .debug_str:00000000000006e7 .LASF147
C:\WINDOWS\ccAOSsyB.s:2720   .debug_str:0000000000000372 .LASF148
C:\WINDOWS\ccAOSsyB.s:2752   .debug_str:0000000000000416 .LASF149
C:\WINDOWS\ccAOSsyB.s:2560   .debug_str:0000000000000044 .LASF150
C:\WINDOWS\ccAOSsyB.s:2586   .debug_str:00000000000000dc .LASF151
C:\WINDOWS\ccAOSsyB.s:2592   .debug_str:00000000000000fb .LASF152
C:\WINDOWS\ccAOSsyB.s:2562   .debug_str:000000000000004e .LASF153
C:\WINDOWS\ccAOSsyB.s:2762   .debug_str:000000000000044e .LASF154
C:\WINDOWS\ccAOSsyB.s:2840   .debug_str:00000000000005a4 .LASF155
C:\WINDOWS\ccAOSsyB.s:2756   .debug_str:0000000000000432 .LASF156
C:\WINDOWS\ccAOSsyB.s:2688   .debug_str:00000000000002af .LASF157
C:\WINDOWS\ccAOSsyB.s:2564   .debug_str:0000000000000055 .LASF158
C:\WINDOWS\ccAOSsyB.s:2884   .debug_str:00000000000006ee .LASF159
C:\WINDOWS\ccAOSsyB.s:2718   .debug_str:000000000000036a .LASF160
C:\WINDOWS\ccAOSsyB.s:2820   .debug_str:0000000000000554 .LASF161
C:\WINDOWS\ccAOSsyB.s:2666   .debug_str:000000000000024b .LASF162
C:\WINDOWS\ccAOSsyB.s:2892   .debug_str:0000000000000713 .LASF163
C:\WINDOWS\ccAOSsyB.s:2668   .debug_str:0000000000000255 .LASF164
C:\WINDOWS\ccAOSsyB.s:2788   .debug_str:00000000000004c2 .LASF165
C:\WINDOWS\ccAOSsyB.s:2618   .debug_str:0000000000000170 .LASF166
C:\WINDOWS\ccAOSsyB.s:2772   .debug_str:0000000000000479 .LASF167
C:\WINDOWS\ccAOSsyB.s:2574   .debug_str:0000000000000099 .LASF168
C:\WINDOWS\ccAOSsyB.s:2826   .debug_str:0000000000000569 .LASF169
C:\WINDOWS\ccAOSsyB.s:2626   .debug_str:0000000000000190 .LASF174
C:\WINDOWS\ccAOSsyB.s:14     .text._fstat:0000000000000000 .LFB1
C:\WINDOWS\ccAOSsyB.s:60     .text._fstat:0000000000000022 .LFE1
C:\WINDOWS\ccAOSsyB.s:2464   .debug_loc:0000000000000000 .LLST0
C:\WINDOWS\ccAOSsyB.s:2487   .debug_loc:0000000000000038 .LLST1
C:\WINDOWS\ccAOSsyB.s:2501   .debug_loc:0000000000000059 .LLST2
C:\WINDOWS\ccAOSsyB.s:30     .text._fstat:000000000000000e .LVL1
C:\WINDOWS\ccAOSsyB.s:2580   .debug_str:00000000000000b7 .LASF175
C:\WINDOWS\ccAOSsyB.s:2712   .debug_str:000000000000031b .LASF176
C:\WINDOWS\ccAOSsyB.s:22     .text._fstat:0000000000000002 .LCFI0
C:\WINDOWS\ccAOSsyB.s:48     .text._fstat:000000000000001c .LCFI1
C:\WINDOWS\ccAOSsyB.s:54     .text._fstat:000000000000001e .LCFI2
C:\WINDOWS\ccAOSsyB.s:18     .text._fstat:0000000000000000 .LVL0
C:\WINDOWS\ccAOSsyB.s:50     .text._fstat:000000000000001c .LVL2
C:\WINDOWS\ccAOSsyB.s:52     .text._fstat:000000000000001e .LVL3
C:\WINDOWS\ccAOSsyB.s:77     .debug_info:0000000000000000 .Ldebug_info0

UNDEFINED SYMBOLS
isatty
