Archive member included to satisfy reference by file (symbol)

c:/users/sebastian/documents/mikrodatorteknik/compiler/bin/../lib/gcc/riscv64-unknown-elf/8.3.0/rv32imac/ilp32\libgcc.a(divdf3.o)
                              build/lcd.o (__divdf3)
c:/users/sebastian/documents/mikrodatorteknik/compiler/bin/../lib/gcc/riscv64-unknown-elf/8.3.0/rv32imac/ilp32\libgcc.a(ledf2.o)
                              build/lcd.o (__ltdf2)
c:/users/sebastian/documents/mikrodatorteknik/compiler/bin/../lib/gcc/riscv64-unknown-elf/8.3.0/rv32imac/ilp32\libgcc.a(muldf3.o)
                              build/lcd.o (__muldf3)
c:/users/sebastian/documents/mikrodatorteknik/compiler/bin/../lib/gcc/riscv64-unknown-elf/8.3.0/rv32imac/ilp32\libgcc.a(floatunsidf.o)
                              build/lcd.o (__floatunsidf)
c:/users/sebastian/documents/mikrodatorteknik/compiler/bin/../lib/gcc/riscv64-unknown-elf/8.3.0/rv32imac/ilp32\libgcc.a(floatundidf.o)
                              build/lcd.o (__floatundidf)
c:/users/sebastian/documents/mikrodatorteknik/compiler/bin/../lib/gcc/riscv64-unknown-elf/8.3.0/rv32imac/ilp32\libgcc.a(mulsf3.o)
                              build/lcd.o (__mulsf3)
c:/users/sebastian/documents/mikrodatorteknik/compiler/bin/../lib/gcc/riscv64-unknown-elf/8.3.0/rv32imac/ilp32\libgcc.a(fixunssfsi.o)
                              build/lcd.o (__fixunssfsi)
c:/users/sebastian/documents/mikrodatorteknik/compiler/bin/../lib/gcc/riscv64-unknown-elf/8.3.0/rv32imac/ilp32\libgcc.a(_lshrdi3.o)
                              c:/users/sebastian/documents/mikrodatorteknik/compiler/bin/../lib/gcc/riscv64-unknown-elf/8.3.0/rv32imac/ilp32\libgcc.a(floatundidf.o) (__lshrdi3)
c:/users/sebastian/documents/mikrodatorteknik/compiler/bin/../lib/gcc/riscv64-unknown-elf/8.3.0/rv32imac/ilp32\libgcc.a(_ashldi3.o)
                              c:/users/sebastian/documents/mikrodatorteknik/compiler/bin/../lib/gcc/riscv64-unknown-elf/8.3.0/rv32imac/ilp32\libgcc.a(floatundidf.o) (__ashldi3)
c:/users/sebastian/documents/mikrodatorteknik/compiler/bin/../lib/gcc/riscv64-unknown-elf/8.3.0/rv32imac/ilp32\libgcc.a(_clzsi2.o)
                              c:/users/sebastian/documents/mikrodatorteknik/compiler/bin/../lib/gcc/riscv64-unknown-elf/8.3.0/rv32imac/ilp32\libgcc.a(divdf3.o) (__clzsi2)
c:/users/sebastian/documents/mikrodatorteknik/compiler/bin/../lib/gcc/riscv64-unknown-elf/8.3.0/rv32imac/ilp32\libgcc.a(_clz.o)
                              c:/users/sebastian/documents/mikrodatorteknik/compiler/bin/../lib/gcc/riscv64-unknown-elf/8.3.0/rv32imac/ilp32\libgcc.a(_clzsi2.o) (__clz_tab)
c:/users/sebastian/documents/mikrodatorteknik/compiler/bin/../lib/gcc/riscv64-unknown-elf/8.3.0/../../../../riscv64-unknown-elf/lib/rv32imac/ilp32\libc_nano.a(lib_a-atexit.o)
                              build/start.o (atexit)
c:/users/sebastian/documents/mikrodatorteknik/compiler/bin/../lib/gcc/riscv64-unknown-elf/8.3.0/../../../../riscv64-unknown-elf/lib/rv32imac/ilp32\libc_nano.a(lib_a-exit.o)
                              build/start.o (exit)
c:/users/sebastian/documents/mikrodatorteknik/compiler/bin/../lib/gcc/riscv64-unknown-elf/8.3.0/../../../../riscv64-unknown-elf/lib/rv32imac/ilp32\libc_nano.a(lib_a-fini.o)
                              build/start.o (__libc_fini_array)
c:/users/sebastian/documents/mikrodatorteknik/compiler/bin/../lib/gcc/riscv64-unknown-elf/8.3.0/../../../../riscv64-unknown-elf/lib/rv32imac/ilp32\libc_nano.a(lib_a-impure.o)
                              c:/users/sebastian/documents/mikrodatorteknik/compiler/bin/../lib/gcc/riscv64-unknown-elf/8.3.0/../../../../riscv64-unknown-elf/lib/rv32imac/ilp32\libc_nano.a(lib_a-exit.o) (_global_impure_ptr)
c:/users/sebastian/documents/mikrodatorteknik/compiler/bin/../lib/gcc/riscv64-unknown-elf/8.3.0/../../../../riscv64-unknown-elf/lib/rv32imac/ilp32\libc_nano.a(lib_a-init.o)
                              build/start.o (__libc_init_array)
c:/users/sebastian/documents/mikrodatorteknik/compiler/bin/../lib/gcc/riscv64-unknown-elf/8.3.0/../../../../riscv64-unknown-elf/lib/rv32imac/ilp32\libc_nano.a(lib_a-memcpy-asm.o)
                              build/gd32vf103_rcu.o (memcpy)
c:/users/sebastian/documents/mikrodatorteknik/compiler/bin/../lib/gcc/riscv64-unknown-elf/8.3.0/../../../../riscv64-unknown-elf/lib/rv32imac/ilp32\libc_nano.a(lib_a-memset.o)
                              build/main.o (memset)
c:/users/sebastian/documents/mikrodatorteknik/compiler/bin/../lib/gcc/riscv64-unknown-elf/8.3.0/../../../../riscv64-unknown-elf/lib/rv32imac/ilp32\libc_nano.a(lib_a-strcat.o)
                              build/main.o (strcat)
c:/users/sebastian/documents/mikrodatorteknik/compiler/bin/../lib/gcc/riscv64-unknown-elf/8.3.0/../../../../riscv64-unknown-elf/lib/rv32imac/ilp32\libc_nano.a(lib_a-strcpy.o)
                              build/main.o (strcpy)
[...]
Memory Configuration

Name             Origin             Length             Attributes
flash            0x0000000008000000 0x0000000000020000 axrl !w
ram              0x0000000020000000 0x0000000000008000 axw !rl
*default*        0x0000000000000000 0xffffffffffffffff

Linker script and memory map

LOAD build/gd32vf103_adc.o
LOAD build/gd32vf103_bkp.o
LOAD build/gd32vf103_can.o
LOAD build/gd32vf103_crc.o
LOAD build/gd32vf103_dac.o
LOAD build/gd32vf103_dbg.o
LOAD build/gd32vf103_dma.o
LOAD build/gd32vf103_eclic.o
LOAD build/gd32vf103_exmc.o
LOAD build/gd32vf103_exti.o
LOAD build/gd32vf103_fmc.o
LOAD build/gd32vf103_fwdgt.o
LOAD build/gd32vf103_gpio.o
LOAD build/gd32vf103_i2c.o
LOAD build/gd32vf103_pmu.o
LOAD build/gd32vf103_rcu.o
LOAD build/gd32vf103_rtc.o
LOAD build/gd32vf103_spi.o
LOAD build/gd32vf103_timer.o
LOAD build/gd32vf103_usart.o
LOAD build/gd32vf103_wwdgt.o
LOAD build/system_gd32vf103.o
LOAD build/_exit.o
LOAD build/close.o
LOAD build/fstat.o
LOAD build/isatty.o
LOAD build/lseek.o
LOAD build/read.o
LOAD build/sbrk.o
LOAD build/write.o
LOAD build/write_hex.o
LOAD build/n200_func.o
LOAD build/handlers.o
LOAD build/init.o
LOAD build/adc.o
LOAD build/eclicw.o
LOAD build/lcd.o
LOAD build/main.o
LOAD build/usart.o
LOAD build/start.o
LOAD build/entry.o
LOAD build/drivers.o
LOAD c:/users/sebastian/documents/mikrodatorteknik/compiler/bin/../lib/gcc/riscv64-unknown-elf/8.3.0/rv32imac/ilp32\libgcc.a
LOAD c:/users/sebastian/documents/mikrodatorteknik/compiler/bin/../lib/gcc/riscv64-unknown-elf/8.3.0/../../../../riscv64-unknown-elf/lib/rv32imac/ilp32\libc_nano.a
LOAD c:/users/sebastian/documents/mikrodatorteknik/compiler/bin/../lib/gcc/riscv64-unknown-elf/8.3.0/rv32imac/ilp32\libgcc.a
START GROUP
LOAD c:/users/sebastian/documents/mikrodatorteknik/compiler/bin/../lib/gcc/riscv64-unknown-elf/8.3.0/rv32imac/ilp32\libgcc.a
LOAD c:/users/sebastian/documents/mikrodatorteknik/compiler/bin/../lib/gcc/riscv64-unknown-elf/8.3.0/../../../../riscv64-unknown-elf/lib/rv32imac/ilp32\libc_nano.a
LOAD c:/users/sebastian/documents/mikrodatorteknik/compiler/bin/../lib/gcc/riscv64-unknown-elf/8.3.0/../../../../riscv64-unknown-elf/lib/rv32imac/ilp32\libgloss_nano.a
END GROUP
                0x0000000000001000                __stack_size = DEFINED (__stack_size)?__stack_size:0x1000
                0x0000000000000000                __dbg_stack_size = DEFINED (__dbg_stack_size)?__dbg_stack_size:0x0

.init           0x0000000008000000      0x254
 *(SORT_NONE(.init))
 .init          0x0000000008000000      0x254 build/start.o
                0x000000000800015c                _start
                0x0000000008000246                disable_mcycle_minstret
                0x000000000800024c                enable_mcycle_minstret

.ilalign        0x0000000008000254        0x0
                0x0000000008000254                . = ALIGN (0x4)
                [!provide]                        PROVIDE (_ilm_lma = .)

.ialign         0x0000000008000254        0x0
                [!provide]                        PROVIDE (_ilm = .)

.text           0x0000000008000280     0x408a
 *(.rodata .rodata.*)
 .rodata        0x0000000008000280       0x10 build/gd32vf103_rcu.o
 .rodata._exit.str1.4
                0x0000000008000290       0x1f build/_exit.o
                                         0x23 (size before relaxing)
 *fill*         0x00000000080002af        0x1 
 .rodata.write_hex.str1.4
                0x00000000080002b0        0x3 build/write_hex.o
 *fill*         0x00000000080002b3        0x1 
 .rodata.handle_nmi.str1.4
                0x00000000080002b4        0x5 build/handlers.o
 *fill*         0x00000000080002b9        0x3 
 .rodata.handle_trap.str1.4
                0x00000000080002bc        0x6 build/handlers.o
 *fill*         0x00000000080002c2        0x2 
 .rodata.asc2_1608
                0x00000000080002c4      0x5f0 build/lcd.o
                0x00000000080002c4                asc2_1608
 *fill*         0x00000000080008b4        0x4 
 .rodata.lcd_delay_1ms.cst8
                0x00000000080008b8        0x8 build/lcd.o
 .rodata        0x00000000080008c0       0x80 build/main.o
 .rodata.main.str1.4
                0x0000000008000940       0x1c build/main.o
 .rodata        0x000000000800095c       0x3c c:/users/sebastian/documents/mikrodatorteknik/compiler/bin/../lib/gcc/riscv64-unknown-elf/8.3.0/rv32imac/ilp32\libgcc.a(divdf3.o)
 .rodata        0x0000000008000998       0x3c c:/users/sebastian/documents/mikrodatorteknik/compiler/bin/../lib/gcc/riscv64-unknown-elf/8.3.0/rv32imac/ilp32\libgcc.a(muldf3.o)
 .rodata        0x00000000080009d4      0x100 c:/users/sebastian/documents/mikrodatorteknik/compiler/bin/../lib/gcc/riscv64-unknown-elf/8.3.0/rv32imac/ilp32\libgcc.a(_clz.o)
                0x00000000080009d4                __clz_tab
 *(.text.unlikely .text.unlikely.*)
 *(.text.startup .text.startup.*)
 .text.startup.main
                0x0000000008000ad4      0x6c8 build/main.o
                0x0000000008000ad4                main
 *(.text .text.*)
 .text.adc_deinit
                0x000000000800119c       0x50 build/gd32vf103_adc.o
                0x000000000800119c                adc_deinit
 .text.adc_mode_config
                0x00000000080011ec       0x20 build/gd32vf103_adc.o
                0x00000000080011ec                adc_mode_config
 .text.adc_special_function_config
                0x000000000800120c       0x48 build/gd32vf103_adc.o
                0x000000000800120c                adc_special_function_config
 .text.adc_data_alignment_config
                0x0000000008001254       0x1a build/gd32vf103_adc.o
                0x0000000008001254                adc_data_alignment_config
 .text.adc_enable
                0x000000000800126e       0x10 build/gd32vf103_adc.o
                0x000000000800126e                adc_enable
 .text.adc_calibration_enable
                0x000000000800127e       0x22 build/gd32vf103_adc.o
                0x000000000800127e                adc_calibration_enable
 .text.adc_tempsensor_vrefint_enable
                0x00000000080012a0       0x14 build/gd32vf103_adc.o
                0x00000000080012a0                adc_tempsensor_vrefint_enable
 .text.adc_channel_length_config
                0x00000000080012b4       0x4a build/gd32vf103_adc.o
                0x00000000080012b4                adc_channel_length_config
 .text.adc_regular_channel_config
                0x00000000080012fe       0xbe build/gd32vf103_adc.o
                0x00000000080012fe                adc_regular_channel_config
 .text.adc_inserted_channel_config
                0x00000000080013bc       0x76 build/gd32vf103_adc.o
                0x00000000080013bc                adc_inserted_channel_config
 .text.adc_external_trigger_source_config
                0x0000000008001432       0x34 build/gd32vf103_adc.o
                0x0000000008001432                adc_external_trigger_source_config
 .text.adc_external_trigger_config
                0x0000000008001466       0x3a build/gd32vf103_adc.o
                0x0000000008001466                adc_external_trigger_config
 .text.adc_software_trigger_enable
                0x00000000080014a0       0x20 build/gd32vf103_adc.o
                0x00000000080014a0                adc_software_trigger_enable
 .text.adc_regular_data_read
                0x00000000080014c0        0x8 build/gd32vf103_adc.o
                0x00000000080014c0                adc_regular_data_read
 .text.adc_inserted_data_read
                0x00000000080014c8       0x2c build/gd32vf103_adc.o
                0x00000000080014c8                adc_inserted_data_read
 .text.adc_flag_get
                0x00000000080014f4        0xa build/gd32vf103_adc.o
                0x00000000080014f4                adc_flag_get
 .text.adc_flag_clear
                0x00000000080014fe        0xc build/gd32vf103_adc.o
                0x00000000080014fe                adc_flag_clear
 .text.bkp_deinit
                0x000000000800150a       0x18 build/gd32vf103_bkp.o
                0x000000000800150a                bkp_deinit
 .text.eclic_global_interrupt_enable
                0x0000000008001522        0x6 build/gd32vf103_eclic.o
                0x0000000008001522                eclic_global_interrupt_enable
 .text.gpio_init
                0x0000000008001528       0xa4 build/gd32vf103_gpio.o
                0x0000000008001528                gpio_init
 .text.gpio_bit_set
                0x00000000080015cc        0x4 build/gd32vf103_gpio.o
                0x00000000080015cc                gpio_bit_set
 .text.gpio_bit_reset
                0x00000000080015d0        0x4 build/gd32vf103_gpio.o
                0x00000000080015d0                gpio_bit_reset
 .text.pmu_backup_write_enable
                0x00000000080015d4        0xe build/gd32vf103_pmu.o
                0x00000000080015d4                pmu_backup_write_enable
 .text.rcu_periph_clock_enable
                0x00000000080015e2       0x18 build/gd32vf103_rcu.o
                0x00000000080015e2                rcu_periph_clock_enable
 .text.rcu_periph_reset_enable
                0x00000000080015fa       0x18 build/gd32vf103_rcu.o
                0x00000000080015fa                rcu_periph_reset_enable
 .text.rcu_periph_reset_disable
                0x0000000008001612       0x1c build/gd32vf103_rcu.o
                0x0000000008001612                rcu_periph_reset_disable
 .text.rcu_bkp_reset_enable
                0x000000000800162e        0xe build/gd32vf103_rcu.o
                0x000000000800162e                rcu_bkp_reset_enable
 .text.rcu_bkp_reset_disable
                0x000000000800163c       0x10 build/gd32vf103_rcu.o
                0x000000000800163c                rcu_bkp_reset_disable
 .text.rcu_adc_clock_config
                0x000000000800164c       0x40 build/gd32vf103_rcu.o
                0x000000000800164c                rcu_adc_clock_config
 .text.rcu_rtc_clock_config
                0x000000000800168c       0x10 build/gd32vf103_rcu.o
                0x000000000800168c                rcu_rtc_clock_config
 .text.rcu_flag_get
                0x000000000800169c       0x14 build/gd32vf103_rcu.o
                0x000000000800169c                rcu_flag_get
 .text.rcu_osci_stab_wait
                0x00000000080016b0      0x112 build/gd32vf103_rcu.o
                0x00000000080016b0                rcu_osci_stab_wait
 .text.rcu_clock_freq_get
                0x00000000080017c2      0x13a build/gd32vf103_rcu.o
                0x00000000080017c2                rcu_clock_freq_get
 .text.rtc_configuration_mode_enter
                0x00000000080018fc       0x12 build/gd32vf103_rtc.o
                0x00000000080018fc                rtc_configuration_mode_enter
 .text.rtc_configuration_mode_exit
                0x000000000800190e       0x10 build/gd32vf103_rtc.o
                0x000000000800190e                rtc_configuration_mode_exit
 .text.rtc_counter_set
                0x000000000800191e       0x30 build/gd32vf103_rtc.o
                0x000000000800191e                rtc_counter_set
 .text.rtc_prescaler_set
                0x000000000800194e       0x32 build/gd32vf103_rtc.o
                0x000000000800194e                rtc_prescaler_set
 .text.rtc_lwoff_wait
                0x0000000008001980       0x10 build/gd32vf103_rtc.o
                0x0000000008001980                rtc_lwoff_wait
 .text.rtc_register_sync_wait
                0x0000000008001990       0x18 build/gd32vf103_rtc.o
                0x0000000008001990                rtc_register_sync_wait
 .text.rtc_counter_get
                0x00000000080019a8       0x12 build/gd32vf103_rtc.o
                0x00000000080019a8                rtc_counter_get
 .text.rtc_flag_clear
                0x00000000080019ba       0x14 build/gd32vf103_rtc.o
                0x00000000080019ba                rtc_flag_clear
 .text.spi_struct_para_init
                0x00000000080019ce       0x1a build/gd32vf103_spi.o
                0x00000000080019ce                spi_struct_para_init
 .text.spi_init
                0x00000000080019e8       0x36 build/gd32vf103_spi.o
                0x00000000080019e8                spi_init
 .text.spi_enable
                0x0000000008001a1e        0xa build/gd32vf103_spi.o
                0x0000000008001a1e                spi_enable
 .text.spi_i2s_data_transmit
                0x0000000008001a28        0x4 build/gd32vf103_spi.o
                0x0000000008001a28                spi_i2s_data_transmit
 .text.spi_crc_polynomial_set
                0x0000000008001a2c        0xc build/gd32vf103_spi.o
                0x0000000008001a2c                spi_crc_polynomial_set
 .text.spi_i2s_flag_get
                0x0000000008001a38        0xa build/gd32vf103_spi.o
                0x0000000008001a38                spi_i2s_flag_get
 .text.usart_deinit
                0x0000000008001a42       0xa2 build/gd32vf103_usart.o
                0x0000000008001a42                usart_deinit
 .text.usart_baudrate_set
                0x0000000008001ae4       0x6c build/gd32vf103_usart.o
                0x0000000008001ae4                usart_baudrate_set
 .text.usart_parity_config
                0x0000000008001b50       0x10 build/gd32vf103_usart.o
                0x0000000008001b50                usart_parity_config
 .text.usart_word_length_set
                0x0000000008001b60       0x12 build/gd32vf103_usart.o
                0x0000000008001b60                usart_word_length_set
 .text.usart_stop_bit_set
                0x0000000008001b72       0x12 build/gd32vf103_usart.o
                0x0000000008001b72                usart_stop_bit_set
 .text.usart_enable
                0x0000000008001b84        0xa build/gd32vf103_usart.o
                0x0000000008001b84                usart_enable
 .text.usart_transmit_config
                0x0000000008001b8e        0xa build/gd32vf103_usart.o
                0x0000000008001b8e                usart_transmit_config
 .text.usart_receive_config
                0x0000000008001b98        0xa build/gd32vf103_usart.o
                0x0000000008001b98                usart_receive_config
 .text.usart_data_transmit
                0x0000000008001ba2        0x8 build/gd32vf103_usart.o
                0x0000000008001ba2                usart_data_transmit
 .text.usart_data_receive
                0x0000000008001baa        0x8 build/gd32vf103_usart.o
                0x0000000008001baa                usart_data_receive
 .text.usart_hardware_flow_rts_config
                0x0000000008001bb2        0xc build/gd32vf103_usart.o
                0x0000000008001bb2                usart_hardware_flow_rts_config
 .text.usart_hardware_flow_cts_config
                0x0000000008001bbe        0xc build/gd32vf103_usart.o
                0x0000000008001bbe                usart_hardware_flow_cts_config
 .text.usart_flag_get
                0x0000000008001bca       0x14 build/gd32vf103_usart.o
                0x0000000008001bca                usart_flag_get
 .text.usart_interrupt_enable
                0x0000000008001bde       0x18 build/gd32vf103_usart.o
                0x0000000008001bde                usart_interrupt_enable
 .text.usart_interrupt_disable
                0x0000000008001bf6       0x1c build/gd32vf103_usart.o
                0x0000000008001bf6                usart_interrupt_disable
 .text.SystemInit
                0x0000000008001c12      0x11c build/system_gd32vf103.o
                0x0000000008001c12                SystemInit
 .text._exit    0x0000000008001d2e       0x4c build/_exit.o
                0x0000000008001d2e                _exit
 .text.write_hex
                0x0000000008001d7a       0x7c build/write_hex.o
                0x0000000008001d7a                write_hex
 .text.get_timer_value
                0x0000000008001df6       0x10 build/n200_func.o
                0x0000000008001df6                get_timer_value
 .text.eclic_init
                0x0000000008001e06       0x22 build/n200_func.o
                0x0000000008001e06                eclic_init
 .text.eclic_enable_interrupt
                0x0000000008001e28       0x12 build/n200_func.o
                0x0000000008001e28                eclic_enable_interrupt
 .text.eclic_get_nlbits
                0x0000000008001e3a        0xe build/n200_func.o
                0x0000000008001e3a                eclic_get_nlbits
 .text.eclic_set_irq_lvl_abs
                0x0000000008001e48       0x58 build/n200_func.o
                0x0000000008001e48                eclic_set_irq_lvl_abs
 .text.eclic_set_irq_priority
                0x0000000008001ea0       0x52 build/n200_func.o
                0x0000000008001ea0                eclic_set_irq_priority
 .text.eclic_mode_enable
                0x0000000008001ef2       0x12 build/n200_func.o
                0x0000000008001ef2                eclic_mode_enable
 .text.eclic_set_vmode
                0x0000000008001f04       0x18 build/n200_func.o
                0x0000000008001f04                eclic_set_vmode
 .text.handle_nmi
                0x0000000008001f1c       0x22 build/handlers.o
                0x0000000008001f1c                handle_nmi
 .text.handle_trap
                0x0000000008001f3e       0x38 build/handlers.o
                0x0000000008001f3e                handle_trap
 .text._init    0x0000000008001f76       0x2c build/init.o
                0x0000000008001f76                _init
 .text._fini    0x0000000008001fa2        0x2 build/init.o
                0x0000000008001fa2                _fini
 .text.ADC3powerUpInit
                0x0000000008001fa4      0x140 build/adc.o
                0x0000000008001fa4                ADC3powerUpInit
 .text.eclicw_enable
                0x00000000080020e4       0x9a build/eclicw.o
                0x00000000080020e4                eclicw_enable
 .text.eclic_mtip_handler
                0x000000000800217e       0x52 build/eclicw.o
                0x000000000800217e                eclic_mtip_handler
 .text.USART0_IRQHandler
                0x00000000080021d0       0x52 build/eclicw.o
                0x00000000080021d0                USART0_IRQHandler
 .text.lcd_delay_1ms
                0x0000000008002222       0xce build/lcd.o
                0x0000000008002222                lcd_delay_1ms
 .text.LCD_WR_Queue
                0x00000000080022f0       0xc2 build/lcd.o
                0x00000000080022f0                LCD_WR_Queue
 .text.LCD_Wait_On_Queue
                0x00000000080023b2       0x30 build/lcd.o
                0x00000000080023b2                LCD_Wait_On_Queue
 .text.LCD_Write_Bus
                0x00000000080023e2       0x58 build/lcd.o
                0x00000000080023e2                LCD_Write_Bus
 .text.LCD_WR_DATA
                0x000000000800243a       0x2c build/lcd.o
                0x000000000800243a                LCD_WR_DATA
 .text.LCD_Address_Set
                0x0000000008002466       0x82 build/lcd.o
                0x0000000008002466                LCD_Address_Set
 .text.spi_config
                0x00000000080024e8       0x6c build/lcd.o
                0x00000000080024e8                spi_config
 .text.Lcd_SetType
                0x0000000008002554       0x26 build/lcd.o
                0x0000000008002554                Lcd_SetType
 .text.Lcd_Init
                0x000000000800257a      0x464 build/lcd.o
                0x000000000800257a                Lcd_Init
 .text.LCD_Clear
                0x00000000080029de       0x46 build/lcd.o
                0x00000000080029de                LCD_Clear
 .text.LCD_DrawPoint
                0x0000000008002a24       0x24 build/lcd.o
                0x0000000008002a24                LCD_DrawPoint
 .text.LCD_ShowChar
                0x0000000008002a48       0xde build/lcd.o
                0x0000000008002a48                LCD_ShowChar
 .text.LCD_ShowStr
                0x0000000008002b26       0x60 build/lcd.o
                0x0000000008002b26                LCD_ShowStr
 .text.rtcInit  0x0000000008002b86       0x94 build/main.o
                0x0000000008002b86                rtcInit
 .text.updateLCD
                0x0000000008002c1a      0x11c build/main.o
                0x0000000008002c1a                updateLCD
 .text.u0_TX_Queue
                0x0000000008002d36       0x88 build/usart.o
                0x0000000008002d36                u0_TX_Queue
 .text.putch    0x0000000008002dbe       0x6a build/usart.o
                0x0000000008002dbe                putch
 .text.putstr   0x0000000008002e28       0x22 build/usart.o
                0x0000000008002e28                putstr
 .text.u0init   0x0000000008002e4a      0x10a build/usart.o
                0x0000000008002e4a                u0init
 *fill*         0x0000000008002f54       0x2c 
 .text.trap     0x0000000008002f80       0x82 build/entry.o
                0x0000000008002f80                trap_entry
 *fill*         0x0000000008003002        0x2 
 .text.irq      0x0000000008003004       0x7a build/entry.o
                0x0000000008003004                irq_entry
 .text          0x000000000800307e      0x2e4 build/drivers.o
                0x00000000080030f0                t5omsi
                0x0000000008003122                t5expq
                0x0000000008003132                colinit
                0x0000000008003172                colset
                0x00000000080031aa                l88init
                0x00000000080031dc                l88row
                0x0000000008003212                l88mem
                0x0000000008003226                keyinit
                0x0000000008003258                keyscan
 .text          0x0000000008003362      0x546 c:/users/sebastian/documents/mikrodatorteknik/compiler/bin/../lib/gcc/riscv64-unknown-elf/8.3.0/rv32imac/ilp32\libgcc.a(divdf3.o)
                0x0000000008003362                __divdf3
 .text          0x00000000080038a8       0xa4 c:/users/sebastian/documents/mikrodatorteknik/compiler/bin/../lib/gcc/riscv64-unknown-elf/8.3.0/rv32imac/ilp32\libgcc.a(ledf2.o)
                0x00000000080038a8                __ledf2
                0x00000000080038a8                __ltdf2
 .text          0x000000000800394c      0x44c c:/users/sebastian/documents/mikrodatorteknik/compiler/bin/../lib/gcc/riscv64-unknown-elf/8.3.0/rv32imac/ilp32\libgcc.a(muldf3.o)
                0x000000000800394c                __muldf3
 .text          0x0000000008003d98       0x56 c:/users/sebastian/documents/mikrodatorteknik/compiler/bin/../lib/gcc/riscv64-unknown-elf/8.3.0/rv32imac/ilp32\libgcc.a(floatunsidf.o)
                0x0000000008003d98                __floatunsidf
 .text          0x0000000008003dee      0x166 c:/users/sebastian/documents/mikrodatorteknik/compiler/bin/../lib/gcc/riscv64-unknown-elf/8.3.0/rv32imac/ilp32\libgcc.a(floatundidf.o)
                0x0000000008003dee                __floatundidf
 .text          0x0000000008003f54       0x2a c:/users/sebastian/documents/mikrodatorteknik/compiler/bin/../lib/gcc/riscv64-unknown-elf/8.3.0/rv32imac/ilp32\libgcc.a(_lshrdi3.o)
                0x0000000008003f54                __lshrdi3
 .text          0x0000000008003f7e       0x2a c:/users/sebastian/documents/mikrodatorteknik/compiler/bin/../lib/gcc/riscv64-unknown-elf/8.3.0/rv32imac/ilp32\libgcc.a(_ashldi3.o)
                0x0000000008003f7e                __ashldi3
 .text          0x0000000008003fa8       0x3c c:/users/sebastian/documents/mikrodatorteknik/compiler/bin/../lib/gcc/riscv64-unknown-elf/8.3.0/rv32imac/ilp32\libgcc.a(_clzsi2.o)
                0x0000000008003fa8                __clzsi2
 .text.atexit   0x0000000008003fe4       0x10 c:/users/sebastian/documents/mikrodatorteknik/compiler/bin/../lib/gcc/riscv64-unknown-elf/8.3.0/../../../../riscv64-unknown-elf/lib/rv32imac/ilp32\libc_nano.a(lib_a-atexit.o)
                0x0000000008003fe4                atexit
 .text.exit     0x0000000008003ff4       0x36 c:/users/sebastian/documents/mikrodatorteknik/compiler/bin/../lib/gcc/riscv64-unknown-elf/8.3.0/../../../../riscv64-unknown-elf/lib/rv32imac/ilp32\libc_nano.a(lib_a-exit.o)
                0x0000000008003ff4                exit
 .text.__libc_fini_array
                0x000000000800402a       0x38 c:/users/sebastian/documents/mikrodatorteknik/compiler/bin/../lib/gcc/riscv64-unknown-elf/8.3.0/../../../../riscv64-unknown-elf/lib/rv32imac/ilp32\libc_nano.a(lib_a-fini.o)
                0x000000000800402a                __libc_fini_array
 .text.__libc_init_array
                0x0000000008004062       0x6a c:/users/sebastian/documents/mikrodatorteknik/compiler/bin/../lib/gcc/riscv64-unknown-elf/8.3.0/../../../../riscv64-unknown-elf/lib/rv32imac/ilp32\libc_nano.a(lib_a-init.o)
                0x0000000008004062                __libc_init_array
 .text          0x00000000080040cc       0x16 c:/users/sebastian/documents/mikrodatorteknik/compiler/bin/../lib/gcc/riscv64-unknown-elf/8.3.0/../../../../riscv64-unknown-elf/lib/rv32imac/ilp32\libc_nano.a(lib_a-memcpy-asm.o)
                0x00000000080040cc                memcpy
 .text          0x00000000080040e2       0x10 c:/users/sebastian/documents/mikrodatorteknik/compiler/bin/../lib/gcc/riscv64-unknown-elf/8.3.0/../../../../riscv64-unknown-elf/lib/rv32imac/ilp32\libc_nano.a(lib_a-memset.o)
                0x00000000080040e2                memset
 .text.strcat   0x00000000080040f2       0x20 c:/users/sebastian/documents/mikrodatorteknik/compiler/bin/../lib/gcc/riscv64-unknown-elf/8.3.0/../../../../riscv64-unknown-elf/lib/rv32imac/ilp32\libc_nano.a(lib_a-strcat.o)
                0x00000000080040f2                strcat
 .text.strcpy   0x0000000008004112       0x12 c:/users/sebastian/documents/mikrodatorteknik/compiler/bin/../lib/gcc/riscv64-unknown-elf/8.3.0/../../../../riscv64-unknown-elf/lib/rv32imac/ilp32\libc_nano.a(lib_a-strcpy.o)
                0x0000000008004112                strcpy
 .text.write    0x0000000008004124       0x18 c:/users/sebastian/documents/mikrodatorteknik/compiler/bin/../lib/gcc/riscv64-unknown-elf/8.3.0/../../../../riscv64-unknown-elf/lib/rv32imac/ilp32\libc_nano.a(lib_a-syswrite.o)
                0x0000000008004124                write
 .text._write_r
                0x000000000800413c       0x3a c:/users/sebastian/documents/mikrodatorteknik/compiler/bin/../lib/gcc/riscv64-unknown-elf/8.3.0/../../../../riscv64-unknown-elf/lib/rv32imac/ilp32\libc_nano.a(lib_a-writer.o)
                0x000000000800413c                _write_r
 .text.__register_exitproc
                0x0000000008004176       0x8c c:/users/sebastian/documents/mikrodatorteknik/compiler/bin/../lib/gcc/riscv64-unknown-elf/8.3.0/../../../../riscv64-unknown-elf/lib/rv32imac/ilp32\libc_nano.a(lib_a-__atexit.o)
                0x0000000008004176                __register_exitproc
 .text.__call_exitprocs
                0x0000000008004202       0xc8 c:/users/sebastian/documents/mikrodatorteknik/compiler/bin/../lib/gcc/riscv64-unknown-elf/8.3.0/../../../../riscv64-unknown-elf/lib/rv32imac/ilp32\libc_nano.a(lib_a-__call_atexit.o)
                0x0000000008004202                __call_exitprocs
 .text._write   0x00000000080042ca       0x34 c:/users/sebastian/documents/mikrodatorteknik/compiler/bin/../lib/gcc/riscv64-unknown-elf/8.3.0/../../../../riscv64-unknown-elf/lib/rv32imac/ilp32\libgloss_nano.a(sys_write.o)
                0x00000000080042ca                _write
 .text.__errno  0x00000000080042fe        0xc c:/users/sebastian/documents/mikrodatorteknik/compiler/bin/../lib/gcc/riscv64-unknown-elf/8.3.0/../../../../riscv64-unknown-elf/lib/rv32imac/ilp32\libc_nano.a(lib_a-errno.o)
                0x00000000080042fe                __errno
 *(.gnu.linkonce.t.*)

.sdata2._global_impure_ptr
                0x000000000800430c        0x4
 .sdata2._global_impure_ptr
                0x000000000800430c        0x4 c:/users/sebastian/documents/mikrodatorteknik/compiler/bin/../lib/gcc/riscv64-unknown-elf/8.3.0/../../../../riscv64-unknown-elf/lib/rv32imac/ilp32\libc_nano.a(lib_a-impure.o)
                0x000000000800430c                _global_impure_ptr

.rela.dyn       0x0000000008004310        0x0
 .rela.text.handle_trap
                0x0000000008004310        0x0 build/gd32vf103_adc.o
 .rela.text.LCD_ShowChar
                0x0000000008004310        0x0 build/gd32vf103_adc.o
 .rela.init     0x0000000008004310        0x0 build/gd32vf103_adc.o
 .rela.text.trap
                0x0000000008004310        0x0 build/gd32vf103_adc.o
 .rela.text.__libc_fini_array
                0x0000000008004310        0x0 build/gd32vf103_adc.o
 .rela.data.impure_data
                0x0000000008004310        0x0 build/gd32vf103_adc.o
 .rela.text.__libc_init_array
                0x0000000008004310        0x0 build/gd32vf103_adc.o
 .rela.text._write_r
                0x0000000008004310        0x0 build/gd32vf103_adc.o
 .rela.text.__register_exitproc
                0x0000000008004310        0x0 build/gd32vf103_adc.o

.fini
 *(SORT_NONE(.fini))
                0x0000000008004310                . = ALIGN (0x4)
                [!provide]                        PROVIDE (__etext = .)
                [!provide]                        PROVIDE (_etext = .)
                [!provide]                        PROVIDE (etext = .)
                [!provide]                        PROVIDE (_eilm = .)

.preinit_array  0x0000000008004310        0x0
                0x0000000008004310                PROVIDE (__preinit_array_start = .)
 *(.preinit_array)
                0x0000000008004310                PROVIDE (__preinit_array_end = .)

.init_array     0x0000000008004310        0x0
                0x0000000008004310                PROVIDE (__init_array_start = .)
 *(SORT_BY_INIT_PRIORITY(.init_array.*) SORT_BY_INIT_PRIORITY(.ctors.*))
 *(.init_array EXCLUDE_FILE(*crtend?.o *crtend.o *crtbegin?.o *crtbegin.o) .ctors)
                0x0000000008004310                PROVIDE (__init_array_end = .)

.fini_array     0x0000000008004310        0x0
                0x0000000008004310                PROVIDE (__fini_array_start = .)
 *(SORT_BY_INIT_PRIORITY(.fini_array.*) SORT_BY_INIT_PRIORITY(.dtors.*))
 *(.fini_array EXCLUDE_FILE(*crtend?.o *crtend.o *crtbegin?.o *crtbegin.o) .dtors)
                0x0000000008004310                PROVIDE (__fini_array_end = .)

.ctors
 *crtbegin.o(.ctors)
 *crtbegin?.o(.ctors)
 *(EXCLUDE_FILE(*crtend?.o *crtend.o) .ctors)
 *(SORT_BY_NAME(.ctors.*))
 *(.ctors)

.dtors
 *crtbegin.o(.dtors)
 *crtbegin?.o(.dtors)
 *(EXCLUDE_FILE(*crtend?.o *crtend.o) .dtors)
 *(SORT_BY_NAME(.dtors.*))
 *(.dtors)
                0x0000000008004310                . = ALIGN (0x4)
                [!provide]                        PROVIDE (_eilm = .)

.lalign         0x0000000008004310        0x0
                0x0000000008004310                . = ALIGN (0x4)
                0x0000000008004310                PROVIDE (_data_lma = .)

.dalign         0x0000000020000000        0x0 load address 0x0000000008004310
                0x0000000020000000                . = ALIGN (0x4)
                0x0000000020000000                PROVIDE (_data = .)

.data           0x0000000020000000       0x88 load address 0x0000000008004310
 *(.rdata)
 *(.gnu.linkonce.r.*)
 *(.data .data.*)
 .data          0x0000000020000000       0x1f build/drivers.o
 *fill*         0x000000002000001f        0x1 
 .data.impure_data
                0x0000000020000020       0x60 c:/users/sebastian/documents/mikrodatorteknik/compiler/bin/../lib/gcc/riscv64-unknown-elf/8.3.0/../../../../riscv64-unknown-elf/lib/rv32imac/ilp32\libc_nano.a(lib_a-impure.o)
 *(.gnu.linkonce.d.*)
                0x0000000020000080                . = ALIGN (0x8)
                0x0000000020000880                PROVIDE (__global_pointer$ = (. + 0x800))
 *(.sdata .sdata.*)
 .sdata.SystemCoreClock
                0x0000000020000080        0x4 build/system_gd32vf103.o
                0x0000000020000080                SystemCoreClock
 .sdata._impure_ptr
                0x0000000020000084        0x4 c:/users/sebastian/documents/mikrodatorteknik/compiler/bin/../lib/gcc/riscv64-unknown-elf/8.3.0/../../../../riscv64-unknown-elf/lib/rv32imac/ilp32\libc_nano.a(lib_a-impure.o)
                0x0000000020000084                _impure_ptr
 *(.gnu.linkonce.s.*)
                0x0000000020000088                . = ALIGN (0x8)
 *(.srodata.cst16)
 *(.srodata.cst8)
 *(.srodata.cst4)
 *(.srodata.cst2)
 *(.srodata .srodata.*)
                0x0000000020000088                . = ALIGN (0x4)
                0x0000000020000088                PROVIDE (_edata = .)
                [!provide]                        PROVIDE (edata = .)
                [!provide]                        PROVIDE (_fbss = .)
                0x0000000020000088                PROVIDE (__bss_start = .)

.bss            0x0000000020000088      0x8b8
 *(.sbss*)
 .sbss.max_irqn.3501
                0x0000000020000088        0x4 build/eclicw.o
 .sbss.pmtisr   0x000000002000008c        0x4 build/eclicw.o
 .sbss.pu0tbeisr
                0x0000000020000090        0x4 build/eclicw.o
 .sbss.lcd_conf
                0x0000000020000094        0x4 build/lcd.o
                0x0000000020000094                lcd_conf
 .sbss.r        0x0000000020000098        0x4 build/lcd.o
                0x0000000020000098                r
 .sbss.w        0x000000002000009c        0x4 build/lcd.o
                0x000000002000009c                w
 .sbss.txr      0x00000000200000a0        0x4 build/usart.o
                0x00000000200000a0                txr
 .sbss.txw      0x00000000200000a4        0x4 build/usart.o
                0x00000000200000a4                txw
 .sbss._global_atexit
                0x00000000200000a8        0x4 c:/users/sebastian/documents/mikrodatorteknik/compiler/bin/../lib/gcc/riscv64-unknown-elf/8.3.0/../../../../riscv64-unknown-elf/lib/rv32imac/ilp32\libc_nano.a(lib_a-__call_atexit.o)
                0x00000000200000a8                _global_atexit
 *(.gnu.linkonce.sb.*)
 *(.bss .bss.*)
 .bss.queue     0x00000000200000ac      0x400 build/lcd.o
                0x00000000200000ac                queue
 .bss.txq       0x00000000200004ac      0x400 build/usart.o
                0x00000000200004ac                txq
 .bss._global_atexit0
                0x00000000200008ac       0x8c c:/users/sebastian/documents/mikrodatorteknik/compiler/bin/../lib/gcc/riscv64-unknown-elf/8.3.0/../../../../riscv64-unknown-elf/lib/rv32imac/ilp32\libc_nano.a(lib_a-__atexit.o)
 *(.gnu.linkonce.b.*)
 *(COMMON)
 COMMON         0x0000000020000938        0x4 build/lcd.o
                0x0000000020000938                BACK_COLOR
 COMMON         0x000000002000093c        0x4 c:/users/sebastian/documents/mikrodatorteknik/compiler/bin/../lib/gcc/riscv64-unknown-elf/8.3.0/../../../../riscv64-unknown-elf/lib/rv32imac/ilp32\libc_nano.a(lib_a-reent.o)
                0x000000002000093c                errno
                0x0000000020000940                . = ALIGN (0x4)
                0x0000000020000940                . = ALIGN (0x8)
                0x0000000020000940                PROVIDE (_end = .)
                [!provide]                        PROVIDE (end = .)

.stack          0x0000000020007000     0x1000 load address 0x0000000020000940
                0x0000000020007000                PROVIDE (_heap_end = .)
                0x0000000000001000                . = __stack_size
 *fill*         0x0000000020007000     0x1000 
                0x0000000020008000                PROVIDE (_sp = .)
                0x0000000000001000                . = (__dbg_stack_size + __stack_size)
                [!provide]                        PROVIDE (_dbg_sp = .)
OUTPUT(build/gd32vf103.elf elf32-littleriscv)

.debug_info     0x0000000000000000    0x1206c
 .debug_info    0x0000000000000000      0xb98 build/gd32vf103_adc.o
 .debug_info    0x0000000000000b98      0x494 build/gd32vf103_bkp.o
 .debug_info    0x000000000000102c      0x2ac build/gd32vf103_eclic.o
 .debug_info    0x00000000000012d8      0x6f6 build/gd32vf103_gpio.o
 .debug_info    0x00000000000019ce      0x5cf build/gd32vf103_pmu.o
 .debug_info    0x0000000000001f9d      0xf51 build/gd32vf103_rcu.o
 .debug_info    0x0000000000002eee      0x325 build/gd32vf103_rtc.o
 .debug_info    0x0000000000003213      0xa73 build/gd32vf103_spi.o
 .debug_info    0x0000000000003c86      0xccd build/gd32vf103_usart.o
 .debug_info    0x0000000000004953      0x203 build/system_gd32vf103.o
 .debug_info    0x0000000000004b56      0x1d3 build/_exit.o
 .debug_info    0x0000000000004d29      0x1bb build/write_hex.o
 .debug_info    0x0000000000004ee4     0x18a2 build/n200_func.o
 .debug_info    0x0000000000006786      0xb4f build/handlers.o
 .debug_info    0x00000000000072d5      0xcb0 build/init.o
 .debug_info    0x0000000000007f85      0x537 build/adc.o
 .debug_info    0x00000000000084bc      0x3da build/eclicw.o
 .debug_info    0x0000000000008896     0x2fa5 build/lcd.o
 .debug_info    0x000000000000b83b     0x18cb build/main.o
 .debug_info    0x000000000000d106      0x816 build/usart.o
 .debug_info    0x000000000000d91c       0x26 build/start.o
 .debug_info    0x000000000000d942       0x22 build/entry.o
 .debug_info    0x000000000000d964       0x26 build/drivers.o
 .debug_info    0x000000000000d98a      0x734 c:/users/sebastian/documents/mikrodatorteknik/compiler/bin/../lib/gcc/riscv64-unknown-elf/8.3.0/rv32imac/ilp32\libgcc.a(divdf3.o)
 .debug_info    0x000000000000e0be      0x286 c:/users/sebastian/documents/mikrodatorteknik/compiler/bin/../lib/gcc/riscv64-unknown-elf/8.3.0/rv32imac/ilp32\libgcc.a(ledf2.o)
 .debug_info    0x000000000000e344      0x76c c:/users/sebastian/documents/mikrodatorteknik/compiler/bin/../lib/gcc/riscv64-unknown-elf/8.3.0/rv32imac/ilp32\libgcc.a(muldf3.o)
 .debug_info    0x000000000000eab0      0x2af c:/users/sebastian/documents/mikrodatorteknik/compiler/bin/../lib/gcc/riscv64-unknown-elf/8.3.0/rv32imac/ilp32\libgcc.a(floatunsidf.o)
 .debug_info    0x000000000000ed5f      0x2e8 c:/users/sebastian/documents/mikrodatorteknik/compiler/bin/../lib/gcc/riscv64-unknown-elf/8.3.0/rv32imac/ilp32\libgcc.a(floatundidf.o)
 .debug_info    0x000000000000f047      0xc72 c:/users/sebastian/documents/mikrodatorteknik/compiler/bin/../lib/gcc/riscv64-unknown-elf/8.3.0/rv32imac/ilp32\libgcc.a(_lshrdi3.o)
 .debug_info    0x000000000000fcb9      0xc72 c:/users/sebastian/documents/mikrodatorteknik/compiler/bin/../lib/gcc/riscv64-unknown-elf/8.3.0/rv32imac/ilp32\libgcc.a(_ashldi3.o)
 .debug_info    0x000000000001092b      0xbd7 c:/users/sebastian/documents/mikrodatorteknik/compiler/bin/../lib/gcc/riscv64-unknown-elf/8.3.0/rv32imac/ilp32\libgcc.a(_clzsi2.o)
 .debug_info    0x0000000000011502      0xb6a c:/users/sebastian/documents/mikrodatorteknik/compiler/bin/../lib/gcc/riscv64-unknown-elf/8.3.0/rv32imac/ilp32\libgcc.a(_clz.o)

.debug_abbrev   0x0000000000000000     0x3aa2
 .debug_abbrev  0x0000000000000000      0x216 build/gd32vf103_adc.o
 .debug_abbrev  0x0000000000000216      0x1a6 build/gd32vf103_bkp.o
 .debug_abbrev  0x00000000000003bc      0x112 build/gd32vf103_eclic.o
 .debug_abbrev  0x00000000000004ce      0x228 build/gd32vf103_gpio.o
 .debug_abbrev  0x00000000000006f6      0x1d6 build/gd32vf103_pmu.o
 .debug_abbrev  0x00000000000008cc      0x259 build/gd32vf103_rcu.o
 .debug_abbrev  0x0000000000000b25      0x193 build/gd32vf103_rtc.o
 .debug_abbrev  0x0000000000000cb8      0x21a build/gd32vf103_spi.o
 .debug_abbrev  0x0000000000000ed2      0x1eb build/gd32vf103_usart.o
 .debug_abbrev  0x00000000000010bd       0xe0 build/system_gd32vf103.o
 .debug_abbrev  0x000000000000119d       0xec build/_exit.o
 .debug_abbrev  0x0000000000001289       0xfa build/write_hex.o
 .debug_abbrev  0x0000000000001383      0x4db build/n200_func.o
 .debug_abbrev  0x000000000000185e      0x234 build/handlers.o
 .debug_abbrev  0x0000000000001a92      0x22b build/init.o
 .debug_abbrev  0x0000000000001cbd      0x10f build/adc.o
 .debug_abbrev  0x0000000000001dcc      0x117 build/eclicw.o
 .debug_abbrev  0x0000000000001ee3      0x55b build/lcd.o
 .debug_abbrev  0x000000000000243e      0x394 build/main.o
 .debug_abbrev  0x00000000000027d2      0x1b4 build/usart.o
 .debug_abbrev  0x0000000000002986       0x14 build/start.o
 .debug_abbrev  0x000000000000299a       0x12 build/entry.o
 .debug_abbrev  0x00000000000029ac       0x14 build/drivers.o
 .debug_abbrev  0x00000000000029c0      0x187 c:/users/sebastian/documents/mikrodatorteknik/compiler/bin/../lib/gcc/riscv64-unknown-elf/8.3.0/rv32imac/ilp32\libgcc.a(divdf3.o)
 .debug_abbrev  0x0000000000002b47      0x199 c:/users/sebastian/documents/mikrodatorteknik/compiler/bin/../lib/gcc/riscv64-unknown-elf/8.3.0/rv32imac/ilp32\libgcc.a(ledf2.o)
 .debug_abbrev  0x0000000000002ce0      0x197 c:/users/sebastian/documents/mikrodatorteknik/compiler/bin/../lib/gcc/riscv64-unknown-elf/8.3.0/rv32imac/ilp32\libgcc.a(muldf3.o)
 .debug_abbrev  0x0000000000002e77      0x178 c:/users/sebastian/documents/mikrodatorteknik/compiler/bin/../lib/gcc/riscv64-unknown-elf/8.3.0/rv32imac/ilp32\libgcc.a(floatunsidf.o)
 .debug_abbrev  0x0000000000002fef      0x19f c:/users/sebastian/documents/mikrodatorteknik/compiler/bin/../lib/gcc/riscv64-unknown-elf/8.3.0/rv32imac/ilp32\libgcc.a(floatundidf.o)
 .debug_abbrev  0x000000000000318e      0x275 c:/users/sebastian/documents/mikrodatorteknik/compiler/bin/../lib/gcc/riscv64-unknown-elf/8.3.0/rv32imac/ilp32\libgcc.a(_lshrdi3.o)
 .debug_abbrev  0x0000000000003403      0x275 c:/users/sebastian/documents/mikrodatorteknik/compiler/bin/../lib/gcc/riscv64-unknown-elf/8.3.0/rv32imac/ilp32\libgcc.a(_ashldi3.o)
 .debug_abbrev  0x0000000000003678      0x242 c:/users/sebastian/documents/mikrodatorteknik/compiler/bin/../lib/gcc/riscv64-unknown-elf/8.3.0/rv32imac/ilp32\libgcc.a(_clzsi2.o)
 .debug_abbrev  0x00000000000038ba      0x1e8 c:/users/sebastian/documents/mikrodatorteknik/compiler/bin/../lib/gcc/riscv64-unknown-elf/8.3.0/rv32imac/ilp32\libgcc.a(_clz.o)

.debug_loc      0x0000000000000000     0x8493
 .debug_loc     0x0000000000000000      0x7d6 build/gd32vf103_adc.o
 .debug_loc     0x00000000000007d6      0x19f build/gd32vf103_bkp.o
 .debug_loc     0x0000000000000975       0xe7 build/gd32vf103_eclic.o
 .debug_loc     0x0000000000000a5c      0x4ba build/gd32vf103_gpio.o
 .debug_loc     0x0000000000000f16       0x8f build/gd32vf103_pmu.o
 .debug_loc     0x0000000000000fa5      0xcf4 build/gd32vf103_rcu.o
 .debug_loc     0x0000000000001c99      0x21b build/gd32vf103_rtc.o
 .debug_loc     0x0000000000001eb4      0x54e build/gd32vf103_spi.o
 .debug_loc     0x0000000000002402      0x773 build/gd32vf103_usart.o
 .debug_loc     0x0000000000002b75      0x173 build/system_gd32vf103.o
 .debug_loc     0x0000000000002ce8       0x3e build/_exit.o
 .debug_loc     0x0000000000002d26      0x101 build/write_hex.o
 .debug_loc     0x0000000000002e27      0xa1d build/n200_func.o
 .debug_loc     0x0000000000003844       0x7f build/handlers.o
 .debug_loc     0x00000000000038c3       0x2c build/init.o
 .debug_loc     0x00000000000038ef       0x58 build/adc.o
 .debug_loc     0x0000000000003947      0x16e build/eclicw.o
 .debug_loc     0x0000000000003ab5     0x1ec3 build/lcd.o
 .debug_loc     0x0000000000005978      0x286 build/main.o
 .debug_loc     0x0000000000005bfe      0x187 build/usart.o
 .debug_loc     0x0000000000005d85     0x129b c:/users/sebastian/documents/mikrodatorteknik/compiler/bin/../lib/gcc/riscv64-unknown-elf/8.3.0/rv32imac/ilp32\libgcc.a(divdf3.o)
 .debug_loc     0x0000000000007020      0x156 c:/users/sebastian/documents/mikrodatorteknik/compiler/bin/../lib/gcc/riscv64-unknown-elf/8.3.0/rv32imac/ilp32\libgcc.a(ledf2.o)
 .debug_loc     0x0000000000007176      0xd6e c:/users/sebastian/documents/mikrodatorteknik/compiler/bin/../lib/gcc/riscv64-unknown-elf/8.3.0/rv32imac/ilp32\libgcc.a(muldf3.o)
 .debug_loc     0x0000000000007ee4      0x15c c:/users/sebastian/documents/mikrodatorteknik/compiler/bin/../lib/gcc/riscv64-unknown-elf/8.3.0/rv32imac/ilp32\libgcc.a(floatunsidf.o)
 .debug_loc     0x0000000000008040      0x2ec c:/users/sebastian/documents/mikrodatorteknik/compiler/bin/../lib/gcc/riscv64-unknown-elf/8.3.0/rv32imac/ilp32\libgcc.a(floatundidf.o)
 .debug_loc     0x000000000000832c       0x7e c:/users/sebastian/documents/mikrodatorteknik/compiler/bin/../lib/gcc/riscv64-unknown-elf/8.3.0/rv32imac/ilp32\libgcc.a(_lshrdi3.o)
 .debug_loc     0x00000000000083aa       0x7e c:/users/sebastian/documents/mikrodatorteknik/compiler/bin/../lib/gcc/riscv64-unknown-elf/8.3.0/rv32imac/ilp32\libgcc.a(_ashldi3.o)
 .debug_loc     0x0000000000008428       0x6b c:/users/sebastian/documents/mikrodatorteknik/compiler/bin/../lib/gcc/riscv64-unknown-elf/8.3.0/rv32imac/ilp32\libgcc.a(_clzsi2.o)

.debug_aranges  0x0000000000000000      0xce8
 .debug_aranges
                0x0000000000000000      0x140 build/gd32vf103_adc.o
 .debug_aranges
                0x0000000000000140       0xa8 build/gd32vf103_bkp.o
 .debug_aranges
                0x00000000000001e8       0x50 build/gd32vf103_eclic.o
 .debug_aranges
                0x0000000000000238       0xa0 build/gd32vf103_gpio.o
 .debug_aranges
                0x00000000000002d8       0x78 build/gd32vf103_pmu.o
 .debug_aranges
                0x0000000000000350      0x160 build/gd32vf103_rcu.o
 .debug_aranges
                0x00000000000004b0       0x80 build/gd32vf103_rtc.o
 .debug_aranges
                0x0000000000000530      0x128 build/gd32vf103_spi.o
 .debug_aranges
                0x0000000000000658      0x170 build/gd32vf103_usart.o
 .debug_aranges
                0x00000000000007c8       0x28 build/system_gd32vf103.o
 .debug_aranges
                0x00000000000007f0       0x20 build/_exit.o
 .debug_aranges
                0x0000000000000810       0x20 build/write_hex.o
 .debug_aranges
                0x0000000000000830      0x140 build/n200_func.o
 .debug_aranges
                0x0000000000000970       0x28 build/handlers.o
 .debug_aranges
                0x0000000000000998       0x28 build/init.o
 .debug_aranges
                0x00000000000009c0       0x20 build/adc.o
 .debug_aranges
                0x00000000000009e0       0x30 build/eclicw.o
 .debug_aranges
                0x0000000000000a10       0xf0 build/lcd.o
 .debug_aranges
                0x0000000000000b00       0x30 build/main.o
 .debug_aranges
                0x0000000000000b30       0x38 build/usart.o
 .debug_aranges
                0x0000000000000b68       0x20 build/start.o
 .debug_aranges
                0x0000000000000b88       0x28 build/entry.o
 .debug_aranges
                0x0000000000000bb0       0x20 build/drivers.o
 .debug_aranges
                0x0000000000000bd0       0x20 c:/users/sebastian/documents/mikrodatorteknik/compiler/bin/../lib/gcc/riscv64-unknown-elf/8.3.0/rv32imac/ilp32\libgcc.a(divdf3.o)
 .debug_aranges
                0x0000000000000bf0       0x20 c:/users/sebastian/documents/mikrodatorteknik/compiler/bin/../lib/gcc/riscv64-unknown-elf/8.3.0/rv32imac/ilp32\libgcc.a(ledf2.o)
 .debug_aranges
                0x0000000000000c10       0x20 c:/users/sebastian/documents/mikrodatorteknik/compiler/bin/../lib/gcc/riscv64-unknown-elf/8.3.0/rv32imac/ilp32\libgcc.a(muldf3.o)
 .debug_aranges
                0x0000000000000c30       0x20 c:/users/sebastian/documents/mikrodatorteknik/compiler/bin/../lib/gcc/riscv64-unknown-elf/8.3.0/rv32imac/ilp32\libgcc.a(floatunsidf.o)
 .debug_aranges
                0x0000000000000c50       0x20 c:/users/sebastian/documents/mikrodatorteknik/compiler/bin/../lib/gcc/riscv64-unknown-elf/8.3.0/rv32imac/ilp32\libgcc.a(floatundidf.o)
 .debug_aranges
                0x0000000000000c70       0x20 c:/users/sebastian/documents/mikrodatorteknik/compiler/bin/../lib/gcc/riscv64-unknown-elf/8.3.0/rv32imac/ilp32\libgcc.a(_lshrdi3.o)
 .debug_aranges
                0x0000000000000c90       0x20 c:/users/sebastian/documents/mikrodatorteknik/compiler/bin/../lib/gcc/riscv64-unknown-elf/8.3.0/rv32imac/ilp32\libgcc.a(_ashldi3.o)
 .debug_aranges
                0x0000000000000cb0       0x20 c:/users/sebastian/documents/mikrodatorteknik/compiler/bin/../lib/gcc/riscv64-unknown-elf/8.3.0/rv32imac/ilp32\libgcc.a(_clzsi2.o)
 .debug_aranges
                0x0000000000000cd0       0x18 c:/users/sebastian/documents/mikrodatorteknik/compiler/bin/../lib/gcc/riscv64-unknown-elf/8.3.0/rv32imac/ilp32\libgcc.a(_clz.o)

.debug_ranges   0x0000000000000000     0x1128
 .debug_ranges  0x0000000000000000      0x130 build/gd32vf103_adc.o
 .debug_ranges  0x0000000000000130       0x98 build/gd32vf103_bkp.o
 .debug_ranges  0x00000000000001c8       0x40 build/gd32vf103_eclic.o
 .debug_ranges  0x0000000000000208       0x90 build/gd32vf103_gpio.o
 .debug_ranges  0x0000000000000298       0x68 build/gd32vf103_pmu.o
 .debug_ranges  0x0000000000000300      0x150 build/gd32vf103_rcu.o
 .debug_ranges  0x0000000000000450       0x70 build/gd32vf103_rtc.o
 .debug_ranges  0x00000000000004c0      0x118 build/gd32vf103_spi.o
 .debug_ranges  0x00000000000005d8      0x160 build/gd32vf103_usart.o
 .debug_ranges  0x0000000000000738       0x18 build/system_gd32vf103.o
 .debug_ranges  0x0000000000000750       0x10 build/_exit.o
 .debug_ranges  0x0000000000000760       0x30 build/write_hex.o
 .debug_ranges  0x0000000000000790      0x240 build/n200_func.o
 .debug_ranges  0x00000000000009d0       0x18 build/handlers.o
 .debug_ranges  0x00000000000009e8       0x18 build/init.o
 .debug_ranges  0x0000000000000a00       0x10 build/adc.o
 .debug_ranges  0x0000000000000a10       0x20 build/eclicw.o
 .debug_ranges  0x0000000000000a30      0x1c8 build/lcd.o
 .debug_ranges  0x0000000000000bf8       0x50 build/main.o
 .debug_ranges  0x0000000000000c48       0x28 build/usart.o
 .debug_ranges  0x0000000000000c70       0x20 build/entry.o
 .debug_ranges  0x0000000000000c90      0x180 c:/users/sebastian/documents/mikrodatorteknik/compiler/bin/../lib/gcc/riscv64-unknown-elf/8.3.0/rv32imac/ilp32\libgcc.a(divdf3.o)
 .debug_ranges  0x0000000000000e10       0x68 c:/users/sebastian/documents/mikrodatorteknik/compiler/bin/../lib/gcc/riscv64-unknown-elf/8.3.0/rv32imac/ilp32\libgcc.a(ledf2.o)
 .debug_ranges  0x0000000000000e78      0x1c0 c:/users/sebastian/documents/mikrodatorteknik/compiler/bin/../lib/gcc/riscv64-unknown-elf/8.3.0/rv32imac/ilp32\libgcc.a(muldf3.o)
 .debug_ranges  0x0000000000001038       0x68 c:/users/sebastian/documents/mikrodatorteknik/compiler/bin/../lib/gcc/riscv64-unknown-elf/8.3.0/rv32imac/ilp32\libgcc.a(floatunsidf.o)
 .debug_ranges  0x00000000000010a0       0x68 c:/users/sebastian/documents/mikrodatorteknik/compiler/bin/../lib/gcc/riscv64-unknown-elf/8.3.0/rv32imac/ilp32\libgcc.a(floatundidf.o)
 .debug_ranges  0x0000000000001108       0x20 c:/users/sebastian/documents/mikrodatorteknik/compiler/bin/../lib/gcc/riscv64-unknown-elf/8.3.0/rv32imac/ilp32\libgcc.a(_clzsi2.o)

.debug_line     0x0000000000000000    0x102b5
 .debug_line    0x0000000000000000     0x1489 build/gd32vf103_adc.o
 .debug_line    0x0000000000001489      0x6bd build/gd32vf103_bkp.o
 .debug_line    0x0000000000001b46      0x334 build/gd32vf103_eclic.o
 .debug_line    0x0000000000001e7a      0xb18 build/gd32vf103_gpio.o
 .debug_line    0x0000000000002992      0x8c0 build/gd32vf103_pmu.o
 .debug_line    0x0000000000003252     0x150b build/gd32vf103_rcu.o
 .debug_line    0x000000000000475d      0x60f build/gd32vf103_rtc.o
 .debug_line    0x0000000000004d6c      0xe2d build/gd32vf103_spi.o
 .debug_line    0x0000000000005b99      0xe1a build/gd32vf103_usart.o
 .debug_line    0x00000000000069b3      0x6ad build/system_gd32vf103.o
 .debug_line    0x0000000000007060      0x144 build/_exit.o
 .debug_line    0x00000000000071a4      0x235 build/write_hex.o
 .debug_line    0x00000000000073d9     0x12b5 build/n200_func.o
 .debug_line    0x000000000000868e      0x25d build/handlers.o
 .debug_line    0x00000000000088eb      0x2a0 build/init.o
 .debug_line    0x0000000000008b8b      0x2f1 build/adc.o
 .debug_line    0x0000000000008e7c      0x303 build/eclicw.o
 .debug_line    0x000000000000917f     0x1d87 build/lcd.o
 .debug_line    0x000000000000af06     0x11b0 build/main.o
 .debug_line    0x000000000000c0b6      0x517 build/usart.o
 .debug_line    0x000000000000c5cd      0x189 build/start.o
 .debug_line    0x000000000000c756       0xf1 build/entry.o
 .debug_line    0x000000000000c847      0x526 build/drivers.o
 .debug_line    0x000000000000cd6d      0xe35 c:/users/sebastian/documents/mikrodatorteknik/compiler/bin/../lib/gcc/riscv64-unknown-elf/8.3.0/rv32imac/ilp32\libgcc.a(divdf3.o)
 .debug_line    0x000000000000dba2      0x303 c:/users/sebastian/documents/mikrodatorteknik/compiler/bin/../lib/gcc/riscv64-unknown-elf/8.3.0/rv32imac/ilp32\libgcc.a(ledf2.o)
 .debug_line    0x000000000000dea5      0xbf8 c:/users/sebastian/documents/mikrodatorteknik/compiler/bin/../lib/gcc/riscv64-unknown-elf/8.3.0/rv32imac/ilp32\libgcc.a(muldf3.o)
 .debug_line    0x000000000000ea9d      0x239 c:/users/sebastian/documents/mikrodatorteknik/compiler/bin/../lib/gcc/riscv64-unknown-elf/8.3.0/rv32imac/ilp32\libgcc.a(floatunsidf.o)
 .debug_line    0x000000000000ecd6      0x3f5 c:/users/sebastian/documents/mikrodatorteknik/compiler/bin/../lib/gcc/riscv64-unknown-elf/8.3.0/rv32imac/ilp32\libgcc.a(floatundidf.o)
 .debug_line    0x000000000000f0cb      0x4c4 c:/users/sebastian/documents/mikrodatorteknik/compiler/bin/../lib/gcc/riscv64-unknown-elf/8.3.0/rv32imac/ilp32\libgcc.a(_lshrdi3.o)
 .debug_line    0x000000000000f58f      0x4c4 c:/users/sebastian/documents/mikrodatorteknik/compiler/bin/../lib/gcc/riscv64-unknown-elf/8.3.0/rv32imac/ilp32\libgcc.a(_ashldi3.o)
 .debug_line    0x000000000000fa53      0x472 c:/users/sebastian/documents/mikrodatorteknik/compiler/bin/../lib/gcc/riscv64-unknown-elf/8.3.0/rv32imac/ilp32\libgcc.a(_clzsi2.o)
 .debug_line    0x000000000000fec5      0x3f0 c:/users/sebastian/documents/mikrodatorteknik/compiler/bin/../lib/gcc/riscv64-unknown-elf/8.3.0/rv32imac/ilp32\libgcc.a(_clz.o)

.debug_str      0x0000000000000000     0x4151
 .debug_str     0x0000000000000000      0x848 build/gd32vf103_adc.o
                                        0x8c1 (size before relaxing)
 .debug_str     0x0000000000000848      0x43e build/gd32vf103_bkp.o
                                        0x5fc (size before relaxing)
 .debug_str     0x0000000000000c86      0x161 build/gd32vf103_eclic.o
                                        0x305 (size before relaxing)
 .debug_str     0x0000000000000de7      0x1f0 build/gd32vf103_gpio.o
                                        0x5a9 (size before relaxing)
 .debug_str     0x0000000000000fd7      0x15b build/gd32vf103_pmu.o
                                        0x4dc (size before relaxing)
 .debug_str     0x0000000000001132      0xa61 build/gd32vf103_rcu.o
                                        0xe28 (size before relaxing)
 .debug_str     0x0000000000001b93      0x17a build/gd32vf103_rtc.o
                                        0x316 (size before relaxing)
 .debug_str     0x0000000000001d0d      0x3ae build/gd32vf103_spi.o
                                        0x775 (size before relaxing)
 .debug_str     0x00000000000020bb      0x5a5 build/gd32vf103_usart.o
                                        0x970 (size before relaxing)
 .debug_str     0x0000000000002660       0xa6 build/system_gd32vf103.o
                                        0x27b (size before relaxing)
 .debug_str     0x0000000000002706       0x62 build/_exit.o
                                        0x1ea (size before relaxing)
 .debug_str     0x0000000000002768       0x37 build/write_hex.o
                                        0x1e3 (size before relaxing)
 .debug_str     0x000000000000279f      0x6cd build/n200_func.o
                                        0x987 (size before relaxing)
 .debug_str     0x0000000000002e6c       0x58 build/handlers.o
                                        0x5e0 (size before relaxing)
 .debug_str     0x0000000000002ec4      0x3e7 build/init.o
                                        0x9b0 (size before relaxing)
 .debug_str     0x00000000000032ab       0x67 build/adc.o
                                        0x4a2 (size before relaxing)
 .debug_str     0x0000000000003312       0x5b build/eclicw.o
                                        0x629 (size before relaxing)
 .debug_str     0x000000000000336d      0x24f build/lcd.o
                                        0xace (size before relaxing)
 .debug_str     0x00000000000035bc      0x19b build/main.o
                                        0xb1d (size before relaxing)
 .debug_str     0x0000000000003757       0x7e build/usart.o
                                        0x944 (size before relaxing)
 .debug_str     0x00000000000037d5       0x37 build/start.o
                                         0x77 (size before relaxing)
 .debug_str     0x000000000000380c       0x2b build/entry.o
                                         0x77 (size before relaxing)
 .debug_str     0x0000000000003837        0xa build/drivers.o
                                         0x6d (size before relaxing)
 .debug_str     0x0000000000003841      0x3c7 c:/users/sebastian/documents/mikrodatorteknik/compiler/bin/../lib/gcc/riscv64-unknown-elf/8.3.0/rv32imac/ilp32\libgcc.a(divdf3.o)
                                        0x452 (size before relaxing)
 .debug_str     0x0000000000003c08       0x7b c:/users/sebastian/documents/mikrodatorteknik/compiler/bin/../lib/gcc/riscv64-unknown-elf/8.3.0/rv32imac/ilp32\libgcc.a(ledf2.o)
                                        0x2ce (size before relaxing)
 .debug_str     0x0000000000003c83      0x15f c:/users/sebastian/documents/mikrodatorteknik/compiler/bin/../lib/gcc/riscv64-unknown-elf/8.3.0/rv32imac/ilp32\libgcc.a(muldf3.o)
                                        0x4aa (size before relaxing)
 .debug_str     0x0000000000003de2       0xfd c:/users/sebastian/documents/mikrodatorteknik/compiler/bin/../lib/gcc/riscv64-unknown-elf/8.3.0/rv32imac/ilp32\libgcc.a(floatunsidf.o)
                                        0x33a (size before relaxing)
 .debug_str     0x0000000000003edf       0x4c c:/users/sebastian/documents/mikrodatorteknik/compiler/bin/../lib/gcc/riscv64-unknown-elf/8.3.0/rv32imac/ilp32\libgcc.a(floatundidf.o)
                                        0x344 (size before relaxing)
 .debug_str     0x0000000000003f2b      0x20e c:/users/sebastian/documents/mikrodatorteknik/compiler/bin/../lib/gcc/riscv64-unknown-elf/8.3.0/rv32imac/ilp32\libgcc.a(_lshrdi3.o)
                                        0x860 (size before relaxing)
 .debug_str     0x0000000000004139        0xa c:/users/sebastian/documents/mikrodatorteknik/compiler/bin/../lib/gcc/riscv64-unknown-elf/8.3.0/rv32imac/ilp32\libgcc.a(_ashldi3.o)
                                        0x860 (size before relaxing)
 .debug_str     0x0000000000004143        0xe c:/users/sebastian/documents/mikrodatorteknik/compiler/bin/../lib/gcc/riscv64-unknown-elf/8.3.0/rv32imac/ilp32\libgcc.a(_clzsi2.o)
                                        0x82e (size before relaxing)
 .debug_str     0x0000000000004151      0x811 c:/users/sebastian/documents/mikrodatorteknik/compiler/bin/../lib/gcc/riscv64-unknown-elf/8.3.0/rv32imac/ilp32\libgcc.a(_clz.o)

.comment        0x0000000000000000       0x28
 .comment       0x0000000000000000       0x28 build/gd32vf103_adc.o
                                         0x29 (size before relaxing)
 .comment       0x0000000000000028       0x29 build/gd32vf103_bkp.o
 .comment       0x0000000000000028       0x29 build/gd32vf103_eclic.o
 .comment       0x0000000000000028       0x29 build/gd32vf103_gpio.o
 .comment       0x0000000000000028       0x29 build/gd32vf103_pmu.o
 .comment       0x0000000000000028       0x29 build/gd32vf103_rcu.o
 .comment       0x0000000000000028       0x29 build/gd32vf103_rtc.o
 .comment       0x0000000000000028       0x29 build/gd32vf103_spi.o
 .comment       0x0000000000000028       0x29 build/gd32vf103_usart.o
 .comment       0x0000000000000028       0x29 build/system_gd32vf103.o
 .comment       0x0000000000000028       0x29 build/_exit.o
 .comment       0x0000000000000028       0x29 build/write_hex.o
 .comment       0x0000000000000028       0x29 build/n200_func.o
 .comment       0x0000000000000028       0x29 build/handlers.o
 .comment       0x0000000000000028       0x29 build/init.o
 .comment       0x0000000000000028       0x29 build/adc.o
 .comment       0x0000000000000028       0x29 build/eclicw.o
 .comment       0x0000000000000028       0x29 build/lcd.o
 .comment       0x0000000000000028       0x29 build/main.o
 .comment       0x0000000000000028       0x29 build/usart.o
 .comment       0x0000000000000028       0x29 c:/users/sebastian/documents/mikrodatorteknik/compiler/bin/../lib/gcc/riscv64-unknown-elf/8.3.0/rv32imac/ilp32\libgcc.a(divdf3.o)
 .comment       0x0000000000000028       0x29 c:/users/sebastian/documents/mikrodatorteknik/compiler/bin/../lib/gcc/riscv64-unknown-elf/8.3.0/rv32imac/ilp32\libgcc.a(ledf2.o)
 .comment       0x0000000000000028       0x29 c:/users/sebastian/documents/mikrodatorteknik/compiler/bin/../lib/gcc/riscv64-unknown-elf/8.3.0/rv32imac/ilp32\libgcc.a(muldf3.o)
 .comment       0x0000000000000028       0x29 c:/users/sebastian/documents/mikrodatorteknik/compiler/bin/../lib/gcc/riscv64-unknown-elf/8.3.0/rv32imac/ilp32\libgcc.a(floatunsidf.o)
 .comment       0x0000000000000028       0x29 c:/users/sebastian/documents/mikrodatorteknik/compiler/bin/../lib/gcc/riscv64-unknown-elf/8.3.0/rv32imac/ilp32\libgcc.a(floatundidf.o)
 .comment       0x0000000000000028       0x29 c:/users/sebastian/documents/mikrodatorteknik/compiler/bin/../lib/gcc/riscv64-unknown-elf/8.3.0/rv32imac/ilp32\libgcc.a(_lshrdi3.o)
 .comment       0x0000000000000028       0x29 c:/users/sebastian/documents/mikrodatorteknik/compiler/bin/../lib/gcc/riscv64-unknown-elf/8.3.0/rv32imac/ilp32\libgcc.a(_ashldi3.o)
 .comment       0x0000000000000028       0x29 c:/users/sebastian/documents/mikrodatorteknik/compiler/bin/../lib/gcc/riscv64-unknown-elf/8.3.0/rv32imac/ilp32\libgcc.a(_clzsi2.o)
 .comment       0x0000000000000028       0x29 c:/users/sebastian/documents/mikrodatorteknik/compiler/bin/../lib/gcc/riscv64-unknown-elf/8.3.0/rv32imac/ilp32\libgcc.a(_clz.o)
 .comment       0x0000000000000028       0x29 c:/users/sebastian/documents/mikrodatorteknik/compiler/bin/../lib/gcc/riscv64-unknown-elf/8.3.0/../../../../riscv64-unknown-elf/lib/rv32imac/ilp32\libc_nano.a(lib_a-atexit.o)
 .comment       0x0000000000000028       0x29 c:/users/sebastian/documents/mikrodatorteknik/compiler/bin/../lib/gcc/riscv64-unknown-elf/8.3.0/../../../../riscv64-unknown-elf/lib/rv32imac/ilp32\libc_nano.a(lib_a-exit.o)
 .comment       0x0000000000000028       0x29 c:/users/sebastian/documents/mikrodatorteknik/compiler/bin/../lib/gcc/riscv64-unknown-elf/8.3.0/../../../../riscv64-unknown-elf/lib/rv32imac/ilp32\libc_nano.a(lib_a-fini.o)
 .comment       0x0000000000000028       0x29 c:/users/sebastian/documents/mikrodatorteknik/compiler/bin/../lib/gcc/riscv64-unknown-elf/8.3.0/../../../../riscv64-unknown-elf/lib/rv32imac/ilp32\libc_nano.a(lib_a-impure.o)
 .comment       0x0000000000000028       0x29 c:/users/sebastian/documents/mikrodatorteknik/compiler/bin/../lib/gcc/riscv64-unknown-elf/8.3.0/../../../../riscv64-unknown-elf/lib/rv32imac/ilp32\libc_nano.a(lib_a-init.o)
 .comment       0x0000000000000028       0x29 c:/users/sebastian/documents/mikrodatorteknik/compiler/bin/../lib/gcc/riscv64-unknown-elf/8.3.0/../../../../riscv64-unknown-elf/lib/rv32imac/ilp32\libc_nano.a(lib_a-strcat.o)
 .comment       0x0000000000000028       0x29 c:/users/sebastian/documents/mikrodatorteknik/compiler/bin/../lib/gcc/riscv64-unknown-elf/8.3.0/../../../../riscv64-unknown-elf/lib/rv32imac/ilp32\libc_nano.a(lib_a-strcpy.o)
 .comment       0x0000000000000028       0x29 c:/users/sebastian/documents/mikrodatorteknik/compiler/bin/../lib/gcc/riscv64-unknown-elf/8.3.0/../../../../riscv64-unknown-elf/lib/rv32imac/ilp32\libc_nano.a(lib_a-syswrite.o)
 .comment       0x0000000000000028       0x29 c:/users/sebastian/documents/mikrodatorteknik/compiler/bin/../lib/gcc/riscv64-unknown-elf/8.3.0/../../../../riscv64-unknown-elf/lib/rv32imac/ilp32\libc_nano.a(lib_a-writer.o)
 .comment       0x0000000000000028       0x29 c:/users/sebastian/documents/mikrodatorteknik/compiler/bin/../lib/gcc/riscv64-unknown-elf/8.3.0/../../../../riscv64-unknown-elf/lib/rv32imac/ilp32\libc_nano.a(lib_a-__atexit.o)
 .comment       0x0000000000000028       0x29 c:/users/sebastian/documents/mikrodatorteknik/compiler/bin/../lib/gcc/riscv64-unknown-elf/8.3.0/../../../../riscv64-unknown-elf/lib/rv32imac/ilp32\libc_nano.a(lib_a-__call_atexit.o)
 .comment       0x0000000000000028       0x29 c:/users/sebastian/documents/mikrodatorteknik/compiler/bin/../lib/gcc/riscv64-unknown-elf/8.3.0/../../../../riscv64-unknown-elf/lib/rv32imac/ilp32\libc_nano.a(lib_a-reent.o)
 .comment       0x0000000000000028       0x29 c:/users/sebastian/documents/mikrodatorteknik/compiler/bin/../lib/gcc/riscv64-unknown-elf/8.3.0/../../../../riscv64-unknown-elf/lib/rv32imac/ilp32\libgloss_nano.a(sys_write.o)
 .comment       0x0000000000000028       0x29 c:/users/sebastian/documents/mikrodatorteknik/compiler/bin/../lib/gcc/riscv64-unknown-elf/8.3.0/../../../../riscv64-unknown-elf/lib/rv32imac/ilp32\libc_nano.a(lib_a-errno.o)

.riscv.attributes
                0x0000000000000000       0x2b
 .riscv.attributes
                0x0000000000000000       0x2b build/gd32vf103_adc.o
 .riscv.attributes
                0x000000000000002b       0x2b build/gd32vf103_bkp.o
 .riscv.attributes
                0x0000000000000056       0x2b build/gd32vf103_eclic.o
 .riscv.attributes
                0x0000000000000081       0x2b build/gd32vf103_gpio.o
 .riscv.attributes
                0x00000000000000ac       0x2b build/gd32vf103_pmu.o
 .riscv.attributes
                0x00000000000000d7       0x2b build/gd32vf103_rcu.o
 .riscv.attributes
                0x0000000000000102       0x2b build/gd32vf103_rtc.o
 .riscv.attributes
                0x000000000000012d       0x2b build/gd32vf103_spi.o
 .riscv.attributes
                0x0000000000000158       0x2b build/gd32vf103_usart.o
 .riscv.attributes
                0x0000000000000183       0x2b build/system_gd32vf103.o
 .riscv.attributes
                0x00000000000001ae       0x2b build/_exit.o
 .riscv.attributes
                0x00000000000001d9       0x2b build/write_hex.o
 .riscv.attributes
                0x0000000000000204       0x2b build/n200_func.o
 .riscv.attributes
                0x000000000000022f       0x2b build/handlers.o
 .riscv.attributes
                0x000000000000025a       0x2b build/init.o
 .riscv.attributes
                0x0000000000000285       0x2b build/adc.o
 .riscv.attributes
                0x00000000000002b0       0x2b build/eclicw.o
 .riscv.attributes
                0x00000000000002db       0x2b build/lcd.o
 .riscv.attributes
                0x0000000000000306       0x2b build/main.o
 .riscv.attributes
                0x0000000000000331       0x2b build/usart.o
 .riscv.attributes
                0x000000000000035c       0x29 build/start.o
 .riscv.attributes
                0x0000000000000385       0x29 build/entry.o
 .riscv.attributes
                0x00000000000003ae       0x29 build/drivers.o
 .riscv.attributes
                0x00000000000003d7       0x2b c:/users/sebastian/documents/mikrodatorteknik/compiler/bin/../lib/gcc/riscv64-unknown-elf/8.3.0/rv32imac/ilp32\libgcc.a(divdf3.o)
 .riscv.attributes
                0x0000000000000402       0x2b c:/users/sebastian/documents/mikrodatorteknik/compiler/bin/../lib/gcc/riscv64-unknown-elf/8.3.0/rv32imac/ilp32\libgcc.a(ledf2.o)
 .riscv.attributes
                0x000000000000042d       0x2b c:/users/sebastian/documents/mikrodatorteknik/compiler/bin/../lib/gcc/riscv64-unknown-elf/8.3.0/rv32imac/ilp32\libgcc.a(muldf3.o)
 .riscv.attributes
                0x0000000000000458       0x2b c:/users/sebastian/documents/mikrodatorteknik/compiler/bin/../lib/gcc/riscv64-unknown-elf/8.3.0/rv32imac/ilp32\libgcc.a(floatunsidf.o)
 .riscv.attributes
                0x0000000000000483       0x2b c:/users/sebastian/documents/mikrodatorteknik/compiler/bin/../lib/gcc/riscv64-unknown-elf/8.3.0/rv32imac/ilp32\libgcc.a(floatundidf.o)
 .riscv.attributes
                0x00000000000004ae       0x2b c:/users/sebastian/documents/mikrodatorteknik/compiler/bin/../lib/gcc/riscv64-unknown-elf/8.3.0/rv32imac/ilp32\libgcc.a(_lshrdi3.o)
 .riscv.attributes
                0x00000000000004d9       0x2b c:/users/sebastian/documents/mikrodatorteknik/compiler/bin/../lib/gcc/riscv64-unknown-elf/8.3.0/rv32imac/ilp32\libgcc.a(_ashldi3.o)
 .riscv.attributes
                0x0000000000000504       0x2b c:/users/sebastian/documents/mikrodatorteknik/compiler/bin/../lib/gcc/riscv64-unknown-elf/8.3.0/rv32imac/ilp32\libgcc.a(_clzsi2.o)
 .riscv.attributes
                0x000000000000052f       0x2b c:/users/sebastian/documents/mikrodatorteknik/compiler/bin/../lib/gcc/riscv64-unknown-elf/8.3.0/rv32imac/ilp32\libgcc.a(_clz.o)
 .riscv.attributes
                0x000000000000055a       0x2b c:/users/sebastian/documents/mikrodatorteknik/compiler/bin/../lib/gcc/riscv64-unknown-elf/8.3.0/../../../../riscv64-unknown-elf/lib/rv32imac/ilp32\libc_nano.a(lib_a-atexit.o)
 .riscv.attributes
                0x0000000000000585       0x2b c:/users/sebastian/documents/mikrodatorteknik/compiler/bin/../lib/gcc/riscv64-unknown-elf/8.3.0/../../../../riscv64-unknown-elf/lib/rv32imac/ilp32\libc_nano.a(lib_a-exit.o)
 .riscv.attributes
                0x00000000000005b0       0x2b c:/users/sebastian/documents/mikrodatorteknik/compiler/bin/../lib/gcc/riscv64-unknown-elf/8.3.0/../../../../riscv64-unknown-elf/lib/rv32imac/ilp32\libc_nano.a(lib_a-fini.o)
 .riscv.attributes
                0x00000000000005db       0x2b c:/users/sebastian/documents/mikrodatorteknik/compiler/bin/../lib/gcc/riscv64-unknown-elf/8.3.0/../../../../riscv64-unknown-elf/lib/rv32imac/ilp32\libc_nano.a(lib_a-impure.o)
 .riscv.attributes
                0x0000000000000606       0x2b c:/users/sebastian/documents/mikrodatorteknik/compiler/bin/../lib/gcc/riscv64-unknown-elf/8.3.0/../../../../riscv64-unknown-elf/lib/rv32imac/ilp32\libc_nano.a(lib_a-init.o)
 .riscv.attributes
                0x0000000000000631       0x29 c:/users/sebastian/documents/mikrodatorteknik/compiler/bin/../lib/gcc/riscv64-unknown-elf/8.3.0/../../../../riscv64-unknown-elf/lib/rv32imac/ilp32\libc_nano.a(lib_a-memcpy-asm.o)
 .riscv.attributes
                0x000000000000065a       0x29 c:/users/sebastian/documents/mikrodatorteknik/compiler/bin/../lib/gcc/riscv64-unknown-elf/8.3.0/../../../../riscv64-unknown-elf/lib/rv32imac/ilp32\libc_nano.a(lib_a-memset.o)
 .riscv.attributes
                0x0000000000000683       0x2b c:/users/sebastian/documents/mikrodatorteknik/compiler/bin/../lib/gcc/riscv64-unknown-elf/8.3.0/../../../../riscv64-unknown-elf/lib/rv32imac/ilp32\libc_nano.a(lib_a-strcat.o)
 .riscv.attributes
                0x00000000000006ae       0x2b c:/users/sebastian/documents/mikrodatorteknik/compiler/bin/../lib/gcc/riscv64-unknown-elf/8.3.0/../../../../riscv64-unknown-elf/lib/rv32imac/ilp32\libc_nano.a(lib_a-strcpy.o)
 .riscv.attributes
                0x00000000000006d9       0x2b c:/users/sebastian/documents/mikrodatorteknik/compiler/bin/../lib/gcc/riscv64-unknown-elf/8.3.0/../../../../riscv64-unknown-elf/lib/rv32imac/ilp32\libc_nano.a(lib_a-syswrite.o)
 .riscv.attributes
                0x0000000000000704       0x2b c:/users/sebastian/documents/mikrodatorteknik/compiler/bin/../lib/gcc/riscv64-unknown-elf/8.3.0/../../../../riscv64-unknown-elf/lib/rv32imac/ilp32\libc_nano.a(lib_a-writer.o)
 .riscv.attributes
                0x000000000000072f       0x2b c:/users/sebastian/documents/mikrodatorteknik/compiler/bin/../lib/gcc/riscv64-unknown-elf/8.3.0/../../../../riscv64-unknown-elf/lib/rv32imac/ilp32\libc_nano.a(lib_a-__atexit.o)
 .riscv.attributes
                0x000000000000075a       0x2b c:/users/sebastian/documents/mikrodatorteknik/compiler/bin/../lib/gcc/riscv64-unknown-elf/8.3.0/../../../../riscv64-unknown-elf/lib/rv32imac/ilp32\libc_nano.a(lib_a-__call_atexit.o)
 .riscv.attributes
                0x0000000000000785       0x2b c:/users/sebastian/documents/mikrodatorteknik/compiler/bin/../lib/gcc/riscv64-unknown-elf/8.3.0/../../../../riscv64-unknown-elf/lib/rv32imac/ilp32\libc_nano.a(lib_a-reent.o)
 .riscv.attributes
                0x00000000000007b0       0x2b c:/users/sebastian/documents/mikrodatorteknik/compiler/bin/../lib/gcc/riscv64-unknown-elf/8.3.0/../../../../riscv64-unknown-elf/lib/rv32imac/ilp32\libgloss_nano.a(sys_write.o)
 .riscv.attributes
                0x00000000000007db       0x2b c:/users/sebastian/documents/mikrodatorteknik/compiler/bin/../lib/gcc/riscv64-unknown-elf/8.3.0/../../../../riscv64-unknown-elf/lib/rv32imac/ilp32\libc_nano.a(lib_a-errno.o)

.debug_frame    0x0000000000000000     0x1d98
 .debug_frame   0x0000000000000000      0x288 build/gd32vf103_adc.o
 .debug_frame   0x0000000000000288      0x13c build/gd32vf103_bkp.o
 .debug_frame   0x00000000000003c4       0x90 build/gd32vf103_eclic.o
 .debug_frame   0x0000000000000454      0x144 build/gd32vf103_gpio.o
 .debug_frame   0x0000000000000598       0xdc build/gd32vf103_pmu.o
 .debug_frame   0x0000000000000674      0x2e8 build/gd32vf103_rcu.o
 .debug_frame   0x000000000000095c      0x124 build/gd32vf103_rtc.o
 .debug_frame   0x0000000000000a80      0x260 build/gd32vf103_spi.o
 .debug_frame   0x0000000000000ce0      0x2f0 build/gd32vf103_usart.o
 .debug_frame   0x0000000000000fd0       0x30 build/system_gd32vf103.o
 .debug_frame   0x0000000000001000       0x2c build/_exit.o
 .debug_frame   0x000000000000102c       0x50 build/write_hex.o
 .debug_frame   0x000000000000107c      0x2dc build/n200_func.o
 .debug_frame   0x0000000000001358       0x44 build/handlers.o
 .debug_frame   0x000000000000139c       0x3c build/init.o
 .debug_frame   0x00000000000013d8       0x38 build/adc.o
 .debug_frame   0x0000000000001410      0x114 build/eclicw.o
 .debug_frame   0x0000000000001524      0x560 build/lcd.o
 .debug_frame   0x0000000000001a84       0xa8 build/main.o
 .debug_frame   0x0000000000001b2c       0xcc build/usart.o
 .debug_frame   0x0000000000001bf8       0x54 c:/users/sebastian/documents/mikrodatorteknik/compiler/bin/../lib/gcc/riscv64-unknown-elf/8.3.0/rv32imac/ilp32\libgcc.a(divdf3.o)
 .debug_frame   0x0000000000001c4c       0x20 c:/users/sebastian/documents/mikrodatorteknik/compiler/bin/../lib/gcc/riscv64-unknown-elf/8.3.0/rv32imac/ilp32\libgcc.a(ledf2.o)
 .debug_frame   0x0000000000001c6c       0x54 c:/users/sebastian/documents/mikrodatorteknik/compiler/bin/../lib/gcc/riscv64-unknown-elf/8.3.0/rv32imac/ilp32\libgcc.a(muldf3.o)
 .debug_frame   0x0000000000001cc0       0x34 c:/users/sebastian/documents/mikrodatorteknik/compiler/bin/../lib/gcc/riscv64-unknown-elf/8.3.0/rv32imac/ilp32\libgcc.a(floatunsidf.o)
 .debug_frame   0x0000000000001cf4       0x44 c:/users/sebastian/documents/mikrodatorteknik/compiler/bin/../lib/gcc/riscv64-unknown-elf/8.3.0/rv32imac/ilp32\libgcc.a(floatundidf.o)
 .debug_frame   0x0000000000001d38       0x20 c:/users/sebastian/documents/mikrodatorteknik/compiler/bin/../lib/gcc/riscv64-unknown-elf/8.3.0/rv32imac/ilp32\libgcc.a(_lshrdi3.o)
 .debug_frame   0x0000000000001d58       0x20 c:/users/sebastian/documents/mikrodatorteknik/compiler/bin/../lib/gcc/riscv64-unknown-elf/8.3.0/rv32imac/ilp32\libgcc.a(_ashldi3.o)
 .debug_frame   0x0000000000001d78       0x20 c:/users/sebastian/documents/mikrodatorteknik/compiler/bin/../lib/gcc/riscv64-unknown-elf/8.3.0/rv32imac/ilp32\libgcc.a(_clzsi2.o)

Cross Reference Table

Symbol                                            File
ADC0_1_IRQHandler                                 build/start.o
ADC3powerUpInit                                   build/adc.o
                                                  build/main.o
BACK_COLOR                                        build/lcd.o
CAN0_EWMC_IRQHandler                              build/start.o
CAN0_RX0_IRQHandler                               build/start.o
CAN0_RX1_IRQHandler                               build/start.o
CAN0_TX_IRQHandler                                build/start.o
CAN1_EWMC_IRQHandler                              build/start.o
CAN1_RX0_IRQHandler                               build/start.o
CAN1_RX1_IRQHandler                               build/start.o
CAN1_TX_IRQHandler                                build/start.o
DMA0_Channel0_IRQHandler                          build/start.o
DMA0_Channel1_IRQHandler                          build/start.o
DMA0_Channel2_IRQHandler                          build/start.o
DMA0_Channel3_IRQHandler                          build/start.o
DMA0_Channel4_IRQHandler                          build/start.o
DMA0_Channel5_IRQHandler                          build/start.o
DMA0_Channel6_IRQHandler                          build/start.o
DMA1_Channel0_IRQHandler                          build/start.o
DMA1_Channel1_IRQHandler                          build/start.o
DMA1_Channel2_IRQHandler                          build/start.o
DMA1_Channel3_IRQHandler                          build/start.o
DMA1_Channel4_IRQHandler                          build/start.o
Draw_Circle                                       build/lcd.o
EXMC_IRQHandler                                   build/start.o
EXTI0_IRQHandler                                  build/start.o
EXTI10_15_IRQHandler                              build/start.o
EXTI1_IRQHandler                                  build/start.o
EXTI2_IRQHandler                                  build/start.o
EXTI3_IRQHandler                                  build/start.o
EXTI4_IRQHandler                                  build/start.o
EXTI5_9_IRQHandler                                build/start.o
FMC_IRQHandler                                    build/start.o
Hzk16                                             build/lcd.o
Hzk32                                             build/lcd.o
I2C0_ER_IRQHandler                                build/start.o
I2C0_EV_IRQHandler                                build/start.o
I2C1_ER_IRQHandler                                build/start.o
I2C1_EV_IRQHandler                                build/start.o
LCD_Address_Set                                   build/lcd.o
LCD_Clear                                         build/lcd.o
                                                  build/main.o
LCD_DrawLine                                      build/lcd.o
LCD_DrawPoint                                     build/lcd.o
LCD_DrawPoint_big                                 build/lcd.o
LCD_DrawRectangle                                 build/lcd.o
LCD_Fill                                          build/lcd.o
LCD_ShowChar                                      build/lcd.o
LCD_ShowChinese                                   build/lcd.o
LCD_ShowNum                                       build/lcd.o
LCD_ShowNum1                                      build/lcd.o
LCD_ShowPicture                                   build/lcd.o
LCD_ShowStr                                       build/lcd.o
                                                  build/main.o
LCD_ShowString                                    build/lcd.o
LCD_WR_DATA                                       build/lcd.o
LCD_WR_DATA8                                      build/lcd.o
LCD_WR_Queue                                      build/lcd.o
                                                  build/main.o
LCD_WR_REG                                        build/lcd.o
LCD_Wait_On_Queue                                 build/lcd.o
LCD_Writ_Bus                                      build/lcd.o
LCD_Write_Bus                                     build/lcd.o
LVD_IRQHandler                                    build/start.o
Lcd_Init                                          build/lcd.o
                                                  build/main.o
Lcd_SetType                                       build/lcd.o
                                                  build/main.o
RCU_IRQHandler                                    build/start.o
RTC_Alarm_IRQHandler                              build/start.o
RTC_IRQHandler                                    build/start.o
SPI0_IRQHandler                                   build/start.o
SPI1_IRQHandler                                   build/start.o
SPI2_IRQHandler                                   build/start.o
SystemCoreClock                                   build/system_gd32vf103.o
                                                  build/lcd.o
                                                  build/n200_func.o
SystemCoreClockUpdate                             build/system_gd32vf103.o
SystemInit                                        build/system_gd32vf103.o
                                                  build/init.o
TAMPER_IRQHandler                                 build/start.o
TIMER0_BRK_IRQHandler                             build/start.o
TIMER0_Channel_IRQHandler                         build/start.o
TIMER0_TRG_CMT_IRQHandler                         build/start.o
TIMER0_UP_IRQHandler                              build/start.o
TIMER1_IRQHandler                                 build/start.o
TIMER2_IRQHandler                                 build/start.o
TIMER3_IRQHandler                                 build/start.o
TIMER4_IRQHandler                                 build/start.o
TIMER5_IRQHandler                                 build/start.o
TIMER6_IRQHandler                                 build/start.o
UART3_IRQHandler                                  build/start.o
UART4_IRQHandler                                  build/start.o
USART0_IRQHandler                                 build/eclicw.o
                                                  build/start.o
USART1_IRQHandler                                 build/start.o
USART2_IRQHandler                                 build/start.o
USBFS_IRQHandler                                  build/start.o
USBFS_WKUP_IRQHandler                             build/start.o
WWDGT_IRQHandler                                  build/start.o
__ashldi3                                         c:/users/sebastian/documents/mikrodatorteknik/compiler/bin/../lib/gcc/riscv64-unknown-elf/8.3.0/rv32imac/ilp32\libgcc.a(_ashldi3.o)
                                                  c:/users/sebastian/documents/mikrodatorteknik/compiler/bin/../lib/gcc/riscv64-unknown-elf/8.3.0/rv32imac/ilp32\libgcc.a(floatundidf.o)
__atexit_dummy                                    c:/users/sebastian/documents/mikrodatorteknik/compiler/bin/../lib/gcc/riscv64-unknown-elf/8.3.0/../../../../riscv64-unknown-elf/lib/rv32imac/ilp32\libc_nano.a(lib_a-__atexit.o)
__bss_start                                       build/start.o
__call_exitprocs                                  c:/users/sebastian/documents/mikrodatorteknik/compiler/bin/../lib/gcc/riscv64-unknown-elf/8.3.0/../../../../riscv64-unknown-elf/lib/rv32imac/ilp32\libc_nano.a(lib_a-__call_atexit.o)
                                                  c:/users/sebastian/documents/mikrodatorteknik/compiler/bin/../lib/gcc/riscv64-unknown-elf/8.3.0/../../../../riscv64-unknown-elf/lib/rv32imac/ilp32\libc_nano.a(lib_a-__atexit.o)
                                                  c:/users/sebastian/documents/mikrodatorteknik/compiler/bin/../lib/gcc/riscv64-unknown-elf/8.3.0/../../../../riscv64-unknown-elf/lib/rv32imac/ilp32\libc_nano.a(lib_a-exit.o)
__clz_tab                                         c:/users/sebastian/documents/mikrodatorteknik/compiler/bin/../lib/gcc/riscv64-unknown-elf/8.3.0/rv32imac/ilp32\libgcc.a(_clz.o)
                                                  c:/users/sebastian/documents/mikrodatorteknik/compiler/bin/../lib/gcc/riscv64-unknown-elf/8.3.0/rv32imac/ilp32\libgcc.a(_clzsi2.o)
__clzsi2                                          c:/users/sebastian/documents/mikrodatorteknik/compiler/bin/../lib/gcc/riscv64-unknown-elf/8.3.0/rv32imac/ilp32\libgcc.a(_clzsi2.o)
                                                  c:/users/sebastian/documents/mikrodatorteknik/compiler/bin/../lib/gcc/riscv64-unknown-elf/8.3.0/rv32imac/ilp32\libgcc.a(mulsf3.o)
                                                  c:/users/sebastian/documents/mikrodatorteknik/compiler/bin/../lib/gcc/riscv64-unknown-elf/8.3.0/rv32imac/ilp32\libgcc.a(floatundidf.o)
                                                  c:/users/sebastian/documents/mikrodatorteknik/compiler/bin/../lib/gcc/riscv64-unknown-elf/8.3.0/rv32imac/ilp32\libgcc.a(floatunsidf.o)
                                                  c:/users/sebastian/documents/mikrodatorteknik/compiler/bin/../lib/gcc/riscv64-unknown-elf/8.3.0/rv32imac/ilp32\libgcc.a(muldf3.o)
                                                  c:/users/sebastian/documents/mikrodatorteknik/compiler/bin/../lib/gcc/riscv64-unknown-elf/8.3.0/rv32imac/ilp32\libgcc.a(divdf3.o)
__divdf3                                          c:/users/sebastian/documents/mikrodatorteknik/compiler/bin/../lib/gcc/riscv64-unknown-elf/8.3.0/rv32imac/ilp32\libgcc.a(divdf3.o)
                                                  build/lcd.o
__errno                                           c:/users/sebastian/documents/mikrodatorteknik/compiler/bin/../lib/gcc/riscv64-unknown-elf/8.3.0/../../../../riscv64-unknown-elf/lib/rv32imac/ilp32\libc_nano.a(lib_a-errno.o)
                                                  c:/users/sebastian/documents/mikrodatorteknik/compiler/bin/../lib/gcc/riscv64-unknown-elf/8.3.0/../../../../riscv64-unknown-elf/lib/rv32imac/ilp32\libgloss_nano.a(sys_write.o)
__fini_array_end                                  c:/users/sebastian/documents/mikrodatorteknik/compiler/bin/../lib/gcc/riscv64-unknown-elf/8.3.0/../../../../riscv64-unknown-elf/lib/rv32imac/ilp32\libc_nano.a(lib_a-fini.o)
__fini_array_start                                c:/users/sebastian/documents/mikrodatorteknik/compiler/bin/../lib/gcc/riscv64-unknown-elf/8.3.0/../../../../riscv64-unknown-elf/lib/rv32imac/ilp32\libc_nano.a(lib_a-fini.o)
__fixunssfsi                                      c:/users/sebastian/documents/mikrodatorteknik/compiler/bin/../lib/gcc/riscv64-unknown-elf/8.3.0/rv32imac/ilp32\libgcc.a(fixunssfsi.o)
                                                  build/lcd.o
__floatundidf                                     c:/users/sebastian/documents/mikrodatorteknik/compiler/bin/../lib/gcc/riscv64-unknown-elf/8.3.0/rv32imac/ilp32\libgcc.a(floatundidf.o)
                                                  build/lcd.o
__floatunsidf                                     c:/users/sebastian/documents/mikrodatorteknik/compiler/bin/../lib/gcc/riscv64-unknown-elf/8.3.0/rv32imac/ilp32\libgcc.a(floatunsidf.o)
                                                  build/lcd.o
__global_pointer$                                 build/start.o
__init_array_end                                  c:/users/sebastian/documents/mikrodatorteknik/compiler/bin/../lib/gcc/riscv64-unknown-elf/8.3.0/../../../../riscv64-unknown-elf/lib/rv32imac/ilp32\libc_nano.a(lib_a-init.o)
__init_array_start                                c:/users/sebastian/documents/mikrodatorteknik/compiler/bin/../lib/gcc/riscv64-unknown-elf/8.3.0/../../../../riscv64-unknown-elf/lib/rv32imac/ilp32\libc_nano.a(lib_a-init.o)
__ledf2                                           c:/users/sebastian/documents/mikrodatorteknik/compiler/bin/../lib/gcc/riscv64-unknown-elf/8.3.0/rv32imac/ilp32\libgcc.a(ledf2.o)
__libc_fini_array                                 c:/users/sebastian/documents/mikrodatorteknik/compiler/bin/../lib/gcc/riscv64-unknown-elf/8.3.0/../../../../riscv64-unknown-elf/lib/rv32imac/ilp32\libc_nano.a(lib_a-fini.o)
                                                  build/start.o
__libc_init_array                                 c:/users/sebastian/documents/mikrodatorteknik/compiler/bin/../lib/gcc/riscv64-unknown-elf/8.3.0/../../../../riscv64-unknown-elf/lib/rv32imac/ilp32\libc_nano.a(lib_a-init.o)
                                                  build/start.o
__lshrdi3                                         c:/users/sebastian/documents/mikrodatorteknik/compiler/bin/../lib/gcc/riscv64-unknown-elf/8.3.0/rv32imac/ilp32\libgcc.a(_lshrdi3.o)
                                                  c:/users/sebastian/documents/mikrodatorteknik/compiler/bin/../lib/gcc/riscv64-unknown-elf/8.3.0/rv32imac/ilp32\libgcc.a(floatundidf.o)
__ltdf2                                           c:/users/sebastian/documents/mikrodatorteknik/compiler/bin/../lib/gcc/riscv64-unknown-elf/8.3.0/rv32imac/ilp32\libgcc.a(ledf2.o)
                                                  build/lcd.o
__malloc_free_list                                c:/users/sebastian/documents/mikrodatorteknik/compiler/bin/../lib/gcc/riscv64-unknown-elf/8.3.0/../../../../riscv64-unknown-elf/lib/rv32imac/ilp32\libc_nano.a(lib_a-nano-mallocr.o)
                                                  c:/users/sebastian/documents/mikrodatorteknik/compiler/bin/../lib/gcc/riscv64-unknown-elf/8.3.0/../../../../riscv64-unknown-elf/lib/rv32imac/ilp32\libc_nano.a(lib_a-nano-freer.o)
__malloc_lock                                     c:/users/sebastian/documents/mikrodatorteknik/compiler/bin/../lib/gcc/riscv64-unknown-elf/8.3.0/../../../../riscv64-unknown-elf/lib/rv32imac/ilp32\libc_nano.a(lib_a-mlock.o)
                                                  c:/users/sebastian/documents/mikrodatorteknik/compiler/bin/../lib/gcc/riscv64-unknown-elf/8.3.0/../../../../riscv64-unknown-elf/lib/rv32imac/ilp32\libc_nano.a(lib_a-nano-mallocr.o)
                                                  c:/users/sebastian/documents/mikrodatorteknik/compiler/bin/../lib/gcc/riscv64-unknown-elf/8.3.0/../../../../riscv64-unknown-elf/lib/rv32imac/ilp32\libc_nano.a(lib_a-nano-freer.o)
__malloc_sbrk_start                               c:/users/sebastian/documents/mikrodatorteknik/compiler/bin/../lib/gcc/riscv64-unknown-elf/8.3.0/../../../../riscv64-unknown-elf/lib/rv32imac/ilp32\libc_nano.a(lib_a-nano-mallocr.o)
__malloc_unlock                                   c:/users/sebastian/documents/mikrodatorteknik/compiler/bin/../lib/gcc/riscv64-unknown-elf/8.3.0/../../../../riscv64-unknown-elf/lib/rv32imac/ilp32\libc_nano.a(lib_a-mlock.o)
                                                  c:/users/sebastian/documents/mikrodatorteknik/compiler/bin/../lib/gcc/riscv64-unknown-elf/8.3.0/../../../../riscv64-unknown-elf/lib/rv32imac/ilp32\libc_nano.a(lib_a-nano-mallocr.o)
                                                  c:/users/sebastian/documents/mikrodatorteknik/compiler/bin/../lib/gcc/riscv64-unknown-elf/8.3.0/../../../../riscv64-unknown-elf/lib/rv32imac/ilp32\libc_nano.a(lib_a-nano-freer.o)
__muldf3                                          c:/users/sebastian/documents/mikrodatorteknik/compiler/bin/../lib/gcc/riscv64-unknown-elf/8.3.0/rv32imac/ilp32\libgcc.a(muldf3.o)
                                                  build/lcd.o
__mulsf3                                          c:/users/sebastian/documents/mikrodatorteknik/compiler/bin/../lib/gcc/riscv64-unknown-elf/8.3.0/rv32imac/ilp32\libgcc.a(mulsf3.o)
                                                  build/lcd.o
__on_exit_args                                    c:/users/sebastian/documents/mikrodatorteknik/compiler/bin/../lib/gcc/riscv64-unknown-elf/8.3.0/../../../../riscv64-unknown-elf/lib/rv32imac/ilp32\libc_nano.a(lib_a-__atexit.o)
__preinit_array_end                               c:/users/sebastian/documents/mikrodatorteknik/compiler/bin/../lib/gcc/riscv64-unknown-elf/8.3.0/../../../../riscv64-unknown-elf/lib/rv32imac/ilp32\libc_nano.a(lib_a-init.o)
__preinit_array_start                             c:/users/sebastian/documents/mikrodatorteknik/compiler/bin/../lib/gcc/riscv64-unknown-elf/8.3.0/../../../../riscv64-unknown-elf/lib/rv32imac/ilp32\libc_nano.a(lib_a-init.o)
__register_exitproc                               c:/users/sebastian/documents/mikrodatorteknik/compiler/bin/../lib/gcc/riscv64-unknown-elf/8.3.0/../../../../riscv64-unknown-elf/lib/rv32imac/ilp32\libc_nano.a(lib_a-__atexit.o)
                                                  c:/users/sebastian/documents/mikrodatorteknik/compiler/bin/../lib/gcc/riscv64-unknown-elf/8.3.0/../../../../riscv64-unknown-elf/lib/rv32imac/ilp32\libc_nano.a(lib_a-atexit.o)
__sf_fake_stderr                                  c:/users/sebastian/documents/mikrodatorteknik/compiler/bin/../lib/gcc/riscv64-unknown-elf/8.3.0/../../../../riscv64-unknown-elf/lib/rv32imac/ilp32\libc_nano.a(lib_a-impure.o)
__sf_fake_stdin                                   c:/users/sebastian/documents/mikrodatorteknik/compiler/bin/../lib/gcc/riscv64-unknown-elf/8.3.0/../../../../riscv64-unknown-elf/lib/rv32imac/ilp32\libc_nano.a(lib_a-impure.o)
__sf_fake_stdout                                  c:/users/sebastian/documents/mikrodatorteknik/compiler/bin/../lib/gcc/riscv64-unknown-elf/8.3.0/../../../../riscv64-unknown-elf/lib/rv32imac/ilp32\libc_nano.a(lib_a-impure.o)
_close                                            build/close.o
_data                                             build/start.o
_data_lma                                         build/start.o
_edata                                            build/start.o
_end                                              build/start.o
                                                  build/sbrk.o
_exit                                             build/_exit.o
                                                  c:/users/sebastian/documents/mikrodatorteknik/compiler/bin/../lib/gcc/riscv64-unknown-elf/8.3.0/../../../../riscv64-unknown-elf/lib/rv32imac/ilp32\libc_nano.a(lib_a-exit.o)
                                                  build/handlers.o
_fini                                             build/init.o
_free_r                                           c:/users/sebastian/documents/mikrodatorteknik/compiler/bin/../lib/gcc/riscv64-unknown-elf/8.3.0/../../../../riscv64-unknown-elf/lib/rv32imac/ilp32\libc_nano.a(lib_a-nano-freer.o)
                                                  c:/users/sebastian/documents/mikrodatorteknik/compiler/bin/../lib/gcc/riscv64-unknown-elf/8.3.0/../../../../riscv64-unknown-elf/lib/rv32imac/ilp32\libc_nano.a(lib_a-reent.o)
_fstat                                            build/fstat.o
_global_atexit                                    c:/users/sebastian/documents/mikrodatorteknik/compiler/bin/../lib/gcc/riscv64-unknown-elf/8.3.0/../../../../riscv64-unknown-elf/lib/rv32imac/ilp32\libc_nano.a(lib_a-__call_atexit.o)
                                                  c:/users/sebastian/documents/mikrodatorteknik/compiler/bin/../lib/gcc/riscv64-unknown-elf/8.3.0/../../../../riscv64-unknown-elf/lib/rv32imac/ilp32\libc_nano.a(lib_a-__atexit.o)