GAS LISTING C:\WINDOWS\ccUBLNQk.s 			page 1


   1              		.file	"init.c"
   2              		.option nopic
   3              		.attribute arch, "rv32i2p0_m2p0_a2p0_c2p0"
   4              		.attribute unaligned_access, 0
   5              		.attribute stack_align, 16
   6              		.text
   7              	.Ltext0:
   8              		.cfi_sections	.debug_frame
   9              		.section	.text._init,"ax",@progbits
  10              		.align	1
  11              		.globl	_init
  13              	_init:
  14              	.LFB5:
  15              		.file 1 "./../../firmware/RISCV/env_Eclipse/init.c"
   1:./../../firmware/RISCV/env_Eclipse/init.c **** //See LICENSE for license details.
   2:./../../firmware/RISCV/env_Eclipse/init.c **** #include <gd32vf103.h>
   3:./../../firmware/RISCV/env_Eclipse/init.c **** #include <stdint.h>
   4:./../../firmware/RISCV/env_Eclipse/init.c **** #include <stdio.h>
   5:./../../firmware/RISCV/env_Eclipse/init.c **** #include <unistd.h>
   6:./../../firmware/RISCV/env_Eclipse/init.c **** #include "riscv_encoding.h"
   7:./../../firmware/RISCV/env_Eclipse/init.c **** #include "n200_func.h"
   8:./../../firmware/RISCV/env_Eclipse/init.c **** 
   9:./../../firmware/RISCV/env_Eclipse/init.c **** #ifdef USE_SOFTWARE_DEBUGGER
  10:./../../firmware/RISCV/env_Eclipse/init.c **** #include "debugger.h"
  11:./../../firmware/RISCV/env_Eclipse/init.c **** #endif
  12:./../../firmware/RISCV/env_Eclipse/init.c **** 
  13:./../../firmware/RISCV/env_Eclipse/init.c **** extern uint32_t disable_mcycle_minstret();
  14:./../../firmware/RISCV/env_Eclipse/init.c **** void _init()
  15:./../../firmware/RISCV/env_Eclipse/init.c **** {
  16              		.loc 1 15 1
  17              		.cfi_startproc
  16:./../../firmware/RISCV/env_Eclipse/init.c **** 	SystemInit();
  18              		.loc 1 16 2
  15:./../../firmware/RISCV/env_Eclipse/init.c **** 	SystemInit();
  19              		.loc 1 15 1 is_stmt 0
  20 0000 4111     		addi	sp,sp,-16
  21              	.LCFI0:
  22              		.cfi_def_cfa_offset 16
  23 0002 06C6     		sw	ra,12(sp)
  24              		.cfi_offset 1, -4
  25              		.loc 1 16 2
  26 0004 97000000 		call	SystemInit
  26      E7800000 
  27              	.LVL0:
  17:./../../firmware/RISCV/env_Eclipse/init.c **** 
  18:./../../firmware/RISCV/env_Eclipse/init.c **** 	//ECLIC init
  19:./../../firmware/RISCV/env_Eclipse/init.c **** 	eclic_init(ECLIC_NUM_INTERRUPTS);
  28              		.loc 1 19 2 is_stmt 1
  29 000c 13057005 		li	a0,87
  30 0010 97000000 		call	eclic_init
  30      E7800000 
  31              	.LVL1:
  20:./../../firmware/RISCV/env_Eclipse/init.c **** 	eclic_mode_enable();
  32              		.loc 1 20 2
  33 0018 97000000 		call	eclic_mode_enable
  33      E7800000 
  34              	.LVL2:
GAS LISTING C:\WINDOWS\ccUBLNQk.s 			page 2


  21:./../../firmware/RISCV/env_Eclipse/init.c **** 
  22:./../../firmware/RISCV/env_Eclipse/init.c **** 	//printf("After ECLIC mode enabled, the mtvec value is %x \n\n\r", read_csr(mtvec));
  23:./../../firmware/RISCV/env_Eclipse/init.c **** 
  24:./../../firmware/RISCV/env_Eclipse/init.c **** 	// // It must be NOTED:
  25:./../../firmware/RISCV/env_Eclipse/init.c **** 	//  //    * In the RISC-V arch, if user mode and PMP supported, then by default if PMP is not conf
  26:./../../firmware/RISCV/env_Eclipse/init.c **** 	//  //      with valid entries, then user mode cannot access any memory, and cannot execute any in
  27:./../../firmware/RISCV/env_Eclipse/init.c **** 	//  //    * So if switch to user-mode and still want to continue, then you must configure PMP firs
  28:./../../firmware/RISCV/env_Eclipse/init.c **** 	//pmp_open_all_space();
  29:./../../firmware/RISCV/env_Eclipse/init.c **** 	//switch_m2u_mode();
  30:./../../firmware/RISCV/env_Eclipse/init.c **** 	
  31:./../../firmware/RISCV/env_Eclipse/init.c ****     /* Before enter into main, add the cycle/instret disable by default to save power,
  32:./../../firmware/RISCV/env_Eclipse/init.c ****     only use them when needed to measure the cycle/instret */
  33:./../../firmware/RISCV/env_Eclipse/init.c **** 	disable_mcycle_minstret();
  35              		.loc 1 33 2
  34:./../../firmware/RISCV/env_Eclipse/init.c **** #ifdef USE_SOFTWARE_DEBUGGER
  35:./../../firmware/RISCV/env_Eclipse/init.c **** 	dbg_init();
  36:./../../firmware/RISCV/env_Eclipse/init.c **** #endif
  37:./../../firmware/RISCV/env_Eclipse/init.c **** 	
  38:./../../firmware/RISCV/env_Eclipse/init.c **** 
  39:./../../firmware/RISCV/env_Eclipse/init.c **** }
  36              		.loc 1 39 1 is_stmt 0
  37 0020 B240     		lw	ra,12(sp)
  38              		.cfi_restore 1
  39 0022 4101     		addi	sp,sp,16
  40              	.LCFI1:
  41              		.cfi_def_cfa_offset 0
  33:./../../firmware/RISCV/env_Eclipse/init.c **** #ifdef USE_SOFTWARE_DEBUGGER
  42              		.loc 1 33 2
  43 0024 17030000 		tail	disable_mcycle_minstret
  43      67000300 
  44              	.LVL3:
  45              		.cfi_endproc
  46              	.LFE5:
  48              		.section	.text._fini,"ax",@progbits
  49              		.align	1
  50              		.globl	_fini
  52              	_fini:
  53              	.LFB6:
  40:./../../firmware/RISCV/env_Eclipse/init.c **** 
  41:./../../firmware/RISCV/env_Eclipse/init.c **** void _fini()
  42:./../../firmware/RISCV/env_Eclipse/init.c **** {
  54              		.loc 1 42 1 is_stmt 1
  55              		.cfi_startproc
  43:./../../firmware/RISCV/env_Eclipse/init.c **** }
  56              		.loc 1 43 1
  57 0000 8280     		ret
  58              		.cfi_endproc
  59              	.LFE6:
  61              		.text
  62              	.Letext0:
  63              		.file 2 "c:\\users\\sebastian\\documents\\mikrodatorteknik\\compiler\\riscv64-unknown-elf\\include
  64              		.file 3 "c:\\users\\sebastian\\documents\\mikrodatorteknik\\compiler\\riscv64-unknown-elf\\include
  65              		.file 4 "c:\\users\\sebastian\\documents\\mikrodatorteknik\\compiler\\lib\\gcc\\riscv64-unknown-el
  66              		.file 5 "c:\\users\\sebastian\\documents\\mikrodatorteknik\\compiler\\riscv64-unknown-elf\\include
  67              		.file 6 "c:\\users\\sebastian\\documents\\mikrodatorteknik\\compiler\\riscv64-unknown-elf\\include
  68              		.file 7 "c:\\users\\sebastian\\documents\\mikrodatorteknik\\compiler\\riscv64-unknown-elf\\include
  69              		.file 8 "./../../firmware/GD32VF103_standard_peripheral/system_gd32vf103.h"
GAS LISTING C:\WINDOWS\ccUBLNQk.s 			page 3


  70              		.file 9 "c:\\users\\sebastian\\documents\\mikrodatorteknik\\compiler\\riscv64-unknown-elf\\include
  71              		.file 10 "./../../firmware/RISCV/drivers/n200_func.h"
  72              		.file 11 "./../../firmware/GD32VF103_standard_peripheral/gd32vf103.h"
GAS LISTING C:\WINDOWS\ccUBLNQk.s 			page 4


DEFINED SYMBOLS
                            *ABS*:0000000000000000 init.c
C:\WINDOWS\ccUBLNQk.s:13     .text._init:0000000000000000 _init
C:\WINDOWS\ccUBLNQk.s:17     .text._init:0000000000000000 .L0 
C:\WINDOWS\ccUBLNQk.s:18     .text._init:0000000000000000 .L0 
C:\WINDOWS\ccUBLNQk.s:19     .text._init:0000000000000000 .L0 
C:\WINDOWS\ccUBLNQk.s:20     .text._init:0000000000000000 .L0 
C:\WINDOWS\ccUBLNQk.s:22     .text._init:0000000000000002 .L0 
C:\WINDOWS\ccUBLNQk.s:24     .text._init:0000000000000004 .L0 
C:\WINDOWS\ccUBLNQk.s:26     .text._init:0000000000000004 .L0 
C:\WINDOWS\ccUBLNQk.s:29     .text._init:000000000000000c .L0 
C:\WINDOWS\ccUBLNQk.s:33     .text._init:0000000000000018 .L0 
C:\WINDOWS\ccUBLNQk.s:36     .text._init:0000000000000020 .L0 
C:\WINDOWS\ccUBLNQk.s:37     .text._init:0000000000000020 .L0 
C:\WINDOWS\ccUBLNQk.s:38     .text._init:0000000000000022 .L0 
C:\WINDOWS\ccUBLNQk.s:41     .text._init:0000000000000024 .L0 
C:\WINDOWS\ccUBLNQk.s:43     .text._init:0000000000000024 .L0 
C:\WINDOWS\ccUBLNQk.s:45     .text._init:000000000000002c .L0 
C:\WINDOWS\ccUBLNQk.s:52     .text._fini:0000000000000000 _fini
C:\WINDOWS\ccUBLNQk.s:55     .text._fini:0000000000000000 .L0 
C:\WINDOWS\ccUBLNQk.s:56     .text._fini:0000000000000000 .L0 
C:\WINDOWS\ccUBLNQk.s:57     .text._fini:0000000000000000 .L0 
C:\WINDOWS\ccUBLNQk.s:58     .text._fini:0000000000000002 .L0 
C:\WINDOWS\ccUBLNQk.s:48     .text._init:000000000000002c .L0 
C:\WINDOWS\ccUBLNQk.s:61     .text._fini:0000000000000002 .L0 
                     .debug_frame:0000000000000000 .L0 
C:\WINDOWS\ccUBLNQk.s:1818   .debug_abbrev:0000000000000000 .Ldebug_abbrev0
C:\WINDOWS\ccUBLNQk.s:2742   .debug_str:0000000000000788 .LASF199
C:\WINDOWS\ccUBLNQk.s:2468   .debug_str:0000000000000191 .LASF200
C:\WINDOWS\ccUBLNQk.s:2596   .debug_str:0000000000000469 .LASF201
C:\WINDOWS\ccUBLNQk.s:2396   .debug_ranges:0000000000000000 .Ldebug_ranges0
C:\WINDOWS\ccUBLNQk.s:2404   .debug_line:0000000000000000 .Ldebug_line0
C:\WINDOWS\ccUBLNQk.s:2606   .debug_str:00000000000004d2 .LASF202
C:\WINDOWS\ccUBLNQk.s:2524   .debug_str:00000000000002f4 .LASF0
C:\WINDOWS\ccUBLNQk.s:2812   .debug_str:000000000000098e .LASF1
C:\WINDOWS\ccUBLNQk.s:2754   .debug_str:000000000000084b .LASF2
C:\WINDOWS\ccUBLNQk.s:2518   .debug_str:00000000000002c5 .LASF3
C:\WINDOWS\ccUBLNQk.s:2598   .debug_str:00000000000004a9 .LASF4
C:\WINDOWS\ccUBLNQk.s:2576   .debug_str:0000000000000418 .LASF5
C:\WINDOWS\ccUBLNQk.s:2792   .debug_str:000000000000091c .LASF6
C:\WINDOWS\ccUBLNQk.s:2744   .debug_str:0000000000000810 .LASF7
C:\WINDOWS\ccUBLNQk.s:2578   .debug_str:0000000000000423 .LASF8
C:\WINDOWS\ccUBLNQk.s:2784   .debug_str:00000000000008f1 .LASF9
C:\WINDOWS\ccUBLNQk.s:2660   .debug_str:0000000000000601 .LASF10
C:\WINDOWS\ccUBLNQk.s:2766   .debug_str:0000000000000896 .LASF11
C:\WINDOWS\ccUBLNQk.s:2816   .debug_str:00000000000009a5 .LASF12
C:\WINDOWS\ccUBLNQk.s:2442   .debug_str:00000000000000ed .LASF13
C:\WINDOWS\ccUBLNQk.s:2622   .debug_str:000000000000051c .LASF14
C:\WINDOWS\ccUBLNQk.s:2662   .debug_str:000000000000060e .LASF15
C:\WINDOWS\ccUBLNQk.s:2674   .debug_str:0000000000000644 .LASF16
C:\WINDOWS\ccUBLNQk.s:2438   .debug_str:00000000000000cf .LASF17
C:\WINDOWS\ccUBLNQk.s:2504   .debug_str:0000000000000270 .LASF18
C:\WINDOWS\ccUBLNQk.s:2554   .debug_str:0000000000000393 .LASF19
C:\WINDOWS\ccUBLNQk.s:2636   .debug_str:0000000000000571 .LASF20
C:\WINDOWS\ccUBLNQk.s:2776   .debug_str:00000000000008c1 .LASF21
C:\WINDOWS\ccUBLNQk.s:2410   .debug_str:0000000000000016 .LASF22
C:\WINDOWS\ccUBLNQk.s:2446   .debug_str:0000000000000107 .LASF23
GAS LISTING C:\WINDOWS\ccUBLNQk.s 			page 5


C:\WINDOWS\ccUBLNQk.s:2514   .debug_str:00000000000002ad .LASF24
C:\WINDOWS\ccUBLNQk.s:2412   .debug_str:0000000000000029 .LASF25
C:\WINDOWS\ccUBLNQk.s:2456   .debug_str:0000000000000156 .LASF26
C:\WINDOWS\ccUBLNQk.s:2508   .debug_str:0000000000000291 .LASF27
C:\WINDOWS\ccUBLNQk.s:2498   .debug_str:0000000000000246 .LASF28
C:\WINDOWS\ccUBLNQk.s:2546   .debug_str:0000000000000364 .LASF29
C:\WINDOWS\ccUBLNQk.s:2472   .debug_str:00000000000001c1 .LASF30
C:\WINDOWS\ccUBLNQk.s:2786   .debug_str:00000000000008fa .LASF31
C:\WINDOWS\ccUBLNQk.s:2448   .debug_str:0000000000000113 .LASF32
C:\WINDOWS\ccUBLNQk.s:2618   .debug_str:0000000000000509 .LASF33
C:\WINDOWS\ccUBLNQk.s:2656   .debug_str:00000000000005ef .LASF34
C:\WINDOWS\ccUBLNQk.s:2722   .debug_str:0000000000000726 .LASF35
C:\WINDOWS\ccUBLNQk.s:2654   .debug_str:00000000000005e2 .LASF36
C:\WINDOWS\ccUBLNQk.s:2738   .debug_str:0000000000000775 .LASF37
C:\WINDOWS\ccUBLNQk.s:2422   .debug_str:0000000000000060 .LASF38
C:\WINDOWS\ccUBLNQk.s:2804   .debug_str:000000000000095e .LASF39
C:\WINDOWS\ccUBLNQk.s:2538   .debug_str:0000000000000337 .LASF40
C:\WINDOWS\ccUBLNQk.s:2584   .debug_str:000000000000043a .LASF41
C:\WINDOWS\ccUBLNQk.s:2482   .debug_str:00000000000001f5 .LASF42
C:\WINDOWS\ccUBLNQk.s:2648   .debug_str:00000000000005c5 .LASF43
C:\WINDOWS\ccUBLNQk.s:2706   .debug_str:00000000000006e1 .LASF44
C:\WINDOWS\ccUBLNQk.s:2768   .debug_str:00000000000008a1 .LASF45
C:\WINDOWS\ccUBLNQk.s:2732   .debug_str:0000000000000755 .LASF46
C:\WINDOWS\ccUBLNQk.s:2810   .debug_str:000000000000097e .LASF47
C:\WINDOWS\ccUBLNQk.s:2528   .debug_str:000000000000030b .LASF48
C:\WINDOWS\ccUBLNQk.s:2486   .debug_str:0000000000000213 .LASF49
C:\WINDOWS\ccUBLNQk.s:2624   .debug_str:0000000000000527 .LASF50
C:\WINDOWS\ccUBLNQk.s:2640   .debug_str:000000000000058b .LASF51
C:\WINDOWS\ccUBLNQk.s:2516   .debug_str:00000000000002ba .LASF52
C:\WINDOWS\ccUBLNQk.s:2544   .debug_str:0000000000000358 .LASF53
C:\WINDOWS\ccUBLNQk.s:2590   .debug_str:0000000000000451 .LASF54
C:\WINDOWS\ccUBLNQk.s:2798   .debug_str:000000000000093f .LASF55
C:\WINDOWS\ccUBLNQk.s:2642   .debug_str:0000000000000596 .LASF56
C:\WINDOWS\ccUBLNQk.s:2610   .debug_str:00000000000004e0 .LASF57
C:\WINDOWS\ccUBLNQk.s:2502   .debug_str:000000000000025d .LASF58
C:\WINDOWS\ccUBLNQk.s:2522   .debug_str:00000000000002e1 .LASF59
C:\WINDOWS\ccUBLNQk.s:2568   .debug_str:00000000000003e7 .LASF60
C:\WINDOWS\ccUBLNQk.s:2414   .debug_str:0000000000000037 .LASF61
C:\WINDOWS\ccUBLNQk.s:2430   .debug_str:0000000000000096 .LASF62
C:\WINDOWS\ccUBLNQk.s:2560   .debug_str:00000000000003c0 .LASF63
C:\WINDOWS\ccUBLNQk.s:2574   .debug_str:000000000000040d .LASF64
C:\WINDOWS\ccUBLNQk.s:2626   .debug_str:0000000000000531 .LASF65
C:\WINDOWS\ccUBLNQk.s:2726   .debug_str:0000000000000738 .LASF66
C:\WINDOWS\ccUBLNQk.s:2462   .debug_str:0000000000000172 .LASF67
C:\WINDOWS\ccUBLNQk.s:2748   .debug_str:000000000000082f .LASF68
C:\WINDOWS\ccUBLNQk.s:2408   .debug_str:000000000000000c .LASF69
C:\WINDOWS\ccUBLNQk.s:2746   .debug_str:000000000000081c .LASF70
C:\WINDOWS\ccUBLNQk.s:2490   .debug_str:0000000000000227 .LASF71
C:\WINDOWS\ccUBLNQk.s:2734   .debug_str:0000000000000764 .LASF75
C:\WINDOWS\ccUBLNQk.s:2558   .debug_str:00000000000003ae .LASF72
C:\WINDOWS\ccUBLNQk.s:2506   .debug_str:0000000000000283 .LASF73
C:\WINDOWS\ccUBLNQk.s:2432   .debug_str:00000000000000a4 .LASF74
C:\WINDOWS\ccUBLNQk.s:2762   .debug_str:0000000000000880 .LASF76
C:\WINDOWS\ccUBLNQk.s:2550   .debug_str:000000000000037b .LASF186
C:\WINDOWS\ccUBLNQk.s:2712   .debug_str:00000000000006ff .LASF77
C:\WINDOWS\ccUBLNQk.s:2638   .debug_str:0000000000000584 .LASF78
C:\WINDOWS\ccUBLNQk.s:2458   .debug_str:0000000000000164 .LASF79
GAS LISTING C:\WINDOWS\ccUBLNQk.s 			page 6


C:\WINDOWS\ccUBLNQk.s:2710   .debug_str:00000000000006f7 .LASF80
C:\WINDOWS\ccUBLNQk.s:2778   .debug_str:00000000000008d4 .LASF81
C:\WINDOWS\ccUBLNQk.s:2582   .debug_str:0000000000000434 .LASF82
C:\WINDOWS\ccUBLNQk.s:2548   .debug_str:0000000000000374 .LASF83
C:\WINDOWS\ccUBLNQk.s:2702   .debug_str:00000000000006d1 .LASF84
C:\WINDOWS\ccUBLNQk.s:2704   .debug_str:00000000000006d9 .LASF85
C:\WINDOWS\ccUBLNQk.s:2678   .debug_str:000000000000065e .LASF86
C:\WINDOWS\ccUBLNQk.s:2756   .debug_str:0000000000000858 .LASF87
C:\WINDOWS\ccUBLNQk.s:2646   .debug_str:00000000000005b3 .LASF88
C:\WINDOWS\ccUBLNQk.s:2666   .debug_str:0000000000000622 .LASF89
C:\WINDOWS\ccUBLNQk.s:2536   .debug_str:000000000000032f .LASF94
C:\WINDOWS\ccUBLNQk.s:2736   .debug_str:000000000000076f .LASF90
C:\WINDOWS\ccUBLNQk.s:2696   .debug_str:00000000000006bc .LASF91
C:\WINDOWS\ccUBLNQk.s:2530   .debug_str:0000000000000315 .LASF92
C:\WINDOWS\ccUBLNQk.s:2772   .debug_str:00000000000008b6 .LASF93
C:\WINDOWS\ccUBLNQk.s:2512   .debug_str:00000000000002a8 .LASF95
C:\WINDOWS\ccUBLNQk.s:2454   .debug_str:000000000000014d .LASF96
C:\WINDOWS\ccUBLNQk.s:2750   .debug_str:000000000000083d .LASF97
C:\WINDOWS\ccUBLNQk.s:2474   .debug_str:00000000000001d0 .LASF98
C:\WINDOWS\ccUBLNQk.s:2814   .debug_str:000000000000099b .LASF99
C:\WINDOWS\ccUBLNQk.s:2628   .debug_str:0000000000000546 .LASF100
C:\WINDOWS\ccUBLNQk.s:2604   .debug_str:00000000000004c8 .LASF101
C:\WINDOWS\ccUBLNQk.s:2708   .debug_str:00000000000006ed .LASF102
C:\WINDOWS\ccUBLNQk.s:2668   .debug_str:000000000000062b .LASF103
C:\WINDOWS\ccUBLNQk.s:2794   .debug_str:0000000000000925 .LASF104
C:\WINDOWS\ccUBLNQk.s:2478   .debug_str:00000000000001df .LASF105
C:\WINDOWS\ccUBLNQk.s:2416   .debug_str:0000000000000045 .LASF106
C:\WINDOWS\ccUBLNQk.s:2406   .debug_str:0000000000000000 .LASF107
C:\WINDOWS\ccUBLNQk.s:2728   .debug_str:0000000000000745 .LASF108
C:\WINDOWS\ccUBLNQk.s:2494   .debug_str:0000000000000237 .LASF109
C:\WINDOWS\ccUBLNQk.s:2630   .debug_str:000000000000054f .LASF110
C:\WINDOWS\ccUBLNQk.s:2688   .debug_str:000000000000068c .LASF111
C:\WINDOWS\ccUBLNQk.s:2526   .debug_str:0000000000000306 .LASF112
C:\WINDOWS\ccUBLNQk.s:2670   .debug_str:0000000000000635 .LASF113
C:\WINDOWS\ccUBLNQk.s:2470   .debug_str:00000000000001bb .LASF114
C:\WINDOWS\ccUBLNQk.s:2724   .debug_str:0000000000000732 .LASF115
C:\WINDOWS\ccUBLNQk.s:2680   .debug_str:0000000000000669 .LASF116
C:\WINDOWS\ccUBLNQk.s:2492   .debug_str:0000000000000230 .LASF117
C:\WINDOWS\ccUBLNQk.s:2770   .debug_str:00000000000008b0 .LASF118
C:\WINDOWS\ccUBLNQk.s:2434   .debug_str:00000000000000bb .LASF119
C:\WINDOWS\ccUBLNQk.s:2480   .debug_str:00000000000001ed .LASF120
C:\WINDOWS\ccUBLNQk.s:2542   .debug_str:0000000000000352 .LASF121
C:\WINDOWS\ccUBLNQk.s:2602   .debug_str:00000000000004c1 .LASF122
C:\WINDOWS\ccUBLNQk.s:2740   .debug_str:0000000000000782 .LASF123
C:\WINDOWS\ccUBLNQk.s:2460   .debug_str:000000000000016b .LASF124
C:\WINDOWS\ccUBLNQk.s:2466   .debug_str:000000000000018b .LASF125
C:\WINDOWS\ccUBLNQk.s:2788   .debug_str:000000000000090e .LASF126
C:\WINDOWS\ccUBLNQk.s:2720   .debug_str:000000000000071d .LASF127
C:\WINDOWS\ccUBLNQk.s:2614   .debug_str:00000000000004fa .LASF128
C:\WINDOWS\ccUBLNQk.s:2562   .debug_str:00000000000003cf .LASF129
C:\WINDOWS\ccUBLNQk.s:2592   .debug_str:000000000000045d .LASF130
C:\WINDOWS\ccUBLNQk.s:2682   .debug_str:0000000000000671 .LASF131
C:\WINDOWS\ccUBLNQk.s:2672   .debug_str:000000000000063c .LASF132
C:\WINDOWS\ccUBLNQk.s:2698   .debug_str:00000000000006c4 .LASF133
C:\WINDOWS\ccUBLNQk.s:2716   .debug_str:0000000000000711 .LASF134
C:\WINDOWS\ccUBLNQk.s:2496   .debug_str:000000000000023f .LASF135
C:\WINDOWS\ccUBLNQk.s:2552   .debug_str:000000000000038b .LASF136
GAS LISTING C:\WINDOWS\ccUBLNQk.s 			page 7


C:\WINDOWS\ccUBLNQk.s:2534   .debug_str:0000000000000327 .LASF137
C:\WINDOWS\ccUBLNQk.s:2686   .debug_str:0000000000000687 .LASF138
C:\WINDOWS\ccUBLNQk.s:2420   .debug_str:0000000000000055 .LASF139
C:\WINDOWS\ccUBLNQk.s:2694   .debug_str:00000000000006a3 .LASF140
C:\WINDOWS\ccUBLNQk.s:2690   .debug_str:0000000000000691 .LASF141
C:\WINDOWS\ccUBLNQk.s:2632   .debug_str:0000000000000557 .LASF142
C:\WINDOWS\ccUBLNQk.s:2692   .debug_str:0000000000000699 .LASF143
C:\WINDOWS\ccUBLNQk.s:2580   .debug_str:000000000000042c .LASF144
C:\WINDOWS\ccUBLNQk.s:2500   .debug_str:0000000000000253 .LASF145
C:\WINDOWS\ccUBLNQk.s:2808   .debug_str:0000000000000979 .LASF146
C:\WINDOWS\ccUBLNQk.s:2644   .debug_str:00000000000005a9 .LASF147
C:\WINDOWS\ccUBLNQk.s:2556   .debug_str:00000000000003a6 .LASF148
C:\WINDOWS\ccUBLNQk.s:2510   .debug_str:00000000000002a0 .LASF149
C:\WINDOWS\ccUBLNQk.s:2588   .debug_str:000000000000044c .LASF150
C:\WINDOWS\ccUBLNQk.s:2424   .debug_str:000000000000006d .LASF151
C:\WINDOWS\ccUBLNQk.s:2782   .debug_str:00000000000008e7 .LASF152
C:\WINDOWS\ccUBLNQk.s:2488   .debug_str:000000000000021f .LASF153
C:\WINDOWS\ccUBLNQk.s:2476   .debug_str:00000000000001da .LASF154
C:\WINDOWS\ccUBLNQk.s:2718   .debug_str:0000000000000718 .LASF155
C:\WINDOWS\ccUBLNQk.s:2676   .debug_str:0000000000000657 .LASF156
C:\WINDOWS\ccUBLNQk.s:2774   .debug_str:00000000000008bb .LASF157
C:\WINDOWS\ccUBLNQk.s:2564   .debug_str:00000000000003d5 .LASF158
C:\WINDOWS\ccUBLNQk.s:2658   .debug_str:00000000000005fb .LASF159
C:\WINDOWS\ccUBLNQk.s:2418   .debug_str:000000000000004d .LASF160
C:\WINDOWS\ccUBLNQk.s:2700   .debug_str:00000000000006cb .LASF161
C:\WINDOWS\ccUBLNQk.s:2594   .debug_str:0000000000000463 .LASF162
C:\WINDOWS\ccUBLNQk.s:2752   .debug_str:0000000000000846 .LASF163
C:\WINDOWS\ccUBLNQk.s:2764   .debug_str:0000000000000889 .LASF164
C:\WINDOWS\ccUBLNQk.s:2464   .debug_str:000000000000017e .LASF165
C:\WINDOWS\ccUBLNQk.s:2572   .debug_str:0000000000000400 .LASF166
C:\WINDOWS\ccUBLNQk.s:2796   .debug_str:0000000000000930 .LASF167
C:\WINDOWS\ccUBLNQk.s:2634   .debug_str:0000000000000562 .LASF168
C:\WINDOWS\ccUBLNQk.s:2566   .debug_str:00000000000003dc .LASF169
C:\WINDOWS\ccUBLNQk.s:2800   .debug_str:0000000000000952 .LASF170
C:\WINDOWS\ccUBLNQk.s:2684   .debug_str:000000000000067a .LASF171
C:\WINDOWS\ccUBLNQk.s:2806   .debug_str:000000000000096b .LASF172
C:\WINDOWS\ccUBLNQk.s:2452   .debug_str:000000000000013f .LASF173
C:\WINDOWS\ccUBLNQk.s:2780   .debug_str:00000000000008dd .LASF174
C:\WINDOWS\ccUBLNQk.s:2570   .debug_str:00000000000003f4 .LASF175
C:\WINDOWS\ccUBLNQk.s:2758   .debug_str:0000000000000860 .LASF176
C:\WINDOWS\ccUBLNQk.s:2520   .debug_str:00000000000002d3 .LASF177
C:\WINDOWS\ccUBLNQk.s:2444   .debug_str:00000000000000f8 .LASF178
C:\WINDOWS\ccUBLNQk.s:2540   .debug_str:0000000000000341 .LASF179
C:\WINDOWS\ccUBLNQk.s:2426   .debug_str:0000000000000076 .LASF180
C:\WINDOWS\ccUBLNQk.s:2428   .debug_str:0000000000000085 .LASF181
C:\WINDOWS\ccUBLNQk.s:2664   .debug_str:0000000000000619 .LASF182
C:\WINDOWS\ccUBLNQk.s:2620   .debug_str:0000000000000515 .LASF183
C:\WINDOWS\ccUBLNQk.s:2608   .debug_str:00000000000004d7 .LASF184
C:\WINDOWS\ccUBLNQk.s:2790   .debug_str:0000000000000914 .LASF185
C:\WINDOWS\ccUBLNQk.s:2440   .debug_str:00000000000000e2 .LASF203
C:\WINDOWS\ccUBLNQk.s:2532   .debug_str:000000000000031b .LASF187
C:\WINDOWS\ccUBLNQk.s:2760   .debug_str:000000000000086d .LASF188
C:\WINDOWS\ccUBLNQk.s:2586   .debug_str:0000000000000444 .LASF189
C:\WINDOWS\ccUBLNQk.s:2612   .debug_str:00000000000004f3 .LASF190
C:\WINDOWS\ccUBLNQk.s:2616   .debug_str:0000000000000502 .LASF191
C:\WINDOWS\ccUBLNQk.s:2730   .debug_str:000000000000074e .LASF192
C:\WINDOWS\ccUBLNQk.s:2802   .debug_str:0000000000000957 .LASF193
GAS LISTING C:\WINDOWS\ccUBLNQk.s 			page 8


C:\WINDOWS\ccUBLNQk.s:2600   .debug_str:00000000000004b8 .LASF194
C:\WINDOWS\ccUBLNQk.s:2650   .debug_str:00000000000005d1 .LASF204
C:\WINDOWS\ccUBLNQk.s:53     .text._fini:0000000000000000 .LFB6
C:\WINDOWS\ccUBLNQk.s:59     .text._fini:0000000000000002 .LFE6
C:\WINDOWS\ccUBLNQk.s:2714   .debug_str:000000000000070b .LASF205
C:\WINDOWS\ccUBLNQk.s:14     .text._init:0000000000000000 .LFB5
C:\WINDOWS\ccUBLNQk.s:46     .text._init:000000000000002c .LFE5
C:\WINDOWS\ccUBLNQk.s:2363   .debug_loc:0000000000000000 .LLST0
C:\WINDOWS\ccUBLNQk.s:27     .text._init:000000000000000c .LVL0
C:\WINDOWS\ccUBLNQk.s:31     .text._init:0000000000000018 .LVL1
C:\WINDOWS\ccUBLNQk.s:34     .text._init:0000000000000020 .LVL2
C:\WINDOWS\ccUBLNQk.s:44     .text._init:000000000000002c .LVL3
C:\WINDOWS\ccUBLNQk.s:2652   .debug_str:00000000000005d7 .LASF195
C:\WINDOWS\ccUBLNQk.s:2436   .debug_str:00000000000000c4 .LASF196
C:\WINDOWS\ccUBLNQk.s:2484   .debug_str:0000000000000201 .LASF197
C:\WINDOWS\ccUBLNQk.s:2450   .debug_str:0000000000000127 .LASF198
C:\WINDOWS\ccUBLNQk.s:21     .text._init:0000000000000002 .LCFI0
C:\WINDOWS\ccUBLNQk.s:40     .text._init:0000000000000024 .LCFI1
C:\WINDOWS\ccUBLNQk.s:74     .debug_info:0000000000000000 .Ldebug_info0

UNDEFINED SYMBOLS
SystemInit
eclic_init
eclic_mode_enable
disable_mcycle_minstret
