GAS LISTING C:\WINDOWS\ccUEzF6L.s 			page 1


   1              		.file	"isatty.c"
   2              		.option nopic
   3              		.attribute arch, "rv32i2p0_m2p0_a2p0_c2p0"
   4              		.attribute unaligned_access, 0
   5              		.attribute stack_align, 16
   6              		.text
   7              	.Ltext0:
   8              		.cfi_sections	.debug_frame
   9              		.section	.text._isatty,"ax",@progbits
  10              		.align	1
  11              		.globl	_isatty
  13              	_isatty:
  14              	.LFB0:
  15              		.file 1 "./../../firmware/RISCV/stubs/isatty.c"
   1:./../../firmware/RISCV/stubs/isatty.c **** /* See LICENSE of license details. */
   2:./../../firmware/RISCV/stubs/isatty.c **** 
   3:./../../firmware/RISCV/stubs/isatty.c **** #include <unistd.h>
   4:./../../firmware/RISCV/stubs/isatty.c **** 
   5:./../../firmware/RISCV/stubs/isatty.c **** int _isatty(int fd)
   6:./../../firmware/RISCV/stubs/isatty.c **** {
  16              		.loc 1 6 1
  17              		.cfi_startproc
  18              	.LVL0:
   7:./../../firmware/RISCV/stubs/isatty.c ****   if (fd == STDOUT_FILENO || fd == STDERR_FILENO)
  19              		.loc 1 7 3
  20              		.loc 1 7 27 is_stmt 0
  21 0000 7D15     		addi	a0,a0,-1
  22              	.LVL1:
   8:./../../firmware/RISCV/stubs/isatty.c ****     return 1;
   9:./../../firmware/RISCV/stubs/isatty.c **** 
  10:./../../firmware/RISCV/stubs/isatty.c ****   return 0;
  11:./../../firmware/RISCV/stubs/isatty.c **** }
  23              		.loc 1 11 1
  24 0002 13352500 		sltiu	a0,a0,2
  25              	.LVL2:
  26 0006 8280     		ret
  27              		.cfi_endproc
  28              	.LFE0:
  30              		.text
  31              	.Letext0:
  32              		.file 2 "c:\\users\\sebastian\\documents\\mikrodatorteknik\\compiler\\riscv64-unknown-elf\\include
GAS LISTING C:\WINDOWS\ccUEzF6L.s 			page 2


DEFINED SYMBOLS
                            *ABS*:0000000000000000 isatty.c
C:\WINDOWS\ccUEzF6L.s:13     .text._isatty:0000000000000000 _isatty
C:\WINDOWS\ccUEzF6L.s:17     .text._isatty:0000000000000000 .L0 
C:\WINDOWS\ccUEzF6L.s:19     .text._isatty:0000000000000000 .L0 
C:\WINDOWS\ccUEzF6L.s:20     .text._isatty:0000000000000000 .L0 
C:\WINDOWS\ccUEzF6L.s:21     .text._isatty:0000000000000000 .L0 
C:\WINDOWS\ccUEzF6L.s:24     .text._isatty:0000000000000002 .L0 
C:\WINDOWS\ccUEzF6L.s:27     .text._isatty:0000000000000008 .L0 
C:\WINDOWS\ccUEzF6L.s:30     .text._isatty:0000000000000008 .L0 
                     .debug_frame:0000000000000000 .L0 
C:\WINDOWS\ccUEzF6L.s:174    .debug_abbrev:0000000000000000 .Ldebug_abbrev0
C:\WINDOWS\ccUEzF6L.s:358    .debug_str:00000000000000db .LASF17
C:\WINDOWS\ccUEzF6L.s:348    .debug_str:0000000000000092 .LASF18
C:\WINDOWS\ccUEzF6L.s:336    .debug_str:000000000000000e .LASF19
C:\WINDOWS\ccUEzF6L.s:326    .debug_ranges:0000000000000000 .Ldebug_ranges0
C:\WINDOWS\ccUEzF6L.s:332    .debug_line:0000000000000000 .Ldebug_line0
C:\WINDOWS\ccUEzF6L.s:374    .debug_str:00000000000001ac .LASF0
C:\WINDOWS\ccUEzF6L.s:350    .debug_str:00000000000000b8 .LASF1
C:\WINDOWS\ccUEzF6L.s:370    .debug_str:000000000000019a .LASF2
C:\WINDOWS\ccUEzF6L.s:360    .debug_str:0000000000000163 .LASF3
C:\WINDOWS\ccUEzF6L.s:354    .debug_str:00000000000000cb .LASF4
C:\WINDOWS\ccUEzF6L.s:342    .debug_str:0000000000000062 .LASF5
C:\WINDOWS\ccUEzF6L.s:334    .debug_str:0000000000000000 .LASF6
C:\WINDOWS\ccUEzF6L.s:344    .debug_str:0000000000000074 .LASF7
C:\WINDOWS\ccUEzF6L.s:338    .debug_str:000000000000004e .LASF8
C:\WINDOWS\ccUEzF6L.s:352    .debug_str:00000000000000c6 .LASF9
C:\WINDOWS\ccUEzF6L.s:364    .debug_str:000000000000017f .LASF10
C:\WINDOWS\ccUEzF6L.s:372    .debug_str:00000000000001a4 .LASF11
C:\WINDOWS\ccUEzF6L.s:368    .debug_str:0000000000000193 .LASF12
C:\WINDOWS\ccUEzF6L.s:340    .debug_str:000000000000005b .LASF13
C:\WINDOWS\ccUEzF6L.s:346    .debug_str:000000000000008b .LASF14
C:\WINDOWS\ccUEzF6L.s:356    .debug_str:00000000000000d4 .LASF15
C:\WINDOWS\ccUEzF6L.s:362    .debug_str:0000000000000176 .LASF16
C:\WINDOWS\ccUEzF6L.s:366    .debug_str:000000000000018b .LASF20
C:\WINDOWS\ccUEzF6L.s:14     .text._isatty:0000000000000000 .LFB0
C:\WINDOWS\ccUEzF6L.s:28     .text._isatty:0000000000000008 .LFE0
C:\WINDOWS\ccUEzF6L.s:293    .debug_loc:0000000000000000 .LLST0
C:\WINDOWS\ccUEzF6L.s:18     .text._isatty:0000000000000000 .LVL0
C:\WINDOWS\ccUEzF6L.s:22     .text._isatty:0000000000000002 .LVL1
C:\WINDOWS\ccUEzF6L.s:25     .text._isatty:0000000000000006 .LVL2
C:\WINDOWS\ccUEzF6L.s:34     .debug_info:0000000000000000 .Ldebug_info0

NO UNDEFINED SYMBOLS
