GAS LISTING C:\WINDOWS\ccJIrrHp.s 			page 1


   1              		.file	"write.c"
   2              		.option nopic
   3              		.attribute arch, "rv32i2p0_m2p0_a2p0_c2p0"
   4              		.attribute unaligned_access, 0
   5              		.attribute stack_align, 16
   6              		.text
   7              	.Ltext0:
   8              		.cfi_sections	.debug_frame
   9              		.section	.text._put_char,"ax",@progbits
  10              		.align	1
  11              		.weak	_put_char
  13              	_put_char:
  14              	.LFB4:
  15              		.file 1 "./../../firmware/RISCV/stubs/write.c"
   1:./../../firmware/RISCV/stubs/write.c **** /* See LICENSE of license details. */
   2:./../../firmware/RISCV/stubs/write.c **** 
   3:./../../firmware/RISCV/stubs/write.c **** #include <stdint.h>
   4:./../../firmware/RISCV/stubs/write.c **** #include <string.h>
   5:./../../firmware/RISCV/stubs/write.c **** #include <errno.h>
   6:./../../firmware/RISCV/stubs/write.c **** #include <gd32vf103.h>
   7:./../../firmware/RISCV/stubs/write.c **** 
   8:./../../firmware/RISCV/stubs/write.c **** #if   defined (__GNUC__)
   9:./../../firmware/RISCV/stubs/write.c **** #include <unistd.h>
  10:./../../firmware/RISCV/stubs/write.c **** #include <sys/types.h>
  11:./../../firmware/RISCV/stubs/write.c **** #endif
  12:./../../firmware/RISCV/stubs/write.c **** 
  13:./../../firmware/RISCV/stubs/write.c **** #include "stub.h"
  14:./../../firmware/RISCV/stubs/write.c **** #include "gd32vf103.h"
  15:./../../firmware/RISCV/stubs/write.c **** 
  16:./../../firmware/RISCV/stubs/write.c **** //typedef unsigned int size_t;
  17:./../../firmware/RISCV/stubs/write.c **** extern int _put_char(int ch) __attribute__((weak));
  18:./../../firmware/RISCV/stubs/write.c **** 
  19:./../../firmware/RISCV/stubs/write.c **** #if   defined (__ICCRISCV__)
  20:./../../firmware/RISCV/stubs/write.c **** size_t __write(int handle, const unsigned char *buf, size_t bufSize)
  21:./../../firmware/RISCV/stubs/write.c **** {
  22:./../../firmware/RISCV/stubs/write.c ****   size_t nChars = 0;
  23:./../../firmware/RISCV/stubs/write.c ****   
  24:./../../firmware/RISCV/stubs/write.c ****   if (handle == -1)
  25:./../../firmware/RISCV/stubs/write.c ****   {
  26:./../../firmware/RISCV/stubs/write.c ****     return 0;
  27:./../../firmware/RISCV/stubs/write.c ****   }
  28:./../../firmware/RISCV/stubs/write.c ****   
  29:./../../firmware/RISCV/stubs/write.c ****   for (; bufSize > 0; --bufSize)
  30:./../../firmware/RISCV/stubs/write.c ****   {
  31:./../../firmware/RISCV/stubs/write.c ****     _put_char((uint8_t) *buf);
  32:./../../firmware/RISCV/stubs/write.c ****     ++buf;
  33:./../../firmware/RISCV/stubs/write.c ****     ++nChars;
  34:./../../firmware/RISCV/stubs/write.c ****   }
  35:./../../firmware/RISCV/stubs/write.c ****   
  36:./../../firmware/RISCV/stubs/write.c ****   return nChars;
  37:./../../firmware/RISCV/stubs/write.c ****  }
  38:./../../firmware/RISCV/stubs/write.c **** 
  39:./../../firmware/RISCV/stubs/write.c **** int puts(const char* string) {
  40:./../../firmware/RISCV/stubs/write.c ****     return __write(0, (const void *) string, strlen(string));
  41:./../../firmware/RISCV/stubs/write.c **** }
  42:./../../firmware/RISCV/stubs/write.c ****  
  43:./../../firmware/RISCV/stubs/write.c **** #elif defined ( __GNUC__ )
GAS LISTING C:\WINDOWS\ccJIrrHp.s 			page 2


  44:./../../firmware/RISCV/stubs/write.c **** /*
  45:./../../firmware/RISCV/stubs/write.c **** ssize_t _write(int fd, const void* ptr, size_t len) {
  46:./../../firmware/RISCV/stubs/write.c ****     const uint8_t * current = (const uint8_t *) ptr;
  47:./../../firmware/RISCV/stubs/write.c ****     {
  48:./../../firmware/RISCV/stubs/write.c ****         for (size_t jj = 0; jj < len; jj++) {
  49:./../../firmware/RISCV/stubs/write.c ****             _put_char(current[jj]);
  50:./../../firmware/RISCV/stubs/write.c **** 
  51:./../../firmware/RISCV/stubs/write.c ****             if (current[jj] == '\n') {
  52:./../../firmware/RISCV/stubs/write.c ****                 _put_char('\r');
  53:./../../firmware/RISCV/stubs/write.c ****             }
  54:./../../firmware/RISCV/stubs/write.c ****         }
  55:./../../firmware/RISCV/stubs/write.c ****         return len;
  56:./../../firmware/RISCV/stubs/write.c ****     }
  57:./../../firmware/RISCV/stubs/write.c **** 
  58:./../../firmware/RISCV/stubs/write.c ****     return _stub(EBADF);
  59:./../../firmware/RISCV/stubs/write.c **** }
  60:./../../firmware/RISCV/stubs/write.c **** 
  61:./../../firmware/RISCV/stubs/write.c **** int puts(const char* string) {
  62:./../../firmware/RISCV/stubs/write.c ****     return _write(0, (const void *) string, strlen(string));
  63:./../../firmware/RISCV/stubs/write.c **** }
  64:./../../firmware/RISCV/stubs/write.c **** */
  65:./../../firmware/RISCV/stubs/write.c **** #endif
  66:./../../firmware/RISCV/stubs/write.c **** 
  67:./../../firmware/RISCV/stubs/write.c **** int _put_char(int ch)
  68:./../../firmware/RISCV/stubs/write.c **** {
  16              		.loc 1 68 1
  17              		.cfi_startproc
  18              	.LVL0:
  69:./../../firmware/RISCV/stubs/write.c ****     usart_data_transmit(USART0, (uint8_t) ch );
  19              		.loc 1 69 5
  68:./../../firmware/RISCV/stubs/write.c ****     usart_data_transmit(USART0, (uint8_t) ch );
  20              		.loc 1 68 1 is_stmt 0
  21 0000 4111     		addi	sp,sp,-16
  22              	.LCFI0:
  23              		.cfi_def_cfa_offset 16
  24 0002 22C4     		sw	s0,8(sp)
  25              		.cfi_offset 8, -8
  26              		.loc 1 69 5
  27 0004 37440140 		li	s0,1073823744
  68:./../../firmware/RISCV/stubs/write.c ****     usart_data_transmit(USART0, (uint8_t) ch );
  28              		.loc 1 68 1
  29 0008 26C2     		sw	s1,4(sp)
  30              		.loc 1 69 5
  31 000a 9375F50F 		andi	a1,a0,0xff
  32              		.cfi_offset 9, -12
  68:./../../firmware/RISCV/stubs/write.c ****     usart_data_transmit(USART0, (uint8_t) ch );
  33              		.loc 1 68 1
  34 000e AA84     		mv	s1,a0
  35              		.loc 1 69 5
  36 0010 13050480 		addi	a0,s0,-2048
  37              	.LVL1:
  68:./../../firmware/RISCV/stubs/write.c ****     usart_data_transmit(USART0, (uint8_t) ch );
  38              		.loc 1 68 1
  39 0014 06C6     		sw	ra,12(sp)
  40              		.cfi_offset 1, -4
  70:./../../firmware/RISCV/stubs/write.c ****     while (usart_flag_get(USART0, USART_FLAG_TBE)== RESET){
  41              		.loc 1 70 12
GAS LISTING C:\WINDOWS\ccJIrrHp.s 			page 3


  42 0016 13040480 		addi	s0,s0,-2048
  69:./../../firmware/RISCV/stubs/write.c ****     usart_data_transmit(USART0, (uint8_t) ch );
  43              		.loc 1 69 5
  44 001a 97000000 		call	usart_data_transmit
  44      E7800000 
  45              	.LVL2:
  46              		.loc 1 70 5 is_stmt 1
  47              	.L2:
  71:./../../firmware/RISCV/stubs/write.c ****     }
  48              		.loc 1 71 5 discriminator 1
  70:./../../firmware/RISCV/stubs/write.c ****     while (usart_flag_get(USART0, USART_FLAG_TBE)== RESET){
  49              		.loc 1 70 12 is_stmt 0 discriminator 1
  50 0022 9D45     		li	a1,7
  51 0024 2285     		mv	a0,s0
  52 0026 97000000 		call	usart_flag_get
  52      E7800000 
  53              	.LVL3:
  70:./../../firmware/RISCV/stubs/write.c ****     while (usart_flag_get(USART0, USART_FLAG_TBE)== RESET){
  54              		.loc 1 70 11 discriminator 1
  55 002e 75D9     		beq	a0,zero,.L2
  72:./../../firmware/RISCV/stubs/write.c **** 
  73:./../../firmware/RISCV/stubs/write.c ****     return ch;
  56              		.loc 1 73 5 is_stmt 1
  74:./../../firmware/RISCV/stubs/write.c **** }
  57              		.loc 1 74 1 is_stmt 0
  58 0030 B240     		lw	ra,12(sp)
  59              		.cfi_restore 1
  60 0032 2244     		lw	s0,8(sp)
  61              		.cfi_restore 8
  62 0034 2685     		mv	a0,s1
  63 0036 9244     		lw	s1,4(sp)
  64              		.cfi_restore 9
  65              	.LVL4:
  66 0038 4101     		addi	sp,sp,16
  67              	.LCFI1:
  68              		.cfi_def_cfa_offset 0
  69 003a 8280     		jr	ra
  70              		.cfi_endproc
  71              	.LFE4:
  73              		.text
  74              	.Letext0:
  75              		.file 2 "c:\\users\\sebastian\\documents\\mikrodatorteknik\\compiler\\riscv64-unknown-elf\\include
  76              		.file 3 "c:\\users\\sebastian\\documents\\mikrodatorteknik\\compiler\\riscv64-unknown-elf\\include
  77              		.file 4 "c:\\users\\sebastian\\documents\\mikrodatorteknik\\compiler\\lib\\gcc\\riscv64-unknown-el
  78              		.file 5 "c:\\users\\sebastian\\documents\\mikrodatorteknik\\compiler\\riscv64-unknown-elf\\include
  79              		.file 6 "c:\\users\\sebastian\\documents\\mikrodatorteknik\\compiler\\riscv64-unknown-elf\\include
  80              		.file 7 "c:\\users\\sebastian\\documents\\mikrodatorteknik\\compiler\\riscv64-unknown-elf\\include
  81              		.file 8 "c:\\users\\sebastian\\documents\\mikrodatorteknik\\compiler\\riscv64-unknown-elf\\include
  82              		.file 9 "./../../firmware/GD32VF103_standard_peripheral/system_gd32vf103.h"
  83              		.file 10 "./../../firmware/GD32VF103_standard_peripheral/gd32vf103.h"
  84              		.file 11 "./../../firmware/GD32VF103_standard_peripheral/Include/gd32vf103_usart.h"
  85              		.file 12 "c:\\users\\sebastian\\documents\\mikrodatorteknik\\compiler\\riscv64-unknown-elf\\includ
GAS LISTING C:\WINDOWS\ccJIrrHp.s 			page 4


DEFINED SYMBOLS
                            *ABS*:0000000000000000 write.c
C:\WINDOWS\ccJIrrHp.s:13     .text._put_char:0000000000000000 _put_char
C:\WINDOWS\ccJIrrHp.s:17     .text._put_char:0000000000000000 .L0 
C:\WINDOWS\ccJIrrHp.s:19     .text._put_char:0000000000000000 .L0 
C:\WINDOWS\ccJIrrHp.s:20     .text._put_char:0000000000000000 .L0 
C:\WINDOWS\ccJIrrHp.s:21     .text._put_char:0000000000000000 .L0 
C:\WINDOWS\ccJIrrHp.s:23     .text._put_char:0000000000000002 .L0 
C:\WINDOWS\ccJIrrHp.s:25     .text._put_char:0000000000000004 .L0 
C:\WINDOWS\ccJIrrHp.s:27     .text._put_char:0000000000000004 .L0 
C:\WINDOWS\ccJIrrHp.s:29     .text._put_char:0000000000000008 .L0 
C:\WINDOWS\ccJIrrHp.s:31     .text._put_char:000000000000000a .L0 
C:\WINDOWS\ccJIrrHp.s:32     .text._put_char:000000000000000e .L0 
C:\WINDOWS\ccJIrrHp.s:34     .text._put_char:000000000000000e .L0 
C:\WINDOWS\ccJIrrHp.s:36     .text._put_char:0000000000000010 .L0 
C:\WINDOWS\ccJIrrHp.s:39     .text._put_char:0000000000000014 .L0 
C:\WINDOWS\ccJIrrHp.s:40     .text._put_char:0000000000000016 .L0 
C:\WINDOWS\ccJIrrHp.s:42     .text._put_char:0000000000000016 .L0 
C:\WINDOWS\ccJIrrHp.s:44     .text._put_char:000000000000001a .L0 
C:\WINDOWS\ccJIrrHp.s:48     .text._put_char:0000000000000022 .L0 
C:\WINDOWS\ccJIrrHp.s:49     .text._put_char:0000000000000022 .L0 
C:\WINDOWS\ccJIrrHp.s:50     .text._put_char:0000000000000022 .L0 
C:\WINDOWS\ccJIrrHp.s:55     .text._put_char:000000000000002e .L0 
C:\WINDOWS\ccJIrrHp.s:57     .text._put_char:0000000000000030 .L0 
C:\WINDOWS\ccJIrrHp.s:58     .text._put_char:0000000000000030 .L0 
C:\WINDOWS\ccJIrrHp.s:59     .text._put_char:0000000000000032 .L0 
C:\WINDOWS\ccJIrrHp.s:61     .text._put_char:0000000000000034 .L0 
C:\WINDOWS\ccJIrrHp.s:64     .text._put_char:0000000000000038 .L0 
C:\WINDOWS\ccJIrrHp.s:68     .text._put_char:000000000000003a .L0 
C:\WINDOWS\ccJIrrHp.s:70     .text._put_char:000000000000003c .L0 
C:\WINDOWS\ccJIrrHp.s:73     .text._put_char:000000000000003c .L0 
                     .debug_frame:0000000000000000 .L0 
C:\WINDOWS\ccJIrrHp.s:47     .text._put_char:0000000000000022 .L2
C:\WINDOWS\ccJIrrHp.s:1709   .debug_abbrev:0000000000000000 .Ldebug_abbrev0
C:\WINDOWS\ccJIrrHp.s:2557   .debug_str:000000000000052b .LASF146
C:\WINDOWS\ccJIrrHp.s:2357   .debug_str:0000000000000121 .LASF147
C:\WINDOWS\ccJIrrHp.s:2439   .debug_str:00000000000002bb .LASF148
C:\WINDOWS\ccJIrrHp.s:2299   .debug_ranges:0000000000000000 .Ldebug_ranges0
C:\WINDOWS\ccJIrrHp.s:2305   .debug_line:0000000000000000 .Ldebug_line0
C:\WINDOWS\ccJIrrHp.s:2345   .debug_str:00000000000000db .LASF0
C:\WINDOWS\ccJIrrHp.s:2317   .debug_str:0000000000000037 .LASF5
C:\WINDOWS\ccJIrrHp.s:2477   .debug_str:00000000000003ae .LASF1
C:\WINDOWS\ccJIrrHp.s:2547   .debug_str:00000000000004ff .LASF2
C:\WINDOWS\ccJIrrHp.s:2561   .debug_str:00000000000005bc .LASF3
C:\WINDOWS\ccJIrrHp.s:2363   .debug_str:0000000000000156 .LASF4
C:\WINDOWS\ccJIrrHp.s:2387   .debug_str:00000000000001ce .LASF6
C:\WINDOWS\ccJIrrHp.s:2409   .debug_str:000000000000022d .LASF7
C:\WINDOWS\ccJIrrHp.s:2373   .debug_str:000000000000017f .LASF8
C:\WINDOWS\ccJIrrHp.s:2349   .debug_str:00000000000000ed .LASF9
C:\WINDOWS\ccJIrrHp.s:2545   .debug_str:00000000000004f2 .LASF10
C:\WINDOWS\ccJIrrHp.s:2549   .debug_str:0000000000000509 .LASF11
C:\WINDOWS\ccJIrrHp.s:2571   .debug_str:00000000000005fc .LASF12
C:\WINDOWS\ccJIrrHp.s:2533   .debug_str:00000000000004bd .LASF13
C:\WINDOWS\ccJIrrHp.s:2465   .debug_str:000000000000036f .LASF14
C:\WINDOWS\ccJIrrHp.s:2341   .debug_str:00000000000000cd .LASF15
C:\WINDOWS\ccJIrrHp.s:2531   .debug_str:00000000000004b5 .LASF16
C:\WINDOWS\ccJIrrHp.s:2581   .debug_str:000000000000062c .LASF17
GAS LISTING C:\WINDOWS\ccJIrrHp.s 			page 5


C:\WINDOWS\ccJIrrHp.s:2427   .debug_str:000000000000028d .LASF18
C:\WINDOWS\ccJIrrHp.s:2401   .debug_str:0000000000000206 .LASF19
C:\WINDOWS\ccJIrrHp.s:2523   .debug_str:0000000000000495 .LASF20
C:\WINDOWS\ccJIrrHp.s:2525   .debug_str:000000000000049d .LASF21
C:\WINDOWS\ccJIrrHp.s:2495   .debug_str:0000000000000404 .LASF22
C:\WINDOWS\ccJIrrHp.s:2565   .debug_str:00000000000005d4 .LASF23
C:\WINDOWS\ccJIrrHp.s:2469   .debug_str:0000000000000380 .LASF24
C:\WINDOWS\ccJIrrHp.s:2483   .debug_str:00000000000003cb .LASF25
C:\WINDOWS\ccJIrrHp.s:2395   .debug_str:00000000000001f3 .LASF30
C:\WINDOWS\ccJIrrHp.s:2553   .debug_str:0000000000000518 .LASF26
C:\WINDOWS\ccJIrrHp.s:2517   .debug_str:0000000000000480 .LASF27
C:\WINDOWS\ccJIrrHp.s:2389   .debug_str:00000000000001d9 .LASF28
C:\WINDOWS\ccJIrrHp.s:2577   .debug_str:0000000000000621 .LASF29
C:\WINDOWS\ccJIrrHp.s:2399   .debug_str:0000000000000201 .LASF31
C:\WINDOWS\ccJIrrHp.s:2339   .debug_str:00000000000000c4 .LASF32
C:\WINDOWS\ccJIrrHp.s:2595   .debug_str:0000000000000671 .LASF33
C:\WINDOWS\ccJIrrHp.s:2351   .debug_str:0000000000000104 .LASF34
C:\WINDOWS\ccJIrrHp.s:2607   .debug_str:00000000000006a9 .LASF35
C:\WINDOWS\ccJIrrHp.s:2457   .debug_str:0000000000000344 .LASF36
C:\WINDOWS\ccJIrrHp.s:2445   .debug_str:000000000000030b .LASF37
C:\WINDOWS\ccJIrrHp.s:2529   .debug_str:00000000000004ab .LASF38
C:\WINDOWS\ccJIrrHp.s:2485   .debug_str:00000000000003d4 .LASF39
C:\WINDOWS\ccJIrrHp.s:2591   .debug_str:0000000000000657 .LASF40
C:\WINDOWS\ccJIrrHp.s:2355   .debug_str:0000000000000113 .LASF41
C:\WINDOWS\ccJIrrHp.s:2311   .debug_str:000000000000001c .LASF42
C:\WINDOWS\ccJIrrHp.s:2307   .debug_str:0000000000000000 .LASF43
C:\WINDOWS\ccJIrrHp.s:2559   .debug_str:00000000000005b3 .LASF44
C:\WINDOWS\ccJIrrHp.s:2367   .debug_str:0000000000000166 .LASF45
C:\WINDOWS\ccJIrrHp.s:2459   .debug_str:000000000000034d .LASF46
C:\WINDOWS\ccJIrrHp.s:2509   .debug_str:0000000000000450 .LASF47
C:\WINDOWS\ccJIrrHp.s:2385   .debug_str:00000000000001c9 .LASF48
C:\WINDOWS\ccJIrrHp.s:2487   .debug_str:00000000000003de .LASF49
C:\WINDOWS\ccJIrrHp.s:2473   .debug_str:0000000000000398 .LASF50
C:\WINDOWS\ccJIrrHp.s:2543   .debug_str:00000000000004ec .LASF51
C:\WINDOWS\ccJIrrHp.s:2497   .debug_str:000000000000040f .LASF52
C:\WINDOWS\ccJIrrHp.s:2365   .debug_str:000000000000015f .LASF53
C:\WINDOWS\ccJIrrHp.s:2411   .debug_str:000000000000023f .LASF54
C:\WINDOWS\ccJIrrHp.s:2329   .debug_str:0000000000000084 .LASF55
C:\WINDOWS\ccJIrrHp.s:2359   .debug_str:0000000000000146 .LASF56
C:\WINDOWS\ccJIrrHp.s:2397   .debug_str:00000000000001fb .LASF57
C:\WINDOWS\ccJIrrHp.s:2443   .debug_str:0000000000000304 .LASF58
C:\WINDOWS\ccJIrrHp.s:2527   .debug_str:00000000000004a5 .LASF59
C:\WINDOWS\ccJIrrHp.s:2343   .debug_str:00000000000000d4 .LASF60
C:\WINDOWS\ccJIrrHp.s:2347   .debug_str:00000000000000e7 .LASF61
C:\WINDOWS\ccJIrrHp.s:2587   .debug_str:0000000000000649 .LASF62
C:\WINDOWS\ccJIrrHp.s:2539   .debug_str:00000000000004d5 .LASF63
C:\WINDOWS\ccJIrrHp.s:2379   .debug_str:00000000000001a2 .LASF64
C:\WINDOWS\ccJIrrHp.s:2413   .debug_str:0000000000000245 .LASF65
C:\WINDOWS\ccJIrrHp.s:2435   .debug_str:00000000000002af .LASF66
C:\WINDOWS\ccJIrrHp.s:2501   .debug_str:0000000000000421 .LASF67
C:\WINDOWS\ccJIrrHp.s:2489   .debug_str:00000000000003e5 .LASF68
C:\WINDOWS\ccJIrrHp.s:2519   .debug_str:0000000000000488 .LASF69
C:\WINDOWS\ccJIrrHp.s:2535   .debug_str:00000000000004c9 .LASF70
C:\WINDOWS\ccJIrrHp.s:2369   .debug_str:000000000000016e .LASF71
C:\WINDOWS\ccJIrrHp.s:2405   .debug_str:000000000000021d .LASF72
C:\WINDOWS\ccJIrrHp.s:2393   .debug_str:00000000000001eb .LASF73
C:\WINDOWS\ccJIrrHp.s:2507   .debug_str:000000000000044b .LASF74
GAS LISTING C:\WINDOWS\ccJIrrHp.s 			page 6


C:\WINDOWS\ccJIrrHp.s:2315   .debug_str:000000000000002c .LASF75
C:\WINDOWS\ccJIrrHp.s:2515   .debug_str:0000000000000467 .LASF76
C:\WINDOWS\ccJIrrHp.s:2511   .debug_str:0000000000000455 .LASF77
C:\WINDOWS\ccJIrrHp.s:2461   .debug_str:0000000000000355 .LASF78
C:\WINDOWS\ccJIrrHp.s:2513   .debug_str:000000000000045d .LASF79
C:\WINDOWS\ccJIrrHp.s:2425   .debug_str:0000000000000285 .LASF80
C:\WINDOWS\ccJIrrHp.s:2371   .debug_str:0000000000000175 .LASF81
C:\WINDOWS\ccJIrrHp.s:2603   .debug_str:0000000000000694 .LASF82
C:\WINDOWS\ccJIrrHp.s:2467   .debug_str:0000000000000376 .LASF83
C:\WINDOWS\ccJIrrHp.s:2407   .debug_str:0000000000000225 .LASF84
C:\WINDOWS\ccJIrrHp.s:2377   .debug_str:000000000000019a .LASF85
C:\WINDOWS\ccJIrrHp.s:2431   .debug_str:000000000000029b .LASF86
C:\WINDOWS\ccJIrrHp.s:2319   .debug_str:0000000000000041 .LASF87
C:\WINDOWS\ccJIrrHp.s:2585   .debug_str:000000000000063f .LASF88
C:\WINDOWS\ccJIrrHp.s:2361   .debug_str:000000000000014e .LASF89
C:\WINDOWS\ccJIrrHp.s:2353   .debug_str:000000000000010e .LASF90
C:\WINDOWS\ccJIrrHp.s:2537   .debug_str:00000000000004d0 .LASF91
C:\WINDOWS\ccJIrrHp.s:2493   .debug_str:00000000000003fd .LASF92
C:\WINDOWS\ccJIrrHp.s:2579   .debug_str:0000000000000626 .LASF93
C:\WINDOWS\ccJIrrHp.s:2415   .debug_str:000000000000024b .LASF94
C:\WINDOWS\ccJIrrHp.s:2479   .debug_str:00000000000003bc .LASF95
C:\WINDOWS\ccJIrrHp.s:2313   .debug_str:0000000000000024 .LASF96
C:\WINDOWS\ccJIrrHp.s:2521   .debug_str:000000000000048f .LASF97
C:\WINDOWS\ccJIrrHp.s:2437   .debug_str:00000000000002b5 .LASF98
C:\WINDOWS\ccJIrrHp.s:2563   .debug_str:00000000000005cf .LASF99
C:\WINDOWS\ccJIrrHp.s:2573   .debug_str:0000000000000605 .LASF100
C:\WINDOWS\ccJIrrHp.s:2555   .debug_str:000000000000051e .LASF101
C:\WINDOWS\ccJIrrHp.s:2421   .debug_str:0000000000000269 .LASF102
C:\WINDOWS\ccJIrrHp.s:2593   .debug_str:0000000000000662 .LASF103
C:\WINDOWS\ccJIrrHp.s:2463   .debug_str:0000000000000360 .LASF104
C:\WINDOWS\ccJIrrHp.s:2417   .debug_str:0000000000000252 .LASF105
C:\WINDOWS\ccJIrrHp.s:2597   .debug_str:000000000000067a .LASF106
C:\WINDOWS\ccJIrrHp.s:2505   .debug_str:000000000000043e .LASF107
C:\WINDOWS\ccJIrrHp.s:2601   .debug_str:0000000000000686 .LASF108
C:\WINDOWS\ccJIrrHp.s:2337   .debug_str:00000000000000b6 .LASF109
C:\WINDOWS\ccJIrrHp.s:2583   .debug_str:0000000000000635 .LASF110
C:\WINDOWS\ccJIrrHp.s:2419   .debug_str:000000000000025d .LASF111
C:\WINDOWS\ccJIrrHp.s:2567   .debug_str:00000000000005dc .LASF112
C:\WINDOWS\ccJIrrHp.s:2383   .debug_str:00000000000001bb .LASF113
C:\WINDOWS\ccJIrrHp.s:2335   .debug_str:00000000000000a7 .LASF114
C:\WINDOWS\ccJIrrHp.s:2381   .debug_str:00000000000001aa .LASF115
C:\WINDOWS\ccJIrrHp.s:2321   .debug_str:000000000000004a .LASF116
C:\WINDOWS\ccJIrrHp.s:2323   .debug_str:0000000000000059 .LASF117
C:\WINDOWS\ccJIrrHp.s:2481   .debug_str:00000000000003c2 .LASF118
C:\WINDOWS\ccJIrrHp.s:2455   .debug_str:000000000000033d .LASF119
C:\WINDOWS\ccJIrrHp.s:2447   .debug_str:0000000000000315 .LASF120
C:\WINDOWS\ccJIrrHp.s:2589   .debug_str:000000000000064f .LASF121
C:\WINDOWS\ccJIrrHp.s:2331   .debug_str:000000000000008d .LASF149
C:\WINDOWS\ccJIrrHp.s:2391   .debug_str:00000000000001df .LASF122
C:\WINDOWS\ccJIrrHp.s:2569   .debug_str:00000000000005e9 .LASF123
C:\WINDOWS\ccJIrrHp.s:2375   .debug_str:000000000000018d .LASF124
C:\WINDOWS\ccJIrrHp.s:2499   .debug_str:0000000000000417 .LASF125
C:\WINDOWS\ccJIrrHp.s:2403   .debug_str:000000000000020d .LASF126
C:\WINDOWS\ccJIrrHp.s:2471   .debug_str:0000000000000392 .LASF127
C:\WINDOWS\ccJIrrHp.s:2333   .debug_str:0000000000000098 .LASF128
C:\WINDOWS\ccJIrrHp.s:2575   .debug_str:0000000000000612 .LASF129
C:\WINDOWS\ccJIrrHp.s:2433   .debug_str:00000000000002a0 .LASF130
GAS LISTING C:\WINDOWS\ccJIrrHp.s 			page 7


C:\WINDOWS\ccJIrrHp.s:2541   .debug_str:00000000000004de .LASF131
C:\WINDOWS\ccJIrrHp.s:2475   .debug_str:000000000000039e .LASF132
C:\WINDOWS\ccJIrrHp.s:2309   .debug_str:000000000000000c .LASF133
C:\WINDOWS\ccJIrrHp.s:2451   .debug_str:0000000000000325 .LASF134
C:\WINDOWS\ccJIrrHp.s:2327   .debug_str:0000000000000074 .LASF135
C:\WINDOWS\ccJIrrHp.s:2605   .debug_str:0000000000000699 .LASF136
C:\WINDOWS\ccJIrrHp.s:2491   .debug_str:00000000000003ed .LASF137
C:\WINDOWS\ccJIrrHp.s:2429   .debug_str:0000000000000293 .LASF138
C:\WINDOWS\ccJIrrHp.s:2449   .debug_str:000000000000031e .LASF139
C:\WINDOWS\ccJIrrHp.s:2453   .debug_str:0000000000000336 .LASF140
C:\WINDOWS\ccJIrrHp.s:2551   .debug_str:0000000000000511 .LASF141
C:\WINDOWS\ccJIrrHp.s:2599   .debug_str:000000000000067f .LASF142
C:\WINDOWS\ccJIrrHp.s:2441   .debug_str:00000000000002fb .LASF143
C:\WINDOWS\ccJIrrHp.s:2325   .debug_str:000000000000006a .LASF150
C:\WINDOWS\ccJIrrHp.s:14     .text._put_char:0000000000000000 .LFB4
C:\WINDOWS\ccJIrrHp.s:71     .text._put_char:000000000000003c .LFE4
C:\WINDOWS\ccJIrrHp.s:2253   .debug_loc:0000000000000000 .LLST0
C:\WINDOWS\ccJIrrHp.s:2271   .debug_loc:000000000000002c .LLST1
C:\WINDOWS\ccJIrrHp.s:45     .text._put_char:0000000000000022 .LVL2
C:\WINDOWS\ccJIrrHp.s:53     .text._put_char:000000000000002e .LVL3
C:\WINDOWS\ccJIrrHp.s:2503   .debug_str:000000000000042a .LASF144
C:\WINDOWS\ccJIrrHp.s:2423   .debug_str:0000000000000276 .LASF145
C:\WINDOWS\ccJIrrHp.s:22     .text._put_char:0000000000000002 .LCFI0
C:\WINDOWS\ccJIrrHp.s:67     .text._put_char:000000000000003a .LCFI1
C:\WINDOWS\ccJIrrHp.s:18     .text._put_char:0000000000000000 .LVL0
C:\WINDOWS\ccJIrrHp.s:37     .text._put_char:0000000000000014 .LVL1
C:\WINDOWS\ccJIrrHp.s:65     .text._put_char:0000000000000038 .LVL4
C:\WINDOWS\ccJIrrHp.s:87     .debug_info:0000000000000000 .Ldebug_info0

UNDEFINED SYMBOLS
usart_data_transmit
usart_flag_get
