GAS LISTING C:\Users\SEBAST~1\AppData\Local\Temp\ccGiVfl3.s 			page 1


   1              		.file	"init.c"
   2              		.option nopic
   3              		.attribute arch, "rv32i2p0_m2p0_a2p0_c2p0"
   4              		.attribute unaligned_access, 0
   5              		.attribute stack_align, 16
   6              		.text
   7              	.Ltext0:
   8              		.cfi_sections	.debug_frame
   9              		.section	.text._init,"ax",@progbits
  10              		.align	1
  11              		.globl	_init
  13              	_init:
  14              	.LFB5:
  15              		.file 1 "./../../firmware/RISCV/env_Eclipse/init.c"
   1:./../../firmware/RISCV/env_Eclipse/init.c **** //See LICENSE for license details.
   2:./../../firmware/RISCV/env_Eclipse/init.c **** #include <gd32vf103.h>
   3:./../../firmware/RISCV/env_Eclipse/init.c **** #include <stdint.h>
   4:./../../firmware/RISCV/env_Eclipse/init.c **** #include <stdio.h>
   5:./../../firmware/RISCV/env_Eclipse/init.c **** #include <unistd.h>
   6:./../../firmware/RISCV/env_Eclipse/init.c **** #include "riscv_encoding.h"
   7:./../../firmware/RISCV/env_Eclipse/init.c **** #include "n200_func.h"
   8:./../../firmware/RISCV/env_Eclipse/init.c **** 
   9:./../../firmware/RISCV/env_Eclipse/init.c **** #ifdef USE_SOFTWARE_DEBUGGER
  10:./../../firmware/RISCV/env_Eclipse/init.c **** #include "debugger.h"
  11:./../../firmware/RISCV/env_Eclipse/init.c **** #endif
  12:./../../firmware/RISCV/env_Eclipse/init.c **** 
  13:./../../firmware/RISCV/env_Eclipse/init.c **** extern uint32_t disable_mcycle_minstret();
  14:./../../firmware/RISCV/env_Eclipse/init.c **** void _init()
  15:./../../firmware/RISCV/env_Eclipse/init.c **** {
  16              		.loc 1 15 1
  17              		.cfi_startproc
  16:./../../firmware/RISCV/env_Eclipse/init.c **** 	SystemInit();
  18              		.loc 1 16 2
  15:./../../firmware/RISCV/env_Eclipse/init.c **** 	SystemInit();
  19              		.loc 1 15 1 is_stmt 0
  20 0000 4111     		addi	sp,sp,-16
  21              	.LCFI0:
  22              		.cfi_def_cfa_offset 16
  23 0002 06C6     		sw	ra,12(sp)
  24              		.cfi_offset 1, -4
  25              		.loc 1 16 2
  26 0004 97000000 		call	SystemInit
  26      E7800000 
  27              	.LVL0:
  17:./../../firmware/RISCV/env_Eclipse/init.c **** 
  18:./../../firmware/RISCV/env_Eclipse/init.c **** 	//ECLIC init
  19:./../../firmware/RISCV/env_Eclipse/init.c **** 	eclic_init(ECLIC_NUM_INTERRUPTS);
  28              		.loc 1 19 2 is_stmt 1
  29 000c 13057005 		li	a0,87
  30 0010 97000000 		call	eclic_init
  30      E7800000 
  31              	.LVL1:
  20:./../../firmware/RISCV/env_Eclipse/init.c **** 	eclic_mode_enable();
  32              		.loc 1 20 2
  33 0018 97000000 		call	eclic_mode_enable
  33      E7800000 
  34              	.LVL2:
GAS LISTING C:\Users\SEBAST~1\AppData\Local\Temp\ccGiVfl3.s 			page 2


  21:./../../firmware/RISCV/env_Eclipse/init.c **** 
  22:./../../firmware/RISCV/env_Eclipse/init.c **** 	//printf("After ECLIC mode enabled, the mtvec value is %x \n\n\r", read_csr(mtvec));
  23:./../../firmware/RISCV/env_Eclipse/init.c **** 
  24:./../../firmware/RISCV/env_Eclipse/init.c **** 	// // It must be NOTED:
  25:./../../firmware/RISCV/env_Eclipse/init.c **** 	//  //    * In the RISC-V arch, if user mode and PMP supported, then by default if PMP is not conf
  26:./../../firmware/RISCV/env_Eclipse/init.c **** 	//  //      with valid entries, then user mode cannot access any memory, and cannot execute any in
  27:./../../firmware/RISCV/env_Eclipse/init.c **** 	//  //    * So if switch to user-mode and still want to continue, then you must configure PMP firs
  28:./../../firmware/RISCV/env_Eclipse/init.c **** 	//pmp_open_all_space();
  29:./../../firmware/RISCV/env_Eclipse/init.c **** 	//switch_m2u_mode();
  30:./../../firmware/RISCV/env_Eclipse/init.c **** 	
  31:./../../firmware/RISCV/env_Eclipse/init.c ****     /* Before enter into main, add the cycle/instret disable by default to save power,
  32:./../../firmware/RISCV/env_Eclipse/init.c ****     only use them when needed to measure the cycle/instret */
  33:./../../firmware/RISCV/env_Eclipse/init.c **** 	disable_mcycle_minstret();
  35              		.loc 1 33 2
  34:./../../firmware/RISCV/env_Eclipse/init.c **** #ifdef USE_SOFTWARE_DEBUGGER
  35:./../../firmware/RISCV/env_Eclipse/init.c **** 	dbg_init();
  36:./../../firmware/RISCV/env_Eclipse/init.c **** #endif
  37:./../../firmware/RISCV/env_Eclipse/init.c **** 	
  38:./../../firmware/RISCV/env_Eclipse/init.c **** 
  39:./../../firmware/RISCV/env_Eclipse/init.c **** }
  36              		.loc 1 39 1 is_stmt 0
  37 0020 B240     		lw	ra,12(sp)
  38              		.cfi_restore 1
  39 0022 4101     		addi	sp,sp,16
  40              	.LCFI1:
  41              		.cfi_def_cfa_offset 0
  33:./../../firmware/RISCV/env_Eclipse/init.c **** #ifdef USE_SOFTWARE_DEBUGGER
  42              		.loc 1 33 2
  43 0024 17030000 		tail	disable_mcycle_minstret
  43      67000300 
  44              	.LVL3:
  45              		.cfi_endproc
  46              	.LFE5:
  48              		.section	.text._fini,"ax",@progbits
  49              		.align	1
  50              		.globl	_fini
  52              	_fini:
  53              	.LFB6:
  40:./../../firmware/RISCV/env_Eclipse/init.c **** 
  41:./../../firmware/RISCV/env_Eclipse/init.c **** void _fini()
  42:./../../firmware/RISCV/env_Eclipse/init.c **** {
  54              		.loc 1 42 1 is_stmt 1
  55              		.cfi_startproc
  43:./../../firmware/RISCV/env_Eclipse/init.c **** }
  56              		.loc 1 43 1
  57 0000 8280     		ret
  58              		.cfi_endproc
  59              	.LFE6:
  61              		.text
  62              	.Letext0:
  63              		.file 2 "c:\\users\\sebastian\\documents\\mikrodatorteknik\\compiler\\riscv64-unknown-elf\\include
  64              		.file 3 "c:\\users\\sebastian\\documents\\mikrodatorteknik\\compiler\\riscv64-unknown-elf\\include
  65              		.file 4 "c:\\users\\sebastian\\documents\\mikrodatorteknik\\compiler\\lib\\gcc\\riscv64-unknown-el
  66              		.file 5 "c:\\users\\sebastian\\documents\\mikrodatorteknik\\compiler\\riscv64-unknown-elf\\include
  67              		.file 6 "c:\\users\\sebastian\\documents\\mikrodatorteknik\\compiler\\riscv64-unknown-elf\\include
  68              		.file 7 "c:\\users\\sebastian\\documents\\mikrodatorteknik\\compiler\\riscv64-unknown-elf\\include
  69              		.file 8 "./../../firmware/GD32VF103_standard_peripheral/system_gd32vf103.h"
GAS LISTING C:\Users\SEBAST~1\AppData\Local\Temp\ccGiVfl3.s 			page 3


  70              		.file 9 "c:\\users\\sebastian\\documents\\mikrodatorteknik\\compiler\\riscv64-unknown-elf\\include
  71              		.file 10 "./../../firmware/RISCV/drivers/n200_func.h"
  72              		.file 11 "./../../firmware/GD32VF103_standard_peripheral/gd32vf103.h"
GAS LISTING C:\Users\SEBAST~1\AppData\Local\Temp\ccGiVfl3.s 			page 4


DEFINED SYMBOLS
                            *ABS*:0000000000000000 init.c
C:\Users\SEBAST~1\AppData\Local\Temp\ccGiVfl3.s:13     .text._init:0000000000000000 _init
C:\Users\SEBAST~1\AppData\Local\Temp\ccGiVfl3.s:17     .text._init:0000000000000000 .L0 
C:\Users\SEBAST~1\AppData\Local\Temp\ccGiVfl3.s:18     .text._init:0000000000000000 .L0 
C:\Users\SEBAST~1\AppData\Local\Temp\ccGiVfl3.s:19     .text._init:0000000000000000 .L0 
C:\Users\SEBAST~1\AppData\Local\Temp\ccGiVfl3.s:20     .text._init:0000000000000000 .L0 
C:\Users\SEBAST~1\AppData\Local\Temp\ccGiVfl3.s:22     .text._init:0000000000000002 .L0 
C:\Users\SEBAST~1\AppData\Local\Temp\ccGiVfl3.s:24     .text._init:0000000000000004 .L0 
C:\Users\SEBAST~1\AppData\Local\Temp\ccGiVfl3.s:26     .text._init:0000000000000004 .L0 
C:\Users\SEBAST~1\AppData\Local\Temp\ccGiVfl3.s:29     .text._init:000000000000000c .L0 
C:\Users\SEBAST~1\AppData\Local\Temp\ccGiVfl3.s:33     .text._init:0000000000000018 .L0 
C:\Users\SEBAST~1\AppData\Local\Temp\ccGiVfl3.s:36     .text._init:0000000000000020 .L0 
C:\Users\SEBAST~1\AppData\Local\Temp\ccGiVfl3.s:37     .text._init:0000000000000020 .L0 
C:\Users\SEBAST~1\AppData\Local\Temp\ccGiVfl3.s:38     .text._init:0000000000000022 .L0 
C:\Users\SEBAST~1\AppData\Local\Temp\ccGiVfl3.s:41     .text._init:0000000000000024 .L0 
C:\Users\SEBAST~1\AppData\Local\Temp\ccGiVfl3.s:43     .text._init:0000000000000024 .L0 
C:\Users\SEBAST~1\AppData\Local\Temp\ccGiVfl3.s:45     .text._init:000000000000002c .L0 
C:\Users\SEBAST~1\AppData\Local\Temp\ccGiVfl3.s:52     .text._fini:0000000000000000 _fini
C:\Users\SEBAST~1\AppData\Local\Temp\ccGiVfl3.s:55     .text._fini:0000000000000000 .L0 
C:\Users\SEBAST~1\AppData\Local\Temp\ccGiVfl3.s:56     .text._fini:0000000000000000 .L0 
C:\Users\SEBAST~1\AppData\Local\Temp\ccGiVfl3.s:57     .text._fini:0000000000000000 .L0 
C:\Users\SEBAST~1\AppData\Local\Temp\ccGiVfl3.s:58     .text._fini:0000000000000002 .L0 
C:\Users\SEBAST~1\AppData\Local\Temp\ccGiVfl3.s:48     .text._init:000000000000002c .L0 
C:\Users\SEBAST~1\AppData\Local\Temp\ccGiVfl3.s:61     .text._fini:0000000000000002 .L0 
                     .debug_frame:0000000000000000 .L0 
C:\Users\SEBAST~1\AppData\Local\Temp\ccGiVfl3.s:1818   .debug_abbrev:0000000000000000 .Ldebug_abbrev0
C:\Users\SEBAST~1\AppData\Local\Temp\ccGiVfl3.s:2742   .debug_str:0000000000000756 .LASF199
C:\Users\SEBAST~1\AppData\Local\Temp\ccGiVfl3.s:2470   .debug_str:000000000000019f .LASF200
C:\Users\SEBAST~1\AppData\Local\Temp\ccGiVfl3.s:2806   .debug_str:0000000000000939 .LASF201
C:\Users\SEBAST~1\AppData\Local\Temp\ccGiVfl3.s:2396   .debug_ranges:0000000000000000 .Ldebug_ranges0
C:\Users\SEBAST~1\AppData\Local\Temp\ccGiVfl3.s:2404   .debug_line:0000000000000000 .Ldebug_line0
C:\Users\SEBAST~1\AppData\Local\Temp\ccGiVfl3.s:2608   .debug_str:00000000000004a7 .LASF202
C:\Users\SEBAST~1\AppData\Local\Temp\ccGiVfl3.s:2526   .debug_str:0000000000000302 .LASF0
C:\Users\SEBAST~1\AppData\Local\Temp\ccGiVfl3.s:2812   .debug_str:000000000000098c .LASF1
C:\Users\SEBAST~1\AppData\Local\Temp\ccGiVfl3.s:2754   .debug_str:0000000000000819 .LASF2
C:\Users\SEBAST~1\AppData\Local\Temp\ccGiVfl3.s:2520   .debug_str:00000000000002d3 .LASF3
C:\Users\SEBAST~1\AppData\Local\Temp\ccGiVfl3.s:2600   .debug_str:000000000000047e .LASF4
C:\Users\SEBAST~1\AppData\Local\Temp\ccGiVfl3.s:2578   .debug_str:0000000000000426 .LASF5
C:\Users\SEBAST~1\AppData\Local\Temp\ccGiVfl3.s:2792   .debug_str:00000000000008ea .LASF6
C:\Users\SEBAST~1\AppData\Local\Temp\ccGiVfl3.s:2744   .debug_str:00000000000007de .LASF7
C:\Users\SEBAST~1\AppData\Local\Temp\ccGiVfl3.s:2580   .debug_str:0000000000000431 .LASF8
C:\Users\SEBAST~1\AppData\Local\Temp\ccGiVfl3.s:2784   .debug_str:00000000000008bf .LASF9
C:\Users\SEBAST~1\AppData\Local\Temp\ccGiVfl3.s:2662   .debug_str:00000000000005d6 .LASF10
C:\Users\SEBAST~1\AppData\Local\Temp\ccGiVfl3.s:2766   .debug_str:0000000000000864 .LASF11
C:\Users\SEBAST~1\AppData\Local\Temp\ccGiVfl3.s:2816   .debug_str:00000000000009a3 .LASF12
C:\Users\SEBAST~1\AppData\Local\Temp\ccGiVfl3.s:2444   .debug_str:00000000000000fb .LASF13
C:\Users\SEBAST~1\AppData\Local\Temp\ccGiVfl3.s:2624   .debug_str:00000000000004f1 .LASF14
C:\Users\SEBAST~1\AppData\Local\Temp\ccGiVfl3.s:2664   .debug_str:00000000000005e3 .LASF15
C:\Users\SEBAST~1\AppData\Local\Temp\ccGiVfl3.s:2676   .debug_str:0000000000000619 .LASF16
C:\Users\SEBAST~1\AppData\Local\Temp\ccGiVfl3.s:2440   .debug_str:00000000000000dd .LASF17
C:\Users\SEBAST~1\AppData\Local\Temp\ccGiVfl3.s:2506   .debug_str:000000000000027e .LASF18
C:\Users\SEBAST~1\AppData\Local\Temp\ccGiVfl3.s:2556   .debug_str:00000000000003a1 .LASF19
C:\Users\SEBAST~1\AppData\Local\Temp\ccGiVfl3.s:2638   .debug_str:0000000000000546 .LASF20
C:\Users\SEBAST~1\AppData\Local\Temp\ccGiVfl3.s:2776   .debug_str:000000000000088f .LASF21
C:\Users\SEBAST~1\AppData\Local\Temp\ccGiVfl3.s:2410   .debug_str:0000000000000016 .LASF22
C:\Users\SEBAST~1\AppData\Local\Temp\ccGiVfl3.s:2448   .debug_str:0000000000000115 .LASF23
GAS LISTING C:\Users\SEBAST~1\AppData\Local\Temp\ccGiVfl3.s 			page 5


C:\Users\SEBAST~1\AppData\Local\Temp\ccGiVfl3.s:2516   .debug_str:00000000000002bb .LASF24
C:\Users\SEBAST~1\AppData\Local\Temp\ccGiVfl3.s:2412   .debug_str:0000000000000029 .LASF25
C:\Users\SEBAST~1\AppData\Local\Temp\ccGiVfl3.s:2458   .debug_str:0000000000000164 .LASF26
C:\Users\SEBAST~1\AppData\Local\Temp\ccGiVfl3.s:2510   .debug_str:000000000000029f .LASF27
C:\Users\SEBAST~1\AppData\Local\Temp\ccGiVfl3.s:2500   .debug_str:0000000000000254 .LASF28
C:\Users\SEBAST~1\AppData\Local\Temp\ccGiVfl3.s:2548   .debug_str:0000000000000372 .LASF29
C:\Users\SEBAST~1\AppData\Local\Temp\ccGiVfl3.s:2474   .debug_str:00000000000001cf .LASF30
C:\Users\SEBAST~1\AppData\Local\Temp\ccGiVfl3.s:2786   .debug_str:00000000000008c8 .LASF31
C:\Users\SEBAST~1\AppData\Local\Temp\ccGiVfl3.s:2450   .debug_str:0000000000000121 .LASF32
C:\Users\SEBAST~1\AppData\Local\Temp\ccGiVfl3.s:2620   .debug_str:00000000000004de .LASF33
C:\Users\SEBAST~1\AppData\Local\Temp\ccGiVfl3.s:2658   .debug_str:00000000000005c4 .LASF34
C:\Users\SEBAST~1\AppData\Local\Temp\ccGiVfl3.s:2724   .debug_str:00000000000006fb .LASF35
C:\Users\SEBAST~1\AppData\Local\Temp\ccGiVfl3.s:2656   .debug_str:00000000000005b7 .LASF36
C:\Users\SEBAST~1\AppData\Local\Temp\ccGiVfl3.s:2738   .debug_str:0000000000000743 .LASF37
C:\Users\SEBAST~1\AppData\Local\Temp\ccGiVfl3.s:2422   .debug_str:0000000000000060 .LASF38
C:\Users\SEBAST~1\AppData\Local\Temp\ccGiVfl3.s:2804   .debug_str:000000000000092c .LASF39
C:\Users\SEBAST~1\AppData\Local\Temp\ccGiVfl3.s:2540   .debug_str:0000000000000345 .LASF40
C:\Users\SEBAST~1\AppData\Local\Temp\ccGiVfl3.s:2586   .debug_str:0000000000000448 .LASF41
C:\Users\SEBAST~1\AppData\Local\Temp\ccGiVfl3.s:2484   .debug_str:0000000000000203 .LASF42
C:\Users\SEBAST~1\AppData\Local\Temp\ccGiVfl3.s:2650   .debug_str:000000000000059a .LASF43
C:\Users\SEBAST~1\AppData\Local\Temp\ccGiVfl3.s:2708   .debug_str:00000000000006b6 .LASF44
C:\Users\SEBAST~1\AppData\Local\Temp\ccGiVfl3.s:2768   .debug_str:000000000000086f .LASF45
C:\Users\SEBAST~1\AppData\Local\Temp\ccGiVfl3.s:2732   .debug_str:0000000000000723 .LASF46
C:\Users\SEBAST~1\AppData\Local\Temp\ccGiVfl3.s:2810   .debug_str:000000000000097c .LASF47
C:\Users\SEBAST~1\AppData\Local\Temp\ccGiVfl3.s:2530   .debug_str:0000000000000319 .LASF48
C:\Users\SEBAST~1\AppData\Local\Temp\ccGiVfl3.s:2488   .debug_str:0000000000000221 .LASF49
C:\Users\SEBAST~1\AppData\Local\Temp\ccGiVfl3.s:2626   .debug_str:00000000000004fc .LASF50
C:\Users\SEBAST~1\AppData\Local\Temp\ccGiVfl3.s:2642   .debug_str:0000000000000560 .LASF51
C:\Users\SEBAST~1\AppData\Local\Temp\ccGiVfl3.s:2518   .debug_str:00000000000002c8 .LASF52
C:\Users\SEBAST~1\AppData\Local\Temp\ccGiVfl3.s:2546   .debug_str:0000000000000366 .LASF53
C:\Users\SEBAST~1\AppData\Local\Temp\ccGiVfl3.s:2592   .debug_str:000000000000045f .LASF54
C:\Users\SEBAST~1\AppData\Local\Temp\ccGiVfl3.s:2798   .debug_str:000000000000090d .LASF55
C:\Users\SEBAST~1\AppData\Local\Temp\ccGiVfl3.s:2644   .debug_str:000000000000056b .LASF56
C:\Users\SEBAST~1\AppData\Local\Temp\ccGiVfl3.s:2612   .debug_str:00000000000004b5 .LASF57
C:\Users\SEBAST~1\AppData\Local\Temp\ccGiVfl3.s:2504   .debug_str:000000000000026b .LASF58
C:\Users\SEBAST~1\AppData\Local\Temp\ccGiVfl3.s:2524   .debug_str:00000000000002ef .LASF59
C:\Users\SEBAST~1\AppData\Local\Temp\ccGiVfl3.s:2570   .debug_str:00000000000003f5 .LASF60
C:\Users\SEBAST~1\AppData\Local\Temp\ccGiVfl3.s:2414   .debug_str:0000000000000037 .LASF61
C:\Users\SEBAST~1\AppData\Local\Temp\ccGiVfl3.s:2432   .debug_str:00000000000000a4 .LASF62
C:\Users\SEBAST~1\AppData\Local\Temp\ccGiVfl3.s:2562   .debug_str:00000000000003ce .LASF63
C:\Users\SEBAST~1\AppData\Local\Temp\ccGiVfl3.s:2576   .debug_str:000000000000041b .LASF64
C:\Users\SEBAST~1\AppData\Local\Temp\ccGiVfl3.s:2628   .debug_str:0000000000000506 .LASF65
C:\Users\SEBAST~1\AppData\Local\Temp\ccGiVfl3.s:2728   .debug_str:000000000000070d .LASF66
C:\Users\SEBAST~1\AppData\Local\Temp\ccGiVfl3.s:2464   .debug_str:0000000000000180 .LASF67
C:\Users\SEBAST~1\AppData\Local\Temp\ccGiVfl3.s:2748   .debug_str:00000000000007fd .LASF68
C:\Users\SEBAST~1\AppData\Local\Temp\ccGiVfl3.s:2408   .debug_str:000000000000000c .LASF69
C:\Users\SEBAST~1\AppData\Local\Temp\ccGiVfl3.s:2746   .debug_str:00000000000007ea .LASF70
C:\Users\SEBAST~1\AppData\Local\Temp\ccGiVfl3.s:2492   .debug_str:0000000000000235 .LASF71
C:\Users\SEBAST~1\AppData\Local\Temp\ccGiVfl3.s:2734   .debug_str:0000000000000732 .LASF75
C:\Users\SEBAST~1\AppData\Local\Temp\ccGiVfl3.s:2560   .debug_str:00000000000003bc .LASF72
C:\Users\SEBAST~1\AppData\Local\Temp\ccGiVfl3.s:2508   .debug_str:0000000000000291 .LASF73
C:\Users\SEBAST~1\AppData\Local\Temp\ccGiVfl3.s:2434   .debug_str:00000000000000b2 .LASF74
C:\Users\SEBAST~1\AppData\Local\Temp\ccGiVfl3.s:2762   .debug_str:000000000000084e .LASF76
C:\Users\SEBAST~1\AppData\Local\Temp\ccGiVfl3.s:2552   .debug_str:0000000000000389 .LASF186
C:\Users\SEBAST~1\AppData\Local\Temp\ccGiVfl3.s:2714   .debug_str:00000000000006d4 .LASF77
C:\Users\SEBAST~1\AppData\Local\Temp\ccGiVfl3.s:2640   .debug_str:0000000000000559 .LASF78
C:\Users\SEBAST~1\AppData\Local\Temp\ccGiVfl3.s:2460   .debug_str:0000000000000172 .LASF79
GAS LISTING C:\Users\SEBAST~1\AppData\Local\Temp\ccGiVfl3.s 			page 6


C:\Users\SEBAST~1\AppData\Local\Temp\ccGiVfl3.s:2712   .debug_str:00000000000006cc .LASF80
C:\Users\SEBAST~1\AppData\Local\Temp\ccGiVfl3.s:2778   .debug_str:00000000000008a2 .LASF81
C:\Users\SEBAST~1\AppData\Local\Temp\ccGiVfl3.s:2584   .debug_str:0000000000000442 .LASF82
C:\Users\SEBAST~1\AppData\Local\Temp\ccGiVfl3.s:2550   .debug_str:0000000000000382 .LASF83
C:\Users\SEBAST~1\AppData\Local\Temp\ccGiVfl3.s:2704   .debug_str:00000000000006a6 .LASF84
C:\Users\SEBAST~1\AppData\Local\Temp\ccGiVfl3.s:2706   .debug_str:00000000000006ae .LASF85
C:\Users\SEBAST~1\AppData\Local\Temp\ccGiVfl3.s:2680   .debug_str:0000000000000633 .LASF86
C:\Users\SEBAST~1\AppData\Local\Temp\ccGiVfl3.s:2756   .debug_str:0000000000000826 .LASF87
C:\Users\SEBAST~1\AppData\Local\Temp\ccGiVfl3.s:2648   .debug_str:0000000000000588 .LASF88
C:\Users\SEBAST~1\AppData\Local\Temp\ccGiVfl3.s:2668   .debug_str:00000000000005f7 .LASF89
C:\Users\SEBAST~1\AppData\Local\Temp\ccGiVfl3.s:2538   .debug_str:000000000000033d .LASF94
C:\Users\SEBAST~1\AppData\Local\Temp\ccGiVfl3.s:2736   .debug_str:000000000000073d .LASF90
C:\Users\SEBAST~1\AppData\Local\Temp\ccGiVfl3.s:2698   .debug_str:0000000000000691 .LASF91
C:\Users\SEBAST~1\AppData\Local\Temp\ccGiVfl3.s:2532   .debug_str:0000000000000323 .LASF92
C:\Users\SEBAST~1\AppData\Local\Temp\ccGiVfl3.s:2772   .debug_str:0000000000000884 .LASF93
C:\Users\SEBAST~1\AppData\Local\Temp\ccGiVfl3.s:2514   .debug_str:00000000000002b6 .LASF95
C:\Users\SEBAST~1\AppData\Local\Temp\ccGiVfl3.s:2456   .debug_str:000000000000015b .LASF96
C:\Users\SEBAST~1\AppData\Local\Temp\ccGiVfl3.s:2750   .debug_str:000000000000080b .LASF97
C:\Users\SEBAST~1\AppData\Local\Temp\ccGiVfl3.s:2476   .debug_str:00000000000001de .LASF98
C:\Users\SEBAST~1\AppData\Local\Temp\ccGiVfl3.s:2814   .debug_str:0000000000000999 .LASF99
C:\Users\SEBAST~1\AppData\Local\Temp\ccGiVfl3.s:2630   .debug_str:000000000000051b .LASF100
C:\Users\SEBAST~1\AppData\Local\Temp\ccGiVfl3.s:2606   .debug_str:000000000000049d .LASF101
C:\Users\SEBAST~1\AppData\Local\Temp\ccGiVfl3.s:2710   .debug_str:00000000000006c2 .LASF102
C:\Users\SEBAST~1\AppData\Local\Temp\ccGiVfl3.s:2670   .debug_str:0000000000000600 .LASF103
C:\Users\SEBAST~1\AppData\Local\Temp\ccGiVfl3.s:2794   .debug_str:00000000000008f3 .LASF104
C:\Users\SEBAST~1\AppData\Local\Temp\ccGiVfl3.s:2480   .debug_str:00000000000001ed .LASF105
C:\Users\SEBAST~1\AppData\Local\Temp\ccGiVfl3.s:2416   .debug_str:0000000000000045 .LASF106
C:\Users\SEBAST~1\AppData\Local\Temp\ccGiVfl3.s:2406   .debug_str:0000000000000000 .LASF107
C:\Users\SEBAST~1\AppData\Local\Temp\ccGiVfl3.s:2730   .debug_str:000000000000071a .LASF108
C:\Users\SEBAST~1\AppData\Local\Temp\ccGiVfl3.s:2496   .debug_str:0000000000000245 .LASF109
C:\Users\SEBAST~1\AppData\Local\Temp\ccGiVfl3.s:2632   .debug_str:0000000000000524 .LASF110
C:\Users\SEBAST~1\AppData\Local\Temp\ccGiVfl3.s:2690   .debug_str:0000000000000661 .LASF111
C:\Users\SEBAST~1\AppData\Local\Temp\ccGiVfl3.s:2528   .debug_str:0000000000000314 .LASF112
C:\Users\SEBAST~1\AppData\Local\Temp\ccGiVfl3.s:2672   .debug_str:000000000000060a .LASF113
C:\Users\SEBAST~1\AppData\Local\Temp\ccGiVfl3.s:2472   .debug_str:00000000000001c9 .LASF114
C:\Users\SEBAST~1\AppData\Local\Temp\ccGiVfl3.s:2726   .debug_str:0000000000000707 .LASF115
C:\Users\SEBAST~1\AppData\Local\Temp\ccGiVfl3.s:2682   .debug_str:000000000000063e .LASF116
C:\Users\SEBAST~1\AppData\Local\Temp\ccGiVfl3.s:2494   .debug_str:000000000000023e .LASF117
C:\Users\SEBAST~1\AppData\Local\Temp\ccGiVfl3.s:2770   .debug_str:000000000000087e .LASF118
C:\Users\SEBAST~1\AppData\Local\Temp\ccGiVfl3.s:2436   .debug_str:00000000000000c9 .LASF119
C:\Users\SEBAST~1\AppData\Local\Temp\ccGiVfl3.s:2482   .debug_str:00000000000001fb .LASF120
C:\Users\SEBAST~1\AppData\Local\Temp\ccGiVfl3.s:2544   .debug_str:0000000000000360 .LASF121
C:\Users\SEBAST~1\AppData\Local\Temp\ccGiVfl3.s:2604   .debug_str:0000000000000496 .LASF122
C:\Users\SEBAST~1\AppData\Local\Temp\ccGiVfl3.s:2740   .debug_str:0000000000000750 .LASF123
C:\Users\SEBAST~1\AppData\Local\Temp\ccGiVfl3.s:2462   .debug_str:0000000000000179 .LASF124
C:\Users\SEBAST~1\AppData\Local\Temp\ccGiVfl3.s:2468   .debug_str:0000000000000199 .LASF125
C:\Users\SEBAST~1\AppData\Local\Temp\ccGiVfl3.s:2788   .debug_str:00000000000008dc .LASF126
C:\Users\SEBAST~1\AppData\Local\Temp\ccGiVfl3.s:2722   .debug_str:00000000000006f2 .LASF127
C:\Users\SEBAST~1\AppData\Local\Temp\ccGiVfl3.s:2616   .debug_str:00000000000004cf .LASF128
C:\Users\SEBAST~1\AppData\Local\Temp\ccGiVfl3.s:2564   .debug_str:00000000000003dd .LASF129
C:\Users\SEBAST~1\AppData\Local\Temp\ccGiVfl3.s:2594   .debug_str:000000000000046b .LASF130
C:\Users\SEBAST~1\AppData\Local\Temp\ccGiVfl3.s:2684   .debug_str:0000000000000646 .LASF131
C:\Users\SEBAST~1\AppData\Local\Temp\ccGiVfl3.s:2674   .debug_str:0000000000000611 .LASF132
C:\Users\SEBAST~1\AppData\Local\Temp\ccGiVfl3.s:2700   .debug_str:0000000000000699 .LASF133
C:\Users\SEBAST~1\AppData\Local\Temp\ccGiVfl3.s:2718   .debug_str:00000000000006e6 .LASF134
C:\Users\SEBAST~1\AppData\Local\Temp\ccGiVfl3.s:2498   .debug_str:000000000000024d .LASF135
C:\Users\SEBAST~1\AppData\Local\Temp\ccGiVfl3.s:2554   .debug_str:0000000000000399 .LASF136
GAS LISTING C:\Users\SEBAST~1\AppData\Local\Temp\ccGiVfl3.s 			page 7


C:\Users\SEBAST~1\AppData\Local\Temp\ccGiVfl3.s:2536   .debug_str:0000000000000335 .LASF137
C:\Users\SEBAST~1\AppData\Local\Temp\ccGiVfl3.s:2688   .debug_str:000000000000065c .LASF138
C:\Users\SEBAST~1\AppData\Local\Temp\ccGiVfl3.s:2420   .debug_str:0000000000000055 .LASF139
C:\Users\SEBAST~1\AppData\Local\Temp\ccGiVfl3.s:2696   .debug_str:0000000000000678 .LASF140
C:\Users\SEBAST~1\AppData\Local\Temp\ccGiVfl3.s:2692   .debug_str:0000000000000666 .LASF141
C:\Users\SEBAST~1\AppData\Local\Temp\ccGiVfl3.s:2634   .debug_str:000000000000052c .LASF142
C:\Users\SEBAST~1\AppData\Local\Temp\ccGiVfl3.s:2694   .debug_str:000000000000066e .LASF143
C:\Users\SEBAST~1\AppData\Local\Temp\ccGiVfl3.s:2582   .debug_str:000000000000043a .LASF144
C:\Users\SEBAST~1\AppData\Local\Temp\ccGiVfl3.s:2502   .debug_str:0000000000000261 .LASF145
C:\Users\SEBAST~1\AppData\Local\Temp\ccGiVfl3.s:2808   .debug_str:0000000000000977 .LASF146
C:\Users\SEBAST~1\AppData\Local\Temp\ccGiVfl3.s:2646   .debug_str:000000000000057e .LASF147
C:\Users\SEBAST~1\AppData\Local\Temp\ccGiVfl3.s:2558   .debug_str:00000000000003b4 .LASF148
C:\Users\SEBAST~1\AppData\Local\Temp\ccGiVfl3.s:2512   .debug_str:00000000000002ae .LASF149
C:\Users\SEBAST~1\AppData\Local\Temp\ccGiVfl3.s:2590   .debug_str:000000000000045a .LASF150
C:\Users\SEBAST~1\AppData\Local\Temp\ccGiVfl3.s:2426   .debug_str:000000000000007b .LASF151
C:\Users\SEBAST~1\AppData\Local\Temp\ccGiVfl3.s:2782   .debug_str:00000000000008b5 .LASF152
C:\Users\SEBAST~1\AppData\Local\Temp\ccGiVfl3.s:2490   .debug_str:000000000000022d .LASF153
C:\Users\SEBAST~1\AppData\Local\Temp\ccGiVfl3.s:2478   .debug_str:00000000000001e8 .LASF154
C:\Users\SEBAST~1\AppData\Local\Temp\ccGiVfl3.s:2720   .debug_str:00000000000006ed .LASF155
C:\Users\SEBAST~1\AppData\Local\Temp\ccGiVfl3.s:2678   .debug_str:000000000000062c .LASF156
C:\Users\SEBAST~1\AppData\Local\Temp\ccGiVfl3.s:2774   .debug_str:0000000000000889 .LASF157
C:\Users\SEBAST~1\AppData\Local\Temp\ccGiVfl3.s:2566   .debug_str:00000000000003e3 .LASF158
C:\Users\SEBAST~1\AppData\Local\Temp\ccGiVfl3.s:2660   .debug_str:00000000000005d0 .LASF159
C:\Users\SEBAST~1\AppData\Local\Temp\ccGiVfl3.s:2418   .debug_str:000000000000004d .LASF160
C:\Users\SEBAST~1\AppData\Local\Temp\ccGiVfl3.s:2702   .debug_str:00000000000006a0 .LASF161
C:\Users\SEBAST~1\AppData\Local\Temp\ccGiVfl3.s:2596   .debug_str:0000000000000471 .LASF162
C:\Users\SEBAST~1\AppData\Local\Temp\ccGiVfl3.s:2752   .debug_str:0000000000000814 .LASF163
C:\Users\SEBAST~1\AppData\Local\Temp\ccGiVfl3.s:2764   .debug_str:0000000000000857 .LASF164
C:\Users\SEBAST~1\AppData\Local\Temp\ccGiVfl3.s:2466   .debug_str:000000000000018c .LASF165
C:\Users\SEBAST~1\AppData\Local\Temp\ccGiVfl3.s:2574   .debug_str:000000000000040e .LASF166
C:\Users\SEBAST~1\AppData\Local\Temp\ccGiVfl3.s:2796   .debug_str:00000000000008fe .LASF167
C:\Users\SEBAST~1\AppData\Local\Temp\ccGiVfl3.s:2636   .debug_str:0000000000000537 .LASF168
C:\Users\SEBAST~1\AppData\Local\Temp\ccGiVfl3.s:2568   .debug_str:00000000000003ea .LASF169
C:\Users\SEBAST~1\AppData\Local\Temp\ccGiVfl3.s:2800   .debug_str:0000000000000920 .LASF170
C:\Users\SEBAST~1\AppData\Local\Temp\ccGiVfl3.s:2686   .debug_str:000000000000064f .LASF171
C:\Users\SEBAST~1\AppData\Local\Temp\ccGiVfl3.s:2424   .debug_str:000000000000006d .LASF172
C:\Users\SEBAST~1\AppData\Local\Temp\ccGiVfl3.s:2454   .debug_str:000000000000014d .LASF173
C:\Users\SEBAST~1\AppData\Local\Temp\ccGiVfl3.s:2780   .debug_str:00000000000008ab .LASF174
C:\Users\SEBAST~1\AppData\Local\Temp\ccGiVfl3.s:2572   .debug_str:0000000000000402 .LASF175
C:\Users\SEBAST~1\AppData\Local\Temp\ccGiVfl3.s:2758   .debug_str:000000000000082e .LASF176
C:\Users\SEBAST~1\AppData\Local\Temp\ccGiVfl3.s:2522   .debug_str:00000000000002e1 .LASF177
C:\Users\SEBAST~1\AppData\Local\Temp\ccGiVfl3.s:2446   .debug_str:0000000000000106 .LASF178
C:\Users\SEBAST~1\AppData\Local\Temp\ccGiVfl3.s:2542   .debug_str:000000000000034f .LASF179
C:\Users\SEBAST~1\AppData\Local\Temp\ccGiVfl3.s:2428   .debug_str:0000000000000084 .LASF180
C:\Users\SEBAST~1\AppData\Local\Temp\ccGiVfl3.s:2430   .debug_str:0000000000000093 .LASF181
C:\Users\SEBAST~1\AppData\Local\Temp\ccGiVfl3.s:2666   .debug_str:00000000000005ee .LASF182
C:\Users\SEBAST~1\AppData\Local\Temp\ccGiVfl3.s:2622   .debug_str:00000000000004ea .LASF183
C:\Users\SEBAST~1\AppData\Local\Temp\ccGiVfl3.s:2610   .debug_str:00000000000004ac .LASF184
C:\Users\SEBAST~1\AppData\Local\Temp\ccGiVfl3.s:2790   .debug_str:00000000000008e2 .LASF185
C:\Users\SEBAST~1\AppData\Local\Temp\ccGiVfl3.s:2442   .debug_str:00000000000000f0 .LASF203
C:\Users\SEBAST~1\AppData\Local\Temp\ccGiVfl3.s:2534   .debug_str:0000000000000329 .LASF187
C:\Users\SEBAST~1\AppData\Local\Temp\ccGiVfl3.s:2760   .debug_str:000000000000083b .LASF188
C:\Users\SEBAST~1\AppData\Local\Temp\ccGiVfl3.s:2588   .debug_str:0000000000000452 .LASF189
C:\Users\SEBAST~1\AppData\Local\Temp\ccGiVfl3.s:2614   .debug_str:00000000000004c8 .LASF190
C:\Users\SEBAST~1\AppData\Local\Temp\ccGiVfl3.s:2618   .debug_str:00000000000004d7 .LASF191
C:\Users\SEBAST~1\AppData\Local\Temp\ccGiVfl3.s:2598   .debug_str:0000000000000477 .LASF192
C:\Users\SEBAST~1\AppData\Local\Temp\ccGiVfl3.s:2802   .debug_str:0000000000000925 .LASF193
GAS LISTING C:\Users\SEBAST~1\AppData\Local\Temp\ccGiVfl3.s 			page 8


C:\Users\SEBAST~1\AppData\Local\Temp\ccGiVfl3.s:2602   .debug_str:000000000000048d .LASF194
C:\Users\SEBAST~1\AppData\Local\Temp\ccGiVfl3.s:2652   .debug_str:00000000000005a6 .LASF204
C:\Users\SEBAST~1\AppData\Local\Temp\ccGiVfl3.s:53     .text._fini:0000000000000000 .LFB6
C:\Users\SEBAST~1\AppData\Local\Temp\ccGiVfl3.s:59     .text._fini:0000000000000002 .LFE6
C:\Users\SEBAST~1\AppData\Local\Temp\ccGiVfl3.s:2716   .debug_str:00000000000006e0 .LASF205
C:\Users\SEBAST~1\AppData\Local\Temp\ccGiVfl3.s:14     .text._init:0000000000000000 .LFB5
C:\Users\SEBAST~1\AppData\Local\Temp\ccGiVfl3.s:46     .text._init:000000000000002c .LFE5
C:\Users\SEBAST~1\AppData\Local\Temp\ccGiVfl3.s:2363   .debug_loc:0000000000000000 .LLST0
C:\Users\SEBAST~1\AppData\Local\Temp\ccGiVfl3.s:27     .text._init:000000000000000c .LVL0
C:\Users\SEBAST~1\AppData\Local\Temp\ccGiVfl3.s:31     .text._init:0000000000000018 .LVL1
C:\Users\SEBAST~1\AppData\Local\Temp\ccGiVfl3.s:34     .text._init:0000000000000020 .LVL2
C:\Users\SEBAST~1\AppData\Local\Temp\ccGiVfl3.s:44     .text._init:000000000000002c .LVL3
C:\Users\SEBAST~1\AppData\Local\Temp\ccGiVfl3.s:2654   .debug_str:00000000000005ac .LASF195
C:\Users\SEBAST~1\AppData\Local\Temp\ccGiVfl3.s:2438   .debug_str:00000000000000d2 .LASF196
C:\Users\SEBAST~1\AppData\Local\Temp\ccGiVfl3.s:2486   .debug_str:000000000000020f .LASF197
C:\Users\SEBAST~1\AppData\Local\Temp\ccGiVfl3.s:2452   .debug_str:0000000000000135 .LASF198
C:\Users\SEBAST~1\AppData\Local\Temp\ccGiVfl3.s:21     .text._init:0000000000000002 .LCFI0
C:\Users\SEBAST~1\AppData\Local\Temp\ccGiVfl3.s:40     .text._init:0000000000000024 .LCFI1
C:\Users\SEBAST~1\AppData\Local\Temp\ccGiVfl3.s:74     .debug_info:0000000000000000 .Ldebug_info0

UNDEFINED SYMBOLS
SystemInit
eclic_init
eclic_mode_enable
disable_mcycle_minstret
